class weights: [1.0, 0.699999988079071, 0.699999988079071, 0.8786770105361938, 1.058556079864502, 1.9161169528961182, 0.699999988079071, 1.0, 2.946561813354492]
Loads checkpoint by local backend from path: /root/hyperseg/models/swin_l/swin_large_patch4_window12_384_22k_20220412-6580f57d.pth
Swin pretrained missing=['norm0.weight', 'norm0.bias', 'norm1.weight', 'norm1.bias', 'norm2.weight', 'norm2.bias', 'norm3.weight', 'norm3.bias'], unexpected=['norm.weight', 'norm.bias', 'stages.0.blocks.1.attn_mask', 'stages.1.blocks.1.attn_mask', 'stages.2.blocks.1.attn_mask', 'stages.2.blocks.3.attn_mask', 'stages.2.blocks.5.attn_mask', 'stages.2.blocks.7.attn_mask', 'stages.2.blocks.9.attn_mask', 'stages.2.blocks.11.attn_mask', 'stages.2.blocks.13.attn_mask', 'stages.2.blocks.15.attn_mask', 'stages.2.blocks.17.attn_mask']
{"preset": "loss", "data_root": "/root/hyperseg/dataset/low_altitude_2026", "image_dir": "/root/hyperseg/dataset/low_altitude_2026/train/images", "mask_dir": "/root/hyperseg/dataset/low_altitude_2026/train/masks", "split_dir": "/root/hyperseg/runs/splits", "work_dir": "/root/hyperseg/runs/mask2former_uav/h3_bgfix_loss_20k_seed3407", "class_counts": "/root/hyperseg/experiment/h3_bgfix_20260930/configs/train_class_pixel_counts.json", "backbone_checkpoint": "/root/hyperseg/models/swin_l/swin_large_patch4_window12_384_22k_20220412-6580f57d.pth", "no_pretrained": false, "size": 512, "batch_size": 2, "accumulative_counts": 1, "max_iters": 20000, "val_interval": 1000, "val_size": 0, "val_max_images": 0, "num_workers": 4, "lr": 0.0001, "backbone_lr_multiplier": 0.1, "seed": 3407, "with_checkpointing": true, "resume": null, "drop_optimizer_state": true, "eval_checkpoint": null, "eval_split": "test", "aug_mode": "legacy", "false_bg_weight": 0.25, "class_weight_mode": "mild", "class_weight_floor": 0.7, "class_weight_cap": 3.0, "loss_rare_classes": [5, 7, 8], "crop_rare_classes": [3, 4, 5, 7, 8], "proxy_weight": 0.0, "proxy_scales": [0.5, 0.625, 0.75], "proxy_max_images": 200, "proxy_every": 2, "scale_min": 0.4, "scale_max": 1.5, "gsd_prob": 0.5, "gsd_min": 0.5, "gsd_max": 1.0, "photo_prob": 0.8, "scene_crop_prob": 0.5, "model_config": {"classes": 9, "target_widths": [64, 128, 320, 512], "context_dim": 128, "adapter_rank": 8, "adapter_scale": 0.1, "pretrained_checkpoint": "/root/hyperseg/models/swin_l/swin_large_patch4_window12_384_22k_20220412-6580f57d.pth", "with_cp": true}, "train_samples": 5598, "val_samples": 699, "proxy_val_samples": {}, "class_weight_payload": {"split": "runs/splits/train.txt", "num_masks": 5598, "total_pixels": 5869928448, "class_pixel_counts": {"0": 78249047, "1": 1630572192, "2": 1058717718, "3": 521268916, "4": 359163838, "5": 109616604, "6": 1663528098, "7": 402457818, "8": 46354217}, "class_frequency": {"0": 0.01333049417777162, "1": 0.2777839979558129, "2": 0.18036296819950606, "3": 0.08880328280280939, "4": 0.06118708961816633, "5": 0.018674265788937945, "6": 0.28339836042921385, "7": 0.06856264459869614, "8": 0.00789689642908574}, "class_names": {"0": "Ignore", "1": "Background", "2": "Building", "3": "Road", "4": "Water", "5": "Barren", "6": "Vegetation", "7": "Agricultural", "8": "Vehicle"}, "mode": "mild", "resolved_weights": [1.0, 0.699999988079071, 0.699999988079071, 0.8786770105361938, 1.058556079864502, 1.9161169528961182, 0.699999988079071, 1.0, 2.946561813354492]}, "param_counts": {"total": 197065410, "backbone": 195201204}}
/root/miniconda3/lib/python3.12/site-packages/torch/utils/checkpoint.py:464: UserWarning: torch.utils.checkpoint: the use_reentrant parameter should be passed explicitly. In version 2.4 we will raise an exception if use_reentrant is not passed. use_reentrant=False is recommended, but if you need to preserve the current default behavior, you can pass use_reentrant=True. Refer to docs for more details on the differences between the two variants.
  warnings.warn(
iter 1/20000: loss=1.15503 false_bg=0.1416 grad_norm=3.2234 sec_per_update=2.557 peak_gpu_gb=3.97
iter 50/20000: loss=1.21277 false_bg=0.1503 grad_norm=3.0522 sec_per_update=0.555 peak_gpu_gb=4.01
iter 100/20000: loss=0.86071 false_bg=0.1115 grad_norm=2.8861 sec_per_update=0.579 peak_gpu_gb=4.01
iter 150/20000: loss=0.84717 false_bg=0.1329 grad_norm=3.6562 sec_per_update=0.587 peak_gpu_gb=4.01
iter 200/20000: loss=0.94743 false_bg=0.1562 grad_norm=3.3463 sec_per_update=0.591 peak_gpu_gb=4.01
iter 250/20000: loss=1.05071 false_bg=0.1126 grad_norm=5.0912 sec_per_update=0.594 peak_gpu_gb=4.01
iter 300/20000: loss=0.49601 false_bg=0.1544 grad_norm=4.7208 sec_per_update=0.595 peak_gpu_gb=4.01
iter 350/20000: loss=0.67042 false_bg=0.1614 grad_norm=3.1272 sec_per_update=0.602 peak_gpu_gb=4.01
iter 400/20000: loss=0.67385 false_bg=0.1957 grad_norm=3.8259 sec_per_update=0.609 peak_gpu_gb=4.01
iter 450/20000: loss=0.43974 false_bg=0.1626 grad_norm=1.9063 sec_per_update=0.615 peak_gpu_gb=4.01
iter 500/20000: loss=0.40193 false_bg=0.0911 grad_norm=2.7898 sec_per_update=0.619 peak_gpu_gb=4.01
iter 550/20000: loss=0.38139 false_bg=0.0930 grad_norm=1.5661 sec_per_update=0.623 peak_gpu_gb=4.01
iter 600/20000: loss=0.40083 false_bg=0.0889 grad_norm=4.5900 sec_per_update=0.621 peak_gpu_gb=4.01
iter 650/20000: loss=0.44858 false_bg=0.1951 grad_norm=3.1763 sec_per_update=0.619 peak_gpu_gb=4.01
iter 700/20000: loss=0.45781 false_bg=0.1478 grad_norm=3.3137 sec_per_update=0.619 peak_gpu_gb=4.01
iter 750/20000: loss=0.40006 false_bg=0.0691 grad_norm=74.7380 sec_per_update=0.618 peak_gpu_gb=4.01
iter 800/20000: loss=0.73783 false_bg=0.1379 grad_norm=3.4820 sec_per_update=0.617 peak_gpu_gb=4.01
iter 850/20000: loss=0.56358 false_bg=0.1873 grad_norm=2.6061 sec_per_update=0.616 peak_gpu_gb=4.01
iter 900/20000: loss=0.48107 false_bg=0.1301 grad_norm=3.6043 sec_per_update=0.615 peak_gpu_gb=4.01
iter 950/20000: loss=0.54954 false_bg=0.0822 grad_norm=2.9652 sec_per_update=0.615 peak_gpu_gb=4.01
iter 1000/20000: loss=0.47612 false_bg=0.1202 grad_norm=3.1360 sec_per_update=0.614 peak_gpu_gb=4.01
{"iter": 1000, "val": {"mIoU": 0.5872941866383334, "per_class_iou": {"1": 0.40694635794116957, "2": 0.7272254546377398, "3": 0.603997305361028, "4": 0.6931307769736326, "5": 0.27925633549298723, "6": 0.8106231268091022, "7": 0.6642557115006283, "8": 0.5129184243903797}, "classes_in_mean": [1, 2, 3, 4, 5, 6, 7, 8], "background_false_positive_rate": 0.04226728587116101, "background_false_negative_rate": 0.5472556599066029, "confusion": [[0, 0, 0, 0, 0, 0, 0, 0, 0], [0, 89096097, 32426254, 21115140, 7326238, 9623862, 23139654, 11726309, 2337635], [0, 5792671, 123561440, 795864, 727664, 500818, 1270375, 202135, 287249], [0, 4501956, 1278691, 51749443, 1342671, 237200, 1045784, 759194, 975676], [0, 661681, 11779, 279492, 36493316, 351235, 642334, 1551057, 6581], [0, 862646, 107276, 96398, 225839, 6379530, 278438, 839684, 157], [0, 7275578, 2717570, 1422890, 2505072, 1268660, 199323781, 3177899, 299835], [0, 2985199, 36845, 6119, 515830, 2072967, 1483199, 50171479, 2453], [0, 67265, 191393, 71750, 9183, 0, 38512, 0, 4515126]]}, "selection_score": 0.5872941866383334}
iter 1050/20000: loss=0.55622 false_bg=0.1379 grad_norm=6.8149 sec_per_update=0.780 peak_gpu_gb=4.32
iter 1100/20000: loss=0.67379 false_bg=0.1432 grad_norm=2.3499 sec_per_update=0.772 peak_gpu_gb=4.32
iter 1150/20000: loss=0.26458 false_bg=0.0648 grad_norm=10.4469 sec_per_update=0.765 peak_gpu_gb=4.32
iter 1200/20000: loss=0.49680 false_bg=0.1234 grad_norm=8.7679 sec_per_update=0.758 peak_gpu_gb=4.32
iter 1250/20000: loss=0.42117 false_bg=0.0978 grad_norm=6.0801 sec_per_update=0.752 peak_gpu_gb=4.32
iter 1300/20000: loss=0.67886 false_bg=0.1319 grad_norm=7.2669 sec_per_update=0.746 peak_gpu_gb=4.32
iter 1350/20000: loss=0.63403 false_bg=0.1503 grad_norm=4.6310 sec_per_update=0.743 peak_gpu_gb=4.32
iter 1400/20000: loss=0.83635 false_bg=0.2610 grad_norm=4.2047 sec_per_update=0.740 peak_gpu_gb=4.32
iter 1450/20000: loss=0.59742 false_bg=0.0564 grad_norm=7.9830 sec_per_update=0.737 peak_gpu_gb=4.32
iter 1500/20000: loss=0.31590 false_bg=0.1160 grad_norm=1.6580 sec_per_update=0.734 peak_gpu_gb=4.32
iter 1550/20000: loss=0.67555 false_bg=0.1188 grad_norm=6.7232 sec_per_update=0.732 peak_gpu_gb=4.32
iter 1600/20000: loss=0.65275 false_bg=0.1929 grad_norm=4.0731 sec_per_update=0.727 peak_gpu_gb=4.32
iter 1650/20000: loss=0.38773 false_bg=0.1520 grad_norm=7.3182 sec_per_update=0.724 peak_gpu_gb=4.32
iter 1700/20000: loss=0.28546 false_bg=0.1567 grad_norm=0.9551 sec_per_update=0.720 peak_gpu_gb=4.32
iter 1750/20000: loss=0.30531 false_bg=0.1420 grad_norm=0.9407 sec_per_update=0.717 peak_gpu_gb=4.32
iter 1800/20000: loss=0.63930 false_bg=0.1226 grad_norm=2.1292 sec_per_update=0.714 peak_gpu_gb=4.32
iter 1850/20000: loss=0.22649 false_bg=0.1198 grad_norm=1.3805 sec_per_update=0.711 peak_gpu_gb=4.32
iter 1900/20000: loss=0.48200 false_bg=0.1518 grad_norm=2.4311 sec_per_update=0.709 peak_gpu_gb=4.32
iter 1950/20000: loss=0.38005 false_bg=0.1380 grad_norm=10.8359 sec_per_update=0.706 peak_gpu_gb=4.32
iter 2000/20000: loss=0.63803 false_bg=0.1275 grad_norm=2.9871 sec_per_update=0.704 peak_gpu_gb=4.32
{"iter": 2000, "val": {"mIoU": 0.6017544082206128, "per_class_iou": {"1": 0.4076374276772402, "2": 0.7599152051272783, "3": 0.6000203763934095, "4": 0.775777730751534, "5": 0.30117315636530523, "6": 0.8199654622725606, "7": 0.6568164219896355, "8": 0.4927294851879392}, "classes_in_mean": [1, 2, 3, 4, 5, 6, 7, 8], "background_false_positive_rate": 0.027713670219674788, "background_false_negative_rate": 0.5622829129814344, "confusion": [[0, 0, 0, 0, 0, 0, 0, 0, 0], [0, 86138866, 26198411, 26642503, 3998559, 10825615, 24685048, 15522045, 2780142], [0, 5397109, 123211570, 1022814, 478359, 681176, 1302480, 292331, 752377], [0, 2992672, 673367, 55130372, 41305, 163994, 1083812, 986047, 819046], [0, 319090, 11710, 573652, 36245078, 469866, 547269, 1819212, 11598], [0, 315512, 63281, 85043, 85203, 7208041, 89921, 942181, 786], [0, 4478531, 1919028, 1561679, 1642325, 1529972, 202227139, 4381974, 250637], [0, 999979, 72420, 29737, 475727, 1472621, 878054, 53345238, 315], [0, 18374, 62144, 74790, 2004, 0, 50981, 0, 4684936]]}, "selection_score": 0.6017544082206128}
iter 2050/20000: loss=0.46407 false_bg=0.1756 grad_norm=3.4196 sec_per_update=0.786 peak_gpu_gb=4.32
iter 2100/20000: loss=0.43498 false_bg=0.1242 grad_norm=4.1502 sec_per_update=0.782 peak_gpu_gb=4.32
iter 2150/20000: loss=0.19528 false_bg=0.1364 grad_norm=2.1189 sec_per_update=0.778 peak_gpu_gb=4.32
iter 2200/20000: loss=0.18008 false_bg=0.0696 grad_norm=1.8707 sec_per_update=0.774 peak_gpu_gb=4.32
iter 2250/20000: loss=0.33170 false_bg=0.1694 grad_norm=3.5458 sec_per_update=0.770 peak_gpu_gb=4.32
iter 2300/20000: loss=0.16660 false_bg=0.1205 grad_norm=6.1531 sec_per_update=0.767 peak_gpu_gb=4.32
iter 2350/20000: loss=0.23232 false_bg=0.1328 grad_norm=4.4395 sec_per_update=0.764 peak_gpu_gb=4.32
iter 2400/20000: loss=0.38814 false_bg=0.1134 grad_norm=3.5182 sec_per_update=0.762 peak_gpu_gb=4.32
iter 2450/20000: loss=0.32649 false_bg=0.0845 grad_norm=2.0797 sec_per_update=0.760 peak_gpu_gb=4.32
iter 2500/20000: loss=0.17222 false_bg=0.1312 grad_norm=2.4982 sec_per_update=0.758 peak_gpu_gb=4.32
iter 2550/20000: loss=0.41372 false_bg=0.1066 grad_norm=5.8979 sec_per_update=0.756 peak_gpu_gb=4.32
iter 2600/20000: loss=0.85869 false_bg=0.1084 grad_norm=4.7032 sec_per_update=0.753 peak_gpu_gb=4.32
iter 2650/20000: loss=0.51884 false_bg=0.1726 grad_norm=5.3352 sec_per_update=0.750 peak_gpu_gb=4.32
iter 2700/20000: loss=0.27639 false_bg=0.1241 grad_norm=2.2671 sec_per_update=0.748 peak_gpu_gb=4.32
iter 2750/20000: loss=0.45347 false_bg=0.1354 grad_norm=8.2756 sec_per_update=0.745 peak_gpu_gb=4.32
iter 2800/20000: loss=0.48283 false_bg=0.1489 grad_norm=6.9977 sec_per_update=0.743 peak_gpu_gb=4.32
iter 2850/20000: loss=0.55011 false_bg=0.1549 grad_norm=5.4352 sec_per_update=0.740 peak_gpu_gb=4.32
iter 2900/20000: loss=0.08654 false_bg=0.0845 grad_norm=1.0280 sec_per_update=0.738 peak_gpu_gb=4.32
iter 2950/20000: loss=0.19308 false_bg=0.1306 grad_norm=0.9781 sec_per_update=0.736 peak_gpu_gb=4.32
iter 3000/20000: loss=0.17488 false_bg=0.1172 grad_norm=3.2563 sec_per_update=0.734 peak_gpu_gb=4.32
{"iter": 3000, "val": {"mIoU": 0.6390049502633304, "per_class_iou": {"1": 0.45407557273031557, "2": 0.7769620052371919, "3": 0.6330406545772024, "4": 0.7616464865111197, "5": 0.3417239413098045, "6": 0.8187465154620772, "7": 0.6625167740418971, "8": 0.6633276522370345}, "classes_in_mean": [1, 2, 3, 4, 5, 6, 7, 8], "background_false_positive_rate": 0.03450040970380185, "background_false_negative_rate": 0.5042127927790507, "confusion": [[0, 0, 0, 0, 0, 0, 0, 0, 0], [0, 97566554, 22424121, 21915187, 4639818, 6529094, 26647184, 15891240, 1177991], [0, 7117269, 122941534, 684728, 508611, 390318, 1020181, 339907, 135668], [0, 4001266, 588234, 54641841, 128171, 62100, 1086643, 923280, 459080], [0, 322998, 5607, 368066, 36869432, 188825, 456977, 1784259, 1311], [0, 1121072, 27676, 57267, 136319, 5997832, 144681, 1305121, 0], [0, 4240368, 1917690, 1254739, 2366482, 930427, 203204118, 3933848, 143613], [0, 1191532, 26037, 17828, 628726, 660956, 785864, 53963148, 0], [0, 82843, 106069, 128050, 1937, 0, 56477, 0, 4517853]]}, "selection_score": 0.6390049502633304}
iter 3050/20000: loss=0.62366 false_bg=0.1680 grad_norm=3.7123 sec_per_update=0.789 peak_gpu_gb=4.32
iter 3100/20000: loss=0.16723 false_bg=0.0558 grad_norm=2.5253 sec_per_update=0.786 peak_gpu_gb=4.32
iter 3150/20000: loss=0.41663 false_bg=0.2021 grad_norm=11.8562 sec_per_update=0.783 peak_gpu_gb=4.32
iter 3200/20000: loss=0.42899 false_bg=0.1684 grad_norm=2.5168 sec_per_update=0.781 peak_gpu_gb=4.32
iter 3250/20000: loss=0.18582 false_bg=0.0525 grad_norm=1.4840 sec_per_update=0.778 peak_gpu_gb=4.32
iter 3300/20000: loss=0.15927 false_bg=0.0740 grad_norm=0.8700 sec_per_update=0.776 peak_gpu_gb=4.32
iter 3350/20000: loss=0.18925 false_bg=0.0779 grad_norm=1.0695 sec_per_update=0.774 peak_gpu_gb=4.32
iter 3400/20000: loss=0.48301 false_bg=0.1518 grad_norm=4.5611 sec_per_update=0.773 peak_gpu_gb=4.32
iter 3450/20000: loss=0.62257 false_bg=0.1894 grad_norm=2.7441 sec_per_update=0.771 peak_gpu_gb=4.32
iter 3500/20000: loss=0.20408 false_bg=0.0435 grad_norm=2.2479 sec_per_update=0.770 peak_gpu_gb=4.32
iter 3550/20000: loss=0.36575 false_bg=0.1039 grad_norm=6.4977 sec_per_update=0.767 peak_gpu_gb=4.32
iter 3600/20000: loss=0.19632 false_bg=0.0632 grad_norm=1.5946 sec_per_update=0.765 peak_gpu_gb=4.32
iter 3650/20000: loss=0.48874 false_bg=0.1654 grad_norm=17.8060 sec_per_update=0.763 peak_gpu_gb=4.32
iter 3700/20000: loss=0.17632 false_bg=0.0917 grad_norm=2.3507 sec_per_update=0.761 peak_gpu_gb=4.32
iter 3750/20000: loss=0.32344 false_bg=0.0835 grad_norm=1.7223 sec_per_update=0.759 peak_gpu_gb=4.32
iter 3800/20000: loss=0.13462 false_bg=0.0796 grad_norm=7.5664 sec_per_update=0.757 peak_gpu_gb=4.32
iter 3850/20000: loss=0.53470 false_bg=0.1679 grad_norm=2.2154 sec_per_update=0.755 peak_gpu_gb=4.32
iter 3900/20000: loss=0.25175 false_bg=0.1267 grad_norm=3.6006 sec_per_update=0.753 peak_gpu_gb=4.32
iter 3950/20000: loss=0.23387 false_bg=0.1716 grad_norm=1.3672 sec_per_update=0.751 peak_gpu_gb=4.32
iter 4000/20000: loss=0.32039 false_bg=0.1645 grad_norm=2.2507 sec_per_update=0.750 peak_gpu_gb=4.32
{"iter": 4000, "val": {"mIoU": 0.6368887337248066, "per_class_iou": {"1": 0.5050551603907668, "2": 0.7892652482007116, "3": 0.6568189868960058, "4": 0.7936739189273704, "5": 0.3561270016283092, "6": 0.8239078478091726, "7": 0.6954946333306937, "8": 0.47476707261542256}, "classes_in_mean": [1, 2, 3, 4, 5, 6, 7, 8], "background_false_positive_rate": 0.042565672313462186, "background_false_negative_rate": 0.4377043781162377, "confusion": [[0, 0, 0, 0, 0, 0, 0, 0, 0], [0, 110654824, 18866029, 16831837, 3602058, 4942507, 26249182, 12848788, 2795964], [0, 7917443, 121856799, 481687, 500061, 390601, 1232380, 173247, 585998], [0, 4941535, 417118, 53080010, 57095, 21951, 1235615, 810285, 1327006], [0, 517459, 7227, 494676, 36091677, 267493, 928645, 1668755, 21543], [0, 1673984, 37148, 46374, 83940, 5488301, 573632, 886505, 84], [0, 5490442, 1735691, 1043100, 763772, 351509, 205478501, 2724720, 403550], [0, 1729534, 144299, 8946, 469787, 647049, 1148151, 53126325, 0], [0, 32946, 46980, 16522, 0, 0, 36114, 0, 4760667]]}, "selection_score": 0.6368887337248066}
iter 4050/20000: loss=0.20584 false_bg=0.0954 grad_norm=1.8681 sec_per_update=0.791 peak_gpu_gb=4.32
iter 4100/20000: loss=0.43672 false_bg=0.1079 grad_norm=2.2612 sec_per_update=0.788 peak_gpu_gb=4.32
iter 4150/20000: loss=0.28056 false_bg=0.1025 grad_norm=5.8149 sec_per_update=0.786 peak_gpu_gb=4.32
iter 4200/20000: loss=0.31570 false_bg=0.0738 grad_norm=2.0876 sec_per_update=0.784 peak_gpu_gb=4.32
iter 4250/20000: loss=0.40629 false_bg=0.1363 grad_norm=8.5220 sec_per_update=0.782 peak_gpu_gb=4.32
iter 4300/20000: loss=0.31250 false_bg=0.1587 grad_norm=27.4819 sec_per_update=0.780 peak_gpu_gb=4.32
iter 4350/20000: loss=0.75920 false_bg=0.2245 grad_norm=9.0393 sec_per_update=0.779 peak_gpu_gb=4.32
iter 4400/20000: loss=0.08616 false_bg=0.0571 grad_norm=0.6230 sec_per_update=0.778 peak_gpu_gb=4.32
iter 4450/20000: loss=0.22667 false_bg=0.0942 grad_norm=1.3421 sec_per_update=0.776 peak_gpu_gb=4.32
iter 4500/20000: loss=0.47245 false_bg=0.1589 grad_norm=3.9871 sec_per_update=0.775 peak_gpu_gb=4.32
iter 4550/20000: loss=0.58478 false_bg=0.2894 grad_norm=5.2330 sec_per_update=0.773 peak_gpu_gb=4.32
iter 4600/20000: loss=0.47934 false_bg=0.1900 grad_norm=4.0447 sec_per_update=0.771 peak_gpu_gb=4.32
iter 4650/20000: loss=0.21524 false_bg=0.1227 grad_norm=1.9772 sec_per_update=0.769 peak_gpu_gb=4.32
iter 4700/20000: loss=0.54224 false_bg=0.0049 grad_norm=3.8792 sec_per_update=0.768 peak_gpu_gb=4.32
iter 4750/20000: loss=0.53584 false_bg=0.1288 grad_norm=16.5153 sec_per_update=0.766 peak_gpu_gb=4.32
iter 4800/20000: loss=0.25605 false_bg=0.1694 grad_norm=2.4359 sec_per_update=0.764 peak_gpu_gb=4.32
iter 4850/20000: loss=0.45702 false_bg=0.2740 grad_norm=4.9562 sec_per_update=0.763 peak_gpu_gb=4.32
iter 4900/20000: loss=0.24443 false_bg=0.1251 grad_norm=1.5785 sec_per_update=0.761 peak_gpu_gb=4.32
iter 4950/20000: loss=0.23023 false_bg=0.1214 grad_norm=0.9636 sec_per_update=0.759 peak_gpu_gb=4.32
iter 5000/20000: loss=0.25629 false_bg=0.1574 grad_norm=1.6086 sec_per_update=0.758 peak_gpu_gb=4.32
{"iter": 5000, "val": {"mIoU": 0.6387033629174704, "per_class_iou": {"1": 0.46362716443732294, "2": 0.791054996085901, "3": 0.6378393013854952, "4": 0.7835526110625207, "5": 0.3268320290195815, "6": 0.8305541348372601, "7": 0.6647259087226363, "8": 0.6114407577890454}, "classes_in_mean": [1, 2, 3, 4, 5, 6, 7, 8], "background_false_positive_rate": 0.026471559145109323, "background_false_negative_rate": 0.5036950053693715, "confusion": [[0, 0, 0, 0, 0, 0, 0, 0, 0], [0, 97668450, 21279188, 22256668, 3786556, 9585587, 23646923, 16953121, 1614696], [0, 4971987, 124478874, 789429, 507887, 742636, 878235, 583437, 185731], [0, 3087723, 582140, 55904751, 39300, 132521, 637356, 903183, 603641], [0, 326877, 4991, 304975, 36256776, 189490, 477367, 2435770, 1229], [0, 277569, 18361, 49820, 84625, 6811539, 198296, 1349758, 0], [0, 4370638, 2231480, 2241640, 1512705, 1038089, 203252972, 3093801, 249960], [0, 793361, 8872, 12213, 342276, 362809, 852746, 54901814, 0], [0, 42277, 94805, 101718, 1469, 0, 37508, 0, 4615452]]}, "selection_score": 0.6387033629174704}
iter 5050/20000: loss=0.36488 false_bg=0.0694 grad_norm=2.6567 sec_per_update=0.791 peak_gpu_gb=4.32
iter 5100/20000: loss=0.67221 false_bg=0.1131 grad_norm=6.2573 sec_per_update=0.789 peak_gpu_gb=4.32
iter 5150/20000: loss=0.27194 false_bg=0.1417 grad_norm=10.9242 sec_per_update=0.787 peak_gpu_gb=4.32
iter 5200/20000: loss=0.24433 false_bg=0.1131 grad_norm=7.1816 sec_per_update=0.786 peak_gpu_gb=4.32
iter 5250/20000: loss=0.35501 false_bg=0.0470 grad_norm=3.1443 sec_per_update=0.784 peak_gpu_gb=4.32
iter 5300/20000: loss=0.34499 false_bg=0.1059 grad_norm=3.2805 sec_per_update=0.783 peak_gpu_gb=4.32
iter 5350/20000: loss=0.64110 false_bg=0.0775 grad_norm=5.6706 sec_per_update=0.782 peak_gpu_gb=4.32
iter 5400/20000: loss=0.15798 false_bg=0.1177 grad_norm=9.7426 sec_per_update=0.781 peak_gpu_gb=4.32
iter 5450/20000: loss=0.42328 false_bg=0.0875 grad_norm=2.9529 sec_per_update=0.780 peak_gpu_gb=4.32
iter 5500/20000: loss=0.24586 false_bg=0.0929 grad_norm=2.5756 sec_per_update=0.778 peak_gpu_gb=4.32
iter 5550/20000: loss=0.31167 false_bg=0.1041 grad_norm=3.0467 sec_per_update=0.777 peak_gpu_gb=4.32
iter 5600/20000: loss=0.56309 false_bg=0.0810 grad_norm=16.0706 sec_per_update=0.775 peak_gpu_gb=4.32
iter 5650/20000: loss=0.16812 false_bg=0.0985 grad_norm=3.2146 sec_per_update=0.774 peak_gpu_gb=4.32
iter 5700/20000: loss=0.35571 false_bg=0.0514 grad_norm=2.5291 sec_per_update=0.772 peak_gpu_gb=4.32
iter 5750/20000: loss=0.48210 false_bg=0.2037 grad_norm=4.7826 sec_per_update=0.771 peak_gpu_gb=4.32
iter 5800/20000: loss=0.39645 false_bg=0.1138 grad_norm=8.4965 sec_per_update=0.769 peak_gpu_gb=4.32
iter 5850/20000: loss=0.65159 false_bg=0.0698 grad_norm=7.4819 sec_per_update=0.768 peak_gpu_gb=4.32
iter 5900/20000: loss=0.31201 false_bg=0.0687 grad_norm=2.3089 sec_per_update=0.767 peak_gpu_gb=4.32
iter 5950/20000: loss=0.20187 false_bg=0.0675 grad_norm=3.3105 sec_per_update=0.765 peak_gpu_gb=4.32
iter 6000/20000: loss=0.36860 false_bg=0.1600 grad_norm=2.8974 sec_per_update=0.764 peak_gpu_gb=4.32
{"iter": 6000, "val": {"mIoU": 0.6597429131392479, "per_class_iou": {"1": 0.5196514480363857, "2": 0.8000718618999102, "3": 0.6864859595374841, "4": 0.7925251930220462, "5": 0.3386939140860173, "6": 0.8336161672045307, "7": 0.6890955481086143, "8": 0.6178032132189948}, "classes_in_mean": [1, 2, 3, 4, 5, 6, 7, 8], "background_false_positive_rate": 0.03941667401959551, "background_false_negative_rate": 0.4258108374963881, "confusion": [[0, 0, 0, 0, 0, 0, 0, 0, 0], [0, 112995368, 18272913, 14508735, 4146834, 9206622, 23158416, 12933069, 1569232], [0, 6697697, 122960201, 366560, 524361, 619010, 1224742, 515166, 230479], [0, 5098330, 426411, 53490456, 78333, 158266, 1131093, 774266, 733460], [0, 384656, 3649, 113332, 37204500, 324251, 416949, 1548164, 1974], [0, 596566, 15061, 27706, 110508, 7134800, 183118, 722209, 0], [0, 5690096, 1775167, 951520, 1574041, 1036617, 204703222, 2084908, 175714], [0, 2131846, 15821, 14133, 512697, 930894, 1399512, 52269188, 0], [0, 54156, 39208, 46627, 0, 0, 55408, 0, 4697830]]}, "selection_score": 0.6597429131392479}
iter 6050/20000: loss=0.28787 false_bg=0.0679 grad_norm=2.4517 sec_per_update=0.791 peak_gpu_gb=4.32
iter 6100/20000: loss=0.32010 false_bg=0.0877 grad_norm=5.0586 sec_per_update=0.790 peak_gpu_gb=4.32
iter 6150/20000: loss=0.33580 false_bg=0.1121 grad_norm=2.9704 sec_per_update=0.788 peak_gpu_gb=4.32
iter 6200/20000: loss=0.38397 false_bg=0.1565 grad_norm=2.2949 sec_per_update=0.787 peak_gpu_gb=4.32
iter 6250/20000: loss=0.22342 false_bg=0.0998 grad_norm=2.5575 sec_per_update=0.786 peak_gpu_gb=4.32
iter 6300/20000: loss=0.48770 false_bg=0.0724 grad_norm=4.2563 sec_per_update=0.785 peak_gpu_gb=4.32
iter 6350/20000: loss=0.20654 false_bg=0.1078 grad_norm=3.4308 sec_per_update=0.784 peak_gpu_gb=4.32
iter 6400/20000: loss=0.40882 false_bg=0.1144 grad_norm=1.3144 sec_per_update=0.783 peak_gpu_gb=4.32
iter 6450/20000: loss=0.31905 false_bg=0.1323 grad_norm=2.7937 sec_per_update=0.782 peak_gpu_gb=4.32
iter 6500/20000: loss=0.27312 false_bg=0.0676 grad_norm=2.3004 sec_per_update=0.781 peak_gpu_gb=4.32
iter 6550/20000: loss=0.38714 false_bg=0.1346 grad_norm=2.3969 sec_per_update=0.779 peak_gpu_gb=4.32
iter 6600/20000: loss=0.34000 false_bg=0.1031 grad_norm=4.6658 sec_per_update=0.778 peak_gpu_gb=4.32
iter 6650/20000: loss=0.20528 false_bg=0.1100 grad_norm=4.0023 sec_per_update=0.777 peak_gpu_gb=4.32
iter 6700/20000: loss=0.25983 false_bg=0.1604 grad_norm=2.8922 sec_per_update=0.775 peak_gpu_gb=4.32
iter 6750/20000: loss=0.30671 false_bg=0.0188 grad_norm=1.8394 sec_per_update=0.774 peak_gpu_gb=4.32
iter 6800/20000: loss=0.17679 false_bg=0.0739 grad_norm=2.4157 sec_per_update=0.773 peak_gpu_gb=4.32
iter 6850/20000: loss=0.52416 false_bg=0.1426 grad_norm=2.8978 sec_per_update=0.772 peak_gpu_gb=4.32
iter 6900/20000: loss=0.13914 false_bg=0.0740 grad_norm=1.7807 sec_per_update=0.770 peak_gpu_gb=4.32
iter 6950/20000: loss=0.31260 false_bg=0.2033 grad_norm=2.7769 sec_per_update=0.769 peak_gpu_gb=4.32
iter 7000/20000: loss=0.12075 false_bg=0.0699 grad_norm=0.8393 sec_per_update=0.769 peak_gpu_gb=4.32
{"iter": 7000, "val": {"mIoU": 0.6476738287431237, "per_class_iou": {"1": 0.5112319021401202, "2": 0.7914528044913935, "3": 0.6753415244367071, "4": 0.7758668536806342, "5": 0.34246062565948204, "6": 0.8152450288267288, "7": 0.6546220884511126, "8": 0.6151698022588112}, "classes_in_mean": [1, 2, 3, 4, 5, 6, 7, 8], "background_false_positive_rate": 0.04148375403317761, "background_false_negative_rate": 0.432300304867816, "confusion": [[0, 0, 0, 0, 0, 0, 0, 0, 0], [0, 111718298, 18644843, 15421072, 4790125, 8722557, 20514648, 15414335, 1565311], [0, 7483862, 122814535, 351878, 510771, 553189, 899536, 335507, 188938], [0, 4565333, 1410023, 53586147, 127742, 147597, 605162, 771505, 677106], [0, 354715, 2710, 98383, 37768203, 238504, 251501, 1282765, 694], [0, 507809, 30606, 17114, 119909, 6969484, 31969, 1113077, 0], [0, 7489264, 1852413, 1498194, 2311648, 1419281, 196014866, 7168689, 236930], [0, 1277422, 23023, 7921, 821047, 480102, 95299, 54569277, 0], [0, 58040, 74235, 61561, 0, 0, 47351, 0, 4652042]]}, "selection_score": 0.6476738287431237}
iter 7050/20000: loss=0.17725 false_bg=0.0797 grad_norm=1.5655 sec_per_update=0.792 peak_gpu_gb=4.32
iter 7100/20000: loss=0.23733 false_bg=0.1229 grad_norm=4.1521 sec_per_update=0.790 peak_gpu_gb=4.32
iter 7150/20000: loss=0.27114 false_bg=0.1332 grad_norm=5.6295 sec_per_update=0.789 peak_gpu_gb=4.32
iter 7200/20000: loss=0.22970 false_bg=0.1277 grad_norm=2.2314 sec_per_update=0.788 peak_gpu_gb=4.32
iter 7250/20000: loss=0.37435 false_bg=0.0079 grad_norm=6.6556 sec_per_update=0.787 peak_gpu_gb=4.32
iter 7300/20000: loss=0.47070 false_bg=0.1199 grad_norm=2.9586 sec_per_update=0.786 peak_gpu_gb=4.32
iter 7350/20000: loss=0.64435 false_bg=0.2296 grad_norm=10.4912 sec_per_update=0.785 peak_gpu_gb=4.32
iter 7400/20000: loss=0.29319 false_bg=0.0636 grad_norm=1.6585 sec_per_update=0.784 peak_gpu_gb=4.32
iter 7450/20000: loss=0.21532 false_bg=0.1544 grad_norm=16.3271 sec_per_update=0.783 peak_gpu_gb=4.32
iter 7500/20000: loss=0.06847 false_bg=0.0531 grad_norm=1.2654 sec_per_update=0.782 peak_gpu_gb=4.32
iter 7550/20000: loss=0.22770 false_bg=0.1348 grad_norm=2.3852 sec_per_update=0.781 peak_gpu_gb=4.32
iter 7600/20000: loss=0.54766 false_bg=0.2706 grad_norm=11.8387 sec_per_update=0.780 peak_gpu_gb=4.32
iter 7650/20000: loss=0.23622 false_bg=0.0841 grad_norm=1.1521 sec_per_update=0.779 peak_gpu_gb=4.32
iter 7700/20000: loss=0.24822 false_bg=0.1126 grad_norm=8.4236 sec_per_update=0.778 peak_gpu_gb=4.32
iter 7750/20000: loss=0.18931 false_bg=0.1287 grad_norm=2.2380 sec_per_update=0.777 peak_gpu_gb=4.32
iter 7800/20000: loss=0.24215 false_bg=0.1683 grad_norm=2.1721 sec_per_update=0.775 peak_gpu_gb=4.32
iter 7850/20000: loss=0.42476 false_bg=0.0901 grad_norm=9.5317 sec_per_update=0.774 peak_gpu_gb=4.32
iter 7900/20000: loss=0.18007 false_bg=0.1495 grad_norm=6.6303 sec_per_update=0.773 peak_gpu_gb=4.32
iter 7950/20000: loss=0.23044 false_bg=0.1630 grad_norm=3.9189 sec_per_update=0.772 peak_gpu_gb=4.32
iter 8000/20000: loss=0.30246 false_bg=0.1755 grad_norm=5.5675 sec_per_update=0.772 peak_gpu_gb=4.32
{"iter": 8000, "val": {"mIoU": 0.6458798003126277, "per_class_iou": {"1": 0.5008000711941953, "2": 0.8119329098083681, "3": 0.6809872067110241, "4": 0.7963595989543044, "5": 0.32184743772177704, "6": 0.8235891390256229, "7": 0.6538089052038681, "8": 0.5777131338818619}, "classes_in_mean": [1, 2, 3, 4, 5, 6, 7, 8], "background_false_positive_rate": 0.028887264650716202, "background_false_negative_rate": 0.4606808742844681, "confusion": [[0, 0, 0, 0, 0, 0, 0, 0, 0], [0, 106133252, 17120773, 16163856, 4072975, 9896427, 24234456, 17240025, 1929425], [0, 5706069, 123980119, 388772, 503655, 640898, 1172701, 364713, 381289], [0, 4262485, 374463, 54914871, 30419, 152914, 725833, 745449, 684181], [0, 260690, 10528, 205577, 37214072, 172710, 323329, 1810094, 475], [0, 257698, 67664, 31591, 92252, 6823549, 112024, 1405190, 0], [0, 3711520, 1928924, 1857314, 1526271, 1269625, 201580579, 5889391, 227661], [0, 898131, 27115, 18366, 507189, 278649, 148097, 55396544, 0], [0, 39608, 29809, 84001, 0, 0, 50941, 0, 4688870]]}, "selection_score": 0.6458798003126277}
iter 8050/20000: loss=0.49675 false_bg=0.1267 grad_norm=4.0316 sec_per_update=0.792 peak_gpu_gb=4.32
iter 8100/20000: loss=0.18576 false_bg=0.0577 grad_norm=3.1964 sec_per_update=0.791 peak_gpu_gb=4.32
iter 8150/20000: loss=0.21673 false_bg=0.1341 grad_norm=4.6825 sec_per_update=0.790 peak_gpu_gb=4.32
iter 8200/20000: loss=0.44182 false_bg=0.1820 grad_norm=4.8638 sec_per_update=0.788 peak_gpu_gb=4.32
iter 8250/20000: loss=0.17949 false_bg=0.0877 grad_norm=1.1678 sec_per_update=0.788 peak_gpu_gb=4.32
iter 8300/20000: loss=0.40563 false_bg=0.1881 grad_norm=38.9279 sec_per_update=0.787 peak_gpu_gb=4.32
iter 8350/20000: loss=2.49930 false_bg=0.5140 grad_norm=21.1197 sec_per_update=0.786 peak_gpu_gb=4.32
iter 8400/20000: loss=0.30913 false_bg=0.1602 grad_norm=4.9696 sec_per_update=0.785 peak_gpu_gb=4.32
iter 8450/20000: loss=0.13717 false_bg=0.1089 grad_norm=1.3344 sec_per_update=0.785 peak_gpu_gb=4.32
iter 8500/20000: loss=0.20729 false_bg=0.0954 grad_norm=5.2646 sec_per_update=0.783 peak_gpu_gb=4.32
iter 8550/20000: loss=0.19597 false_bg=0.0917 grad_norm=1.9866 sec_per_update=0.782 peak_gpu_gb=4.32
iter 8600/20000: loss=0.24338 false_bg=0.0530 grad_norm=3.2850 sec_per_update=0.781 peak_gpu_gb=4.32
iter 8650/20000: loss=0.13311 false_bg=0.1147 grad_norm=1.6051 sec_per_update=0.780 peak_gpu_gb=4.32
iter 8700/20000: loss=0.38117 false_bg=0.1492 grad_norm=7.6600 sec_per_update=0.779 peak_gpu_gb=4.32
iter 8750/20000: loss=0.53422 false_bg=0.2679 grad_norm=9.8869 sec_per_update=0.778 peak_gpu_gb=4.32
iter 8800/20000: loss=0.14319 false_bg=0.0381 grad_norm=3.2137 sec_per_update=0.777 peak_gpu_gb=4.32
iter 8850/20000: loss=0.37198 false_bg=0.1267 grad_norm=5.4805 sec_per_update=0.776 peak_gpu_gb=4.32
iter 8900/20000: loss=0.71814 false_bg=0.1373 grad_norm=7.0535 sec_per_update=0.775 peak_gpu_gb=4.32
iter 8950/20000: loss=0.47084 false_bg=0.1943 grad_norm=2.2030 sec_per_update=0.775 peak_gpu_gb=4.32
iter 9000/20000: loss=0.13885 false_bg=0.0608 grad_norm=19.8697 sec_per_update=0.774 peak_gpu_gb=4.32
{"iter": 9000, "val": {"mIoU": 0.680044779319356, "per_class_iou": {"1": 0.5513819237772937, "2": 0.8075542266375382, "3": 0.7060901805188962, "4": 0.8081572431122133, "5": 0.36398863942207194, "6": 0.8399248475236109, "7": 0.6930645095399185, "8": 0.6701966640233057}, "classes_in_mean": [1, 2, 3, 4, 5, 6, 7, 8], "background_false_positive_rate": 0.039410839770431055, "background_false_negative_rate": 0.39075879560847615, "confusion": [[0, 0, 0, 0, 0, 0, 0, 0, 0], [0, 119893301, 18530657, 10938622, 3112342, 7656324, 20401768, 15159905, 1098270], [0, 6006018, 124828402, 169262, 472175, 429990, 961301, 160523, 110545], [0, 6705726, 576875, 52735895, 18457, 62176, 648467, 558337, 584682], [0, 463819, 11642, 96739, 37028370, 266414, 233038, 1897416, 37], [0, 640505, 81446, 35006, 87234, 6855326, 106057, 984394, 0], [0, 5868104, 2063376, 1458533, 1713671, 1179683, 202328602, 3177122, 202194], [0, 883649, 92344, 31845, 416920, 449346, 501108, 54898879, 0], [0, 82469, 81320, 66573, 0, 0, 45911, 0, 4616956]]}, "selection_score": 0.680044779319356}
iter 9050/20000: loss=0.59893 false_bg=0.3120 grad_norm=19.7358 sec_per_update=0.792 peak_gpu_gb=4.32
iter 9100/20000: loss=0.29755 false_bg=0.1280 grad_norm=1.1370 sec_per_update=0.791 peak_gpu_gb=4.32
iter 9150/20000: loss=0.10456 false_bg=0.0616 grad_norm=1.0193 sec_per_update=0.790 peak_gpu_gb=4.32
iter 9200/20000: loss=0.21550 false_bg=0.0765 grad_norm=5.8294 sec_per_update=0.789 peak_gpu_gb=4.32
iter 9250/20000: loss=0.60969 false_bg=0.0789 grad_norm=5.3576 sec_per_update=0.788 peak_gpu_gb=4.32
iter 9300/20000: loss=0.18055 false_bg=0.0626 grad_norm=1.8959 sec_per_update=0.788 peak_gpu_gb=4.32
iter 9350/20000: loss=0.21410 false_bg=0.0908 grad_norm=7.1808 sec_per_update=0.787 peak_gpu_gb=4.32
iter 9400/20000: loss=0.06429 false_bg=0.0253 grad_norm=0.6774 sec_per_update=0.786 peak_gpu_gb=4.32
iter 9450/20000: loss=1.14363 false_bg=0.3609 grad_norm=10.4586 sec_per_update=0.786 peak_gpu_gb=4.32
iter 9500/20000: loss=0.10227 false_bg=0.0859 grad_norm=2.5278 sec_per_update=0.785 peak_gpu_gb=4.32
iter 9550/20000: loss=0.32709 false_bg=0.1762 grad_norm=1.8813 sec_per_update=0.784 peak_gpu_gb=4.32
iter 9600/20000: loss=0.12241 false_bg=0.0525 grad_norm=0.9301 sec_per_update=0.783 peak_gpu_gb=4.32
iter 9650/20000: loss=0.22089 false_bg=0.0458 grad_norm=2.8060 sec_per_update=0.782 peak_gpu_gb=4.32
iter 9700/20000: loss=0.51164 false_bg=0.0825 grad_norm=6.9779 sec_per_update=0.781 peak_gpu_gb=4.32
iter 9750/20000: loss=1.04326 false_bg=0.4204 grad_norm=11.1544 sec_per_update=0.780 peak_gpu_gb=4.32
iter 9800/20000: loss=0.27569 false_bg=0.1349 grad_norm=1.2301 sec_per_update=0.779 peak_gpu_gb=4.32
iter 9850/20000: loss=0.16666 false_bg=0.0907 grad_norm=4.1305 sec_per_update=0.778 peak_gpu_gb=4.32
iter 9900/20000: loss=0.14009 false_bg=0.0253 grad_norm=14.2638 sec_per_update=0.777 peak_gpu_gb=4.32
iter 9950/20000: loss=0.66332 false_bg=0.2668 grad_norm=16.4952 sec_per_update=0.777 peak_gpu_gb=4.32
iter 10000/20000: loss=0.48695 false_bg=0.1056 grad_norm=11.2521 sec_per_update=0.776 peak_gpu_gb=4.32
{"iter": 10000, "val": {"mIoU": 0.6681507886880991, "per_class_iou": {"1": 0.520606196930161, "2": 0.8025537280688834, "3": 0.7006053244174467, "4": 0.8187497023961104, "5": 0.36274118384302284, "6": 0.8378150475519575, "7": 0.6801319869919626, "8": 0.6220031393052478}, "classes_in_mean": [1, 2, 3, 4, 5, 6, 7, 8], "background_false_positive_rate": 0.02924499554109349, "background_false_negative_rate": 0.43885548656347617, "confusion": [[0, 0, 0, 0, 0, 0, 0, 0, 0], [0, 110428296, 20611697, 13136318, 3078235, 6955240, 24377408, 16667436, 1536559], [0, 4700257, 125993925, 181516, 464703, 466996, 924646, 219717, 186456], [0, 4852251, 920645, 53566657, 26986, 99936, 970121, 733960, 720059], [0, 293665, 8901, 52652, 37054405, 154513, 416096, 2017044, 199], [0, 592024, 61020, 24166, 79883, 6364470, 249716, 1418689, 0], [0, 4140528, 2139968, 1110685, 1178157, 799416, 205962228, 2440356, 219947], [0, 690422, 61879, 17525, 431866, 279416, 857843, 54935140, 0], [0, 54496, 48939, 44202, 0, 0, 45457, 0, 4700135]]}, "selection_score": 0.6681507886880991}
iter 10050/20000: loss=0.37312 false_bg=0.0274 grad_norm=2.8096 sec_per_update=0.792 peak_gpu_gb=4.32
iter 10100/20000: loss=0.18418 false_bg=0.0315 grad_norm=4.0257 sec_per_update=0.791 peak_gpu_gb=4.32
iter 10150/20000: loss=0.22595 false_bg=0.0619 grad_norm=0.9422 sec_per_update=0.790 peak_gpu_gb=4.32
iter 10200/20000: loss=0.15509 false_bg=0.0914 grad_norm=1.9637 sec_per_update=0.790 peak_gpu_gb=4.32
iter 10250/20000: loss=0.77051 false_bg=0.0938 grad_norm=12.3602 sec_per_update=0.789 peak_gpu_gb=4.32
iter 10300/20000: loss=0.31054 false_bg=0.0441 grad_norm=2.2363 sec_per_update=0.789 peak_gpu_gb=4.32
iter 10350/20000: loss=0.50686 false_bg=0.1646 grad_norm=11.0484 sec_per_update=0.788 peak_gpu_gb=4.32
iter 10400/20000: loss=0.08857 false_bg=0.0450 grad_norm=1.4375 sec_per_update=0.787 peak_gpu_gb=4.32
iter 10450/20000: loss=0.18479 false_bg=0.1209 grad_norm=1.0877 sec_per_update=0.786 peak_gpu_gb=4.32
iter 10500/20000: loss=1.46515 false_bg=0.1210 grad_norm=21.9995 sec_per_update=0.786 peak_gpu_gb=4.32
iter 10550/20000: loss=0.24152 false_bg=0.1483 grad_norm=7.8411 sec_per_update=0.785 peak_gpu_gb=4.32
iter 10600/20000: loss=1.05851 false_bg=0.3110 grad_norm=7.5141 sec_per_update=0.784 peak_gpu_gb=4.32
iter 10650/20000: loss=0.09897 false_bg=0.0343 grad_norm=2.7852 sec_per_update=0.783 peak_gpu_gb=4.32
iter 10700/20000: loss=0.22368 false_bg=0.1312 grad_norm=1.7073 sec_per_update=0.782 peak_gpu_gb=4.32
iter 10750/20000: loss=0.23753 false_bg=0.1716 grad_norm=3.6656 sec_per_update=0.781 peak_gpu_gb=4.32
iter 10800/20000: loss=0.15038 false_bg=0.0868 grad_norm=0.8759 sec_per_update=0.781 peak_gpu_gb=4.32
iter 10850/20000: loss=0.44907 false_bg=0.1476 grad_norm=4.6044 sec_per_update=0.780 peak_gpu_gb=4.32
iter 10900/20000: loss=0.30168 false_bg=0.1249 grad_norm=8.0081 sec_per_update=0.779 peak_gpu_gb=4.32
iter 10950/20000: loss=0.36410 false_bg=0.1291 grad_norm=6.7420 sec_per_update=0.778 peak_gpu_gb=4.32
iter 11000/20000: loss=0.36293 false_bg=0.1296 grad_norm=8.8013 sec_per_update=0.778 peak_gpu_gb=4.32
{"iter": 11000, "val": {"mIoU": 0.6669334320833183, "per_class_iou": {"1": 0.5435640065521252, "2": 0.8019330766553585, "3": 0.6872156995191555, "4": 0.8236774770043458, "5": 0.3482958159897963, "6": 0.850189481549657, "7": 0.6968694378280004, "8": 0.5837224615681077}, "classes_in_mean": [1, 2, 3, 4, 5, 6, 7, 8], "background_false_positive_rate": 0.03316240662751315, "background_false_negative_rate": 0.40844037991965176, "confusion": [[0, 0, 0, 0, 0, 0, 0, 0, 0], [0, 116413721, 19501476, 15721349, 2943744, 8403412, 17407425, 14540512, 1859550], [0, 5028272, 125831295, 307258, 380591, 623170, 500424, 242039, 225167], [0, 3317359, 1521940, 54466375, 12096, 134838, 886758, 688223, 863026], [0, 507331, 6396, 164277, 36900919, 272818, 324935, 1819409, 1390], [0, 559688, 21025, 23868, 45098, 6902492, 116973, 1120824, 0], [0, 6863504, 2649349, 1091212, 985133, 1110179, 202147408, 2849870, 294630], [0, 1063768, 35728, 22918, 436067, 483516, 503475, 54728619, 0], [0, 36346, 35840, 35096, 0, 0, 36202, 0, 4749745]]}, "selection_score": 0.6669334320833183}
iter 11050/20000: loss=0.04871 false_bg=0.0426 grad_norm=0.3908 sec_per_update=0.792 peak_gpu_gb=4.32
iter 11100/20000: loss=0.18555 false_bg=0.1426 grad_norm=2.4315 sec_per_update=0.792 peak_gpu_gb=4.32
iter 11150/20000: loss=0.31062 false_bg=0.0874 grad_norm=3.2687 sec_per_update=0.791 peak_gpu_gb=4.32
iter 11200/20000: loss=0.35640 false_bg=0.1145 grad_norm=2.9632 sec_per_update=0.790 peak_gpu_gb=4.32
iter 11250/20000: loss=0.58658 false_bg=0.3076 grad_norm=6.3473 sec_per_update=0.790 peak_gpu_gb=4.32
iter 11300/20000: loss=0.22946 false_bg=0.1120 grad_norm=1.4109 sec_per_update=0.789 peak_gpu_gb=4.32
iter 11350/20000: loss=0.49160 false_bg=0.1527 grad_norm=3.1231 sec_per_update=0.789 peak_gpu_gb=4.32
iter 11400/20000: loss=0.69747 false_bg=0.0620 grad_norm=20.3706 sec_per_update=0.788 peak_gpu_gb=4.32
iter 11450/20000: loss=0.04982 false_bg=0.0438 grad_norm=0.4361 sec_per_update=0.787 peak_gpu_gb=4.32
iter 11500/20000: loss=0.45642 false_bg=0.2299 grad_norm=4.3059 sec_per_update=0.786 peak_gpu_gb=4.32
iter 11550/20000: loss=0.92331 false_bg=0.1324 grad_norm=14.3005 sec_per_update=0.786 peak_gpu_gb=4.32
iter 11600/20000: loss=0.15762 false_bg=0.0877 grad_norm=1.1816 sec_per_update=0.785 peak_gpu_gb=4.32
iter 11650/20000: loss=0.49534 false_bg=0.0671 grad_norm=9.5956 sec_per_update=0.784 peak_gpu_gb=4.32
iter 11700/20000: loss=0.38212 false_bg=0.0328 grad_norm=4.4611 sec_per_update=0.783 peak_gpu_gb=4.32
iter 11750/20000: loss=0.38042 false_bg=0.3289 grad_norm=11.1287 sec_per_update=0.782 peak_gpu_gb=4.32
iter 11800/20000: loss=0.28884 false_bg=0.1816 grad_norm=5.0729 sec_per_update=0.782 peak_gpu_gb=4.32
iter 11850/20000: loss=0.40039 false_bg=0.1024 grad_norm=1.4074 sec_per_update=0.781 peak_gpu_gb=4.32
iter 11900/20000: loss=0.20735 false_bg=0.1227 grad_norm=2.0281 sec_per_update=0.780 peak_gpu_gb=4.32
iter 11950/20000: loss=0.35053 false_bg=0.1578 grad_norm=3.7420 sec_per_update=0.780 peak_gpu_gb=4.32
iter 12000/20000: loss=0.06686 false_bg=0.0596 grad_norm=5.1818 sec_per_update=0.779 peak_gpu_gb=4.32
{"iter": 12000, "val": {"mIoU": 0.6826416258396545, "per_class_iou": {"1": 0.5644956864993274, "2": 0.8208970199694618, "3": 0.7107327847871389, "4": 0.8303687415919492, "5": 0.3530312910934152, "6": 0.8446845317062848, "7": 0.7140411123984703, "8": 0.622881838671188}, "classes_in_mean": [1, 2, 3, 4, 5, 6, 7, 8], "background_false_positive_rate": 0.03802644324862758, "background_false_negative_rate": 0.37834971869599304, "confusion": [[0, 0, 0, 0, 0, 0, 0, 0, 0], [0, 122335298, 13627352, 12853113, 3051259, 8485266, 21510410, 13354552, 1573939], [0, 7717933, 122629822, 294395, 445078, 633315, 1067211, 167473, 182989], [0, 4606456, 676575, 54071089, 14488, 145833, 1275551, 415687, 684936], [0, 441195, 2473, 35256, 37360442, 282444, 393691, 1481590, 384], [0, 576276, 9946, 32840, 59685, 7096121, 107276, 907824, 0], [0, 5327143, 1820550, 862693, 888094, 1246591, 205323686, 2326827, 195701], [0, 1211855, 58163, 52078, 536513, 517127, 682610, 54215745, 0], [0, 44043, 51872, 56954, 0, 0, 49326, 0, 4691034]]}, "selection_score": 0.6826416258396545}
iter 12050/20000: loss=0.13970 false_bg=0.0678 grad_norm=0.7885 sec_per_update=0.793 peak_gpu_gb=4.32
iter 12100/20000: loss=0.26342 false_bg=0.1550 grad_norm=2.5083 sec_per_update=0.792 peak_gpu_gb=4.32
iter 12150/20000: loss=0.12124 false_bg=0.0605 grad_norm=1.1761 sec_per_update=0.791 peak_gpu_gb=4.32
iter 12200/20000: loss=0.50035 false_bg=0.1800 grad_norm=3.2440 sec_per_update=0.791 peak_gpu_gb=4.32
iter 12250/20000: loss=0.74982 false_bg=0.3277 grad_norm=11.9449 sec_per_update=0.790 peak_gpu_gb=4.32
iter 12300/20000: loss=0.64955 false_bg=0.1787 grad_norm=2.9878 sec_per_update=0.790 peak_gpu_gb=4.32
iter 12350/20000: loss=0.11778 false_bg=0.0689 grad_norm=2.1451 sec_per_update=0.789 peak_gpu_gb=4.32
iter 12400/20000: loss=0.24042 false_bg=0.0909 grad_norm=1.3242 sec_per_update=0.788 peak_gpu_gb=4.32
iter 12450/20000: loss=0.84001 false_bg=0.6945 grad_norm=21.6211 sec_per_update=0.788 peak_gpu_gb=4.32
iter 12500/20000: loss=0.47639 false_bg=0.3712 grad_norm=11.5157 sec_per_update=0.787 peak_gpu_gb=4.32
iter 12550/20000: loss=0.22133 false_bg=0.0967 grad_norm=1.4202 sec_per_update=0.786 peak_gpu_gb=4.32
iter 12600/20000: loss=0.36940 false_bg=0.1128 grad_norm=3.5876 sec_per_update=0.785 peak_gpu_gb=4.32
iter 12650/20000: loss=0.20132 false_bg=0.0768 grad_norm=1.6396 sec_per_update=0.785 peak_gpu_gb=4.32
iter 12700/20000: loss=0.34392 false_bg=0.0701 grad_norm=2.6551 sec_per_update=0.784 peak_gpu_gb=4.32
iter 12750/20000: loss=0.34321 false_bg=0.1733 grad_norm=2.9010 sec_per_update=0.783 peak_gpu_gb=4.32
iter 12800/20000: loss=0.39708 false_bg=0.2495 grad_norm=10.4757 sec_per_update=0.783 peak_gpu_gb=4.32
iter 12850/20000: loss=0.28801 false_bg=0.1426 grad_norm=3.5563 sec_per_update=0.782 peak_gpu_gb=4.32
iter 12900/20000: loss=0.42718 false_bg=0.1279 grad_norm=6.1407 sec_per_update=0.781 peak_gpu_gb=4.32
iter 12950/20000: loss=0.25811 false_bg=0.1292 grad_norm=4.8067 sec_per_update=0.781 peak_gpu_gb=4.32
iter 13000/20000: loss=0.12333 false_bg=0.0245 grad_norm=1.7681 sec_per_update=0.780 peak_gpu_gb=4.32
{"iter": 13000, "val": {"mIoU": 0.6859763166995458, "per_class_iou": {"1": 0.5737130161076398, "2": 0.8171583434520998, "3": 0.7160875936120609, "4": 0.8281090868599081, "5": 0.3872296012467295, "6": 0.8450711887208461, "7": 0.6988145358322331, "8": 0.6216271677648498}, "classes_in_mean": [1, 2, 3, 4, 5, 6, 7, 8], "background_false_positive_rate": 0.04119922703393573, "background_false_negative_rate": 0.3633525126981168, "confusion": [[0, 0, 0, 0, 0, 0, 0, 0, 0], [0, 125286616, 14182619, 12117208, 2936013, 5716829, 20792851, 14278470, 1480583], [0, 8115880, 122892878, 236082, 401019, 420978, 740948, 173734, 156697], [0, 4587553, 970706, 54032978, 16119, 69417, 868233, 594524, 751085], [0, 488470, 3044, 37973, 37057692, 142685, 424874, 1842348, 389], [0, 977162, 11585, 31102, 12969, 6202236, 206301, 1348613, 0], [0, 6369434, 1989183, 1084403, 926513, 637410, 205103733, 1550777, 329832], [0, 999029, 46830, 25316, 459663, 239660, 1651158, 53852435, 0], [0, 49832, 48349, 33123, 0, 0, 30214, 0, 4731711]]}, "selection_score": 0.6859763166995458}
iter 13050/20000: loss=0.14960 false_bg=0.0863 grad_norm=5.8754 sec_per_update=0.793 peak_gpu_gb=4.32
iter 13100/20000: loss=0.25995 false_bg=0.1938 grad_norm=4.5257 sec_per_update=0.792 peak_gpu_gb=4.32
iter 13150/20000: loss=0.17941 false_bg=0.0472 grad_norm=1.0052 sec_per_update=0.791 peak_gpu_gb=4.32
iter 13200/20000: loss=0.27975 false_bg=0.1400 grad_norm=10.3681 sec_per_update=0.791 peak_gpu_gb=4.32
iter 13250/20000: loss=0.17426 false_bg=0.1315 grad_norm=3.0599 sec_per_update=0.790 peak_gpu_gb=4.32
iter 13300/20000: loss=0.99404 false_bg=0.0591 grad_norm=70.8501 sec_per_update=0.790 peak_gpu_gb=4.32
iter 13350/20000: loss=0.27766 false_bg=0.1164 grad_norm=4.7523 sec_per_update=0.789 peak_gpu_gb=4.32
iter 13400/20000: loss=0.11339 false_bg=0.0555 grad_norm=1.5226 sec_per_update=0.789 peak_gpu_gb=4.32
iter 13450/20000: loss=0.45505 false_bg=0.2089 grad_norm=14.9620 sec_per_update=0.788 peak_gpu_gb=4.32
iter 13500/20000: loss=0.21942 false_bg=0.1933 grad_norm=3.8758 sec_per_update=0.787 peak_gpu_gb=4.32
iter 13550/20000: loss=0.89059 false_bg=0.0584 grad_norm=5.6030 sec_per_update=0.787 peak_gpu_gb=4.32
iter 13600/20000: loss=0.54332 false_bg=0.1549 grad_norm=4.4025 sec_per_update=0.786 peak_gpu_gb=4.32
iter 13650/20000: loss=0.21883 false_bg=0.0370 grad_norm=2.3623 sec_per_update=0.785 peak_gpu_gb=4.32
iter 13700/20000: loss=0.13446 false_bg=0.0438 grad_norm=1.6898 sec_per_update=0.785 peak_gpu_gb=4.32
iter 13750/20000: loss=0.14064 false_bg=0.0530 grad_norm=1.6799 sec_per_update=0.784 peak_gpu_gb=4.32
iter 13800/20000: loss=0.32649 false_bg=0.0912 grad_norm=3.6115 sec_per_update=0.784 peak_gpu_gb=4.32
iter 13850/20000: loss=0.40039 false_bg=0.0789 grad_norm=4.7956 sec_per_update=0.783 peak_gpu_gb=4.32
iter 13900/20000: loss=0.40056 false_bg=0.1327 grad_norm=4.6162 sec_per_update=0.782 peak_gpu_gb=4.32
iter 13950/20000: loss=0.17671 false_bg=0.0978 grad_norm=8.6936 sec_per_update=0.782 peak_gpu_gb=4.32
iter 14000/20000: loss=0.70754 false_bg=0.1067 grad_norm=5.6515 sec_per_update=0.782 peak_gpu_gb=4.32
{"iter": 14000, "val": {"mIoU": 0.6713279608446658, "per_class_iou": {"1": 0.5193339446975552, "2": 0.7866119230077846, "3": 0.7039753344759517, "4": 0.8365194190354838, "5": 0.34552334461552764, "6": 0.8470238957436688, "7": 0.702101158441134, "8": 0.6295346667402207}, "classes_in_mean": [1, 2, 3, 4, 5, 6, 7, 8], "background_false_positive_rate": 0.02626247469394425, "background_false_negative_rate": 0.44435096126178697, "confusion": [[0, 0, 0, 0, 0, 0, 0, 0, 0], [0, 109346835, 24897855, 14460633, 2686871, 9294766, 19790650, 14878449, 1435130], [0, 3149114, 127443689, 330658, 319745, 621802, 854236, 224757, 194215], [0, 3037596, 1573594, 55141175, 8953, 158391, 725613, 575398, 669895], [0, 435345, 8530, 77140, 37065574, 294545, 462688, 1653049, 604], [0, 393963, 31701, 24566, 15470, 7203026, 80766, 1040476, 0], [0, 5847106, 2285258, 1475637, 796934, 1246428, 203994190, 2034119, 311613], [0, 845173, 40104, 25045, 483833, 440813, 899667, 54539456, 0], [0, 52580, 40706, 43983, 0, 0, 31500, 0, 4724460]]}, "selection_score": 0.6713279608446658}
iter 14050/20000: loss=0.16699 false_bg=0.0434 grad_norm=5.8936 sec_per_update=0.793 peak_gpu_gb=4.32
iter 14100/20000: loss=0.27513 false_bg=0.1327 grad_norm=4.1106 sec_per_update=0.792 peak_gpu_gb=4.32
iter 14150/20000: loss=0.54835 false_bg=0.1664 grad_norm=4.7907 sec_per_update=0.792 peak_gpu_gb=4.32
iter 14200/20000: loss=0.57847 false_bg=0.0769 grad_norm=8.2876 sec_per_update=0.791 peak_gpu_gb=4.32
iter 14250/20000: loss=0.16296 false_bg=0.0604 grad_norm=4.3335 sec_per_update=0.791 peak_gpu_gb=4.32
iter 14300/20000: loss=1.02984 false_bg=0.2517 grad_norm=16.0056 sec_per_update=0.790 peak_gpu_gb=4.32
iter 14350/20000: loss=0.05863 false_bg=0.0472 grad_norm=1.7152 sec_per_update=0.790 peak_gpu_gb=4.32
iter 14400/20000: loss=0.28105 false_bg=0.2177 grad_norm=1.9325 sec_per_update=0.789 peak_gpu_gb=4.32
iter 14450/20000: loss=0.19945 false_bg=0.0822 grad_norm=3.9736 sec_per_update=0.789 peak_gpu_gb=4.32
iter 14500/20000: loss=0.12839 false_bg=0.0572 grad_norm=2.3505 sec_per_update=0.788 peak_gpu_gb=4.32
iter 14550/20000: loss=0.28141 false_bg=0.0778 grad_norm=28.9044 sec_per_update=0.787 peak_gpu_gb=4.32
iter 14600/20000: loss=0.07847 false_bg=0.0598 grad_norm=0.7574 sec_per_update=0.787 peak_gpu_gb=4.32
iter 14650/20000: loss=0.06655 false_bg=0.0432 grad_norm=1.5494 sec_per_update=0.786 peak_gpu_gb=4.32
iter 14700/20000: loss=0.18806 false_bg=0.1154 grad_norm=3.1471 sec_per_update=0.785 peak_gpu_gb=4.32
iter 14750/20000: loss=0.31636 false_bg=0.1492 grad_norm=4.8078 sec_per_update=0.785 peak_gpu_gb=4.32
iter 14800/20000: loss=0.31767 false_bg=0.2211 grad_norm=2.9912 sec_per_update=0.784 peak_gpu_gb=4.32
iter 14850/20000: loss=0.31786 false_bg=0.1794 grad_norm=1.2888 sec_per_update=0.784 peak_gpu_gb=4.32
iter 14900/20000: loss=0.17002 false_bg=0.1503 grad_norm=1.3123 sec_per_update=0.783 peak_gpu_gb=4.32
iter 14950/20000: loss=0.09614 false_bg=0.0492 grad_norm=1.3027 sec_per_update=0.783 peak_gpu_gb=4.32
iter 15000/20000: loss=0.32858 false_bg=0.0527 grad_norm=3.8549 sec_per_update=0.782 peak_gpu_gb=4.32
{"iter": 15000, "val": {"mIoU": 0.6770229837615647, "per_class_iou": {"1": 0.536995668015558, "2": 0.8154454552535456, "3": 0.700851984544693, "4": 0.8266528316124812, "5": 0.37978205529763887, "6": 0.8429460987284589, "7": 0.6811118296032636, "8": 0.6323979470368778}, "classes_in_mean": [1, 2, 3, 4, 5, 6, 7, 8], "background_false_positive_rate": 0.027755843997246288, "background_false_negative_rate": 0.42331899829112773, "confusion": [[0, 0, 0, 0, 0, 0, 0, 0, 0], [0, 113485740, 17545600, 15393916, 3028976, 6518406, 22365608, 16978352, 1474591], [0, 4927883, 125525588, 361247, 393126, 378935, 974026, 377068, 200343], [0, 2919956, 1269349, 55226493, 12122, 72223, 1131499, 610711, 648262], [0, 262887, 3452, 76212, 37118668, 169049, 546382, 1820188, 637], [0, 849075, 35195, 30116, 20474, 6500347, 121520, 1233241, 0], [0, 4868575, 1875804, 973570, 965799, 867082, 205435412, 2766540, 238503], [0, 670731, 26492, 19599, 484394, 320330, 541490, 55211055, 0], [0, 44258, 40882, 53807, 0, 0, 39398, 0, 4714884]]}, "selection_score": 0.6770229837615647}
iter 15050/20000: loss=0.45571 false_bg=0.1475 grad_norm=2.6295 sec_per_update=0.793 peak_gpu_gb=4.32
iter 15100/20000: loss=0.61290 false_bg=0.1408 grad_norm=5.9048 sec_per_update=0.792 peak_gpu_gb=4.32
iter 15150/20000: loss=0.07274 false_bg=0.0346 grad_norm=2.0831 sec_per_update=0.792 peak_gpu_gb=4.32
iter 15200/20000: loss=0.18244 false_bg=0.1182 grad_norm=5.9329 sec_per_update=0.791 peak_gpu_gb=4.32
iter 15250/20000: loss=0.14660 false_bg=0.0349 grad_norm=0.6422 sec_per_update=0.791 peak_gpu_gb=4.32
iter 15300/20000: loss=0.10776 false_bg=0.0369 grad_norm=1.2005 sec_per_update=0.790 peak_gpu_gb=4.32
iter 15350/20000: loss=0.27466 false_bg=0.0137 grad_norm=4.9698 sec_per_update=0.790 peak_gpu_gb=4.32
iter 15400/20000: loss=0.05961 false_bg=0.0386 grad_norm=0.6424 sec_per_update=0.789 peak_gpu_gb=4.32
iter 15450/20000: loss=0.28182 false_bg=0.2058 grad_norm=4.3727 sec_per_update=0.787 peak_gpu_gb=4.32
iter 15500/20000: loss=0.35681 false_bg=0.1424 grad_norm=1.6576 sec_per_update=0.786 peak_gpu_gb=4.32
iter 15550/20000: loss=0.64299 false_bg=0.1515 grad_norm=9.3772 sec_per_update=0.785 peak_gpu_gb=4.32
iter 15600/20000: loss=0.45839 false_bg=0.2961 grad_norm=30.1334 sec_per_update=0.784 peak_gpu_gb=4.32
iter 15650/20000: loss=0.30004 false_bg=0.1054 grad_norm=1.0789 sec_per_update=0.782 peak_gpu_gb=4.32
iter 15700/20000: loss=0.15620 false_bg=0.1105 grad_norm=4.7184 sec_per_update=0.781 peak_gpu_gb=4.32
iter 15750/20000: loss=0.30269 false_bg=0.1714 grad_norm=4.7214 sec_per_update=0.780 peak_gpu_gb=4.32
iter 15800/20000: loss=0.27843 false_bg=0.2112 grad_norm=3.3304 sec_per_update=0.779 peak_gpu_gb=4.32
iter 15850/20000: loss=0.32684 false_bg=0.1590 grad_norm=3.0306 sec_per_update=0.778 peak_gpu_gb=4.32
iter 15900/20000: loss=0.28571 false_bg=0.2041 grad_norm=13.2566 sec_per_update=0.777 peak_gpu_gb=4.32
iter 15950/20000: loss=0.42170 false_bg=0.0580 grad_norm=6.9392 sec_per_update=0.776 peak_gpu_gb=4.32
iter 16000/20000: loss=0.06719 false_bg=0.0886 grad_norm=1.0616 sec_per_update=0.775 peak_gpu_gb=4.32
{"iter": 16000, "val": {"mIoU": 0.6816393670966593, "per_class_iou": {"1": 0.5636843506710653, "2": 0.8184142065484258, "3": 0.7230711881897534, "4": 0.8325801911918453, "5": 0.3400414468849362, "6": 0.8472838777333714, "7": 0.7025019967887339, "8": 0.625537678765143}, "classes_in_mean": [1, 2, 3, 4, 5, 6, 7, 8], "background_false_positive_rate": 0.03396913041703284, "background_false_negative_rate": 0.3853326685271463, "confusion": [[0, 0, 0, 0, 0, 0, 0, 0, 0], [0, 120961115, 16116536, 10608790, 2514454, 9634342, 21116594, 14419847, 1419511], [0, 5943647, 124536196, 199562, 388885, 572334, 904583, 409863, 183146], [0, 5073433, 861589, 53358282, 17087, 179021, 1026264, 628880, 746059], [0, 521118, 4332, 28812, 37056276, 324356, 330704, 1730727, 1150], [0, 387978, 21015, 16867, 6978, 7296878, 64231, 996021, 0], [0, 4742150, 1963610, 1004346, 1149452, 1456706, 205168931, 2204020, 302070], [0, 1074235, 9316, 13001, 433425, 502063, 683323, 54558728, 0], [0, 56410, 53072, 31961, 0, 0, 32001, 0, 4719785]]}, "selection_score": 0.6816393670966593}
iter 16050/20000: loss=1.05586 false_bg=0.4344 grad_norm=15.0334 sec_per_update=0.781 peak_gpu_gb=4.32
iter 16100/20000: loss=0.33949 false_bg=0.1095 grad_norm=4.8778 sec_per_update=0.779 peak_gpu_gb=4.32
iter 16150/20000: loss=0.51637 false_bg=0.1646 grad_norm=4.4203 sec_per_update=0.778 peak_gpu_gb=4.32
iter 16200/20000: loss=0.26657 false_bg=0.1775 grad_norm=1.3696 sec_per_update=0.777 peak_gpu_gb=4.32
iter 16250/20000: loss=0.41750 false_bg=0.0837 grad_norm=2.1190 sec_per_update=0.776 peak_gpu_gb=4.32
iter 16300/20000: loss=0.09249 false_bg=0.0753 grad_norm=3.0605 sec_per_update=0.775 peak_gpu_gb=4.32
iter 16350/20000: loss=0.15213 false_bg=0.0101 grad_norm=5.0809 sec_per_update=0.774 peak_gpu_gb=4.32
iter 16400/20000: loss=0.62908 false_bg=0.4007 grad_norm=25.4918 sec_per_update=0.773 peak_gpu_gb=4.32
iter 16450/20000: loss=0.37089 false_bg=0.0276 grad_norm=26.5170 sec_per_update=0.772 peak_gpu_gb=4.32
iter 16500/20000: loss=0.35324 false_bg=0.0896 grad_norm=7.6630 sec_per_update=0.770 peak_gpu_gb=4.32
iter 16550/20000: loss=0.36034 false_bg=0.0687 grad_norm=4.7272 sec_per_update=0.769 peak_gpu_gb=4.32
iter 16600/20000: loss=0.69915 false_bg=0.2617 grad_norm=23.0255 sec_per_update=0.768 peak_gpu_gb=4.32
iter 16650/20000: loss=0.35920 false_bg=0.1636 grad_norm=3.6885 sec_per_update=0.767 peak_gpu_gb=4.32
iter 16700/20000: loss=0.07384 false_bg=0.0392 grad_norm=0.7152 sec_per_update=0.766 peak_gpu_gb=4.32
iter 16750/20000: loss=0.16045 false_bg=0.0524 grad_norm=0.6232 sec_per_update=0.765 peak_gpu_gb=4.32
iter 16800/20000: loss=0.22175 false_bg=0.1308 grad_norm=2.3952 sec_per_update=0.764 peak_gpu_gb=4.32
iter 16850/20000: loss=0.26639 false_bg=0.1734 grad_norm=7.4179 sec_per_update=0.763 peak_gpu_gb=4.32
iter 16900/20000: loss=0.40980 false_bg=0.0931 grad_norm=3.5766 sec_per_update=0.762 peak_gpu_gb=4.32
iter 16950/20000: loss=0.06663 false_bg=0.0330 grad_norm=1.1747 sec_per_update=0.761 peak_gpu_gb=4.32
iter 17000/20000: loss=0.18637 false_bg=0.0879 grad_norm=8.1321 sec_per_update=0.760 peak_gpu_gb=4.32
{"iter": 17000, "val": {"mIoU": 0.6822247062438017, "per_class_iou": {"1": 0.5672292042978581, "2": 0.8116929240834301, "3": 0.7024884480613686, "4": 0.8268614944224185, "5": 0.37471926657134347, "6": 0.8531201552505534, "7": 0.7140128908890184, "8": 0.6076732663744235}, "classes_in_mean": [1, 2, 3, 4, 5, 6, 7, 8], "background_false_positive_rate": 0.032401593435932644, "background_false_negative_rate": 0.38383464922304017, "confusion": [[0, 0, 0, 0, 0, 0, 0, 0, 0], [0, 121255912, 18419051, 15001711, 3076961, 6951619, 17112674, 13365396, 1607865], [0, 4710657, 126094805, 366267, 385395, 408844, 786712, 189992, 195544], [0, 2934683, 1430214, 55363371, 15083, 69838, 786167, 492305, 798954], [0, 463558, 3892, 44366, 37555271, 124309, 256937, 1548844, 298], [0, 796716, 42845, 33454, 86036, 6714478, 69540, 1046899, 0], [0, 6672979, 2217952, 1408532, 1366458, 1183722, 202886801, 1953113, 301728], [0, 1361198, 42970, 32850, 491651, 390389, 782418, 54172615, 0], [0, 37830, 52777, 32570, 0, 0, 31648, 0, 4738404]]}, "selection_score": 0.6822247062438017}
iter 17050/20000: loss=0.15917 false_bg=0.0831 grad_norm=0.8170 sec_per_update=0.766 peak_gpu_gb=4.32
iter 17100/20000: loss=0.18097 false_bg=0.0477 grad_norm=2.9954 sec_per_update=0.765 peak_gpu_gb=4.32
iter 17150/20000: loss=0.37689 false_bg=0.0690 grad_norm=23.1948 sec_per_update=0.764 peak_gpu_gb=4.32
iter 17200/20000: loss=0.24812 false_bg=0.1739 grad_norm=3.8525 sec_per_update=0.763 peak_gpu_gb=4.32
iter 17250/20000: loss=0.23352 false_bg=0.1576 grad_norm=3.1593 sec_per_update=0.762 peak_gpu_gb=4.32
iter 17300/20000: loss=0.14392 false_bg=0.0745 grad_norm=3.6733 sec_per_update=0.761 peak_gpu_gb=4.32
iter 17350/20000: loss=0.13641 false_bg=0.0576 grad_norm=1.2842 sec_per_update=0.760 peak_gpu_gb=4.32
iter 17400/20000: loss=0.09080 false_bg=0.0496 grad_norm=4.2237 sec_per_update=0.759 peak_gpu_gb=4.32
iter 17450/20000: loss=0.21707 false_bg=0.1451 grad_norm=1.4490 sec_per_update=0.758 peak_gpu_gb=4.32
iter 17500/20000: loss=0.27291 false_bg=0.0960 grad_norm=1.4284 sec_per_update=0.757 peak_gpu_gb=4.32
iter 17550/20000: loss=0.13465 false_bg=0.1495 grad_norm=1.8921 sec_per_update=0.755 peak_gpu_gb=4.32
iter 17600/20000: loss=0.29413 false_bg=0.0356 grad_norm=5.0157 sec_per_update=0.755 peak_gpu_gb=4.32
iter 17650/20000: loss=0.18071 false_bg=0.0565 grad_norm=1.0503 sec_per_update=0.754 peak_gpu_gb=4.32
iter 17700/20000: loss=0.46128 false_bg=0.5088 grad_norm=24.1432 sec_per_update=0.753 peak_gpu_gb=4.32
iter 17750/20000: loss=0.62701 false_bg=0.0554 grad_norm=5.4374 sec_per_update=0.752 peak_gpu_gb=4.32
iter 17800/20000: loss=0.10468 false_bg=0.0709 grad_norm=2.9330 sec_per_update=0.751 peak_gpu_gb=4.32
iter 17850/20000: loss=0.54394 false_bg=0.2019 grad_norm=6.4797 sec_per_update=0.750 peak_gpu_gb=4.32
iter 17900/20000: loss=0.18563 false_bg=0.0321 grad_norm=2.7562 sec_per_update=0.749 peak_gpu_gb=4.32
iter 17950/20000: loss=0.58406 false_bg=0.1049 grad_norm=4.6977 sec_per_update=0.748 peak_gpu_gb=4.32
iter 18000/20000: loss=0.15126 false_bg=0.0829 grad_norm=1.0238 sec_per_update=0.747 peak_gpu_gb=4.32
{"iter": 18000, "val": {"mIoU": 0.6862502856518883, "per_class_iou": {"1": 0.5706926628756755, "2": 0.8207807972467873, "3": 0.7240736009203494, "4": 0.8339898342489589, "5": 0.35203338683943153, "6": 0.8528950033771842, "7": 0.6898291458314134, "8": 0.6457078538753059}, "classes_in_mean": [1, 2, 3, 4, 5, 6, 7, 8], "background_false_positive_rate": 0.0357418375395054, "background_false_negative_rate": 0.3749968145169345, "confusion": [[0, 0, 0, 0, 0, 0, 0, 0, 0], [0, 122995120, 13014133, 11554510, 2943457, 8724786, 19644563, 16582497, 1332123], [0, 7994795, 122482876, 387545, 357775, 599474, 818635, 315549, 181567], [0, 4290874, 1007035, 54306297, 13970, 156412, 1017127, 495936, 602964], [0, 253789, 3062, 45239, 37112390, 258169, 532516, 1791991, 319], [0, 452894, 6620, 22081, 29673, 6997977, 145435, 1135288, 0], [0, 5210360, 1985501, 1007289, 683697, 937612, 205318795, 2595258, 252773], [0, 468644, 21441, 35112, 473764, 412310, 545000, 55317820, 0], [0, 56469, 51260, 58682, 0, 0, 37058, 0, 4689760]]}, "selection_score": 0.6862502856518883}
iter 18050/20000: loss=0.07394 false_bg=0.0255 grad_norm=6.8887 sec_per_update=0.753 peak_gpu_gb=4.32
iter 18100/20000: loss=0.18868 false_bg=0.0807 grad_norm=2.9066 sec_per_update=0.752 peak_gpu_gb=4.32
iter 18150/20000: loss=0.16701 false_bg=0.0397 grad_norm=5.3635 sec_per_update=0.751 peak_gpu_gb=4.32
iter 18200/20000: loss=0.34245 false_bg=0.3456 grad_norm=32.7094 sec_per_update=0.750 peak_gpu_gb=4.32
iter 18250/20000: loss=0.17293 false_bg=0.0838 grad_norm=0.8376 sec_per_update=0.749 peak_gpu_gb=4.32
iter 18300/20000: loss=0.23664 false_bg=0.2193 grad_norm=7.1160 sec_per_update=0.748 peak_gpu_gb=4.32
iter 18350/20000: loss=0.14102 false_bg=0.1219 grad_norm=5.9634 sec_per_update=0.747 peak_gpu_gb=4.32
iter 18400/20000: loss=0.38263 false_bg=0.1419 grad_norm=1.8591 sec_per_update=0.746 peak_gpu_gb=4.32
iter 18450/20000: loss=0.44435 false_bg=0.2834 grad_norm=6.5531 sec_per_update=0.745 peak_gpu_gb=4.32
iter 18500/20000: loss=1.52791 false_bg=0.1156 grad_norm=37.3287 sec_per_update=0.744 peak_gpu_gb=4.32
iter 18550/20000: loss=0.68676 false_bg=0.3604 grad_norm=28.0573 sec_per_update=0.743 peak_gpu_gb=4.32
iter 18600/20000: loss=0.37538 false_bg=0.3260 grad_norm=11.1566 sec_per_update=0.742 peak_gpu_gb=4.32
iter 18650/20000: loss=0.30305 false_bg=0.0698 grad_norm=2.4578 sec_per_update=0.741 peak_gpu_gb=4.32
iter 18700/20000: loss=0.56143 false_bg=0.1731 grad_norm=6.6004 sec_per_update=0.741 peak_gpu_gb=4.32
iter 18750/20000: loss=0.17220 false_bg=0.0127 grad_norm=4.3530 sec_per_update=0.740 peak_gpu_gb=4.32
iter 18800/20000: loss=0.12742 false_bg=0.0163 grad_norm=0.9242 sec_per_update=0.739 peak_gpu_gb=4.32
iter 18850/20000: loss=0.16931 false_bg=0.0661 grad_norm=1.8473 sec_per_update=0.738 peak_gpu_gb=4.32
iter 18900/20000: loss=0.53471 false_bg=0.1918 grad_norm=18.6407 sec_per_update=0.737 peak_gpu_gb=4.32
iter 18950/20000: loss=0.35927 false_bg=0.2745 grad_norm=2.2945 sec_per_update=0.736 peak_gpu_gb=4.32
iter 19000/20000: loss=0.20816 false_bg=0.1360 grad_norm=1.0995 sec_per_update=0.736 peak_gpu_gb=4.32
{"iter": 19000, "val": {"mIoU": 0.6859836621563713, "per_class_iou": {"1": 0.5730294995429243, "2": 0.8221197044696172, "3": 0.7221415174052448, "4": 0.8223582576474335, "5": 0.3591055101423489, "6": 0.8500297352433092, "7": 0.7163253922591951, "8": 0.6227596805408975}, "classes_in_mean": [1, 2, 3, 4, 5, 6, 7, 8], "background_false_positive_rate": 0.031825208933346595, "background_false_negative_rate": 0.37841336483819915, "confusion": [[0, 0, 0, 0, 0, 0, 0, 0, 0], [0, 122322773, 15230420, 11654517, 3491767, 8398566, 20422452, 13768277, 1502417], [0, 5899092, 124636001, 275530, 384151, 534808, 994514, 196353, 217767], [0, 3989664, 1277280, 54008746, 25344, 169928, 1174055, 530344, 715254], [0, 312676, 3073, 35304, 37788806, 206034, 285311, 1366186, 85], [0, 504694, 32911, 17878, 78817, 7041069, 126192, 988407, 0], [0, 5051292, 1838340, 850119, 1379458, 1069666, 205540568, 2008528, 253314], [0, 871885, 37337, 23111, 594744, 438273, 773323, 54535418, 0], [0, 46307, 45651, 42624, 0, 0, 36842, 0, 4721805]]}, "selection_score": 0.6859836621563713}
iter 19050/20000: loss=0.25272 false_bg=0.0483 grad_norm=4.3625 sec_per_update=0.741 peak_gpu_gb=4.32
iter 19100/20000: loss=0.39808 false_bg=0.1357 grad_norm=10.6437 sec_per_update=0.740 peak_gpu_gb=4.32
iter 19150/20000: loss=0.13604 false_bg=0.0141 grad_norm=3.4002 sec_per_update=0.739 peak_gpu_gb=4.32
iter 19200/20000: loss=0.16079 false_bg=0.1494 grad_norm=3.1787 sec_per_update=0.738 peak_gpu_gb=4.32
iter 19250/20000: loss=0.54103 false_bg=0.1466 grad_norm=6.6292 sec_per_update=0.737 peak_gpu_gb=4.32
iter 19300/20000: loss=0.32661 false_bg=0.0442 grad_norm=62.7130 sec_per_update=0.736 peak_gpu_gb=4.32
iter 19350/20000: loss=0.22053 false_bg=0.1136 grad_norm=6.3645 sec_per_update=0.736 peak_gpu_gb=4.32
iter 19400/20000: loss=0.49911 false_bg=0.2494 grad_norm=7.1624 sec_per_update=0.735 peak_gpu_gb=4.32
iter 19450/20000: loss=0.30644 false_bg=0.1240 grad_norm=4.5554 sec_per_update=0.734 peak_gpu_gb=4.32
iter 19500/20000: loss=0.33136 false_bg=0.1633 grad_norm=6.4785 sec_per_update=0.733 peak_gpu_gb=4.32
iter 19550/20000: loss=0.25923 false_bg=0.1034 grad_norm=2.2715 sec_per_update=0.732 peak_gpu_gb=4.32
iter 19600/20000: loss=0.10974 false_bg=0.0338 grad_norm=2.6769 sec_per_update=0.731 peak_gpu_gb=4.32
iter 19650/20000: loss=0.19637 false_bg=0.1992 grad_norm=23.2185 sec_per_update=0.731 peak_gpu_gb=4.32
iter 19700/20000: loss=0.36725 false_bg=0.2939 grad_norm=6.8497 sec_per_update=0.730 peak_gpu_gb=4.32
iter 19750/20000: loss=0.43425 false_bg=0.1666 grad_norm=3.0102 sec_per_update=0.729 peak_gpu_gb=4.32
iter 19800/20000: loss=0.68909 false_bg=0.2129 grad_norm=14.9890 sec_per_update=0.728 peak_gpu_gb=4.32
iter 19850/20000: loss=0.11641 false_bg=0.0395 grad_norm=0.4417 sec_per_update=0.727 peak_gpu_gb=4.32
iter 19900/20000: loss=0.45760 false_bg=0.2944 grad_norm=24.1625 sec_per_update=0.727 peak_gpu_gb=4.32
iter 19950/20000: loss=0.18172 false_bg=0.0837 grad_norm=1.8223 sec_per_update=0.726 peak_gpu_gb=4.32
iter 20000/20000: loss=0.50807 false_bg=0.1009 grad_norm=2.1519 sec_per_update=0.725 peak_gpu_gb=4.32
{"iter": 20000, "val": {"mIoU": 0.6857616807757644, "per_class_iou": {"1": 0.5688641704471596, "2": 0.8196006165103511, "3": 0.7044315011195662, "4": 0.8298146663425525, "5": 0.36537312955365214, "6": 0.8561912616530493, "7": 0.7149782355856504, "8": 0.6268398649941334}, "classes_in_mean": [1, 2, 3, 4, 5, 6, 7, 8], "background_false_positive_rate": 0.030874167156399113, "background_false_negative_rate": 0.38437215296260036, "confusion": [[0, 0, 0, 0, 0, 0, 0, 0, 0], [0, 121150136, 15866538, 15943605, 3134286, 7671808, 17719139, 13790642, 1515035], [0, 5640147, 124742050, 669418, 407048, 577218, 689975, 210863, 201497], [0, 2587709, 898165, 56521700, 12490, 104798, 734682, 387856, 643215], [0, 402479, 3473, 53218, 37430919, 221201, 428843, 1456995, 347], [0, 620287, 20374, 31741, 71678, 6852774, 121673, 1071441, 0], [0, 5890036, 2191204, 1531306, 917891, 1003354, 204161684, 2038052, 257758], [0, 999839, 31784, 54516, 566697, 387203, 731304, 54502748, 0], [0, 36791, 48826, 62907, 0, 0, 36460, 0, 4708245]]}, "selection_score": 0.6857616807757644}
completed: /root/hyperseg/runs/mask2former_uav/h3_bgfix_loss_20k_seed3407
