Unified stdout/stderr log: /root/autodl-tmp/work_dirs/mathseg_fewshot_20260922/loveda/m2/grid_20260922_133216_241236.log

START adapter_200 K=1 seed=3407
{
  "support_images": {
    "0": 0,
    "1": 7,
    "2": 14,
    "5": 35,
    "10": 70
  },
  "evaluation_images": 1599,
  "protocol_sha256": "8184bef3aae39e2b9f01cd79a90782318f436744d14c43f108c76f56fc527ec5"
}
adapter_1shot_seed3407 step 20/200: loss=0.3006
adapter_1shot_seed3407 step 40/200: loss=0.2695
adapter_1shot_seed3407 step 60/200: loss=0.2697
adapter_1shot_seed3407 step 80/200: loss=0.1667
adapter_1shot_seed3407 step 100/200: loss=0.2427
adapter_1shot_seed3407 step 120/200: loss=0.3812
adapter_1shot_seed3407 step 140/200: loss=0.1228
adapter_1shot_seed3407 step 160/200: loss=0.1230
adapter_1shot_seed3407 step 180/200: loss=0.2603
adapter_1shot_seed3407 step 200/200: loss=0.1185
/root/miniconda3/lib/python3.12/site-packages/torch/nn/modules/conv.py:456: UserWarning: Plan failed with a cudnnException: CUDNN_BACKEND_EXECUTION_PLAN_DESCRIPTOR: cudnnFinalize Descriptor Failed cudnn_status: CUDNN_STATUS_NOT_SUPPORTED (Triggered internally at ../aten/src/ATen/native/cudnn/Conv_v8.cpp:919.)
  return F.conv2d(input, weight, bias, self.stride,
adapter_1shot_seed3407 evaluation 100/1599
adapter_1shot_seed3407 evaluation 200/1599
adapter_1shot_seed3407 evaluation 300/1599
adapter_1shot_seed3407 evaluation 400/1599
adapter_1shot_seed3407 evaluation 500/1599
adapter_1shot_seed3407 evaluation 600/1599
adapter_1shot_seed3407 evaluation 700/1599
adapter_1shot_seed3407 evaluation 800/1599
adapter_1shot_seed3407 evaluation 900/1599
adapter_1shot_seed3407 evaluation 1000/1599
adapter_1shot_seed3407 evaluation 1100/1599
adapter_1shot_seed3407 evaluation 1200/1599
adapter_1shot_seed3407 evaluation 1300/1599
adapter_1shot_seed3407 evaluation 1400/1599
adapter_1shot_seed3407 evaluation 1500/1599
{"signature": "51a47cd02d9d2715e3f383bb344a9c0515e78361fcc570bf7bc825dda9816c71", "mode": "adapter", "shots_per_class": 1, "seed": 3407, "support_images": 7, "evaluation_images": 1599, "metrics": {"mIoU": 0.5332759017532612, "per_class_iou": {"background": 0.5516420962485041, "building": 0.6614447954424364, "road": 0.5516872275010826, "water": 0.7060480996561207, "barren": 0.3709651053233905, "forest": 0.37579579263874374, "agriculture": 0.5153481954625504}, "pixel_accuracy": 0.7044323081826709, "confusion": [[489712479, 31012722, 17951040, 14151385, 10547435, 24616288, 7611382], [13270089, 100734075, 299399, 159738, 353450, 881792, 512816], [16288215, 429219, 54702157, 68344, 1581286, 971574, 313095], [30391383, 108633, 427158, 149514020, 2111139, 3481634, 2150635], [25333417, 558853, 1068371, 1725159, 34339302, 1248333, 3498196], [42359218, 765306, 1389946, 756125, 563737, 67674091, 2593795], [164490822, 3207910, 3664489, 6716452, 9638794, 32780249, 252200818]]}}
DONE adapter_200 K=1 seed=3407

START adapter_200 K=2 seed=3407
{
  "support_images": {
    "0": 0,
    "1": 7,
    "2": 14,
    "5": 35,
    "10": 70
  },
  "evaluation_images": 1599,
  "protocol_sha256": "8184bef3aae39e2b9f01cd79a90782318f436744d14c43f108c76f56fc527ec5"
}
adapter_2shot_seed3407 step 20/200: loss=1.8868
adapter_2shot_seed3407 step 40/200: loss=0.3618
adapter_2shot_seed3407 step 60/200: loss=0.3735
adapter_2shot_seed3407 step 80/200: loss=0.3170
adapter_2shot_seed3407 step 100/200: loss=0.2721
adapter_2shot_seed3407 step 120/200: loss=0.2765
adapter_2shot_seed3407 step 140/200: loss=0.2996
adapter_2shot_seed3407 step 160/200: loss=0.3221
adapter_2shot_seed3407 step 180/200: loss=0.3024
adapter_2shot_seed3407 step 200/200: loss=0.1872
/root/miniconda3/lib/python3.12/site-packages/torch/nn/modules/conv.py:456: UserWarning: Plan failed with a cudnnException: CUDNN_BACKEND_EXECUTION_PLAN_DESCRIPTOR: cudnnFinalize Descriptor Failed cudnn_status: CUDNN_STATUS_NOT_SUPPORTED (Triggered internally at ../aten/src/ATen/native/cudnn/Conv_v8.cpp:919.)
  return F.conv2d(input, weight, bias, self.stride,
adapter_2shot_seed3407 evaluation 100/1599
adapter_2shot_seed3407 evaluation 200/1599
adapter_2shot_seed3407 evaluation 300/1599
adapter_2shot_seed3407 evaluation 400/1599
adapter_2shot_seed3407 evaluation 500/1599
adapter_2shot_seed3407 evaluation 600/1599
adapter_2shot_seed3407 evaluation 700/1599
adapter_2shot_seed3407 evaluation 800/1599
adapter_2shot_seed3407 evaluation 900/1599
adapter_2shot_seed3407 evaluation 1000/1599
adapter_2shot_seed3407 evaluation 1100/1599
adapter_2shot_seed3407 evaluation 1200/1599
adapter_2shot_seed3407 evaluation 1300/1599
adapter_2shot_seed3407 evaluation 1400/1599
adapter_2shot_seed3407 evaluation 1500/1599
{"signature": "e9d083b5bc67ef29b14d9b4f74ff5182c1fc3991e8ca3491c6f7716189eebc63", "mode": "adapter", "shots_per_class": 2, "seed": 3407, "support_images": 14, "evaluation_images": 1599, "metrics": {"mIoU": 0.522721318598722, "per_class_iou": {"background": 0.5277951071983752, "building": 0.5936955063456368, "road": 0.527622932151441, "water": 0.7088589029943007, "barren": 0.38521832152031943, "forest": 0.37288623314605446, "agriculture": 0.5429722268349266}, "pixel_accuracy": 0.698234691480922, "confusion": [[442283027, 53735604, 26486355, 20235515, 16776613, 21211052, 14874565], [5760621, 107510553, 751574, 173370, 427153, 1017351, 570737], [12389501, 919206, 57117037, 101806, 1804937, 1419000, 602403], [23236683, 183224, 486179, 155567331, 2342203, 2510126, 3858856], [16794828, 918983, 1306829, 2258526, 39827260, 922645, 5742560], [43979722, 880659, 895857, 1064482, 1302910, 63374520, 4604068], [140218345, 8237990, 3972831, 7443330, 12963353, 26774325, 273089360]]}}
DONE adapter_200 K=2 seed=3407

START adapter_200 K=5 seed=3407
{
  "support_images": {
    "0": 0,
    "1": 7,
    "2": 14,
    "5": 35,
    "10": 70
  },
  "evaluation_images": 1599,
  "protocol_sha256": "8184bef3aae39e2b9f01cd79a90782318f436744d14c43f108c76f56fc527ec5"
}
adapter_5shot_seed3407 step 20/200: loss=0.1572
adapter_5shot_seed3407 step 40/200: loss=2.0156
adapter_5shot_seed3407 step 60/200: loss=0.9087
adapter_5shot_seed3407 step 80/200: loss=0.3863
adapter_5shot_seed3407 step 100/200: loss=0.0374
adapter_5shot_seed3407 step 120/200: loss=0.6272
adapter_5shot_seed3407 step 140/200: loss=0.0960
adapter_5shot_seed3407 step 160/200: loss=0.5400
adapter_5shot_seed3407 step 180/200: loss=0.5353
adapter_5shot_seed3407 step 200/200: loss=0.4258
/root/miniconda3/lib/python3.12/site-packages/torch/nn/modules/conv.py:456: UserWarning: Plan failed with a cudnnException: CUDNN_BACKEND_EXECUTION_PLAN_DESCRIPTOR: cudnnFinalize Descriptor Failed cudnn_status: CUDNN_STATUS_NOT_SUPPORTED (Triggered internally at ../aten/src/ATen/native/cudnn/Conv_v8.cpp:919.)
  return F.conv2d(input, weight, bias, self.stride,
adapter_5shot_seed3407 evaluation 100/1599
adapter_5shot_seed3407 evaluation 200/1599
adapter_5shot_seed3407 evaluation 300/1599
adapter_5shot_seed3407 evaluation 400/1599
adapter_5shot_seed3407 evaluation 500/1599
adapter_5shot_seed3407 evaluation 600/1599
adapter_5shot_seed3407 evaluation 700/1599
adapter_5shot_seed3407 evaluation 800/1599
adapter_5shot_seed3407 evaluation 900/1599
adapter_5shot_seed3407 evaluation 1000/1599
adapter_5shot_seed3407 evaluation 1100/1599
adapter_5shot_seed3407 evaluation 1200/1599
adapter_5shot_seed3407 evaluation 1300/1599
adapter_5shot_seed3407 evaluation 1400/1599
adapter_5shot_seed3407 evaluation 1500/1599
{"signature": "ab11fff7ef624774c4e06b9fa4389cdac8fc1defaef5ba8237eff6bb014b492c", "mode": "adapter", "shots_per_class": 5, "seed": 3407, "support_images": 35, "evaluation_images": 1599, "metrics": {"mIoU": 0.5340832911829311, "per_class_iou": {"background": 0.5278499461212224, "building": 0.6381700782843188, "road": 0.5255009831308022, "water": 0.7062266178948793, "barren": 0.3766030754898627, "forest": 0.3981100720627291, "agriculture": 0.5661222652967036}, "pixel_accuracy": 0.7072910982810922, "confusion": [[434836055, 41346011, 34064470, 24254321, 19633168, 20751272, 20717434], [8103704, 104869249, 1090563, 165782, 474600, 848431, 659030], [8370488, 624348, 61345547, 79196, 1912611, 1380347, 641353], [19330188, 142436, 599680, 156272362, 2865247, 2258673, 6716016], [14769009, 759050, 1340542, 1849811, 39976337, 713179, 8363703], [40861943, 498375, 1212175, 841286, 1305070, 62738136, 8645233], [136749186, 4746478, 4075944, 5902929, 12187462, 15535804, 293501731]]}}
DONE adapter_200 K=5 seed=3407

START adapter_200 K=10 seed=3407
{
  "support_images": {
    "0": 0,
    "1": 7,
    "2": 14,
    "5": 35,
    "10": 70
  },
  "evaluation_images": 1599,
  "protocol_sha256": "8184bef3aae39e2b9f01cd79a90782318f436744d14c43f108c76f56fc527ec5"
}
adapter_10shot_seed3407 step 20/200: loss=0.5741
adapter_10shot_seed3407 step 40/200: loss=0.6247
adapter_10shot_seed3407 step 60/200: loss=1.0332
adapter_10shot_seed3407 step 80/200: loss=0.3266
adapter_10shot_seed3407 step 100/200: loss=0.1535
adapter_10shot_seed3407 step 120/200: loss=0.3007
adapter_10shot_seed3407 step 140/200: loss=0.0761
adapter_10shot_seed3407 step 160/200: loss=0.7949
adapter_10shot_seed3407 step 180/200: loss=0.5992
adapter_10shot_seed3407 step 200/200: loss=0.4994
/root/miniconda3/lib/python3.12/site-packages/torch/nn/modules/conv.py:456: UserWarning: Plan failed with a cudnnException: CUDNN_BACKEND_EXECUTION_PLAN_DESCRIPTOR: cudnnFinalize Descriptor Failed cudnn_status: CUDNN_STATUS_NOT_SUPPORTED (Triggered internally at ../aten/src/ATen/native/cudnn/Conv_v8.cpp:919.)
  return F.conv2d(input, weight, bias, self.stride,
adapter_10shot_seed3407 evaluation 100/1599
adapter_10shot_seed3407 evaluation 200/1599
adapter_10shot_seed3407 evaluation 300/1599
adapter_10shot_seed3407 evaluation 400/1599
adapter_10shot_seed3407 evaluation 500/1599
adapter_10shot_seed3407 evaluation 600/1599
adapter_10shot_seed3407 evaluation 700/1599
adapter_10shot_seed3407 evaluation 800/1599
adapter_10shot_seed3407 evaluation 900/1599
adapter_10shot_seed3407 evaluation 1000/1599
adapter_10shot_seed3407 evaluation 1100/1599
adapter_10shot_seed3407 evaluation 1200/1599
adapter_10shot_seed3407 evaluation 1300/1599
adapter_10shot_seed3407 evaluation 1400/1599
adapter_10shot_seed3407 evaluation 1500/1599
{"signature": "a554ebfd1f10baa5375a65745528e90e8415f29f490bd36ff08d2514666afb47", "mode": "adapter", "shots_per_class": 10, "seed": 3407, "support_images": 70, "evaluation_images": 1599, "metrics": {"mIoU": 0.5445529283374909, "per_class_iou": {"background": 0.5416121165877658, "building": 0.6557226244485603, "road": 0.5357012987543122, "water": 0.6986525094259446, "barren": 0.3926173723374954, "forest": 0.42020222868874824, "agriculture": 0.5673623481196108}, "pixel_accuracy": 0.7148207619589894, "confusion": [[442778021, 32900328, 26529411, 28072103, 21965122, 22000767, 21356979], [11371626, 101734777, 932168, 173738, 603097, 613598, 782355], [11771559, 463783, 57742943, 111899, 2332316, 1171470, 759920], [16797045, 110646, 472313, 160112884, 2958817, 2221608, 5511289], [12546389, 544761, 973937, 2607924, 44418459, 410233, 6269928], [36229482, 559657, 995071, 1143829, 1722557, 65541999, 9909623], [133199845, 4358569, 3532650, 8879753, 15780677, 13457382, 293490658]]}}
DONE adapter_200 K=10 seed=3407

START adapter_2000 K=1 seed=3407
{
  "support_images": {
    "0": 0,
    "1": 7,
    "2": 14,
    "5": 35,
    "10": 70
  },
  "evaluation_images": 1599,
  "protocol_sha256": "8184bef3aae39e2b9f01cd79a90782318f436744d14c43f108c76f56fc527ec5"
}
adapter_1shot_seed3407 step 20/2000: loss=0.2966
adapter_1shot_seed3407 step 40/2000: loss=0.2669
adapter_1shot_seed3407 step 60/2000: loss=0.2688
adapter_1shot_seed3407 step 80/2000: loss=0.1680
adapter_1shot_seed3407 step 100/2000: loss=0.2294
adapter_1shot_seed3407 step 120/2000: loss=0.2049
adapter_1shot_seed3407 step 140/2000: loss=0.1195
adapter_1shot_seed3407 step 160/2000: loss=0.1220
adapter_1shot_seed3407 step 180/2000: loss=0.2064
adapter_1shot_seed3407 step 200/2000: loss=0.0242
adapter_1shot_seed3407 step 220/2000: loss=0.0941
adapter_1shot_seed3407 step 240/2000: loss=0.1390
adapter_1shot_seed3407 step 260/2000: loss=0.1439
adapter_1shot_seed3407 step 280/2000: loss=0.0996
adapter_1shot_seed3407 step 300/2000: loss=0.1996
adapter_1shot_seed3407 step 320/2000: loss=0.2090
adapter_1shot_seed3407 step 340/2000: loss=0.1689
adapter_1shot_seed3407 step 360/2000: loss=0.2387
adapter_1shot_seed3407 step 380/2000: loss=0.1158
adapter_1shot_seed3407 step 400/2000: loss=0.0920
adapter_1shot_seed3407 step 420/2000: loss=0.1684
adapter_1shot_seed3407 step 440/2000: loss=0.1198
adapter_1shot_seed3407 step 460/2000: loss=0.0966
adapter_1shot_seed3407 step 480/2000: loss=0.0010
adapter_1shot_seed3407 step 500/2000: loss=0.0888
adapter_1shot_seed3407 step 520/2000: loss=0.0765
adapter_1shot_seed3407 step 540/2000: loss=0.1658
adapter_1shot_seed3407 step 560/2000: loss=0.1143
adapter_1shot_seed3407 step 580/2000: loss=0.1818
adapter_1shot_seed3407 step 600/2000: loss=0.1046
adapter_1shot_seed3407 step 620/2000: loss=0.0713
adapter_1shot_seed3407 step 640/2000: loss=0.2207
adapter_1shot_seed3407 step 660/2000: loss=0.1239
adapter_1shot_seed3407 step 680/2000: loss=0.0889
adapter_1shot_seed3407 step 700/2000: loss=0.0611
adapter_1shot_seed3407 step 720/2000: loss=0.0733
adapter_1shot_seed3407 step 740/2000: loss=0.1568
adapter_1shot_seed3407 step 760/2000: loss=0.0537
adapter_1shot_seed3407 step 780/2000: loss=0.0331
adapter_1shot_seed3407 step 800/2000: loss=0.0002
adapter_1shot_seed3407 step 820/2000: loss=0.1725
adapter_1shot_seed3407 step 840/2000: loss=0.1457
adapter_1shot_seed3407 step 860/2000: loss=0.1671
adapter_1shot_seed3407 step 880/2000: loss=0.1462
adapter_1shot_seed3407 step 900/2000: loss=0.2584
adapter_1shot_seed3407 step 920/2000: loss=0.1969
adapter_1shot_seed3407 step 940/2000: loss=0.1922
adapter_1shot_seed3407 step 960/2000: loss=0.0928
adapter_1shot_seed3407 step 980/2000: loss=0.0296
adapter_1shot_seed3407 step 1000/2000: loss=0.1045
adapter_1shot_seed3407 step 1020/2000: loss=0.0494
adapter_1shot_seed3407 step 1040/2000: loss=0.0684
adapter_1shot_seed3407 step 1060/2000: loss=0.1657
adapter_1shot_seed3407 step 1080/2000: loss=0.0638
adapter_1shot_seed3407 step 1100/2000: loss=0.0534
adapter_1shot_seed3407 step 1120/2000: loss=0.1711
adapter_1shot_seed3407 step 1140/2000: loss=0.0666
adapter_1shot_seed3407 step 1160/2000: loss=0.0002
adapter_1shot_seed3407 step 1180/2000: loss=0.0815
adapter_1shot_seed3407 step 1200/2000: loss=0.0021
adapter_1shot_seed3407 step 1220/2000: loss=0.0752
adapter_1shot_seed3407 step 1240/2000: loss=0.0149
adapter_1shot_seed3407 step 1260/2000: loss=0.1060
adapter_1shot_seed3407 step 1280/2000: loss=0.0664
adapter_1shot_seed3407 step 1300/2000: loss=0.1146
adapter_1shot_seed3407 step 1320/2000: loss=0.1204
adapter_1shot_seed3407 step 1340/2000: loss=0.0718
adapter_1shot_seed3407 step 1360/2000: loss=0.1066
adapter_1shot_seed3407 step 1380/2000: loss=0.1391
adapter_1shot_seed3407 step 1400/2000: loss=0.0935
adapter_1shot_seed3407 step 1420/2000: loss=0.0488
adapter_1shot_seed3407 step 1440/2000: loss=0.1003
adapter_1shot_seed3407 step 1460/2000: loss=0.0283
adapter_1shot_seed3407 step 1480/2000: loss=0.0614
adapter_1shot_seed3407 step 1500/2000: loss=0.1665
adapter_1shot_seed3407 step 1520/2000: loss=0.0894
adapter_1shot_seed3407 step 1540/2000: loss=0.1027
adapter_1shot_seed3407 step 1560/2000: loss=0.0481
adapter_1shot_seed3407 step 1580/2000: loss=0.1017
adapter_1shot_seed3407 step 1600/2000: loss=0.1032
adapter_1shot_seed3407 step 1620/2000: loss=0.0869
adapter_1shot_seed3407 step 1640/2000: loss=0.1516
adapter_1shot_seed3407 step 1660/2000: loss=0.1038
adapter_1shot_seed3407 step 1680/2000: loss=0.0452
adapter_1shot_seed3407 step 1700/2000: loss=0.0127
adapter_1shot_seed3407 step 1720/2000: loss=0.0798
adapter_1shot_seed3407 step 1740/2000: loss=0.0978
adapter_1shot_seed3407 step 1760/2000: loss=0.0816
adapter_1shot_seed3407 step 1780/2000: loss=0.2256
adapter_1shot_seed3407 step 1800/2000: loss=0.0005
adapter_1shot_seed3407 step 1820/2000: loss=0.0188
adapter_1shot_seed3407 step 1840/2000: loss=0.0009
adapter_1shot_seed3407 step 1860/2000: loss=0.0003
adapter_1shot_seed3407 step 1880/2000: loss=0.0773
adapter_1shot_seed3407 step 1900/2000: loss=0.0994
adapter_1shot_seed3407 step 1920/2000: loss=0.0054
adapter_1shot_seed3407 step 1940/2000: loss=0.0554
adapter_1shot_seed3407 step 1960/2000: loss=0.2453
adapter_1shot_seed3407 step 1980/2000: loss=0.0824
adapter_1shot_seed3407 step 2000/2000: loss=0.0018
/root/miniconda3/lib/python3.12/site-packages/torch/nn/modules/conv.py:456: UserWarning: Plan failed with a cudnnException: CUDNN_BACKEND_EXECUTION_PLAN_DESCRIPTOR: cudnnFinalize Descriptor Failed cudnn_status: CUDNN_STATUS_NOT_SUPPORTED (Triggered internally at ../aten/src/ATen/native/cudnn/Conv_v8.cpp:919.)
  return F.conv2d(input, weight, bias, self.stride,
adapter_1shot_seed3407 evaluation 100/1599
adapter_1shot_seed3407 evaluation 200/1599
adapter_1shot_seed3407 evaluation 300/1599
adapter_1shot_seed3407 evaluation 400/1599
adapter_1shot_seed3407 evaluation 500/1599
adapter_1shot_seed3407 evaluation 600/1599
adapter_1shot_seed3407 evaluation 700/1599
adapter_1shot_seed3407 evaluation 800/1599
adapter_1shot_seed3407 evaluation 900/1599
adapter_1shot_seed3407 evaluation 1000/1599
adapter_1shot_seed3407 evaluation 1100/1599
adapter_1shot_seed3407 evaluation 1200/1599
adapter_1shot_seed3407 evaluation 1300/1599
adapter_1shot_seed3407 evaluation 1400/1599
adapter_1shot_seed3407 evaluation 1500/1599
{"signature": "9b4045c9ab852343a1420c7922ebb95b2bd59e8ef7f600b13db6102b383b1673", "mode": "adapter", "shots_per_class": 1, "seed": 3407, "support_images": 7, "evaluation_images": 1599, "metrics": {"mIoU": 0.5020119682959837, "per_class_iou": {"background": 0.5494207858674452, "building": 0.6332025802563498, "road": 0.5236433608199824, "water": 0.6817091071552424, "barren": 0.3537242319024472, "forest": 0.30778951879337035, "agriculture": 0.46459419327704854}, "pixel_accuracy": 0.6826155759927459, "confusion": [[514282207, 24847748, 15470461, 10373059, 5422017, 16625770, 8581469], [22162003, 92065085, 292302, 157680, 244591, 654606, 635092], [21050295, 300250, 50054330, 291071, 1332435, 950902, 374607], [40660362, 85218, 259741, 140809807, 1401015, 3100516, 1867943], [30244421, 559120, 861733, 1275133, 31503754, 1053871, 2273599], [52073144, 1695382, 1594259, 436970, 803179, 57794790, 1704494], [174251366, 1696864, 2756203, 5835579, 12088168, 49285860, 226785494]]}}
DONE adapter_2000 K=1 seed=3407

START adapter_2000 K=2 seed=3407
{
  "support_images": {
    "0": 0,
    "1": 7,
    "2": 14,
    "5": 35,
    "10": 70
  },
  "evaluation_images": 1599,
  "protocol_sha256": "8184bef3aae39e2b9f01cd79a90782318f436744d14c43f108c76f56fc527ec5"
}
adapter_2shot_seed3407 step 20/2000: loss=1.8743
adapter_2shot_seed3407 step 40/2000: loss=0.3609
adapter_2shot_seed3407 step 60/2000: loss=0.3632
adapter_2shot_seed3407 step 80/2000: loss=0.3108
adapter_2shot_seed3407 step 100/2000: loss=0.2394
adapter_2shot_seed3407 step 120/2000: loss=0.2615
adapter_2shot_seed3407 step 140/2000: loss=0.2686
adapter_2shot_seed3407 step 160/2000: loss=0.2912
adapter_2shot_seed3407 step 180/2000: loss=0.2890
adapter_2shot_seed3407 step 200/2000: loss=0.1811
adapter_2shot_seed3407 step 220/2000: loss=0.1969
adapter_2shot_seed3407 step 240/2000: loss=0.1516
adapter_2shot_seed3407 step 260/2000: loss=0.1845
adapter_2shot_seed3407 step 280/2000: loss=0.1606
adapter_2shot_seed3407 step 300/2000: loss=0.2074
adapter_2shot_seed3407 step 320/2000: loss=0.2785
adapter_2shot_seed3407 step 340/2000: loss=0.1524
adapter_2shot_seed3407 step 360/2000: loss=0.3426
adapter_2shot_seed3407 step 380/2000: loss=0.1819
adapter_2shot_seed3407 step 400/2000: loss=0.1145
adapter_2shot_seed3407 step 420/2000: loss=0.2482
adapter_2shot_seed3407 step 440/2000: loss=0.0994
adapter_2shot_seed3407 step 460/2000: loss=0.2379
adapter_2shot_seed3407 step 480/2000: loss=0.1736
adapter_2shot_seed3407 step 500/2000: loss=0.3481
adapter_2shot_seed3407 step 520/2000: loss=0.2267
adapter_2shot_seed3407 step 540/2000: loss=0.1948
adapter_2shot_seed3407 step 560/2000: loss=0.1160
adapter_2shot_seed3407 step 580/2000: loss=0.2075
adapter_2shot_seed3407 step 600/2000: loss=0.1565
adapter_2shot_seed3407 step 620/2000: loss=0.1961
adapter_2shot_seed3407 step 640/2000: loss=0.0881
adapter_2shot_seed3407 step 660/2000: loss=0.1446
adapter_2shot_seed3407 step 680/2000: loss=0.1581
adapter_2shot_seed3407 step 700/2000: loss=0.2784
adapter_2shot_seed3407 step 720/2000: loss=0.1551
adapter_2shot_seed3407 step 740/2000: loss=0.2107
adapter_2shot_seed3407 step 760/2000: loss=0.0040
adapter_2shot_seed3407 step 780/2000: loss=0.1675
adapter_2shot_seed3407 step 800/2000: loss=0.1938
adapter_2shot_seed3407 step 820/2000: loss=0.2466
adapter_2shot_seed3407 step 840/2000: loss=0.0963
adapter_2shot_seed3407 step 860/2000: loss=0.2011
adapter_2shot_seed3407 step 880/2000: loss=0.2532
adapter_2shot_seed3407 step 900/2000: loss=0.1496
adapter_2shot_seed3407 step 920/2000: loss=0.1922
adapter_2shot_seed3407 step 940/2000: loss=0.2673
adapter_2shot_seed3407 step 960/2000: loss=0.1913
adapter_2shot_seed3407 step 980/2000: loss=0.0003
adapter_2shot_seed3407 step 1000/2000: loss=0.0676
adapter_2shot_seed3407 step 1020/2000: loss=0.0712
adapter_2shot_seed3407 step 1040/2000: loss=0.2069
adapter_2shot_seed3407 step 1060/2000: loss=0.2176
adapter_2shot_seed3407 step 1080/2000: loss=0.1265
adapter_2shot_seed3407 step 1100/2000: loss=0.1487
adapter_2shot_seed3407 step 1120/2000: loss=0.0674
adapter_2shot_seed3407 step 1140/2000: loss=0.0946
adapter_2shot_seed3407 step 1160/2000: loss=0.1230
adapter_2shot_seed3407 step 1180/2000: loss=0.1857
adapter_2shot_seed3407 step 1200/2000: loss=0.0015
adapter_2shot_seed3407 step 1220/2000: loss=0.1831
adapter_2shot_seed3407 step 1240/2000: loss=0.1491
adapter_2shot_seed3407 step 1260/2000: loss=0.0710
adapter_2shot_seed3407 step 1280/2000: loss=0.1233
adapter_2shot_seed3407 step 1300/2000: loss=0.2256
adapter_2shot_seed3407 step 1320/2000: loss=0.0015
adapter_2shot_seed3407 step 1340/2000: loss=0.1456
adapter_2shot_seed3407 step 1360/2000: loss=0.1739
adapter_2shot_seed3407 step 1380/2000: loss=0.2795
adapter_2shot_seed3407 step 1400/2000: loss=0.1259
adapter_2shot_seed3407 step 1420/2000: loss=0.1144
adapter_2shot_seed3407 step 1440/2000: loss=0.1700
adapter_2shot_seed3407 step 1460/2000: loss=0.1271
adapter_2shot_seed3407 step 1480/2000: loss=0.1000
adapter_2shot_seed3407 step 1500/2000: loss=0.1612
adapter_2shot_seed3407 step 1520/2000: loss=0.3940
adapter_2shot_seed3407 step 1540/2000: loss=0.1867
adapter_2shot_seed3407 step 1560/2000: loss=0.2348
adapter_2shot_seed3407 step 1580/2000: loss=0.1514
adapter_2shot_seed3407 step 1600/2000: loss=0.1889
adapter_2shot_seed3407 step 1620/2000: loss=0.1876
adapter_2shot_seed3407 step 1640/2000: loss=0.2339
adapter_2shot_seed3407 step 1660/2000: loss=0.1190
adapter_2shot_seed3407 step 1680/2000: loss=0.1374
adapter_2shot_seed3407 step 1700/2000: loss=0.1242
adapter_2shot_seed3407 step 1720/2000: loss=0.1568
adapter_2shot_seed3407 step 1740/2000: loss=0.1218
adapter_2shot_seed3407 step 1760/2000: loss=0.1612
adapter_2shot_seed3407 step 1780/2000: loss=0.2132
adapter_2shot_seed3407 step 1800/2000: loss=0.0800
adapter_2shot_seed3407 step 1820/2000: loss=0.1131
adapter_2shot_seed3407 step 1840/2000: loss=0.1289
adapter_2shot_seed3407 step 1860/2000: loss=0.1547
adapter_2shot_seed3407 step 1880/2000: loss=0.1883
adapter_2shot_seed3407 step 1900/2000: loss=0.1216
adapter_2shot_seed3407 step 1920/2000: loss=0.0993
adapter_2shot_seed3407 step 1940/2000: loss=0.0989
adapter_2shot_seed3407 step 1960/2000: loss=0.1487
adapter_2shot_seed3407 step 1980/2000: loss=0.1460
adapter_2shot_seed3407 step 2000/2000: loss=0.0944
/root/miniconda3/lib/python3.12/site-packages/torch/nn/modules/conv.py:456: UserWarning: Plan failed with a cudnnException: CUDNN_BACKEND_EXECUTION_PLAN_DESCRIPTOR: cudnnFinalize Descriptor Failed cudnn_status: CUDNN_STATUS_NOT_SUPPORTED (Triggered internally at ../aten/src/ATen/native/cudnn/Conv_v8.cpp:919.)
  return F.conv2d(input, weight, bias, self.stride,
adapter_2shot_seed3407 evaluation 100/1599
adapter_2shot_seed3407 evaluation 200/1599
adapter_2shot_seed3407 evaluation 300/1599
adapter_2shot_seed3407 evaluation 400/1599
adapter_2shot_seed3407 evaluation 500/1599
adapter_2shot_seed3407 evaluation 600/1599
adapter_2shot_seed3407 evaluation 700/1599
adapter_2shot_seed3407 evaluation 800/1599
adapter_2shot_seed3407 evaluation 900/1599
adapter_2shot_seed3407 evaluation 1000/1599
adapter_2shot_seed3407 evaluation 1100/1599
adapter_2shot_seed3407 evaluation 1200/1599
adapter_2shot_seed3407 evaluation 1300/1599
adapter_2shot_seed3407 evaluation 1400/1599
adapter_2shot_seed3407 evaluation 1500/1599
{"signature": "c1fc392d7057a88de6f9165fe3fe7112dae5eb362daa658c9ed09a38523cecea", "mode": "adapter", "shots_per_class": 2, "seed": 3407, "support_images": 14, "evaluation_images": 1599, "metrics": {"mIoU": 0.5252429793797936, "per_class_iou": {"background": 0.5513329736771013, "building": 0.6223804658291077, "road": 0.5393443427816385, "water": 0.667543800528706, "barren": 0.4134951019077482, "forest": 0.3362472339568247, "agriculture": 0.5463569369774287}, "pixel_accuracy": 0.7043984415319551, "confusion": [[492842617, 36137722, 17568829, 8480696, 9770955, 15056067, 15745845], [15642911, 98628554, 412758, 144780, 261135, 510299, 610922], [17884501, 553911, 52718579, 69510, 1562006, 1008024, 557359], [42813186, 130860, 364564, 135673363, 2314449, 1843587, 5044593], [18317176, 940752, 1088661, 1115437, 38724463, 660287, 6924855], [52989287, 1517718, 1179111, 998133, 1277995, 53843088, 4296886], [150661221, 2977552, 2777866, 4249480, 10693393, 24948978, 276391044]]}}
DONE adapter_2000 K=2 seed=3407

START adapter_2000 K=5 seed=3407
{
  "support_images": {
    "0": 0,
    "1": 7,
    "2": 14,
    "5": 35,
    "10": 70
  },
  "evaluation_images": 1599,
  "protocol_sha256": "8184bef3aae39e2b9f01cd79a90782318f436744d14c43f108c76f56fc527ec5"
}
adapter_5shot_seed3407 step 20/2000: loss=0.1564
adapter_5shot_seed3407 step 40/2000: loss=1.9760
adapter_5shot_seed3407 step 60/2000: loss=0.8915
adapter_5shot_seed3407 step 80/2000: loss=0.3922
adapter_5shot_seed3407 step 100/2000: loss=0.0341
adapter_5shot_seed3407 step 120/2000: loss=0.6209
adapter_5shot_seed3407 step 140/2000: loss=0.0952
adapter_5shot_seed3407 step 160/2000: loss=0.4972
adapter_5shot_seed3407 step 180/2000: loss=0.4542
adapter_5shot_seed3407 step 200/2000: loss=0.4412
adapter_5shot_seed3407 step 220/2000: loss=0.4255
adapter_5shot_seed3407 step 240/2000: loss=0.4924
adapter_5shot_seed3407 step 260/2000: loss=0.1589
adapter_5shot_seed3407 step 280/2000: loss=0.4228
adapter_5shot_seed3407 step 300/2000: loss=0.4639
adapter_5shot_seed3407 step 320/2000: loss=0.3982
adapter_5shot_seed3407 step 340/2000: loss=0.4464
adapter_5shot_seed3407 step 360/2000: loss=0.0845
adapter_5shot_seed3407 step 380/2000: loss=0.3775
adapter_5shot_seed3407 step 400/2000: loss=0.1438
adapter_5shot_seed3407 step 420/2000: loss=0.0011
adapter_5shot_seed3407 step 440/2000: loss=0.1119
adapter_5shot_seed3407 step 460/2000: loss=0.4097
adapter_5shot_seed3407 step 480/2000: loss=0.1995
adapter_5shot_seed3407 step 500/2000: loss=0.3843
adapter_5shot_seed3407 step 520/2000: loss=0.4970
adapter_5shot_seed3407 step 540/2000: loss=0.3718
adapter_5shot_seed3407 step 560/2000: loss=0.0207
adapter_5shot_seed3407 step 580/2000: loss=0.3137
adapter_5shot_seed3407 step 600/2000: loss=0.1076
adapter_5shot_seed3407 step 620/2000: loss=0.4369
adapter_5shot_seed3407 step 640/2000: loss=0.3254
adapter_5shot_seed3407 step 660/2000: loss=0.3625
adapter_5shot_seed3407 step 680/2000: loss=0.2017
adapter_5shot_seed3407 step 700/2000: loss=0.1546
adapter_5shot_seed3407 step 720/2000: loss=0.1437
adapter_5shot_seed3407 step 740/2000: loss=0.0144
adapter_5shot_seed3407 step 760/2000: loss=0.3908
adapter_5shot_seed3407 step 780/2000: loss=0.2749
adapter_5shot_seed3407 step 800/2000: loss=0.1951
adapter_5shot_seed3407 step 820/2000: loss=0.2788
adapter_5shot_seed3407 step 840/2000: loss=0.5036
adapter_5shot_seed3407 step 860/2000: loss=0.1114
adapter_5shot_seed3407 step 880/2000: loss=0.2244
adapter_5shot_seed3407 step 900/2000: loss=0.2863
adapter_5shot_seed3407 step 920/2000: loss=0.0457
adapter_5shot_seed3407 step 940/2000: loss=0.2863
adapter_5shot_seed3407 step 960/2000: loss=0.1915
adapter_5shot_seed3407 step 980/2000: loss=0.2207
adapter_5shot_seed3407 step 1000/2000: loss=0.2005
adapter_5shot_seed3407 step 1020/2000: loss=0.2776
adapter_5shot_seed3407 step 1040/2000: loss=0.2415
adapter_5shot_seed3407 step 1060/2000: loss=0.0871
adapter_5shot_seed3407 step 1080/2000: loss=0.1241
adapter_5shot_seed3407 step 1100/2000: loss=0.1833
adapter_5shot_seed3407 step 1120/2000: loss=0.2907
adapter_5shot_seed3407 step 1140/2000: loss=0.1251
adapter_5shot_seed3407 step 1160/2000: loss=0.1691
adapter_5shot_seed3407 step 1180/2000: loss=0.1071
adapter_5shot_seed3407 step 1200/2000: loss=0.3231
adapter_5shot_seed3407 step 1220/2000: loss=0.3381
adapter_5shot_seed3407 step 1240/2000: loss=0.3894
adapter_5shot_seed3407 step 1260/2000: loss=0.2592
adapter_5shot_seed3407 step 1280/2000: loss=0.0580
adapter_5shot_seed3407 step 1300/2000: loss=0.0009
adapter_5shot_seed3407 step 1320/2000: loss=0.3135
adapter_5shot_seed3407 step 1340/2000: loss=0.4725
adapter_5shot_seed3407 step 1360/2000: loss=0.1561
adapter_5shot_seed3407 step 1380/2000: loss=0.1663
adapter_5shot_seed3407 step 1400/2000: loss=0.1853
adapter_5shot_seed3407 step 1420/2000: loss=0.1352
adapter_5shot_seed3407 step 1440/2000: loss=0.2563
adapter_5shot_seed3407 step 1460/2000: loss=0.3969
adapter_5shot_seed3407 step 1480/2000: loss=0.1583
adapter_5shot_seed3407 step 1500/2000: loss=0.0013
adapter_5shot_seed3407 step 1520/2000: loss=0.4461
adapter_5shot_seed3407 step 1540/2000: loss=0.2130
adapter_5shot_seed3407 step 1560/2000: loss=0.0602
adapter_5shot_seed3407 step 1580/2000: loss=0.1382
adapter_5shot_seed3407 step 1600/2000: loss=0.0006
adapter_5shot_seed3407 step 1620/2000: loss=0.2542
adapter_5shot_seed3407 step 1640/2000: loss=0.1460
adapter_5shot_seed3407 step 1660/2000: loss=0.1653
adapter_5shot_seed3407 step 1680/2000: loss=0.1021
adapter_5shot_seed3407 step 1700/2000: loss=0.1586
adapter_5shot_seed3407 step 1720/2000: loss=0.0011
adapter_5shot_seed3407 step 1740/2000: loss=0.1983
adapter_5shot_seed3407 step 1760/2000: loss=0.1085
adapter_5shot_seed3407 step 1780/2000: loss=0.1353
adapter_5shot_seed3407 step 1800/2000: loss=0.0135
adapter_5shot_seed3407 step 1820/2000: loss=0.0756
adapter_5shot_seed3407 step 1840/2000: loss=0.1803
adapter_5shot_seed3407 step 1860/2000: loss=0.1082
adapter_5shot_seed3407 step 1880/2000: loss=0.1196
adapter_5shot_seed3407 step 1900/2000: loss=0.1882
adapter_5shot_seed3407 step 1920/2000: loss=0.4138
adapter_5shot_seed3407 step 1940/2000: loss=0.2035
adapter_5shot_seed3407 step 1960/2000: loss=0.1180
adapter_5shot_seed3407 step 1980/2000: loss=0.2289
adapter_5shot_seed3407 step 2000/2000: loss=0.3966
/root/miniconda3/lib/python3.12/site-packages/torch/nn/modules/conv.py:456: UserWarning: Plan failed with a cudnnException: CUDNN_BACKEND_EXECUTION_PLAN_DESCRIPTOR: cudnnFinalize Descriptor Failed cudnn_status: CUDNN_STATUS_NOT_SUPPORTED (Triggered internally at ../aten/src/ATen/native/cudnn/Conv_v8.cpp:919.)
  return F.conv2d(input, weight, bias, self.stride,
adapter_5shot_seed3407 evaluation 100/1599
adapter_5shot_seed3407 evaluation 200/1599
adapter_5shot_seed3407 evaluation 300/1599
adapter_5shot_seed3407 evaluation 400/1599
adapter_5shot_seed3407 evaluation 500/1599
adapter_5shot_seed3407 evaluation 600/1599
adapter_5shot_seed3407 evaluation 700/1599
adapter_5shot_seed3407 evaluation 800/1599
adapter_5shot_seed3407 evaluation 900/1599
adapter_5shot_seed3407 evaluation 1000/1599
adapter_5shot_seed3407 evaluation 1100/1599
adapter_5shot_seed3407 evaluation 1200/1599
adapter_5shot_seed3407 evaluation 1300/1599
adapter_5shot_seed3407 evaluation 1400/1599
adapter_5shot_seed3407 evaluation 1500/1599
{"signature": "ff44eecca01d17b8535479f1bc0c6607d5205979344ca13ebcea2dfc2554746a", "mode": "adapter", "shots_per_class": 5, "seed": 3407, "support_images": 35, "evaluation_images": 1599, "metrics": {"mIoU": 0.5370703160917308, "per_class_iou": {"background": 0.5425505398600041, "building": 0.6536640994772022, "road": 0.5449984389832891, "water": 0.680911212860062, "barren": 0.4124203116156914, "forest": 0.35161738579121005, "agriculture": 0.5733302240546574}, "pixel_accuracy": 0.7121721009573847, "confusion": [[443470945, 36757541, 28060039, 28379148, 12153509, 20025933, 26755616], [10883928, 102468396, 562830, 173144, 302382, 714165, 1106514], [10107249, 615651, 59329480, 99764, 1980130, 1245819, 975797], [20198192, 121290, 392293, 154310088, 1781516, 1801714, 9579509], [10890017, 800640, 909221, 2037212, 38556181, 1383189, 13195171], [44060826, 758851, 1676206, 1738369, 1340616, 57699759, 8827591], [125638872, 1494686, 2907264, 6010682, 8157806, 22825102, 305665122]]}}
DONE adapter_2000 K=5 seed=3407

START adapter_2000 K=10 seed=3407
{
  "support_images": {
    "0": 0,
    "1": 7,
    "2": 14,
    "5": 35,
    "10": 70
  },
  "evaluation_images": 1599,
  "protocol_sha256": "8184bef3aae39e2b9f01cd79a90782318f436744d14c43f108c76f56fc527ec5"
}
adapter_10shot_seed3407 step 20/2000: loss=0.5699
adapter_10shot_seed3407 step 40/2000: loss=0.6094
adapter_10shot_seed3407 step 60/2000: loss=0.9613
adapter_10shot_seed3407 step 80/2000: loss=0.3490
adapter_10shot_seed3407 step 100/2000: loss=0.1500
adapter_10shot_seed3407 step 120/2000: loss=0.3062
adapter_10shot_seed3407 step 140/2000: loss=0.0771
adapter_10shot_seed3407 step 160/2000: loss=0.7116
adapter_10shot_seed3407 step 180/2000: loss=0.5925
adapter_10shot_seed3407 step 200/2000: loss=0.4844
adapter_10shot_seed3407 step 220/2000: loss=0.4453
adapter_10shot_seed3407 step 240/2000: loss=0.4962
adapter_10shot_seed3407 step 260/2000: loss=0.5779
adapter_10shot_seed3407 step 280/2000: loss=0.7738
adapter_10shot_seed3407 step 300/2000: loss=0.3374
adapter_10shot_seed3407 step 320/2000: loss=0.3284
adapter_10shot_seed3407 step 340/2000: loss=1.4081
adapter_10shot_seed3407 step 360/2000: loss=0.2659
adapter_10shot_seed3407 step 380/2000: loss=0.2618
adapter_10shot_seed3407 step 400/2000: loss=0.6280
adapter_10shot_seed3407 step 420/2000: loss=0.1975
adapter_10shot_seed3407 step 440/2000: loss=0.3440
adapter_10shot_seed3407 step 460/2000: loss=0.5081
adapter_10shot_seed3407 step 480/2000: loss=0.2694
adapter_10shot_seed3407 step 500/2000: loss=0.5206
adapter_10shot_seed3407 step 520/2000: loss=0.4119
adapter_10shot_seed3407 step 540/2000: loss=0.3247
adapter_10shot_seed3407 step 560/2000: loss=0.2718
adapter_10shot_seed3407 step 580/2000: loss=0.9482
adapter_10shot_seed3407 step 600/2000: loss=0.4785
adapter_10shot_seed3407 step 620/2000: loss=0.2814
adapter_10shot_seed3407 step 640/2000: loss=0.6485
adapter_10shot_seed3407 step 660/2000: loss=0.4240
adapter_10shot_seed3407 step 680/2000: loss=0.2388
adapter_10shot_seed3407 step 700/2000: loss=0.1276
adapter_10shot_seed3407 step 720/2000: loss=0.2156
adapter_10shot_seed3407 step 740/2000: loss=0.2677
adapter_10shot_seed3407 step 760/2000: loss=0.3259
adapter_10shot_seed3407 step 780/2000: loss=0.4235
adapter_10shot_seed3407 step 800/2000: loss=0.2231
adapter_10shot_seed3407 step 820/2000: loss=0.1810
adapter_10shot_seed3407 step 840/2000: loss=0.4018
adapter_10shot_seed3407 step 860/2000: loss=0.1048
adapter_10shot_seed3407 step 880/2000: loss=0.1252
adapter_10shot_seed3407 step 900/2000: loss=0.3767
adapter_10shot_seed3407 step 920/2000: loss=0.2172
adapter_10shot_seed3407 step 940/2000: loss=0.2873
adapter_10shot_seed3407 step 960/2000: loss=0.2287
adapter_10shot_seed3407 step 980/2000: loss=0.2399
adapter_10shot_seed3407 step 1000/2000: loss=0.8599
adapter_10shot_seed3407 step 1020/2000: loss=0.2458
adapter_10shot_seed3407 step 1040/2000: loss=0.2791
adapter_10shot_seed3407 step 1060/2000: loss=0.3988
adapter_10shot_seed3407 step 1080/2000: loss=0.4765
adapter_10shot_seed3407 step 1100/2000: loss=0.3508
adapter_10shot_seed3407 step 1120/2000: loss=0.3109
adapter_10shot_seed3407 step 1140/2000: loss=0.2355
adapter_10shot_seed3407 step 1160/2000: loss=0.4719
adapter_10shot_seed3407 step 1180/2000: loss=0.2533
adapter_10shot_seed3407 step 1200/2000: loss=0.3361
adapter_10shot_seed3407 step 1220/2000: loss=0.4055
adapter_10shot_seed3407 step 1240/2000: loss=0.3199
adapter_10shot_seed3407 step 1260/2000: loss=0.1376
adapter_10shot_seed3407 step 1280/2000: loss=0.1869
adapter_10shot_seed3407 step 1300/2000: loss=0.2209
adapter_10shot_seed3407 step 1320/2000: loss=0.4025
adapter_10shot_seed3407 step 1340/2000: loss=0.4211
adapter_10shot_seed3407 step 1360/2000: loss=0.0766
adapter_10shot_seed3407 step 1380/2000: loss=0.4178
adapter_10shot_seed3407 step 1400/2000: loss=0.1122
adapter_10shot_seed3407 step 1420/2000: loss=0.2100
adapter_10shot_seed3407 step 1440/2000: loss=0.2651
adapter_10shot_seed3407 step 1460/2000: loss=0.4204
adapter_10shot_seed3407 step 1480/2000: loss=0.1809
adapter_10shot_seed3407 step 1500/2000: loss=0.2789
adapter_10shot_seed3407 step 1520/2000: loss=0.2884
adapter_10shot_seed3407 step 1540/2000: loss=0.3368
adapter_10shot_seed3407 step 1560/2000: loss=0.2460
adapter_10shot_seed3407 step 1580/2000: loss=0.4752
adapter_10shot_seed3407 step 1600/2000: loss=0.2431
adapter_10shot_seed3407 step 1620/2000: loss=0.2981
adapter_10shot_seed3407 step 1640/2000: loss=0.3522
adapter_10shot_seed3407 step 1660/2000: loss=0.4182
adapter_10shot_seed3407 step 1680/2000: loss=0.3313
adapter_10shot_seed3407 step 1700/2000: loss=0.3644
adapter_10shot_seed3407 step 1720/2000: loss=0.0926
adapter_10shot_seed3407 step 1740/2000: loss=0.1643
adapter_10shot_seed3407 step 1760/2000: loss=0.2524
adapter_10shot_seed3407 step 1780/2000: loss=0.3987
adapter_10shot_seed3407 step 1800/2000: loss=0.1306
adapter_10shot_seed3407 step 1820/2000: loss=0.1584
adapter_10shot_seed3407 step 1840/2000: loss=0.1846
adapter_10shot_seed3407 step 1860/2000: loss=0.1823
adapter_10shot_seed3407 step 1880/2000: loss=0.3492
adapter_10shot_seed3407 step 1900/2000: loss=1.0720
adapter_10shot_seed3407 step 1920/2000: loss=0.4097
adapter_10shot_seed3407 step 1940/2000: loss=0.3818
adapter_10shot_seed3407 step 1960/2000: loss=0.3363
adapter_10shot_seed3407 step 1980/2000: loss=0.2011
adapter_10shot_seed3407 step 2000/2000: loss=0.4006
/root/miniconda3/lib/python3.12/site-packages/torch/nn/modules/conv.py:456: UserWarning: Plan failed with a cudnnException: CUDNN_BACKEND_EXECUTION_PLAN_DESCRIPTOR: cudnnFinalize Descriptor Failed cudnn_status: CUDNN_STATUS_NOT_SUPPORTED (Triggered internally at ../aten/src/ATen/native/cudnn/Conv_v8.cpp:919.)
  return F.conv2d(input, weight, bias, self.stride,
adapter_10shot_seed3407 evaluation 100/1599
adapter_10shot_seed3407 evaluation 200/1599
adapter_10shot_seed3407 evaluation 300/1599
adapter_10shot_seed3407 evaluation 400/1599
adapter_10shot_seed3407 evaluation 500/1599
adapter_10shot_seed3407 evaluation 600/1599
adapter_10shot_seed3407 evaluation 700/1599
adapter_10shot_seed3407 evaluation 800/1599
adapter_10shot_seed3407 evaluation 900/1599
adapter_10shot_seed3407 evaluation 1000/1599
adapter_10shot_seed3407 evaluation 1100/1599
adapter_10shot_seed3407 evaluation 1200/1599
adapter_10shot_seed3407 evaluation 1300/1599
adapter_10shot_seed3407 evaluation 1400/1599
adapter_10shot_seed3407 evaluation 1500/1599
{"signature": "5db3fa994051a8a403e12103f78fda81c66385315b93aec113e2a2751930c006", "mode": "adapter", "shots_per_class": 10, "seed": 3407, "support_images": 70, "evaluation_images": 1599, "metrics": {"mIoU": 0.5603661063860034, "per_class_iou": {"background": 0.5449098643101532, "building": 0.6682207091828878, "road": 0.5594539458507134, "water": 0.682425983690118, "barren": 0.44579720676505113, "forest": 0.4334994567678498, "agriculture": 0.5882555781352505}, "pixel_accuracy": 0.7242448451668375, "confusion": [[429003615, 32594851, 23039430, 34610914, 18085155, 25624854, 32643912], [11727278, 101237541, 665651, 212712, 403609, 513968, 1450600], [10905628, 494480, 58343457, 108016, 2106680, 966341, 1429288], [13475211, 83239, 582523, 160781059, 3411110, 1956550, 7894910], [7111650, 647725, 1096979, 2163606, 47858186, 639360, 8254125], [29898214, 427126, 1419114, 1713176, 2628289, 69049775, 10966524], [118572092, 1044368, 3128847, 8609168, 12947689, 13481280, 314916090]]}}
DONE adapter_2000 K=10 seed=3407

START semantic_head_200 K=1 seed=3407
{
  "support_images": {
    "0": 0,
    "1": 7,
    "2": 14,
    "5": 35,
    "10": 70
  },
  "evaluation_images": 1599,
  "protocol_sha256": "8184bef3aae39e2b9f01cd79a90782318f436744d14c43f108c76f56fc527ec5"
}
semantic-head_1shot_seed3407 step 20/200: loss=0.5572
semantic-head_1shot_seed3407 step 40/200: loss=0.3530
semantic-head_1shot_seed3407 step 60/200: loss=0.2869
semantic-head_1shot_seed3407 step 80/200: loss=0.1686
semantic-head_1shot_seed3407 step 100/200: loss=0.5195
semantic-head_1shot_seed3407 step 120/200: loss=2.8816
semantic-head_1shot_seed3407 step 140/200: loss=0.1295
semantic-head_1shot_seed3407 step 160/200: loss=0.6429
semantic-head_1shot_seed3407 step 180/200: loss=0.9866
semantic-head_1shot_seed3407 step 200/200: loss=1.9522
/root/miniconda3/lib/python3.12/site-packages/torch/nn/modules/conv.py:456: UserWarning: Plan failed with a cudnnException: CUDNN_BACKEND_EXECUTION_PLAN_DESCRIPTOR: cudnnFinalize Descriptor Failed cudnn_status: CUDNN_STATUS_NOT_SUPPORTED (Triggered internally at ../aten/src/ATen/native/cudnn/Conv_v8.cpp:919.)
  return F.conv2d(input, weight, bias, self.stride,
semantic-head_1shot_seed3407 evaluation 100/1599
semantic-head_1shot_seed3407 evaluation 200/1599
semantic-head_1shot_seed3407 evaluation 300/1599
semantic-head_1shot_seed3407 evaluation 400/1599
semantic-head_1shot_seed3407 evaluation 500/1599
semantic-head_1shot_seed3407 evaluation 600/1599
semantic-head_1shot_seed3407 evaluation 700/1599
semantic-head_1shot_seed3407 evaluation 800/1599
semantic-head_1shot_seed3407 evaluation 900/1599
semantic-head_1shot_seed3407 evaluation 1000/1599
semantic-head_1shot_seed3407 evaluation 1100/1599
semantic-head_1shot_seed3407 evaluation 1200/1599
semantic-head_1shot_seed3407 evaluation 1300/1599
semantic-head_1shot_seed3407 evaluation 1400/1599
semantic-head_1shot_seed3407 evaluation 1500/1599
{"signature": "ce26c0a1dbb5e6ef5a2519622adff7415c662c206f6a6ae6d01b6cddf55a4f1f", "mode": "semantic-head", "shots_per_class": 1, "seed": 3407, "support_images": 7, "evaluation_images": 1599, "metrics": {"mIoU": 0.531727312642432, "per_class_iou": {"background": 0.5570011140196395, "building": 0.6627603805944874, "road": 0.5695966162117346, "water": 0.7100318028058945, "barren": 0.2822014679244995, "forest": 0.3965308488821108, "agriculture": 0.5439689580586583}, "pixel_accuracy": 0.7149998338520535, "confusion": [[509417038, 25485527, 10438307, 18803615, 4517801, 13502396, 13438047], [16721753, 97535710, 251527, 163866, 201515, 650279, 686709], [20793377, 363418, 50275770, 84975, 902114, 1493214, 441022], [26491084, 97629, 230401, 155698469, 760134, 1810350, 3096535], [34947019, 603137, 457723, 2591096, 22046528, 281450, 6844678], [51299205, 326554, 455888, 874597, 158982, 57913591, 5073401], [168715781, 4078249, 2077834, 8581045, 3811187, 12210750, 273224688]]}}
DONE semantic_head_200 K=1 seed=3407

START semantic_head_200 K=2 seed=3407
{
  "support_images": {
    "0": 0,
    "1": 7,
    "2": 14,
    "5": 35,
    "10": 70
  },
  "evaluation_images": 1599,
  "protocol_sha256": "8184bef3aae39e2b9f01cd79a90782318f436744d14c43f108c76f56fc527ec5"
}
semantic-head_2shot_seed3407 step 20/200: loss=2.2567
semantic-head_2shot_seed3407 step 40/200: loss=0.3002
semantic-head_2shot_seed3407 step 60/200: loss=0.4690
semantic-head_2shot_seed3407 step 80/200: loss=0.3915
semantic-head_2shot_seed3407 step 100/200: loss=0.4308
semantic-head_2shot_seed3407 step 120/200: loss=0.7485
semantic-head_2shot_seed3407 step 140/200: loss=1.6687
semantic-head_2shot_seed3407 step 160/200: loss=0.6631
semantic-head_2shot_seed3407 step 180/200: loss=0.5629
semantic-head_2shot_seed3407 step 200/200: loss=0.3401
/root/miniconda3/lib/python3.12/site-packages/torch/nn/modules/conv.py:456: UserWarning: Plan failed with a cudnnException: CUDNN_BACKEND_EXECUTION_PLAN_DESCRIPTOR: cudnnFinalize Descriptor Failed cudnn_status: CUDNN_STATUS_NOT_SUPPORTED (Triggered internally at ../aten/src/ATen/native/cudnn/Conv_v8.cpp:919.)
  return F.conv2d(input, weight, bias, self.stride,
semantic-head_2shot_seed3407 evaluation 100/1599
semantic-head_2shot_seed3407 evaluation 200/1599
semantic-head_2shot_seed3407 evaluation 300/1599
semantic-head_2shot_seed3407 evaluation 400/1599
semantic-head_2shot_seed3407 evaluation 500/1599
semantic-head_2shot_seed3407 evaluation 600/1599
semantic-head_2shot_seed3407 evaluation 700/1599
semantic-head_2shot_seed3407 evaluation 800/1599
semantic-head_2shot_seed3407 evaluation 900/1599
semantic-head_2shot_seed3407 evaluation 1000/1599
semantic-head_2shot_seed3407 evaluation 1100/1599
semantic-head_2shot_seed3407 evaluation 1200/1599
semantic-head_2shot_seed3407 evaluation 1300/1599
semantic-head_2shot_seed3407 evaluation 1400/1599
semantic-head_2shot_seed3407 evaluation 1500/1599
{"signature": "80c8b69b66f0046d1da088c5bff82e1f2ecda45c62a118b3aee26e343d5d5a25", "mode": "semantic-head", "shots_per_class": 2, "seed": 3407, "support_images": 14, "evaluation_images": 1599, "metrics": {"mIoU": 0.5316042507126832, "per_class_iou": {"background": 0.5567623394747703, "building": 0.6622811928171293, "road": 0.5698254185357193, "water": 0.7098448052965729, "barren": 0.28215914814416854, "forest": 0.39489671128032144, "agriculture": 0.5454601394401013}, "pixel_accuracy": 0.7152096367538057, "confusion": [[508286827, 26293239, 10653384, 19074508, 4531302, 12982601, 13780870], [16166093, 98097938, 260622, 164952, 201795, 626190, 693769], [20613133, 382277, 50445838, 86249, 904844, 1467964, 453585], [26246263, 100297, 232644, 155957906, 758223, 1733441, 3155828], [34796822, 612090, 467582, 2633881, 22047540, 263811, 6949905], [51715119, 334867, 459678, 900540, 163120, 57238367, 5290527], [167793044, 4187151, 2100785, 8662315, 3807753, 11768935, 274379551]]}}
DONE semantic_head_200 K=2 seed=3407

START semantic_head_200 K=5 seed=3407
{
  "support_images": {
    "0": 0,
    "1": 7,
    "2": 14,
    "5": 35,
    "10": 70
  },
  "evaluation_images": 1599,
  "protocol_sha256": "8184bef3aae39e2b9f01cd79a90782318f436744d14c43f108c76f56fc527ec5"
}
semantic-head_5shot_seed3407 step 20/200: loss=0.1967
semantic-head_5shot_seed3407 step 40/200: loss=2.5851
semantic-head_5shot_seed3407 step 60/200: loss=1.0339
semantic-head_5shot_seed3407 step 80/200: loss=0.4670
semantic-head_5shot_seed3407 step 100/200: loss=0.0320
semantic-head_5shot_seed3407 step 120/200: loss=0.9777
semantic-head_5shot_seed3407 step 140/200: loss=0.1897
semantic-head_5shot_seed3407 step 160/200: loss=0.8072
semantic-head_5shot_seed3407 step 180/200: loss=1.0139
semantic-head_5shot_seed3407 step 200/200: loss=0.8884
/root/miniconda3/lib/python3.12/site-packages/torch/nn/modules/conv.py:456: UserWarning: Plan failed with a cudnnException: CUDNN_BACKEND_EXECUTION_PLAN_DESCRIPTOR: cudnnFinalize Descriptor Failed cudnn_status: CUDNN_STATUS_NOT_SUPPORTED (Triggered internally at ../aten/src/ATen/native/cudnn/Conv_v8.cpp:919.)
  return F.conv2d(input, weight, bias, self.stride,
semantic-head_5shot_seed3407 evaluation 100/1599
semantic-head_5shot_seed3407 evaluation 200/1599
semantic-head_5shot_seed3407 evaluation 300/1599
semantic-head_5shot_seed3407 evaluation 400/1599
semantic-head_5shot_seed3407 evaluation 500/1599
semantic-head_5shot_seed3407 evaluation 600/1599
semantic-head_5shot_seed3407 evaluation 700/1599
semantic-head_5shot_seed3407 evaluation 800/1599
semantic-head_5shot_seed3407 evaluation 900/1599
semantic-head_5shot_seed3407 evaluation 1000/1599
semantic-head_5shot_seed3407 evaluation 1100/1599
semantic-head_5shot_seed3407 evaluation 1200/1599
semantic-head_5shot_seed3407 evaluation 1300/1599
semantic-head_5shot_seed3407 evaluation 1400/1599
semantic-head_5shot_seed3407 evaluation 1500/1599
{"signature": "02a0eb2d1d6fb43e760c824b909323a329950d05c3e6abf85f662bffabdfd4fc", "mode": "semantic-head", "shots_per_class": 5, "seed": 3407, "support_images": 35, "evaluation_images": 1599, "metrics": {"mIoU": 0.5316774108049024, "per_class_iou": {"background": 0.5569944004049565, "building": 0.662627832605025, "road": 0.5698487507384811, "water": 0.7096860735779733, "barren": 0.28191769893018653, "forest": 0.3945021794730165, "agriculture": 0.5461649399046783}, "pixel_accuracy": 0.7154390328196166, "confusion": [[508221633, 25981677, 10673712, 19390879, 4548928, 12858708, 13927194], [16381564, 97883345, 260748, 165968, 201577, 618432, 699725], [20600412, 376112, 50463000, 87500, 905800, 1461869, 459197], [25948294, 99204, 234044, 156229337, 761792, 1714092, 3197839], [34661914, 609427, 468462, 2681734, 22032284, 261220, 7056590], [51793822, 331427, 462252, 916159, 164543, 57040979, 5393036], [167447066, 4110736, 2101969, 8711812, 3797204, 11573230, 274957517]]}}
DONE semantic_head_200 K=5 seed=3407

START semantic_head_200 K=10 seed=3407
{
  "support_images": {
    "0": 0,
    "1": 7,
    "2": 14,
    "5": 35,
    "10": 70
  },
  "evaluation_images": 1599,
  "protocol_sha256": "8184bef3aae39e2b9f01cd79a90782318f436744d14c43f108c76f56fc527ec5"
}
semantic-head_10shot_seed3407 step 20/200: loss=0.7293
semantic-head_10shot_seed3407 step 40/200: loss=0.8303
semantic-head_10shot_seed3407 step 60/200: loss=1.4642
semantic-head_10shot_seed3407 step 80/200: loss=0.1668
semantic-head_10shot_seed3407 step 100/200: loss=0.0892
semantic-head_10shot_seed3407 step 120/200: loss=0.4008
semantic-head_10shot_seed3407 step 140/200: loss=0.0603
semantic-head_10shot_seed3407 step 160/200: loss=1.0736
semantic-head_10shot_seed3407 step 180/200: loss=0.9586
semantic-head_10shot_seed3407 step 200/200: loss=0.3973
/root/miniconda3/lib/python3.12/site-packages/torch/nn/modules/conv.py:456: UserWarning: Plan failed with a cudnnException: CUDNN_BACKEND_EXECUTION_PLAN_DESCRIPTOR: cudnnFinalize Descriptor Failed cudnn_status: CUDNN_STATUS_NOT_SUPPORTED (Triggered internally at ../aten/src/ATen/native/cudnn/Conv_v8.cpp:919.)
  return F.conv2d(input, weight, bias, self.stride,
semantic-head_10shot_seed3407 evaluation 100/1599
semantic-head_10shot_seed3407 evaluation 200/1599
semantic-head_10shot_seed3407 evaluation 300/1599
semantic-head_10shot_seed3407 evaluation 400/1599
semantic-head_10shot_seed3407 evaluation 500/1599
semantic-head_10shot_seed3407 evaluation 600/1599
semantic-head_10shot_seed3407 evaluation 700/1599
semantic-head_10shot_seed3407 evaluation 800/1599
semantic-head_10shot_seed3407 evaluation 900/1599
semantic-head_10shot_seed3407 evaluation 1000/1599
semantic-head_10shot_seed3407 evaluation 1100/1599
semantic-head_10shot_seed3407 evaluation 1200/1599
semantic-head_10shot_seed3407 evaluation 1300/1599
semantic-head_10shot_seed3407 evaluation 1400/1599
semantic-head_10shot_seed3407 evaluation 1500/1599
{"signature": "91dc7fa3e6bbf01afbcad76413416dbc144920ee7c8e800b5d23ce5d0a0301c5", "mode": "semantic-head", "shots_per_class": 10, "seed": 3407, "support_images": 70, "evaluation_images": 1599, "metrics": {"mIoU": 0.5320858710485648, "per_class_iou": {"background": 0.5577297359673369, "building": 0.6629352473965129, "road": 0.5697409375713388, "water": 0.7087398281521915, "barren": 0.28254902749203786, "forest": 0.39561208271557474, "agriculture": 0.5472942380449611}, "pixel_accuracy": 0.7159296504302082, "confusion": [[507678495, 25317322, 10568072, 20079645, 4580243, 13171112, 14207842], [16821109, 97422173, 258099, 167958, 202346, 632838, 706836], [20668541, 362988, 50381794, 91382, 907010, 1474572, 467603], [25269459, 97409, 232583, 156840907, 763059, 1766351, 3214834], [34403288, 602154, 465211, 2814977, 22099729, 269929, 7116343], [51308310, 320084, 458208, 956849, 168638, 57448339, 5441790], [166185532, 4044474, 2093240, 9000048, 3822628, 11796793, 275756819]]}}
DONE semantic_head_200 K=10 seed=3407

START semantic_head_2000 K=1 seed=3407
{
  "support_images": {
    "0": 0,
    "1": 7,
    "2": 14,
    "5": 35,
    "10": 70
  },
  "evaluation_images": 1599,
  "protocol_sha256": "8184bef3aae39e2b9f01cd79a90782318f436744d14c43f108c76f56fc527ec5"
}
semantic-head_1shot_seed3407 step 20/2000: loss=0.5570
semantic-head_1shot_seed3407 step 40/2000: loss=0.3520
semantic-head_1shot_seed3407 step 60/2000: loss=0.2875
semantic-head_1shot_seed3407 step 80/2000: loss=0.1685
semantic-head_1shot_seed3407 step 100/2000: loss=0.5120
semantic-head_1shot_seed3407 step 120/2000: loss=2.8484
semantic-head_1shot_seed3407 step 140/2000: loss=0.1302
semantic-head_1shot_seed3407 step 160/2000: loss=0.6102
semantic-head_1shot_seed3407 step 180/2000: loss=0.9366
semantic-head_1shot_seed3407 step 200/2000: loss=1.9041
semantic-head_1shot_seed3407 step 220/2000: loss=1.1028
semantic-head_1shot_seed3407 step 240/2000: loss=1.3208
semantic-head_1shot_seed3407 step 260/2000: loss=0.5693
semantic-head_1shot_seed3407 step 280/2000: loss=1.0479
semantic-head_1shot_seed3407 step 300/2000: loss=0.6436
semantic-head_1shot_seed3407 step 320/2000: loss=1.2479
semantic-head_1shot_seed3407 step 340/2000: loss=0.2380
semantic-head_1shot_seed3407 step 360/2000: loss=0.3494
semantic-head_1shot_seed3407 step 380/2000: loss=0.6404
semantic-head_1shot_seed3407 step 400/2000: loss=0.1135
semantic-head_1shot_seed3407 step 420/2000: loss=0.2942
semantic-head_1shot_seed3407 step 440/2000: loss=0.3486
semantic-head_1shot_seed3407 step 460/2000: loss=0.8721
semantic-head_1shot_seed3407 step 480/2000: loss=2.5963
semantic-head_1shot_seed3407 step 500/2000: loss=0.4963
semantic-head_1shot_seed3407 step 520/2000: loss=1.8429
semantic-head_1shot_seed3407 step 540/2000: loss=0.3140
semantic-head_1shot_seed3407 step 560/2000: loss=0.2400
semantic-head_1shot_seed3407 step 580/2000: loss=0.7238
semantic-head_1shot_seed3407 step 600/2000: loss=0.4246
semantic-head_1shot_seed3407 step 620/2000: loss=0.0789
semantic-head_1shot_seed3407 step 640/2000: loss=0.9543
semantic-head_1shot_seed3407 step 660/2000: loss=0.8814
semantic-head_1shot_seed3407 step 680/2000: loss=0.1949
semantic-head_1shot_seed3407 step 700/2000: loss=0.5971
semantic-head_1shot_seed3407 step 720/2000: loss=0.2860
semantic-head_1shot_seed3407 step 740/2000: loss=0.2581
semantic-head_1shot_seed3407 step 760/2000: loss=2.3927
semantic-head_1shot_seed3407 step 780/2000: loss=0.4155
semantic-head_1shot_seed3407 step 800/2000: loss=0.0002
semantic-head_1shot_seed3407 step 820/2000: loss=0.2685
semantic-head_1shot_seed3407 step 840/2000: loss=0.4816
semantic-head_1shot_seed3407 step 860/2000: loss=0.5718
semantic-head_1shot_seed3407 step 880/2000: loss=0.6336
semantic-head_1shot_seed3407 step 900/2000: loss=0.3676
semantic-head_1shot_seed3407 step 920/2000: loss=0.3151
semantic-head_1shot_seed3407 step 940/2000: loss=0.6200
semantic-head_1shot_seed3407 step 960/2000: loss=1.7620
semantic-head_1shot_seed3407 step 980/2000: loss=2.6067
semantic-head_1shot_seed3407 step 1000/2000: loss=0.1414
semantic-head_1shot_seed3407 step 1020/2000: loss=0.4708
semantic-head_1shot_seed3407 step 1040/2000: loss=3.0956
semantic-head_1shot_seed3407 step 1060/2000: loss=0.4194
semantic-head_1shot_seed3407 step 1080/2000: loss=2.4921
semantic-head_1shot_seed3407 step 1100/2000: loss=1.3586
semantic-head_1shot_seed3407 step 1120/2000: loss=0.7156
semantic-head_1shot_seed3407 step 1140/2000: loss=2.3508
semantic-head_1shot_seed3407 step 1160/2000: loss=0.0002
semantic-head_1shot_seed3407 step 1180/2000: loss=0.8014
semantic-head_1shot_seed3407 step 1200/2000: loss=0.2543
semantic-head_1shot_seed3407 step 1220/2000: loss=0.2962
semantic-head_1shot_seed3407 step 1240/2000: loss=0.3772
semantic-head_1shot_seed3407 step 1260/2000: loss=1.2815
semantic-head_1shot_seed3407 step 1280/2000: loss=1.0042
semantic-head_1shot_seed3407 step 1300/2000: loss=0.1819
semantic-head_1shot_seed3407 step 1320/2000: loss=0.4319
semantic-head_1shot_seed3407 step 1340/2000: loss=0.5578
semantic-head_1shot_seed3407 step 1360/2000: loss=0.1703
semantic-head_1shot_seed3407 step 1380/2000: loss=0.3119
semantic-head_1shot_seed3407 step 1400/2000: loss=1.3762
semantic-head_1shot_seed3407 step 1420/2000: loss=2.3101
semantic-head_1shot_seed3407 step 1440/2000: loss=0.8105
semantic-head_1shot_seed3407 step 1460/2000: loss=0.2843
semantic-head_1shot_seed3407 step 1480/2000: loss=0.3180
semantic-head_1shot_seed3407 step 1500/2000: loss=0.8054
semantic-head_1shot_seed3407 step 1520/2000: loss=0.3437
semantic-head_1shot_seed3407 step 1540/2000: loss=0.4945
semantic-head_1shot_seed3407 step 1560/2000: loss=0.4582
semantic-head_1shot_seed3407 step 1580/2000: loss=2.2375
semantic-head_1shot_seed3407 step 1600/2000: loss=0.7118
semantic-head_1shot_seed3407 step 1620/2000: loss=2.0434
semantic-head_1shot_seed3407 step 1640/2000: loss=0.8790
semantic-head_1shot_seed3407 step 1660/2000: loss=0.1423
semantic-head_1shot_seed3407 step 1680/2000: loss=2.1501
semantic-head_1shot_seed3407 step 1700/2000: loss=0.4262
semantic-head_1shot_seed3407 step 1720/2000: loss=0.5755
semantic-head_1shot_seed3407 step 1740/2000: loss=1.5395
semantic-head_1shot_seed3407 step 1760/2000: loss=0.2962
semantic-head_1shot_seed3407 step 1780/2000: loss=0.6548
semantic-head_1shot_seed3407 step 1800/2000: loss=1.9725
semantic-head_1shot_seed3407 step 1820/2000: loss=0.3584
semantic-head_1shot_seed3407 step 1840/2000: loss=0.9662
semantic-head_1shot_seed3407 step 1860/2000: loss=0.0002
semantic-head_1shot_seed3407 step 1880/2000: loss=0.4628
semantic-head_1shot_seed3407 step 1900/2000: loss=0.1554
semantic-head_1shot_seed3407 step 1920/2000: loss=0.2974
semantic-head_1shot_seed3407 step 1940/2000: loss=0.5106
semantic-head_1shot_seed3407 step 1960/2000: loss=0.3377
semantic-head_1shot_seed3407 step 1980/2000: loss=0.4594
semantic-head_1shot_seed3407 step 2000/2000: loss=0.9243
/root/miniconda3/lib/python3.12/site-packages/torch/nn/modules/conv.py:456: UserWarning: Plan failed with a cudnnException: CUDNN_BACKEND_EXECUTION_PLAN_DESCRIPTOR: cudnnFinalize Descriptor Failed cudnn_status: CUDNN_STATUS_NOT_SUPPORTED (Triggered internally at ../aten/src/ATen/native/cudnn/Conv_v8.cpp:919.)
  return F.conv2d(input, weight, bias, self.stride,
semantic-head_1shot_seed3407 evaluation 100/1599
semantic-head_1shot_seed3407 evaluation 200/1599
semantic-head_1shot_seed3407 evaluation 300/1599
semantic-head_1shot_seed3407 evaluation 400/1599
semantic-head_1shot_seed3407 evaluation 500/1599
semantic-head_1shot_seed3407 evaluation 600/1599
semantic-head_1shot_seed3407 evaluation 700/1599
semantic-head_1shot_seed3407 evaluation 800/1599
semantic-head_1shot_seed3407 evaluation 900/1599
semantic-head_1shot_seed3407 evaluation 1000/1599
semantic-head_1shot_seed3407 evaluation 1100/1599
semantic-head_1shot_seed3407 evaluation 1200/1599
semantic-head_1shot_seed3407 evaluation 1300/1599
semantic-head_1shot_seed3407 evaluation 1400/1599
semantic-head_1shot_seed3407 evaluation 1500/1599
{"signature": "d1e7abc699eafbc46062e2b043b5a6ac24ac5f0abc0e1d4b32654bdc4d895dbe", "mode": "semantic-head", "shots_per_class": 1, "seed": 3407, "support_images": 7, "evaluation_images": 1599, "metrics": {"mIoU": 0.5395642712230398, "per_class_iou": {"background": 0.5439559680140509, "building": 0.6541748067401343, "road": 0.5563477907842642, "water": 0.7097409312375641, "barren": 0.3534768328939907, "forest": 0.3996967578874082, "agriculture": 0.5595568110038666}, "pixel_accuracy": 0.7121955416290157, "confusion": [[457670308, 33306350, 19749208, 20831765, 12345919, 32817790, 18881391], [11416934, 101655691, 506512, 166952, 399746, 1371722, 693802], [14439242, 471665, 55503091, 80283, 1543397, 1785529, 530683], [21622539, 113401, 381225, 156946504, 1706788, 3768472, 3645673], [22361503, 620481, 927856, 2621732, 32732252, 1114996, 7392811], [36416075, 427505, 758101, 848277, 689384, 72735762, 4227114], [139514791, 4244540, 3086507, 8398491, 8143976, 25016636, 284294593]]}}
DONE semantic_head_2000 K=1 seed=3407

START semantic_head_2000 K=2 seed=3407
{
  "support_images": {
    "0": 0,
    "1": 7,
    "2": 14,
    "5": 35,
    "10": 70
  },
  "evaluation_images": 1599,
  "protocol_sha256": "8184bef3aae39e2b9f01cd79a90782318f436744d14c43f108c76f56fc527ec5"
}
semantic-head_2shot_seed3407 step 20/2000: loss=2.2541
semantic-head_2shot_seed3407 step 40/2000: loss=0.3011
semantic-head_2shot_seed3407 step 60/2000: loss=0.4690
semantic-head_2shot_seed3407 step 80/2000: loss=0.3903
semantic-head_2shot_seed3407 step 100/2000: loss=0.4305
semantic-head_2shot_seed3407 step 120/2000: loss=0.7311
semantic-head_2shot_seed3407 step 140/2000: loss=1.6097
semantic-head_2shot_seed3407 step 160/2000: loss=0.6331
semantic-head_2shot_seed3407 step 180/2000: loss=0.5405
semantic-head_2shot_seed3407 step 200/2000: loss=0.3074
semantic-head_2shot_seed3407 step 220/2000: loss=0.7602
semantic-head_2shot_seed3407 step 240/2000: loss=0.4610
semantic-head_2shot_seed3407 step 260/2000: loss=2.9911
semantic-head_2shot_seed3407 step 280/2000: loss=2.4256
semantic-head_2shot_seed3407 step 300/2000: loss=2.7267
semantic-head_2shot_seed3407 step 320/2000: loss=1.1613
semantic-head_2shot_seed3407 step 340/2000: loss=0.6572
semantic-head_2shot_seed3407 step 360/2000: loss=0.3724
semantic-head_2shot_seed3407 step 380/2000: loss=2.4017
semantic-head_2shot_seed3407 step 400/2000: loss=0.6472
semantic-head_2shot_seed3407 step 420/2000: loss=0.5063
semantic-head_2shot_seed3407 step 440/2000: loss=0.6207
semantic-head_2shot_seed3407 step 460/2000: loss=3.0233
semantic-head_2shot_seed3407 step 480/2000: loss=0.5992
semantic-head_2shot_seed3407 step 500/2000: loss=0.5961
semantic-head_2shot_seed3407 step 520/2000: loss=0.2535
semantic-head_2shot_seed3407 step 540/2000: loss=1.3543
semantic-head_2shot_seed3407 step 560/2000: loss=0.7215
semantic-head_2shot_seed3407 step 580/2000: loss=2.5845
semantic-head_2shot_seed3407 step 600/2000: loss=0.5154
semantic-head_2shot_seed3407 step 620/2000: loss=0.6069
semantic-head_2shot_seed3407 step 640/2000: loss=1.0283
semantic-head_2shot_seed3407 step 660/2000: loss=1.8348
semantic-head_2shot_seed3407 step 680/2000: loss=0.6354
semantic-head_2shot_seed3407 step 700/2000: loss=0.8370
semantic-head_2shot_seed3407 step 720/2000: loss=2.1327
semantic-head_2shot_seed3407 step 740/2000: loss=0.4101
semantic-head_2shot_seed3407 step 760/2000: loss=1.1093
semantic-head_2shot_seed3407 step 780/2000: loss=0.5228
semantic-head_2shot_seed3407 step 800/2000: loss=0.3698
semantic-head_2shot_seed3407 step 820/2000: loss=0.3388
semantic-head_2shot_seed3407 step 840/2000: loss=2.0194
semantic-head_2shot_seed3407 step 860/2000: loss=0.8574
semantic-head_2shot_seed3407 step 880/2000: loss=0.7493
semantic-head_2shot_seed3407 step 900/2000: loss=0.7115
semantic-head_2shot_seed3407 step 920/2000: loss=0.8350
semantic-head_2shot_seed3407 step 940/2000: loss=0.9698
semantic-head_2shot_seed3407 step 960/2000: loss=0.5069
semantic-head_2shot_seed3407 step 980/2000: loss=0.0002
semantic-head_2shot_seed3407 step 1000/2000: loss=0.6360
semantic-head_2shot_seed3407 step 1020/2000: loss=2.7344
semantic-head_2shot_seed3407 step 1040/2000: loss=0.7258
semantic-head_2shot_seed3407 step 1060/2000: loss=0.2592
semantic-head_2shot_seed3407 step 1080/2000: loss=0.5890
semantic-head_2shot_seed3407 step 1100/2000: loss=0.2295
semantic-head_2shot_seed3407 step 1120/2000: loss=0.7488
semantic-head_2shot_seed3407 step 1140/2000: loss=0.1427
semantic-head_2shot_seed3407 step 1160/2000: loss=0.7165
semantic-head_2shot_seed3407 step 1180/2000: loss=2.3293
semantic-head_2shot_seed3407 step 1200/2000: loss=0.3347
semantic-head_2shot_seed3407 step 1220/2000: loss=0.4323
semantic-head_2shot_seed3407 step 1240/2000: loss=0.6318
semantic-head_2shot_seed3407 step 1260/2000: loss=0.2908
semantic-head_2shot_seed3407 step 1280/2000: loss=2.4627
semantic-head_2shot_seed3407 step 1300/2000: loss=0.5133
semantic-head_2shot_seed3407 step 1320/2000: loss=3.2527
semantic-head_2shot_seed3407 step 1340/2000: loss=1.5370
semantic-head_2shot_seed3407 step 1360/2000: loss=0.3773
semantic-head_2shot_seed3407 step 1380/2000: loss=0.4325
semantic-head_2shot_seed3407 step 1400/2000: loss=0.2196
semantic-head_2shot_seed3407 step 1420/2000: loss=0.4241
semantic-head_2shot_seed3407 step 1440/2000: loss=0.6425
semantic-head_2shot_seed3407 step 1460/2000: loss=0.3340
semantic-head_2shot_seed3407 step 1480/2000: loss=0.4157
semantic-head_2shot_seed3407 step 1500/2000: loss=1.4654
semantic-head_2shot_seed3407 step 1520/2000: loss=1.0353
semantic-head_2shot_seed3407 step 1540/2000: loss=1.7769
semantic-head_2shot_seed3407 step 1560/2000: loss=0.4344
semantic-head_2shot_seed3407 step 1580/2000: loss=0.5050
semantic-head_2shot_seed3407 step 1600/2000: loss=0.4685
semantic-head_2shot_seed3407 step 1620/2000: loss=0.2510
semantic-head_2shot_seed3407 step 1640/2000: loss=0.6095
semantic-head_2shot_seed3407 step 1660/2000: loss=0.3906
semantic-head_2shot_seed3407 step 1680/2000: loss=0.3208
semantic-head_2shot_seed3407 step 1700/2000: loss=0.6118
semantic-head_2shot_seed3407 step 1720/2000: loss=0.3405
semantic-head_2shot_seed3407 step 1740/2000: loss=0.1978
semantic-head_2shot_seed3407 step 1760/2000: loss=0.5854
semantic-head_2shot_seed3407 step 1780/2000: loss=1.1311
semantic-head_2shot_seed3407 step 1800/2000: loss=0.3176
semantic-head_2shot_seed3407 step 1820/2000: loss=0.4805
semantic-head_2shot_seed3407 step 1840/2000: loss=0.2088
semantic-head_2shot_seed3407 step 1860/2000: loss=0.6774
semantic-head_2shot_seed3407 step 1880/2000: loss=2.2385
semantic-head_2shot_seed3407 step 1900/2000: loss=0.6504
semantic-head_2shot_seed3407 step 1920/2000: loss=0.2364
semantic-head_2shot_seed3407 step 1940/2000: loss=0.2895
semantic-head_2shot_seed3407 step 1960/2000: loss=0.8680
semantic-head_2shot_seed3407 step 1980/2000: loss=0.2293
semantic-head_2shot_seed3407 step 2000/2000: loss=0.2166
/root/miniconda3/lib/python3.12/site-packages/torch/nn/modules/conv.py:456: UserWarning: Plan failed with a cudnnException: CUDNN_BACKEND_EXECUTION_PLAN_DESCRIPTOR: cudnnFinalize Descriptor Failed cudnn_status: CUDNN_STATUS_NOT_SUPPORTED (Triggered internally at ../aten/src/ATen/native/cudnn/Conv_v8.cpp:919.)
  return F.conv2d(input, weight, bias, self.stride,
semantic-head_2shot_seed3407 evaluation 100/1599
semantic-head_2shot_seed3407 evaluation 200/1599
semantic-head_2shot_seed3407 evaluation 300/1599
semantic-head_2shot_seed3407 evaluation 400/1599
semantic-head_2shot_seed3407 evaluation 500/1599
semantic-head_2shot_seed3407 evaluation 600/1599
semantic-head_2shot_seed3407 evaluation 700/1599
semantic-head_2shot_seed3407 evaluation 800/1599
semantic-head_2shot_seed3407 evaluation 900/1599
semantic-head_2shot_seed3407 evaluation 1000/1599
semantic-head_2shot_seed3407 evaluation 1100/1599
semantic-head_2shot_seed3407 evaluation 1200/1599
semantic-head_2shot_seed3407 evaluation 1300/1599
semantic-head_2shot_seed3407 evaluation 1400/1599
semantic-head_2shot_seed3407 evaluation 1500/1599
{"signature": "75c7a2d0a385861d7d1a2d91beaf3c77b85ee2794e851ca4854fbc326f507ba3", "mode": "semantic-head", "shots_per_class": 2, "seed": 3407, "support_images": 14, "evaluation_images": 1599, "metrics": {"mIoU": 0.534557099562775, "per_class_iou": {"background": 0.5315199730186765, "building": 0.6125150755914924, "road": 0.5523799007370254, "water": 0.7105604189179491, "barren": 0.3523521991873272, "forest": 0.4074758276877171, "agriculture": 0.5750963017992371}, "pixel_accuracy": 0.7106997459568927, "confusion": [[439889409, 50193184, 21253857, 21393085, 13982471, 23293971, 25596754], [6344374, 106950281, 599943, 169812, 412876, 945907, 788166], [13385053, 915852, 56002053, 84736, 1646778, 1615134, 704284], [21001995, 163284, 376672, 157403371, 1927332, 2542278, 4769670], [20146201, 802299, 938654, 2565743, 33546856, 573541, 9198337], [39968300, 765242, 757613, 954568, 974992, 66010796, 6670707], [131157892, 5557186, 3102591, 8167492, 8492226, 16926244, 299295903]]}}
DONE semantic_head_2000 K=2 seed=3407

START semantic_head_2000 K=5 seed=3407
{
  "support_images": {
    "0": 0,
    "1": 7,
    "2": 14,
    "5": 35,
    "10": 70
  },
  "evaluation_images": 1599,
  "protocol_sha256": "8184bef3aae39e2b9f01cd79a90782318f436744d14c43f108c76f56fc527ec5"
}
semantic-head_5shot_seed3407 step 20/2000: loss=0.1966
semantic-head_5shot_seed3407 step 40/2000: loss=2.5833
semantic-head_5shot_seed3407 step 60/2000: loss=1.0325
semantic-head_5shot_seed3407 step 80/2000: loss=0.4623
semantic-head_5shot_seed3407 step 100/2000: loss=0.0320
semantic-head_5shot_seed3407 step 120/2000: loss=0.9652
semantic-head_5shot_seed3407 step 140/2000: loss=0.1846
semantic-head_5shot_seed3407 step 160/2000: loss=0.7864
semantic-head_5shot_seed3407 step 180/2000: loss=0.9804
semantic-head_5shot_seed3407 step 200/2000: loss=0.8074
semantic-head_5shot_seed3407 step 220/2000: loss=0.9173
semantic-head_5shot_seed3407 step 240/2000: loss=1.0175
semantic-head_5shot_seed3407 step 260/2000: loss=0.3589
semantic-head_5shot_seed3407 step 280/2000: loss=1.3625
semantic-head_5shot_seed3407 step 300/2000: loss=0.4068
semantic-head_5shot_seed3407 step 320/2000: loss=0.5389
semantic-head_5shot_seed3407 step 340/2000: loss=0.8297
semantic-head_5shot_seed3407 step 360/2000: loss=0.5186
semantic-head_5shot_seed3407 step 380/2000: loss=0.8049
semantic-head_5shot_seed3407 step 400/2000: loss=0.1622
semantic-head_5shot_seed3407 step 420/2000: loss=0.0100
semantic-head_5shot_seed3407 step 440/2000: loss=0.1334
semantic-head_5shot_seed3407 step 460/2000: loss=1.1403
semantic-head_5shot_seed3407 step 480/2000: loss=0.8280
semantic-head_5shot_seed3407 step 500/2000: loss=1.7922
semantic-head_5shot_seed3407 step 520/2000: loss=0.5932
semantic-head_5shot_seed3407 step 540/2000: loss=0.4284
semantic-head_5shot_seed3407 step 560/2000: loss=0.0836
semantic-head_5shot_seed3407 step 580/2000: loss=0.4330
semantic-head_5shot_seed3407 step 600/2000: loss=0.0983
semantic-head_5shot_seed3407 step 620/2000: loss=0.4773
semantic-head_5shot_seed3407 step 640/2000: loss=1.1185
semantic-head_5shot_seed3407 step 660/2000: loss=1.1627
semantic-head_5shot_seed3407 step 680/2000: loss=0.4906
semantic-head_5shot_seed3407 step 700/2000: loss=0.4994
semantic-head_5shot_seed3407 step 720/2000: loss=0.3968
semantic-head_5shot_seed3407 step 740/2000: loss=0.0503
semantic-head_5shot_seed3407 step 760/2000: loss=0.4910
semantic-head_5shot_seed3407 step 780/2000: loss=0.3059
semantic-head_5shot_seed3407 step 800/2000: loss=0.2107
semantic-head_5shot_seed3407 step 820/2000: loss=0.4125
semantic-head_5shot_seed3407 step 840/2000: loss=0.9319
semantic-head_5shot_seed3407 step 860/2000: loss=0.2600
semantic-head_5shot_seed3407 step 880/2000: loss=0.5297
semantic-head_5shot_seed3407 step 900/2000: loss=0.4112
semantic-head_5shot_seed3407 step 920/2000: loss=0.1845
semantic-head_5shot_seed3407 step 940/2000: loss=0.6591
semantic-head_5shot_seed3407 step 960/2000: loss=0.7532
semantic-head_5shot_seed3407 step 980/2000: loss=0.5594
semantic-head_5shot_seed3407 step 1000/2000: loss=0.2809
semantic-head_5shot_seed3407 step 1020/2000: loss=1.1192
semantic-head_5shot_seed3407 step 1040/2000: loss=0.3590
semantic-head_5shot_seed3407 step 1060/2000: loss=0.4650
semantic-head_5shot_seed3407 step 1080/2000: loss=0.8465
semantic-head_5shot_seed3407 step 1100/2000: loss=0.2384
semantic-head_5shot_seed3407 step 1120/2000: loss=0.4206
semantic-head_5shot_seed3407 step 1140/2000: loss=2.1266
semantic-head_5shot_seed3407 step 1160/2000: loss=0.3469
semantic-head_5shot_seed3407 step 1180/2000: loss=0.2979
semantic-head_5shot_seed3407 step 1200/2000: loss=1.4030
semantic-head_5shot_seed3407 step 1220/2000: loss=0.6285
semantic-head_5shot_seed3407 step 1240/2000: loss=1.2875
semantic-head_5shot_seed3407 step 1260/2000: loss=1.0614
semantic-head_5shot_seed3407 step 1280/2000: loss=0.0666
semantic-head_5shot_seed3407 step 1300/2000: loss=0.0054
semantic-head_5shot_seed3407 step 1320/2000: loss=0.3179
semantic-head_5shot_seed3407 step 1340/2000: loss=0.8385
semantic-head_5shot_seed3407 step 1360/2000: loss=0.2114
semantic-head_5shot_seed3407 step 1380/2000: loss=0.2006
semantic-head_5shot_seed3407 step 1400/2000: loss=1.7491
semantic-head_5shot_seed3407 step 1420/2000: loss=0.7826
semantic-head_5shot_seed3407 step 1440/2000: loss=0.7151
semantic-head_5shot_seed3407 step 1460/2000: loss=1.1212
semantic-head_5shot_seed3407 step 1480/2000: loss=1.4944
semantic-head_5shot_seed3407 step 1500/2000: loss=0.0133
semantic-head_5shot_seed3407 step 1520/2000: loss=0.6096
semantic-head_5shot_seed3407 step 1540/2000: loss=0.5776
semantic-head_5shot_seed3407 step 1560/2000: loss=0.0923
semantic-head_5shot_seed3407 step 1580/2000: loss=0.5211
semantic-head_5shot_seed3407 step 1600/2000: loss=0.0027
semantic-head_5shot_seed3407 step 1620/2000: loss=0.8189
semantic-head_5shot_seed3407 step 1640/2000: loss=1.4271
semantic-head_5shot_seed3407 step 1660/2000: loss=0.1859
semantic-head_5shot_seed3407 step 1680/2000: loss=1.0404
semantic-head_5shot_seed3407 step 1700/2000: loss=0.6499
semantic-head_5shot_seed3407 step 1720/2000: loss=0.0135
semantic-head_5shot_seed3407 step 1740/2000: loss=0.6419
semantic-head_5shot_seed3407 step 1760/2000: loss=0.1161
semantic-head_5shot_seed3407 step 1780/2000: loss=0.4924
semantic-head_5shot_seed3407 step 1800/2000: loss=0.0827
semantic-head_5shot_seed3407 step 1820/2000: loss=0.0955
semantic-head_5shot_seed3407 step 1840/2000: loss=0.7446
semantic-head_5shot_seed3407 step 1860/2000: loss=0.9156
semantic-head_5shot_seed3407 step 1880/2000: loss=0.1334
semantic-head_5shot_seed3407 step 1900/2000: loss=0.4191
semantic-head_5shot_seed3407 step 1920/2000: loss=0.8145
semantic-head_5shot_seed3407 step 1940/2000: loss=0.4168
semantic-head_5shot_seed3407 step 1960/2000: loss=0.1577
semantic-head_5shot_seed3407 step 1980/2000: loss=0.3010
semantic-head_5shot_seed3407 step 2000/2000: loss=0.5363
/root/miniconda3/lib/python3.12/site-packages/torch/nn/modules/conv.py:456: UserWarning: Plan failed with a cudnnException: CUDNN_BACKEND_EXECUTION_PLAN_DESCRIPTOR: cudnnFinalize Descriptor Failed cudnn_status: CUDNN_STATUS_NOT_SUPPORTED (Triggered internally at ../aten/src/ATen/native/cudnn/Conv_v8.cpp:919.)
  return F.conv2d(input, weight, bias, self.stride,
semantic-head_5shot_seed3407 evaluation 100/1599
semantic-head_5shot_seed3407 evaluation 200/1599
semantic-head_5shot_seed3407 evaluation 300/1599
semantic-head_5shot_seed3407 evaluation 400/1599
semantic-head_5shot_seed3407 evaluation 500/1599
semantic-head_5shot_seed3407 evaluation 600/1599
semantic-head_5shot_seed3407 evaluation 700/1599
semantic-head_5shot_seed3407 evaluation 800/1599
semantic-head_5shot_seed3407 evaluation 900/1599
semantic-head_5shot_seed3407 evaluation 1000/1599
semantic-head_5shot_seed3407 evaluation 1100/1599
semantic-head_5shot_seed3407 evaluation 1200/1599
semantic-head_5shot_seed3407 evaluation 1300/1599
semantic-head_5shot_seed3407 evaluation 1400/1599
semantic-head_5shot_seed3407 evaluation 1500/1599
{"signature": "3cf5467545c12c3bb108374355322d8857e8f1543c11ec0f6b2fc010eac1aebf", "mode": "semantic-head", "shots_per_class": 5, "seed": 3407, "support_images": 35, "evaluation_images": 1599, "metrics": {"mIoU": 0.5374080652843123, "per_class_iou": {"background": 0.5411288139070421, "building": 0.6455982549846498, "road": 0.5466224859825122, "water": 0.7046661457476624, "barren": 0.3359106600698682, "forest": 0.4068978904095212, "agriculture": 0.5810322058889302}, "pixel_accuracy": 0.7166514606320588, "confusion": [[447220523, 38424322, 22929167, 25553095, 10444322, 21999013, 29032289], [9348754, 103791160, 688969, 181789, 340219, 960664, 899804], [13251661, 631211, 56622515, 109837, 1378274, 1543542, 816850], [18177931, 126548, 422273, 160212699, 1443959, 2346651, 5454541], [21510528, 712639, 1055639, 3205308, 29750804, 552295, 10984418], [40379225, 511050, 853295, 1175614, 628530, 64396183, 8158321], [128187698, 4150282, 3282910, 8949477, 6560674, 14756902, 306811591]]}}
DONE semantic_head_2000 K=5 seed=3407

START semantic_head_2000 K=10 seed=3407
{
  "support_images": {
    "0": 0,
    "1": 7,
    "2": 14,
    "5": 35,
    "10": 70
  },
  "evaluation_images": 1599,
  "protocol_sha256": "8184bef3aae39e2b9f01cd79a90782318f436744d14c43f108c76f56fc527ec5"
}
semantic-head_10shot_seed3407 step 20/2000: loss=0.7291
semantic-head_10shot_seed3407 step 40/2000: loss=0.8289
semantic-head_10shot_seed3407 step 60/2000: loss=1.4596
semantic-head_10shot_seed3407 step 80/2000: loss=0.1678
semantic-head_10shot_seed3407 step 100/2000: loss=0.0900
semantic-head_10shot_seed3407 step 120/2000: loss=0.3952
semantic-head_10shot_seed3407 step 140/2000: loss=0.0611
semantic-head_10shot_seed3407 step 160/2000: loss=1.0727
semantic-head_10shot_seed3407 step 180/2000: loss=0.9393
semantic-head_10shot_seed3407 step 200/2000: loss=0.4124
semantic-head_10shot_seed3407 step 220/2000: loss=1.0316
semantic-head_10shot_seed3407 step 240/2000: loss=1.0373
semantic-head_10shot_seed3407 step 260/2000: loss=1.0996
semantic-head_10shot_seed3407 step 280/2000: loss=1.1351
semantic-head_10shot_seed3407 step 300/2000: loss=0.4244
semantic-head_10shot_seed3407 step 320/2000: loss=0.5919
semantic-head_10shot_seed3407 step 340/2000: loss=2.2601
semantic-head_10shot_seed3407 step 360/2000: loss=0.2738
semantic-head_10shot_seed3407 step 380/2000: loss=0.2532
semantic-head_10shot_seed3407 step 400/2000: loss=0.6722
semantic-head_10shot_seed3407 step 420/2000: loss=0.5056
semantic-head_10shot_seed3407 step 440/2000: loss=0.8883
semantic-head_10shot_seed3407 step 460/2000: loss=1.1784
semantic-head_10shot_seed3407 step 480/2000: loss=0.5593
semantic-head_10shot_seed3407 step 500/2000: loss=0.6468
semantic-head_10shot_seed3407 step 520/2000: loss=0.2728
semantic-head_10shot_seed3407 step 540/2000: loss=0.4905
semantic-head_10shot_seed3407 step 560/2000: loss=0.4986
semantic-head_10shot_seed3407 step 580/2000: loss=2.3601
semantic-head_10shot_seed3407 step 600/2000: loss=0.5436
semantic-head_10shot_seed3407 step 620/2000: loss=0.4297
semantic-head_10shot_seed3407 step 640/2000: loss=1.0876
semantic-head_10shot_seed3407 step 660/2000: loss=0.4295
semantic-head_10shot_seed3407 step 680/2000: loss=0.2869
semantic-head_10shot_seed3407 step 700/2000: loss=0.1824
semantic-head_10shot_seed3407 step 720/2000: loss=0.4611
semantic-head_10shot_seed3407 step 740/2000: loss=0.4115
semantic-head_10shot_seed3407 step 760/2000: loss=1.2937
semantic-head_10shot_seed3407 step 780/2000: loss=0.4919
semantic-head_10shot_seed3407 step 800/2000: loss=0.2709
semantic-head_10shot_seed3407 step 820/2000: loss=0.3502
semantic-head_10shot_seed3407 step 840/2000: loss=0.4372
semantic-head_10shot_seed3407 step 860/2000: loss=0.1993
semantic-head_10shot_seed3407 step 880/2000: loss=0.3069
semantic-head_10shot_seed3407 step 900/2000: loss=0.6924
semantic-head_10shot_seed3407 step 920/2000: loss=0.2427
semantic-head_10shot_seed3407 step 940/2000: loss=1.0907
semantic-head_10shot_seed3407 step 960/2000: loss=0.3469
semantic-head_10shot_seed3407 step 980/2000: loss=0.3221
semantic-head_10shot_seed3407 step 1000/2000: loss=1.6791
semantic-head_10shot_seed3407 step 1020/2000: loss=0.4667
semantic-head_10shot_seed3407 step 1040/2000: loss=0.8949
semantic-head_10shot_seed3407 step 1060/2000: loss=0.6526
semantic-head_10shot_seed3407 step 1080/2000: loss=1.1982
semantic-head_10shot_seed3407 step 1100/2000: loss=0.3978
semantic-head_10shot_seed3407 step 1120/2000: loss=0.3334
semantic-head_10shot_seed3407 step 1140/2000: loss=0.7815
semantic-head_10shot_seed3407 step 1160/2000: loss=1.0398
semantic-head_10shot_seed3407 step 1180/2000: loss=0.6440
semantic-head_10shot_seed3407 step 1200/2000: loss=0.5839
semantic-head_10shot_seed3407 step 1220/2000: loss=1.3092
semantic-head_10shot_seed3407 step 1240/2000: loss=0.5032
semantic-head_10shot_seed3407 step 1260/2000: loss=1.4834
semantic-head_10shot_seed3407 step 1280/2000: loss=0.2353
semantic-head_10shot_seed3407 step 1300/2000: loss=0.2448
semantic-head_10shot_seed3407 step 1320/2000: loss=0.5755
semantic-head_10shot_seed3407 step 1340/2000: loss=1.1152
semantic-head_10shot_seed3407 step 1360/2000: loss=0.2939
semantic-head_10shot_seed3407 step 1380/2000: loss=0.6439
semantic-head_10shot_seed3407 step 1400/2000: loss=0.4190
semantic-head_10shot_seed3407 step 1420/2000: loss=0.2229
semantic-head_10shot_seed3407 step 1440/2000: loss=0.6431
semantic-head_10shot_seed3407 step 1460/2000: loss=0.9484
semantic-head_10shot_seed3407 step 1480/2000: loss=0.4112
semantic-head_10shot_seed3407 step 1500/2000: loss=0.4581
semantic-head_10shot_seed3407 step 1520/2000: loss=0.3061
semantic-head_10shot_seed3407 step 1540/2000: loss=0.7418
semantic-head_10shot_seed3407 step 1560/2000: loss=0.3436
semantic-head_10shot_seed3407 step 1580/2000: loss=0.5366
semantic-head_10shot_seed3407 step 1600/2000: loss=0.2868
semantic-head_10shot_seed3407 step 1620/2000: loss=0.4078
semantic-head_10shot_seed3407 step 1640/2000: loss=1.0294
semantic-head_10shot_seed3407 step 1660/2000: loss=0.5852
semantic-head_10shot_seed3407 step 1680/2000: loss=0.5979
semantic-head_10shot_seed3407 step 1700/2000: loss=0.4334
semantic-head_10shot_seed3407 step 1720/2000: loss=0.1232
semantic-head_10shot_seed3407 step 1740/2000: loss=1.0901
semantic-head_10shot_seed3407 step 1760/2000: loss=0.7051
semantic-head_10shot_seed3407 step 1780/2000: loss=1.0913
semantic-head_10shot_seed3407 step 1800/2000: loss=0.1447
semantic-head_10shot_seed3407 step 1820/2000: loss=0.2574
semantic-head_10shot_seed3407 step 1840/2000: loss=0.1868
semantic-head_10shot_seed3407 step 1860/2000: loss=0.1759
semantic-head_10shot_seed3407 step 1880/2000: loss=0.4046
semantic-head_10shot_seed3407 step 1900/2000: loss=1.6343
semantic-head_10shot_seed3407 step 1920/2000: loss=1.0671
semantic-head_10shot_seed3407 step 1940/2000: loss=0.7380
semantic-head_10shot_seed3407 step 1960/2000: loss=1.3199
semantic-head_10shot_seed3407 step 1980/2000: loss=0.3709
semantic-head_10shot_seed3407 step 2000/2000: loss=0.4271
/root/miniconda3/lib/python3.12/site-packages/torch/nn/modules/conv.py:456: UserWarning: Plan failed with a cudnnException: CUDNN_BACKEND_EXECUTION_PLAN_DESCRIPTOR: cudnnFinalize Descriptor Failed cudnn_status: CUDNN_STATUS_NOT_SUPPORTED (Triggered internally at ../aten/src/ATen/native/cudnn/Conv_v8.cpp:919.)
  return F.conv2d(input, weight, bias, self.stride,
semantic-head_10shot_seed3407 evaluation 100/1599
semantic-head_10shot_seed3407 evaluation 200/1599
semantic-head_10shot_seed3407 evaluation 300/1599
semantic-head_10shot_seed3407 evaluation 400/1599
semantic-head_10shot_seed3407 evaluation 500/1599
semantic-head_10shot_seed3407 evaluation 600/1599
semantic-head_10shot_seed3407 evaluation 700/1599
semantic-head_10shot_seed3407 evaluation 800/1599
semantic-head_10shot_seed3407 evaluation 900/1599
semantic-head_10shot_seed3407 evaluation 1000/1599
semantic-head_10shot_seed3407 evaluation 1100/1599
semantic-head_10shot_seed3407 evaluation 1200/1599
semantic-head_10shot_seed3407 evaluation 1300/1599
semantic-head_10shot_seed3407 evaluation 1400/1599
semantic-head_10shot_seed3407 evaluation 1500/1599
{"signature": "f52158c0cbd93fa79af36b4cfdd639010a1da1bca3e5c8792622bce71e9b6eb5", "mode": "semantic-head", "shots_per_class": 10, "seed": 3407, "support_images": 70, "evaluation_images": 1599, "metrics": {"mIoU": 0.5399135476845607, "per_class_iou": {"background": 0.5425771185240288, "building": 0.6523230690211332, "road": 0.5533313349056181, "water": 0.6947302280452802, "barren": 0.348350815707043, "forest": 0.4081620032424178, "agriculture": 0.5799202643464043}, "pixel_accuracy": 0.7169081835054358, "confusion": [[445243773, 35362898, 20808414, 29356589, 12717682, 23777651, 28335724], [10458282, 102651793, 612222, 189992, 385002, 1028860, 885208], [13820923, 557592, 55882441, 135359, 1532466, 1613348, 811761], [15927460, 118805, 392467, 162338494, 1717723, 2651601, 5038052], [19339728, 668779, 958547, 3889355, 32348025, 585193, 9982004], [38789444, 427801, 764961, 1372142, 890646, 65876311, 7980913], [126670628, 4016192, 3102227, 10543230, 7845333, 15638590, 304883334]]}}
DONE semantic_head_2000 K=10 seed=3407
ALL_DONE
