Unified stdout/stderr log: /root/autodl-tmp/work_dirs/mathseg_fewshot_20260922/loveda/m3/grid_20260922_143027_503330.log

START adapter_200 K=1 seed=3407
{
  "support_images": {
    "0": 0,
    "1": 7,
    "2": 14,
    "5": 35,
    "10": 70
  },
  "evaluation_images": 1599,
  "protocol_sha256": "8184bef3aae39e2b9f01cd79a90782318f436744d14c43f108c76f56fc527ec5"
}
adapter_1shot_seed3407 step 20/200: loss=0.2941
adapter_1shot_seed3407 step 40/200: loss=0.2685
adapter_1shot_seed3407 step 60/200: loss=0.2719
adapter_1shot_seed3407 step 80/200: loss=0.1662
adapter_1shot_seed3407 step 100/200: loss=0.2420
adapter_1shot_seed3407 step 120/200: loss=0.3744
adapter_1shot_seed3407 step 140/200: loss=0.1230
adapter_1shot_seed3407 step 160/200: loss=0.1225
adapter_1shot_seed3407 step 180/200: loss=0.2615
adapter_1shot_seed3407 step 200/200: loss=0.1030
/root/miniconda3/lib/python3.12/site-packages/torch/nn/modules/conv.py:456: UserWarning: Plan failed with a cudnnException: CUDNN_BACKEND_EXECUTION_PLAN_DESCRIPTOR: cudnnFinalize Descriptor Failed cudnn_status: CUDNN_STATUS_NOT_SUPPORTED (Triggered internally at ../aten/src/ATen/native/cudnn/Conv_v8.cpp:919.)
  return F.conv2d(input, weight, bias, self.stride,
adapter_1shot_seed3407 evaluation 100/1599
adapter_1shot_seed3407 evaluation 200/1599
adapter_1shot_seed3407 evaluation 300/1599
adapter_1shot_seed3407 evaluation 400/1599
adapter_1shot_seed3407 evaluation 500/1599
adapter_1shot_seed3407 evaluation 600/1599
adapter_1shot_seed3407 evaluation 700/1599
adapter_1shot_seed3407 evaluation 800/1599
adapter_1shot_seed3407 evaluation 900/1599
adapter_1shot_seed3407 evaluation 1000/1599
adapter_1shot_seed3407 evaluation 1100/1599
adapter_1shot_seed3407 evaluation 1200/1599
adapter_1shot_seed3407 evaluation 1300/1599
adapter_1shot_seed3407 evaluation 1400/1599
adapter_1shot_seed3407 evaluation 1500/1599
{"signature": "93fb1339d88a2b5748f97f858ced943c352625660d48bcec6f82eec99158a15b", "mode": "adapter", "shots_per_class": 1, "seed": 3407, "support_images": 7, "evaluation_images": 1599, "metrics": {"mIoU": 0.5330492998833202, "per_class_iou": {"background": 0.5517065260657479, "building": 0.6617878397981058, "road": 0.5528545056708147, "water": 0.7066673097698916, "barren": 0.3705926013967884, "forest": 0.3741600333039512, "agriculture": 0.5135762831779423}, "pixel_accuracy": 0.7041056802354606, "confusion": [[490393109, 30740957, 17772172, 14261439, 10612031, 24351527, 7471496], [13376218, 100639225, 296665, 159432, 352659, 879887, 507273], [16333944, 428530, 54659219, 70162, 1573747, 976802, 311486], [30280233, 107707, 422007, 149764516, 2039599, 3473931, 2096609], [25379628, 554408, 1053869, 1739217, 34260361, 1266037, 3518111], [42718005, 758070, 1361327, 747938, 566941, 67419908, 2530029], [165175125, 3270704, 3607346, 6767936, 9530896, 33139629, 251207898]]}}
DONE adapter_200 K=1 seed=3407

START adapter_200 K=2 seed=3407
{
  "support_images": {
    "0": 0,
    "1": 7,
    "2": 14,
    "5": 35,
    "10": 70
  },
  "evaluation_images": 1599,
  "protocol_sha256": "8184bef3aae39e2b9f01cd79a90782318f436744d14c43f108c76f56fc527ec5"
}
adapter_2shot_seed3407 step 20/200: loss=1.8445
adapter_2shot_seed3407 step 40/200: loss=0.3536
adapter_2shot_seed3407 step 60/200: loss=0.3744
adapter_2shot_seed3407 step 80/200: loss=0.3194
adapter_2shot_seed3407 step 100/200: loss=0.2736
adapter_2shot_seed3407 step 120/200: loss=0.2714
adapter_2shot_seed3407 step 140/200: loss=0.2947
adapter_2shot_seed3407 step 160/200: loss=0.3235
adapter_2shot_seed3407 step 180/200: loss=0.3021
adapter_2shot_seed3407 step 200/200: loss=0.1865
/root/miniconda3/lib/python3.12/site-packages/torch/nn/modules/conv.py:456: UserWarning: Plan failed with a cudnnException: CUDNN_BACKEND_EXECUTION_PLAN_DESCRIPTOR: cudnnFinalize Descriptor Failed cudnn_status: CUDNN_STATUS_NOT_SUPPORTED (Triggered internally at ../aten/src/ATen/native/cudnn/Conv_v8.cpp:919.)
  return F.conv2d(input, weight, bias, self.stride,
adapter_2shot_seed3407 evaluation 100/1599
adapter_2shot_seed3407 evaluation 200/1599
adapter_2shot_seed3407 evaluation 300/1599
adapter_2shot_seed3407 evaluation 400/1599
adapter_2shot_seed3407 evaluation 500/1599
adapter_2shot_seed3407 evaluation 600/1599
adapter_2shot_seed3407 evaluation 700/1599
adapter_2shot_seed3407 evaluation 800/1599
adapter_2shot_seed3407 evaluation 900/1599
adapter_2shot_seed3407 evaluation 1000/1599
adapter_2shot_seed3407 evaluation 1100/1599
adapter_2shot_seed3407 evaluation 1200/1599
adapter_2shot_seed3407 evaluation 1300/1599
adapter_2shot_seed3407 evaluation 1400/1599
adapter_2shot_seed3407 evaluation 1500/1599
{"signature": "f8294ecd5137d9a94fa8b236f546a4b714cb97d8a139a9f171f7bf8ce9a92e1c", "mode": "adapter", "shots_per_class": 2, "seed": 3407, "support_images": 14, "evaluation_images": 1599, "metrics": {"mIoU": 0.5225746347614754, "per_class_iou": {"background": 0.5281529190383799, "building": 0.5947534143370625, "road": 0.5277229977036502, "water": 0.7092024700775307, "barren": 0.3849120722942435, "forest": 0.3712014111024218, "agriculture": 0.5420771587770391}, "pixel_accuracy": 0.6981198003062021, "confusion": [[443369273, 53265242, 26396927, 20057282, 16589814, 21261947, 14662246], [5851320, 107428227, 747713, 171642, 425820, 1020112, 566525], [12472279, 914672, 57057791, 102676, 1783367, 1425072, 598033], [23442318, 180706, 488629, 155489053, 2290784, 2531748, 3761364], [17058394, 921528, 1308328, 2250755, 39609637, 932956, 5690033], [44290305, 875045, 886461, 1052322, 1293126, 63294638, 4410321], [140754058, 8257947, 3938773, 7425661, 12751134, 27238871, 272333090]]}}
DONE adapter_200 K=2 seed=3407

START adapter_200 K=5 seed=3407
{
  "support_images": {
    "0": 0,
    "1": 7,
    "2": 14,
    "5": 35,
    "10": 70
  },
  "evaluation_images": 1599,
  "protocol_sha256": "8184bef3aae39e2b9f01cd79a90782318f436744d14c43f108c76f56fc527ec5"
}
adapter_5shot_seed3407 step 20/200: loss=0.1577
adapter_5shot_seed3407 step 40/200: loss=1.9760
adapter_5shot_seed3407 step 60/200: loss=0.9164
adapter_5shot_seed3407 step 80/200: loss=0.3911
adapter_5shot_seed3407 step 100/200: loss=0.0378
adapter_5shot_seed3407 step 120/200: loss=0.6315
adapter_5shot_seed3407 step 140/200: loss=0.0950
adapter_5shot_seed3407 step 160/200: loss=0.5470
adapter_5shot_seed3407 step 180/200: loss=0.5370
adapter_5shot_seed3407 step 200/200: loss=0.4288
/root/miniconda3/lib/python3.12/site-packages/torch/nn/modules/conv.py:456: UserWarning: Plan failed with a cudnnException: CUDNN_BACKEND_EXECUTION_PLAN_DESCRIPTOR: cudnnFinalize Descriptor Failed cudnn_status: CUDNN_STATUS_NOT_SUPPORTED (Triggered internally at ../aten/src/ATen/native/cudnn/Conv_v8.cpp:919.)
  return F.conv2d(input, weight, bias, self.stride,
adapter_5shot_seed3407 evaluation 100/1599
adapter_5shot_seed3407 evaluation 200/1599
adapter_5shot_seed3407 evaluation 300/1599
adapter_5shot_seed3407 evaluation 400/1599
adapter_5shot_seed3407 evaluation 500/1599
adapter_5shot_seed3407 evaluation 600/1599
adapter_5shot_seed3407 evaluation 700/1599
adapter_5shot_seed3407 evaluation 800/1599
adapter_5shot_seed3407 evaluation 900/1599
adapter_5shot_seed3407 evaluation 1000/1599
adapter_5shot_seed3407 evaluation 1100/1599
adapter_5shot_seed3407 evaluation 1200/1599
adapter_5shot_seed3407 evaluation 1300/1599
adapter_5shot_seed3407 evaluation 1400/1599
adapter_5shot_seed3407 evaluation 1500/1599
{"signature": "363d0c9e2db3c5b3b42ad38401505ec074c97d22abaa2acd686c869a88c2c39e", "mode": "adapter", "shots_per_class": 5, "seed": 3407, "support_images": 35, "evaluation_images": 1599, "metrics": {"mIoU": 0.5343738634218124, "per_class_iou": {"background": 0.5284484097320078, "building": 0.6377809636010041, "road": 0.5261638556829901, "water": 0.7069477524445877, "barren": 0.376999357570666, "forest": 0.3977811605189698, "agriculture": 0.5664955444024619}, "pixel_accuracy": 0.7076051339951535, "confusion": [[435566576, 41381110, 33812042, 23901163, 19598273, 20637534, 20706033], [8114332, 104884466, 1071579, 164346, 475308, 845350, 655978], [8437332, 633100, 61281786, 77315, 1904547, 1380376, 639434], [19514676, 142145, 609245, 156081707, 2845518, 2268370, 6722941], [14820692, 758236, 1343058, 1822186, 39993322, 713681, 8320456], [41112330, 498564, 1205396, 826250, 1306217, 62669927, 8483534], [136634612, 4827660, 4073805, 5806659, 12181769, 15601227, 293573802]]}}
DONE adapter_200 K=5 seed=3407

START adapter_200 K=10 seed=3407
{
  "support_images": {
    "0": 0,
    "1": 7,
    "2": 14,
    "5": 35,
    "10": 70
  },
  "evaluation_images": 1599,
  "protocol_sha256": "8184bef3aae39e2b9f01cd79a90782318f436744d14c43f108c76f56fc527ec5"
}
adapter_10shot_seed3407 step 20/200: loss=0.5768
adapter_10shot_seed3407 step 40/200: loss=0.6342
adapter_10shot_seed3407 step 60/200: loss=1.0383
adapter_10shot_seed3407 step 80/200: loss=0.3312
adapter_10shot_seed3407 step 100/200: loss=0.1582
adapter_10shot_seed3407 step 120/200: loss=0.3010
adapter_10shot_seed3407 step 140/200: loss=0.0770
adapter_10shot_seed3407 step 160/200: loss=0.7863
adapter_10shot_seed3407 step 180/200: loss=0.6064
adapter_10shot_seed3407 step 200/200: loss=0.5005
/root/miniconda3/lib/python3.12/site-packages/torch/nn/modules/conv.py:456: UserWarning: Plan failed with a cudnnException: CUDNN_BACKEND_EXECUTION_PLAN_DESCRIPTOR: cudnnFinalize Descriptor Failed cudnn_status: CUDNN_STATUS_NOT_SUPPORTED (Triggered internally at ../aten/src/ATen/native/cudnn/Conv_v8.cpp:919.)
  return F.conv2d(input, weight, bias, self.stride,
adapter_10shot_seed3407 evaluation 100/1599
adapter_10shot_seed3407 evaluation 200/1599
adapter_10shot_seed3407 evaluation 300/1599
adapter_10shot_seed3407 evaluation 400/1599
adapter_10shot_seed3407 evaluation 500/1599
adapter_10shot_seed3407 evaluation 600/1599
adapter_10shot_seed3407 evaluation 700/1599
adapter_10shot_seed3407 evaluation 800/1599
adapter_10shot_seed3407 evaluation 900/1599
adapter_10shot_seed3407 evaluation 1000/1599
adapter_10shot_seed3407 evaluation 1100/1599
adapter_10shot_seed3407 evaluation 1200/1599
adapter_10shot_seed3407 evaluation 1300/1599
adapter_10shot_seed3407 evaluation 1400/1599
adapter_10shot_seed3407 evaluation 1500/1599
{"signature": "3c3c6297fdb954f20aefaeb9432bfd53949c6de4b338de5524bbc282339d82a8", "mode": "adapter", "shots_per_class": 10, "seed": 3407, "support_images": 70, "evaluation_images": 1599, "metrics": {"mIoU": 0.5447183611005973, "per_class_iou": {"background": 0.5420041056987829, "building": 0.6558882966746873, "road": 0.5362108726619326, "water": 0.6988130532445361, "barren": 0.3929077208114162, "forest": 0.42003278796286586, "agriculture": 0.5671716906499605}, "pixel_accuracy": 0.7149614256095309, "confusion": [[443550829, 32754626, 26430700, 27993268, 21759974, 21849925, 21263409], [11435008, 101690028, 920910, 172242, 601421, 616377, 775373], [11788587, 466299, 57738820, 110567, 2318789, 1171583, 759245], [16876704, 109063, 479351, 160055032, 2932644, 2256362, 5475446], [12699072, 534146, 972033, 2601691, 44284087, 416986, 6263616], [36486671, 560496, 994700, 1133493, 1704254, 65559419, 9663185], [133464491, 4405698, 3527732, 8842549, 15619907, 13668219, 293170938]]}}
DONE adapter_200 K=10 seed=3407

START adapter_2000 K=1 seed=3407
{
  "support_images": {
    "0": 0,
    "1": 7,
    "2": 14,
    "5": 35,
    "10": 70
  },
  "evaluation_images": 1599,
  "protocol_sha256": "8184bef3aae39e2b9f01cd79a90782318f436744d14c43f108c76f56fc527ec5"
}
adapter_1shot_seed3407 step 20/2000: loss=0.2905
adapter_1shot_seed3407 step 40/2000: loss=0.2661
adapter_1shot_seed3407 step 60/2000: loss=0.2701
adapter_1shot_seed3407 step 80/2000: loss=0.1672
adapter_1shot_seed3407 step 100/2000: loss=0.2287
adapter_1shot_seed3407 step 120/2000: loss=0.2013
adapter_1shot_seed3407 step 140/2000: loss=0.1196
adapter_1shot_seed3407 step 160/2000: loss=0.1217
adapter_1shot_seed3407 step 180/2000: loss=0.2076
adapter_1shot_seed3407 step 200/2000: loss=0.0222
adapter_1shot_seed3407 step 220/2000: loss=0.0958
adapter_1shot_seed3407 step 240/2000: loss=0.1380
adapter_1shot_seed3407 step 260/2000: loss=0.1442
adapter_1shot_seed3407 step 280/2000: loss=0.1010
adapter_1shot_seed3407 step 300/2000: loss=0.2007
adapter_1shot_seed3407 step 320/2000: loss=0.2100
adapter_1shot_seed3407 step 340/2000: loss=0.1671
adapter_1shot_seed3407 step 360/2000: loss=0.2383
adapter_1shot_seed3407 step 380/2000: loss=0.1139
adapter_1shot_seed3407 step 400/2000: loss=0.0917
adapter_1shot_seed3407 step 420/2000: loss=0.1689
adapter_1shot_seed3407 step 440/2000: loss=0.1192
adapter_1shot_seed3407 step 460/2000: loss=0.0973
adapter_1shot_seed3407 step 480/2000: loss=0.0010
adapter_1shot_seed3407 step 500/2000: loss=0.0886
adapter_1shot_seed3407 step 520/2000: loss=0.0767
adapter_1shot_seed3407 step 540/2000: loss=0.1652
adapter_1shot_seed3407 step 560/2000: loss=0.1138
adapter_1shot_seed3407 step 580/2000: loss=0.1829
adapter_1shot_seed3407 step 600/2000: loss=0.1045
adapter_1shot_seed3407 step 620/2000: loss=0.0726
adapter_1shot_seed3407 step 640/2000: loss=0.2188
adapter_1shot_seed3407 step 660/2000: loss=0.1240
adapter_1shot_seed3407 step 680/2000: loss=0.0883
adapter_1shot_seed3407 step 700/2000: loss=0.0617
adapter_1shot_seed3407 step 720/2000: loss=0.0730
adapter_1shot_seed3407 step 740/2000: loss=0.1574
adapter_1shot_seed3407 step 760/2000: loss=0.0541
adapter_1shot_seed3407 step 780/2000: loss=0.0334
adapter_1shot_seed3407 step 800/2000: loss=0.0002
adapter_1shot_seed3407 step 820/2000: loss=0.1713
adapter_1shot_seed3407 step 840/2000: loss=0.1462
adapter_1shot_seed3407 step 860/2000: loss=0.1666
adapter_1shot_seed3407 step 880/2000: loss=0.1456
adapter_1shot_seed3407 step 900/2000: loss=0.2600
adapter_1shot_seed3407 step 920/2000: loss=0.1971
adapter_1shot_seed3407 step 940/2000: loss=0.1910
adapter_1shot_seed3407 step 960/2000: loss=0.0938
adapter_1shot_seed3407 step 980/2000: loss=0.0307
adapter_1shot_seed3407 step 1000/2000: loss=0.1046
adapter_1shot_seed3407 step 1020/2000: loss=0.0497
adapter_1shot_seed3407 step 1040/2000: loss=0.0687
adapter_1shot_seed3407 step 1060/2000: loss=0.1634
adapter_1shot_seed3407 step 1080/2000: loss=0.0637
adapter_1shot_seed3407 step 1100/2000: loss=0.0533
adapter_1shot_seed3407 step 1120/2000: loss=0.1714
adapter_1shot_seed3407 step 1140/2000: loss=0.0669
adapter_1shot_seed3407 step 1160/2000: loss=0.0002
adapter_1shot_seed3407 step 1180/2000: loss=0.0819
adapter_1shot_seed3407 step 1200/2000: loss=0.0023
adapter_1shot_seed3407 step 1220/2000: loss=0.0760
adapter_1shot_seed3407 step 1240/2000: loss=0.0150
adapter_1shot_seed3407 step 1260/2000: loss=0.1057
adapter_1shot_seed3407 step 1280/2000: loss=0.0674
adapter_1shot_seed3407 step 1300/2000: loss=0.1148
adapter_1shot_seed3407 step 1320/2000: loss=0.1206
adapter_1shot_seed3407 step 1340/2000: loss=0.0718
adapter_1shot_seed3407 step 1360/2000: loss=0.1064
adapter_1shot_seed3407 step 1380/2000: loss=0.1385
adapter_1shot_seed3407 step 1400/2000: loss=0.0934
adapter_1shot_seed3407 step 1420/2000: loss=0.0491
adapter_1shot_seed3407 step 1440/2000: loss=0.0999
adapter_1shot_seed3407 step 1460/2000: loss=0.0279
adapter_1shot_seed3407 step 1480/2000: loss=0.0618
adapter_1shot_seed3407 step 1500/2000: loss=0.1666
adapter_1shot_seed3407 step 1520/2000: loss=0.0896
adapter_1shot_seed3407 step 1540/2000: loss=0.1023
adapter_1shot_seed3407 step 1560/2000: loss=0.0479
adapter_1shot_seed3407 step 1580/2000: loss=0.1017
adapter_1shot_seed3407 step 1600/2000: loss=0.1023
adapter_1shot_seed3407 step 1620/2000: loss=0.0869
adapter_1shot_seed3407 step 1640/2000: loss=0.1519
adapter_1shot_seed3407 step 1660/2000: loss=0.1037
adapter_1shot_seed3407 step 1680/2000: loss=0.0456
adapter_1shot_seed3407 step 1700/2000: loss=0.0128
adapter_1shot_seed3407 step 1720/2000: loss=0.0796
adapter_1shot_seed3407 step 1740/2000: loss=0.0978
adapter_1shot_seed3407 step 1760/2000: loss=0.0811
adapter_1shot_seed3407 step 1780/2000: loss=0.2293
adapter_1shot_seed3407 step 1800/2000: loss=0.0005
adapter_1shot_seed3407 step 1820/2000: loss=0.0190
adapter_1shot_seed3407 step 1840/2000: loss=0.0009
adapter_1shot_seed3407 step 1860/2000: loss=0.0003
adapter_1shot_seed3407 step 1880/2000: loss=0.0769
adapter_1shot_seed3407 step 1900/2000: loss=0.1006
adapter_1shot_seed3407 step 1920/2000: loss=0.0055
adapter_1shot_seed3407 step 1940/2000: loss=0.0552
adapter_1shot_seed3407 step 1960/2000: loss=0.2455
adapter_1shot_seed3407 step 1980/2000: loss=0.0817
adapter_1shot_seed3407 step 2000/2000: loss=0.0020
/root/miniconda3/lib/python3.12/site-packages/torch/nn/modules/conv.py:456: UserWarning: Plan failed with a cudnnException: CUDNN_BACKEND_EXECUTION_PLAN_DESCRIPTOR: cudnnFinalize Descriptor Failed cudnn_status: CUDNN_STATUS_NOT_SUPPORTED (Triggered internally at ../aten/src/ATen/native/cudnn/Conv_v8.cpp:919.)
  return F.conv2d(input, weight, bias, self.stride,
adapter_1shot_seed3407 evaluation 100/1599
adapter_1shot_seed3407 evaluation 200/1599
adapter_1shot_seed3407 evaluation 300/1599
adapter_1shot_seed3407 evaluation 400/1599
adapter_1shot_seed3407 evaluation 500/1599
adapter_1shot_seed3407 evaluation 600/1599
adapter_1shot_seed3407 evaluation 700/1599
adapter_1shot_seed3407 evaluation 800/1599
adapter_1shot_seed3407 evaluation 900/1599
adapter_1shot_seed3407 evaluation 1000/1599
adapter_1shot_seed3407 evaluation 1100/1599
adapter_1shot_seed3407 evaluation 1200/1599
adapter_1shot_seed3407 evaluation 1300/1599
adapter_1shot_seed3407 evaluation 1400/1599
adapter_1shot_seed3407 evaluation 1500/1599
{"signature": "a706692b4e73917c0591d0b079f2355f3c28b147c164deca8b096496241fd9f2", "mode": "adapter", "shots_per_class": 1, "seed": 3407, "support_images": 7, "evaluation_images": 1599, "metrics": {"mIoU": 0.502826536812372, "per_class_iou": {"background": 0.5499912977223077, "building": 0.6325895941742365, "road": 0.5247440625882888, "water": 0.6817082420080383, "barren": 0.35728695723463416, "forest": 0.3066440522114051, "agriculture": 0.46682155174769374}, "pixel_accuracy": 0.6833633536516784, "confusion": [[515216443, 24755014, 15068640, 10143158, 5454012, 16545343, 8420121], [22337474, 91904211, 286596, 156046, 246039, 651427, 629566], [21222288, 296164, 49830636, 296352, 1333800, 984264, 390386], [40927828, 83443, 250561, 140597283, 1338563, 3099263, 1887661], [30097085, 541504, 842140, 1267109, 31517528, 1074078, 2432187], [52436957, 1692978, 1504919, 434338, 744323, 57545338, 1743365], [174147628, 1702059, 2655045, 5760999, 11325118, 49205087, 227903598]]}}
DONE adapter_2000 K=1 seed=3407

START adapter_2000 K=2 seed=3407
{
  "support_images": {
    "0": 0,
    "1": 7,
    "2": 14,
    "5": 35,
    "10": 70
  },
  "evaluation_images": 1599,
  "protocol_sha256": "8184bef3aae39e2b9f01cd79a90782318f436744d14c43f108c76f56fc527ec5"
}
adapter_2shot_seed3407 step 20/2000: loss=1.8309
adapter_2shot_seed3407 step 40/2000: loss=0.3520
adapter_2shot_seed3407 step 60/2000: loss=0.3641
adapter_2shot_seed3407 step 80/2000: loss=0.3131
adapter_2shot_seed3407 step 100/2000: loss=0.2407
adapter_2shot_seed3407 step 120/2000: loss=0.2580
adapter_2shot_seed3407 step 140/2000: loss=0.2645
adapter_2shot_seed3407 step 160/2000: loss=0.2919
adapter_2shot_seed3407 step 180/2000: loss=0.2885
adapter_2shot_seed3407 step 200/2000: loss=0.1805
adapter_2shot_seed3407 step 220/2000: loss=0.1972
adapter_2shot_seed3407 step 240/2000: loss=0.1501
adapter_2shot_seed3407 step 260/2000: loss=0.1855
adapter_2shot_seed3407 step 280/2000: loss=0.1590
adapter_2shot_seed3407 step 300/2000: loss=0.2072
adapter_2shot_seed3407 step 320/2000: loss=0.2778
adapter_2shot_seed3407 step 340/2000: loss=0.1523
adapter_2shot_seed3407 step 360/2000: loss=0.3421
adapter_2shot_seed3407 step 380/2000: loss=0.1823
adapter_2shot_seed3407 step 400/2000: loss=0.1109
adapter_2shot_seed3407 step 420/2000: loss=0.2493
adapter_2shot_seed3407 step 440/2000: loss=0.0970
adapter_2shot_seed3407 step 460/2000: loss=0.2384
adapter_2shot_seed3407 step 480/2000: loss=0.1764
adapter_2shot_seed3407 step 500/2000: loss=0.3482
adapter_2shot_seed3407 step 520/2000: loss=0.2280
adapter_2shot_seed3407 step 540/2000: loss=0.1963
adapter_2shot_seed3407 step 560/2000: loss=0.1171
adapter_2shot_seed3407 step 580/2000: loss=0.1998
adapter_2shot_seed3407 step 600/2000: loss=0.1562
adapter_2shot_seed3407 step 620/2000: loss=0.1997
adapter_2shot_seed3407 step 640/2000: loss=0.0877
adapter_2shot_seed3407 step 660/2000: loss=0.1442
adapter_2shot_seed3407 step 680/2000: loss=0.1585
adapter_2shot_seed3407 step 700/2000: loss=0.2769
adapter_2shot_seed3407 step 720/2000: loss=0.1548
adapter_2shot_seed3407 step 740/2000: loss=0.2098
adapter_2shot_seed3407 step 760/2000: loss=0.0043
adapter_2shot_seed3407 step 780/2000: loss=0.1672
adapter_2shot_seed3407 step 800/2000: loss=0.1931
adapter_2shot_seed3407 step 820/2000: loss=0.2462
adapter_2shot_seed3407 step 840/2000: loss=0.0970
adapter_2shot_seed3407 step 860/2000: loss=0.2033
adapter_2shot_seed3407 step 880/2000: loss=0.2527
adapter_2shot_seed3407 step 900/2000: loss=0.1523
adapter_2shot_seed3407 step 920/2000: loss=0.1916
adapter_2shot_seed3407 step 940/2000: loss=0.2646
adapter_2shot_seed3407 step 960/2000: loss=0.1921
adapter_2shot_seed3407 step 980/2000: loss=0.0003
adapter_2shot_seed3407 step 1000/2000: loss=0.0682
adapter_2shot_seed3407 step 1020/2000: loss=0.0720
adapter_2shot_seed3407 step 1040/2000: loss=0.2101
adapter_2shot_seed3407 step 1060/2000: loss=0.2185
adapter_2shot_seed3407 step 1080/2000: loss=0.1266
adapter_2shot_seed3407 step 1100/2000: loss=0.1486
adapter_2shot_seed3407 step 1120/2000: loss=0.0679
adapter_2shot_seed3407 step 1140/2000: loss=0.0945
adapter_2shot_seed3407 step 1160/2000: loss=0.1223
adapter_2shot_seed3407 step 1180/2000: loss=0.1887
adapter_2shot_seed3407 step 1200/2000: loss=0.0017
adapter_2shot_seed3407 step 1220/2000: loss=0.1841
adapter_2shot_seed3407 step 1240/2000: loss=0.1479
adapter_2shot_seed3407 step 1260/2000: loss=0.0701
adapter_2shot_seed3407 step 1280/2000: loss=0.1236
adapter_2shot_seed3407 step 1300/2000: loss=0.2246
adapter_2shot_seed3407 step 1320/2000: loss=0.0015
adapter_2shot_seed3407 step 1340/2000: loss=0.1454
adapter_2shot_seed3407 step 1360/2000: loss=0.1742
adapter_2shot_seed3407 step 1380/2000: loss=0.2790
adapter_2shot_seed3407 step 1400/2000: loss=0.1253
adapter_2shot_seed3407 step 1420/2000: loss=0.1148
adapter_2shot_seed3407 step 1440/2000: loss=0.1693
adapter_2shot_seed3407 step 1460/2000: loss=0.1273
adapter_2shot_seed3407 step 1480/2000: loss=0.1004
adapter_2shot_seed3407 step 1500/2000: loss=0.1611
adapter_2shot_seed3407 step 1520/2000: loss=0.3989
adapter_2shot_seed3407 step 1540/2000: loss=0.1902
adapter_2shot_seed3407 step 1560/2000: loss=0.2364
adapter_2shot_seed3407 step 1580/2000: loss=0.1540
adapter_2shot_seed3407 step 1600/2000: loss=0.1900
adapter_2shot_seed3407 step 1620/2000: loss=0.1876
adapter_2shot_seed3407 step 1640/2000: loss=0.2358
adapter_2shot_seed3407 step 1660/2000: loss=0.1194
adapter_2shot_seed3407 step 1680/2000: loss=0.1369
adapter_2shot_seed3407 step 1700/2000: loss=0.1266
adapter_2shot_seed3407 step 1720/2000: loss=0.1567
adapter_2shot_seed3407 step 1740/2000: loss=0.1212
adapter_2shot_seed3407 step 1760/2000: loss=0.1613
adapter_2shot_seed3407 step 1780/2000: loss=0.2150
adapter_2shot_seed3407 step 1800/2000: loss=0.0804
adapter_2shot_seed3407 step 1820/2000: loss=0.1134
adapter_2shot_seed3407 step 1840/2000: loss=0.1280
adapter_2shot_seed3407 step 1860/2000: loss=0.1531
adapter_2shot_seed3407 step 1880/2000: loss=0.1863
adapter_2shot_seed3407 step 1900/2000: loss=0.1218
adapter_2shot_seed3407 step 1920/2000: loss=0.0996
adapter_2shot_seed3407 step 1940/2000: loss=0.0992
adapter_2shot_seed3407 step 1960/2000: loss=0.1487
adapter_2shot_seed3407 step 1980/2000: loss=0.1466
adapter_2shot_seed3407 step 2000/2000: loss=0.0957
/root/miniconda3/lib/python3.12/site-packages/torch/nn/modules/conv.py:456: UserWarning: Plan failed with a cudnnException: CUDNN_BACKEND_EXECUTION_PLAN_DESCRIPTOR: cudnnFinalize Descriptor Failed cudnn_status: CUDNN_STATUS_NOT_SUPPORTED (Triggered internally at ../aten/src/ATen/native/cudnn/Conv_v8.cpp:919.)
  return F.conv2d(input, weight, bias, self.stride,
adapter_2shot_seed3407 evaluation 100/1599
adapter_2shot_seed3407 evaluation 200/1599
adapter_2shot_seed3407 evaluation 300/1599
adapter_2shot_seed3407 evaluation 400/1599
adapter_2shot_seed3407 evaluation 500/1599
adapter_2shot_seed3407 evaluation 600/1599
adapter_2shot_seed3407 evaluation 700/1599
adapter_2shot_seed3407 evaluation 800/1599
adapter_2shot_seed3407 evaluation 900/1599
adapter_2shot_seed3407 evaluation 1000/1599
adapter_2shot_seed3407 evaluation 1100/1599
adapter_2shot_seed3407 evaluation 1200/1599
adapter_2shot_seed3407 evaluation 1300/1599
adapter_2shot_seed3407 evaluation 1400/1599
adapter_2shot_seed3407 evaluation 1500/1599
{"signature": "648bb6505421a654fe468f235aa2ffed63c2cc9e967045a0f02d2ae73888832a", "mode": "adapter", "shots_per_class": 2, "seed": 3407, "support_images": 14, "evaluation_images": 1599, "metrics": {"mIoU": 0.5242547576384857, "per_class_iou": {"background": 0.5504463883115558, "building": 0.6208789773155939, "road": 0.5397261117826785, "water": 0.665398147210598, "barren": 0.41414876940581163, "forest": 0.33498460075441305, "agriculture": 0.5442003086887489}, "pixel_accuracy": 0.7032818096068512, "confusion": [[493644467, 36174073, 17260131, 8263334, 9750309, 15283350, 15227067], [15888356, 98400358, 400107, 143642, 261536, 509197, 608163], [18088226, 553685, 52516999, 70852, 1545900, 1025269, 552959], [43668951, 131904, 355090, 135076812, 2242739, 1849690, 4859416], [18511978, 930889, 1075806, 1090253, 38677407, 677089, 6808209], [53090349, 1558029, 1140798, 996562, 1259579, 53924395, 4132506], [151956941, 2925630, 2717232, 4252240, 10558435, 25528930, 274760126]]}}
DONE adapter_2000 K=2 seed=3407

START adapter_2000 K=5 seed=3407
{
  "support_images": {
    "0": 0,
    "1": 7,
    "2": 14,
    "5": 35,
    "10": 70
  },
  "evaluation_images": 1599,
  "protocol_sha256": "8184bef3aae39e2b9f01cd79a90782318f436744d14c43f108c76f56fc527ec5"
}
adapter_5shot_seed3407 step 20/2000: loss=0.1571
adapter_5shot_seed3407 step 40/2000: loss=1.9372
adapter_5shot_seed3407 step 60/2000: loss=0.8990
adapter_5shot_seed3407 step 80/2000: loss=0.3970
adapter_5shot_seed3407 step 100/2000: loss=0.0345
adapter_5shot_seed3407 step 120/2000: loss=0.6243
adapter_5shot_seed3407 step 140/2000: loss=0.0950
adapter_5shot_seed3407 step 160/2000: loss=0.5027
adapter_5shot_seed3407 step 180/2000: loss=0.4564
adapter_5shot_seed3407 step 200/2000: loss=0.4441
adapter_5shot_seed3407 step 220/2000: loss=0.4267
adapter_5shot_seed3407 step 240/2000: loss=0.4979
adapter_5shot_seed3407 step 260/2000: loss=0.1587
adapter_5shot_seed3407 step 280/2000: loss=0.4221
adapter_5shot_seed3407 step 300/2000: loss=0.4654
adapter_5shot_seed3407 step 320/2000: loss=0.3966
adapter_5shot_seed3407 step 340/2000: loss=0.4318
adapter_5shot_seed3407 step 360/2000: loss=0.0835
adapter_5shot_seed3407 step 380/2000: loss=0.3797
adapter_5shot_seed3407 step 400/2000: loss=0.1425
adapter_5shot_seed3407 step 420/2000: loss=0.0011
adapter_5shot_seed3407 step 440/2000: loss=0.1128
adapter_5shot_seed3407 step 460/2000: loss=0.4118
adapter_5shot_seed3407 step 480/2000: loss=0.1999
adapter_5shot_seed3407 step 500/2000: loss=0.3805
adapter_5shot_seed3407 step 520/2000: loss=0.4965
adapter_5shot_seed3407 step 540/2000: loss=0.3719
adapter_5shot_seed3407 step 560/2000: loss=0.0203
adapter_5shot_seed3407 step 580/2000: loss=0.3156
adapter_5shot_seed3407 step 600/2000: loss=0.1076
adapter_5shot_seed3407 step 620/2000: loss=0.4357
adapter_5shot_seed3407 step 640/2000: loss=0.3241
adapter_5shot_seed3407 step 660/2000: loss=0.3589
adapter_5shot_seed3407 step 680/2000: loss=0.2031
adapter_5shot_seed3407 step 700/2000: loss=0.1511
adapter_5shot_seed3407 step 720/2000: loss=0.1433
adapter_5shot_seed3407 step 740/2000: loss=0.0150
adapter_5shot_seed3407 step 760/2000: loss=0.3913
adapter_5shot_seed3407 step 780/2000: loss=0.2767
adapter_5shot_seed3407 step 800/2000: loss=0.1946
adapter_5shot_seed3407 step 820/2000: loss=0.2811
adapter_5shot_seed3407 step 840/2000: loss=0.5002
adapter_5shot_seed3407 step 860/2000: loss=0.1124
adapter_5shot_seed3407 step 880/2000: loss=0.2255
adapter_5shot_seed3407 step 900/2000: loss=0.2854
adapter_5shot_seed3407 step 920/2000: loss=0.0469
adapter_5shot_seed3407 step 940/2000: loss=0.2832
adapter_5shot_seed3407 step 960/2000: loss=0.1952
adapter_5shot_seed3407 step 980/2000: loss=0.2205
adapter_5shot_seed3407 step 1000/2000: loss=0.1988
adapter_5shot_seed3407 step 1020/2000: loss=0.2781
adapter_5shot_seed3407 step 1040/2000: loss=0.2427
adapter_5shot_seed3407 step 1060/2000: loss=0.0860
adapter_5shot_seed3407 step 1080/2000: loss=0.1254
adapter_5shot_seed3407 step 1100/2000: loss=0.1821
adapter_5shot_seed3407 step 1120/2000: loss=0.2908
adapter_5shot_seed3407 step 1140/2000: loss=0.1214
adapter_5shot_seed3407 step 1160/2000: loss=0.1675
adapter_5shot_seed3407 step 1180/2000: loss=0.1064
adapter_5shot_seed3407 step 1200/2000: loss=0.3215
adapter_5shot_seed3407 step 1220/2000: loss=0.3370
adapter_5shot_seed3407 step 1240/2000: loss=0.3884
adapter_5shot_seed3407 step 1260/2000: loss=0.2620
adapter_5shot_seed3407 step 1280/2000: loss=0.0578
adapter_5shot_seed3407 step 1300/2000: loss=0.0009
adapter_5shot_seed3407 step 1320/2000: loss=0.3103
adapter_5shot_seed3407 step 1340/2000: loss=0.4690
adapter_5shot_seed3407 step 1360/2000: loss=0.1563
adapter_5shot_seed3407 step 1380/2000: loss=0.1669
adapter_5shot_seed3407 step 1400/2000: loss=0.1859
adapter_5shot_seed3407 step 1420/2000: loss=0.1349
adapter_5shot_seed3407 step 1440/2000: loss=0.2577
adapter_5shot_seed3407 step 1460/2000: loss=0.3994
adapter_5shot_seed3407 step 1480/2000: loss=0.1586
adapter_5shot_seed3407 step 1500/2000: loss=0.0013
adapter_5shot_seed3407 step 1520/2000: loss=0.4515
adapter_5shot_seed3407 step 1540/2000: loss=0.2130
adapter_5shot_seed3407 step 1560/2000: loss=0.0604
adapter_5shot_seed3407 step 1580/2000: loss=0.1370
adapter_5shot_seed3407 step 1600/2000: loss=0.0006
adapter_5shot_seed3407 step 1620/2000: loss=0.2535
adapter_5shot_seed3407 step 1640/2000: loss=0.1457
adapter_5shot_seed3407 step 1660/2000: loss=0.1643
adapter_5shot_seed3407 step 1680/2000: loss=0.1020
adapter_5shot_seed3407 step 1700/2000: loss=0.1593
adapter_5shot_seed3407 step 1720/2000: loss=0.0010
adapter_5shot_seed3407 step 1740/2000: loss=0.1979
adapter_5shot_seed3407 step 1760/2000: loss=0.1081
adapter_5shot_seed3407 step 1780/2000: loss=0.1357
adapter_5shot_seed3407 step 1800/2000: loss=0.0134
adapter_5shot_seed3407 step 1820/2000: loss=0.0755
adapter_5shot_seed3407 step 1840/2000: loss=0.1783
adapter_5shot_seed3407 step 1860/2000: loss=0.1079
adapter_5shot_seed3407 step 1880/2000: loss=0.1196
adapter_5shot_seed3407 step 1900/2000: loss=0.1882
adapter_5shot_seed3407 step 1920/2000: loss=0.4178
adapter_5shot_seed3407 step 1940/2000: loss=0.2016
adapter_5shot_seed3407 step 1960/2000: loss=0.1185
adapter_5shot_seed3407 step 1980/2000: loss=0.2272
adapter_5shot_seed3407 step 2000/2000: loss=0.3972
/root/miniconda3/lib/python3.12/site-packages/torch/nn/modules/conv.py:456: UserWarning: Plan failed with a cudnnException: CUDNN_BACKEND_EXECUTION_PLAN_DESCRIPTOR: cudnnFinalize Descriptor Failed cudnn_status: CUDNN_STATUS_NOT_SUPPORTED (Triggered internally at ../aten/src/ATen/native/cudnn/Conv_v8.cpp:919.)
  return F.conv2d(input, weight, bias, self.stride,
adapter_5shot_seed3407 evaluation 100/1599
adapter_5shot_seed3407 evaluation 200/1599
adapter_5shot_seed3407 evaluation 300/1599
adapter_5shot_seed3407 evaluation 400/1599
adapter_5shot_seed3407 evaluation 500/1599
adapter_5shot_seed3407 evaluation 600/1599
adapter_5shot_seed3407 evaluation 700/1599
adapter_5shot_seed3407 evaluation 800/1599
adapter_5shot_seed3407 evaluation 900/1599
adapter_5shot_seed3407 evaluation 1000/1599
adapter_5shot_seed3407 evaluation 1100/1599
adapter_5shot_seed3407 evaluation 1200/1599
adapter_5shot_seed3407 evaluation 1300/1599
adapter_5shot_seed3407 evaluation 1400/1599
adapter_5shot_seed3407 evaluation 1500/1599
{"signature": "412089e771c696778f9c87b1ad19e70e3c8fab3ad416bea0f8841d538c9a9132", "mode": "adapter", "shots_per_class": 5, "seed": 3407, "support_images": 35, "evaluation_images": 1599, "metrics": {"mIoU": 0.5365104770659284, "per_class_iou": {"background": 0.5421644315460877, "building": 0.6526838893430107, "road": 0.5459972498736986, "water": 0.6814863181112965, "barren": 0.4112798069907263, "forest": 0.3513925841497559, "agriculture": 0.5705690594469229}, "pixel_accuracy": 0.7114104213798571, "confusion": [[443575775, 37092084, 27856716, 28046545, 12113219, 20117837, 26800555], [10749725, 102615245, 548377, 171991, 300193, 716123, 1109705], [10152600, 628177, 59263592, 99630, 1963056, 1252644, 994191], [20182851, 122248, 394281, 154044531, 1753450, 1807150, 9880091], [10837336, 803063, 898829, 1906291, 38391658, 1364832, 13569622], [44084667, 761702, 1641225, 1735277, 1339627, 57802139, 8737581], [126547367, 1601802, 2848606, 5897665, 8105634, 23133672, 304564788]]}}
DONE adapter_2000 K=5 seed=3407

START adapter_2000 K=10 seed=3407
{
  "support_images": {
    "0": 0,
    "1": 7,
    "2": 14,
    "5": 35,
    "10": 70
  },
  "evaluation_images": 1599,
  "protocol_sha256": "8184bef3aae39e2b9f01cd79a90782318f436744d14c43f108c76f56fc527ec5"
}
adapter_10shot_seed3407 step 20/2000: loss=0.5730
adapter_10shot_seed3407 step 40/2000: loss=0.6193
adapter_10shot_seed3407 step 60/2000: loss=0.9661
adapter_10shot_seed3407 step 80/2000: loss=0.3537
adapter_10shot_seed3407 step 100/2000: loss=0.1547
adapter_10shot_seed3407 step 120/2000: loss=0.3064
adapter_10shot_seed3407 step 140/2000: loss=0.0781
adapter_10shot_seed3407 step 160/2000: loss=0.7057
adapter_10shot_seed3407 step 180/2000: loss=0.5976
adapter_10shot_seed3407 step 200/2000: loss=0.4855
adapter_10shot_seed3407 step 220/2000: loss=0.4466
adapter_10shot_seed3407 step 240/2000: loss=0.4896
adapter_10shot_seed3407 step 260/2000: loss=0.5748
adapter_10shot_seed3407 step 280/2000: loss=0.7705
adapter_10shot_seed3407 step 300/2000: loss=0.3408
adapter_10shot_seed3407 step 320/2000: loss=0.3316
adapter_10shot_seed3407 step 340/2000: loss=1.3672
adapter_10shot_seed3407 step 360/2000: loss=0.2666
adapter_10shot_seed3407 step 380/2000: loss=0.2605
adapter_10shot_seed3407 step 400/2000: loss=0.6423
adapter_10shot_seed3407 step 420/2000: loss=0.1992
adapter_10shot_seed3407 step 440/2000: loss=0.3443
adapter_10shot_seed3407 step 460/2000: loss=0.5048
adapter_10shot_seed3407 step 480/2000: loss=0.2736
adapter_10shot_seed3407 step 500/2000: loss=0.5183
adapter_10shot_seed3407 step 520/2000: loss=0.4098
adapter_10shot_seed3407 step 540/2000: loss=0.3221
adapter_10shot_seed3407 step 560/2000: loss=0.2710
adapter_10shot_seed3407 step 580/2000: loss=0.9491
adapter_10shot_seed3407 step 600/2000: loss=0.4767
adapter_10shot_seed3407 step 620/2000: loss=0.2809
adapter_10shot_seed3407 step 640/2000: loss=0.6414
adapter_10shot_seed3407 step 660/2000: loss=0.4229
adapter_10shot_seed3407 step 680/2000: loss=0.2398
adapter_10shot_seed3407 step 700/2000: loss=0.1273
adapter_10shot_seed3407 step 720/2000: loss=0.2171
adapter_10shot_seed3407 step 740/2000: loss=0.2696
adapter_10shot_seed3407 step 760/2000: loss=0.3267
adapter_10shot_seed3407 step 780/2000: loss=0.4218
adapter_10shot_seed3407 step 800/2000: loss=0.2242
adapter_10shot_seed3407 step 820/2000: loss=0.1810
adapter_10shot_seed3407 step 840/2000: loss=0.4009
adapter_10shot_seed3407 step 860/2000: loss=0.1044
adapter_10shot_seed3407 step 880/2000: loss=0.1218
adapter_10shot_seed3407 step 900/2000: loss=0.3714
adapter_10shot_seed3407 step 920/2000: loss=0.2176
adapter_10shot_seed3407 step 940/2000: loss=0.2849
adapter_10shot_seed3407 step 960/2000: loss=0.2273
adapter_10shot_seed3407 step 980/2000: loss=0.2404
adapter_10shot_seed3407 step 1000/2000: loss=0.8634
adapter_10shot_seed3407 step 1020/2000: loss=0.2492
adapter_10shot_seed3407 step 1040/2000: loss=0.2768
adapter_10shot_seed3407 step 1060/2000: loss=0.3976
adapter_10shot_seed3407 step 1080/2000: loss=0.4749
adapter_10shot_seed3407 step 1100/2000: loss=0.3508
adapter_10shot_seed3407 step 1120/2000: loss=0.3134
adapter_10shot_seed3407 step 1140/2000: loss=0.2427
adapter_10shot_seed3407 step 1160/2000: loss=0.4761
adapter_10shot_seed3407 step 1180/2000: loss=0.2531
adapter_10shot_seed3407 step 1200/2000: loss=0.3352
adapter_10shot_seed3407 step 1220/2000: loss=0.4037
adapter_10shot_seed3407 step 1240/2000: loss=0.3247
adapter_10shot_seed3407 step 1260/2000: loss=0.1345
adapter_10shot_seed3407 step 1280/2000: loss=0.1857
adapter_10shot_seed3407 step 1300/2000: loss=0.2204
adapter_10shot_seed3407 step 1320/2000: loss=0.4048
adapter_10shot_seed3407 step 1340/2000: loss=0.4257
adapter_10shot_seed3407 step 1360/2000: loss=0.0759
adapter_10shot_seed3407 step 1380/2000: loss=0.4178
adapter_10shot_seed3407 step 1400/2000: loss=0.1123
adapter_10shot_seed3407 step 1420/2000: loss=0.2116
adapter_10shot_seed3407 step 1440/2000: loss=0.2654
adapter_10shot_seed3407 step 1460/2000: loss=0.4236
adapter_10shot_seed3407 step 1480/2000: loss=0.1819
adapter_10shot_seed3407 step 1500/2000: loss=0.2757
adapter_10shot_seed3407 step 1520/2000: loss=0.2914
adapter_10shot_seed3407 step 1540/2000: loss=0.3401
adapter_10shot_seed3407 step 1560/2000: loss=0.2460
adapter_10shot_seed3407 step 1580/2000: loss=0.4702
adapter_10shot_seed3407 step 1600/2000: loss=0.2438
adapter_10shot_seed3407 step 1620/2000: loss=0.2962
adapter_10shot_seed3407 step 1640/2000: loss=0.3523
adapter_10shot_seed3407 step 1660/2000: loss=0.4154
adapter_10shot_seed3407 step 1680/2000: loss=0.3344
adapter_10shot_seed3407 step 1700/2000: loss=0.3617
adapter_10shot_seed3407 step 1720/2000: loss=0.0932
adapter_10shot_seed3407 step 1740/2000: loss=0.1638
adapter_10shot_seed3407 step 1760/2000: loss=0.2530
adapter_10shot_seed3407 step 1780/2000: loss=0.4031
adapter_10shot_seed3407 step 1800/2000: loss=0.1307
adapter_10shot_seed3407 step 1820/2000: loss=0.1594
adapter_10shot_seed3407 step 1840/2000: loss=0.1837
adapter_10shot_seed3407 step 1860/2000: loss=0.1825
adapter_10shot_seed3407 step 1880/2000: loss=0.3474
adapter_10shot_seed3407 step 1900/2000: loss=1.0612
adapter_10shot_seed3407 step 1920/2000: loss=0.4194
adapter_10shot_seed3407 step 1940/2000: loss=0.3821
adapter_10shot_seed3407 step 1960/2000: loss=0.3368
adapter_10shot_seed3407 step 1980/2000: loss=0.2014
adapter_10shot_seed3407 step 2000/2000: loss=0.4005
/root/miniconda3/lib/python3.12/site-packages/torch/nn/modules/conv.py:456: UserWarning: Plan failed with a cudnnException: CUDNN_BACKEND_EXECUTION_PLAN_DESCRIPTOR: cudnnFinalize Descriptor Failed cudnn_status: CUDNN_STATUS_NOT_SUPPORTED (Triggered internally at ../aten/src/ATen/native/cudnn/Conv_v8.cpp:919.)
  return F.conv2d(input, weight, bias, self.stride,
adapter_10shot_seed3407 evaluation 100/1599
adapter_10shot_seed3407 evaluation 200/1599
adapter_10shot_seed3407 evaluation 300/1599
adapter_10shot_seed3407 evaluation 400/1599
adapter_10shot_seed3407 evaluation 500/1599
adapter_10shot_seed3407 evaluation 600/1599
adapter_10shot_seed3407 evaluation 700/1599
adapter_10shot_seed3407 evaluation 800/1599
adapter_10shot_seed3407 evaluation 900/1599
adapter_10shot_seed3407 evaluation 1000/1599
adapter_10shot_seed3407 evaluation 1100/1599
adapter_10shot_seed3407 evaluation 1200/1599
adapter_10shot_seed3407 evaluation 1300/1599
adapter_10shot_seed3407 evaluation 1400/1599
adapter_10shot_seed3407 evaluation 1500/1599
{"signature": "d10fbeaeab3b446a22ff6749aabbadb8d083d67da86a1b0bb419156586ddf760", "mode": "adapter", "shots_per_class": 10, "seed": 3407, "support_images": 70, "evaluation_images": 1599, "metrics": {"mIoU": 0.5601839062983333, "per_class_iou": {"background": 0.5449364682198231, "building": 0.6680512032993986, "road": 0.559272802927733, "water": 0.6833753044875897, "barren": 0.44576284562366236, "forest": 0.4335114196565288, "agriculture": 0.5863772998735979}, "pixel_accuracy": 0.7238594794215567, "confusion": [[429485051, 32569986, 23071980, 33990670, 18062306, 25891259, 32531479], [11775332, 101203340, 662147, 210273, 398111, 517035, 1445121], [10905207, 499001, 58343586, 109090, 2099177, 971439, 1426390], [13696581, 83552, 585873, 160505199, 3371636, 1979360, 7962401], [7030398, 638511, 1106228, 2179370, 47791395, 649174, 8376555], [29766332, 422552, 1410391, 1693489, 2602877, 69340377, 10866200], [119361259, 1065433, 3129933, 8503737, 12906865, 13840035, 313892272]]}}
DONE adapter_2000 K=10 seed=3407

START semantic_head_200 K=1 seed=3407
{
  "support_images": {
    "0": 0,
    "1": 7,
    "2": 14,
    "5": 35,
    "10": 70
  },
  "evaluation_images": 1599,
  "protocol_sha256": "8184bef3aae39e2b9f01cd79a90782318f436744d14c43f108c76f56fc527ec5"
}
semantic-head_1shot_seed3407 step 20/200: loss=0.5433
semantic-head_1shot_seed3407 step 40/200: loss=0.3516
semantic-head_1shot_seed3407 step 60/200: loss=0.3017
semantic-head_1shot_seed3407 step 80/200: loss=0.1680
semantic-head_1shot_seed3407 step 100/200: loss=0.5031
semantic-head_1shot_seed3407 step 120/200: loss=2.8424
semantic-head_1shot_seed3407 step 140/200: loss=0.1295
semantic-head_1shot_seed3407 step 160/200: loss=0.5790
semantic-head_1shot_seed3407 step 180/200: loss=0.9664
semantic-head_1shot_seed3407 step 200/200: loss=1.8710
/root/miniconda3/lib/python3.12/site-packages/torch/nn/modules/conv.py:456: UserWarning: Plan failed with a cudnnException: CUDNN_BACKEND_EXECUTION_PLAN_DESCRIPTOR: cudnnFinalize Descriptor Failed cudnn_status: CUDNN_STATUS_NOT_SUPPORTED (Triggered internally at ../aten/src/ATen/native/cudnn/Conv_v8.cpp:919.)
  return F.conv2d(input, weight, bias, self.stride,
semantic-head_1shot_seed3407 evaluation 100/1599
semantic-head_1shot_seed3407 evaluation 200/1599
semantic-head_1shot_seed3407 evaluation 300/1599
semantic-head_1shot_seed3407 evaluation 400/1599
semantic-head_1shot_seed3407 evaluation 500/1599
semantic-head_1shot_seed3407 evaluation 600/1599
semantic-head_1shot_seed3407 evaluation 700/1599
semantic-head_1shot_seed3407 evaluation 800/1599
semantic-head_1shot_seed3407 evaluation 900/1599
semantic-head_1shot_seed3407 evaluation 1000/1599
semantic-head_1shot_seed3407 evaluation 1100/1599
semantic-head_1shot_seed3407 evaluation 1200/1599
semantic-head_1shot_seed3407 evaluation 1300/1599
semantic-head_1shot_seed3407 evaluation 1400/1599
semantic-head_1shot_seed3407 evaluation 1500/1599
{"signature": "f5b6a12b098e917d66996c0c97a25c7e7d9a3e7a9fc0808ff9384e97ccc8d82d", "mode": "semantic-head", "shots_per_class": 1, "seed": 3407, "support_images": 7, "evaluation_images": 1599, "metrics": {"mIoU": 0.5319883520499594, "per_class_iou": {"background": 0.557467398460022, "building": 0.6629026603616186, "road": 0.5698109017337296, "water": 0.7099916670747858, "barren": 0.2827831111240883, "forest": 0.3958190702870137, "agriculture": 0.545143655308458}, "pixel_accuracy": 0.7153734277570349, "confusion": [[509518148, 25268763, 10365671, 18810360, 4553555, 13415608, 13670626], [16837882, 97426568, 248624, 163327, 199524, 648506, 686928], [20826894, 361739, 50248200, 84877, 902875, 1491187, 438118], [26455426, 95430, 232149, 155700278, 767732, 1816296, 3117291], [34889994, 595472, 455068, 2592849, 22120007, 283037, 6835204], [51472606, 328381, 456918, 871142, 159670, 57787602, 5025899], [167901813, 4108500, 2071672, 8591583, 3867531, 12238140, 273920295]]}}
DONE semantic_head_200 K=1 seed=3407

START semantic_head_200 K=2 seed=3407
{
  "support_images": {
    "0": 0,
    "1": 7,
    "2": 14,
    "5": 35,
    "10": 70
  },
  "evaluation_images": 1599,
  "protocol_sha256": "8184bef3aae39e2b9f01cd79a90782318f436744d14c43f108c76f56fc527ec5"
}
semantic-head_2shot_seed3407 step 20/200: loss=2.2178
semantic-head_2shot_seed3407 step 40/200: loss=0.2956
semantic-head_2shot_seed3407 step 60/200: loss=0.4679
semantic-head_2shot_seed3407 step 80/200: loss=0.3953
semantic-head_2shot_seed3407 step 100/200: loss=0.4325
semantic-head_2shot_seed3407 step 120/200: loss=0.7285
semantic-head_2shot_seed3407 step 140/200: loss=1.5877
semantic-head_2shot_seed3407 step 160/200: loss=0.6686
semantic-head_2shot_seed3407 step 180/200: loss=0.5629
semantic-head_2shot_seed3407 step 200/200: loss=0.3393
/root/miniconda3/lib/python3.12/site-packages/torch/nn/modules/conv.py:456: UserWarning: Plan failed with a cudnnException: CUDNN_BACKEND_EXECUTION_PLAN_DESCRIPTOR: cudnnFinalize Descriptor Failed cudnn_status: CUDNN_STATUS_NOT_SUPPORTED (Triggered internally at ../aten/src/ATen/native/cudnn/Conv_v8.cpp:919.)
  return F.conv2d(input, weight, bias, self.stride,
semantic-head_2shot_seed3407 evaluation 100/1599
semantic-head_2shot_seed3407 evaluation 200/1599
semantic-head_2shot_seed3407 evaluation 300/1599
semantic-head_2shot_seed3407 evaluation 400/1599
semantic-head_2shot_seed3407 evaluation 500/1599
semantic-head_2shot_seed3407 evaluation 600/1599
semantic-head_2shot_seed3407 evaluation 700/1599
semantic-head_2shot_seed3407 evaluation 800/1599
semantic-head_2shot_seed3407 evaluation 900/1599
semantic-head_2shot_seed3407 evaluation 1000/1599
semantic-head_2shot_seed3407 evaluation 1100/1599
semantic-head_2shot_seed3407 evaluation 1200/1599
semantic-head_2shot_seed3407 evaluation 1300/1599
semantic-head_2shot_seed3407 evaluation 1400/1599
semantic-head_2shot_seed3407 evaluation 1500/1599
{"signature": "0a755d6f8fdd440ce5965bc1f731573cdec9e42e39ba270c77bf60ef7ea992da", "mode": "semantic-head", "shots_per_class": 2, "seed": 3407, "support_images": 14, "evaluation_images": 1599, "metrics": {"mIoU": 0.531901577996332, "per_class_iou": {"background": 0.5572690847725769, "building": 0.6624610972010946, "road": 0.5700565821493759, "water": 0.7098169425548776, "barren": 0.282764100308053, "forest": 0.394199544393917, "agriculture": 0.546743694594429}, "pixel_accuracy": 0.7156238008633334, "confusion": [[508378759, 26045923, 10581478, 19085782, 4568561, 12901437, 14040791], [16298428, 97972054, 257644, 164404, 199826, 624503, 694500], [20645279, 379883, 50420486, 86189, 905569, 1465520, 450964], [26200074, 97923, 234719, 155965547, 766025, 1739636, 3180678], [34729991, 604741, 464606, 2636194, 22123401, 264696, 6948002], [51883202, 336326, 460928, 897874, 164074, 57115775, 5244039], [166908305, 4214875, 2094948, 8671391, 3864094, 11792505, 275153416]]}}
DONE semantic_head_200 K=2 seed=3407

START semantic_head_200 K=5 seed=3407
{
  "support_images": {
    "0": 0,
    "1": 7,
    "2": 14,
    "5": 35,
    "10": 70
  },
  "evaluation_images": 1599,
  "protocol_sha256": "8184bef3aae39e2b9f01cd79a90782318f436744d14c43f108c76f56fc527ec5"
}
semantic-head_5shot_seed3407 step 20/200: loss=0.1966
semantic-head_5shot_seed3407 step 40/200: loss=2.5497
semantic-head_5shot_seed3407 step 60/200: loss=1.0438
semantic-head_5shot_seed3407 step 80/200: loss=0.4710
semantic-head_5shot_seed3407 step 100/200: loss=0.0314
semantic-head_5shot_seed3407 step 120/200: loss=0.9745
semantic-head_5shot_seed3407 step 140/200: loss=0.1869
semantic-head_5shot_seed3407 step 160/200: loss=0.8200
semantic-head_5shot_seed3407 step 180/200: loss=1.0095
semantic-head_5shot_seed3407 step 200/200: loss=0.9080
/root/miniconda3/lib/python3.12/site-packages/torch/nn/modules/conv.py:456: UserWarning: Plan failed with a cudnnException: CUDNN_BACKEND_EXECUTION_PLAN_DESCRIPTOR: cudnnFinalize Descriptor Failed cudnn_status: CUDNN_STATUS_NOT_SUPPORTED (Triggered internally at ../aten/src/ATen/native/cudnn/Conv_v8.cpp:919.)
  return F.conv2d(input, weight, bias, self.stride,
semantic-head_5shot_seed3407 evaluation 100/1599
semantic-head_5shot_seed3407 evaluation 200/1599
semantic-head_5shot_seed3407 evaluation 300/1599
semantic-head_5shot_seed3407 evaluation 400/1599
semantic-head_5shot_seed3407 evaluation 500/1599
semantic-head_5shot_seed3407 evaluation 600/1599
semantic-head_5shot_seed3407 evaluation 700/1599
semantic-head_5shot_seed3407 evaluation 800/1599
semantic-head_5shot_seed3407 evaluation 900/1599
semantic-head_5shot_seed3407 evaluation 1000/1599
semantic-head_5shot_seed3407 evaluation 1100/1599
semantic-head_5shot_seed3407 evaluation 1200/1599
semantic-head_5shot_seed3407 evaluation 1300/1599
semantic-head_5shot_seed3407 evaluation 1400/1599
semantic-head_5shot_seed3407 evaluation 1500/1599
{"signature": "6ec32d6a19c575d6c527db656cbff9d1378ec6c97dc05b811600805e999078ee", "mode": "semantic-head", "shots_per_class": 5, "seed": 3407, "support_images": 35, "evaluation_images": 1599, "metrics": {"mIoU": 0.5319777042432422, "per_class_iou": {"background": 0.5574963402320404, "building": 0.6627884351704177, "road": 0.5700848568596808, "water": 0.7096731090065967, "barren": 0.282535148589286, "forest": 0.39381540651160757, "agriculture": 0.5474506333330665}, "pixel_accuracy": 0.7158532214550891, "confusion": [[508293718, 25756965, 10600295, 19394276, 4586744, 12780169, 14190564], [16499510, 97771979, 257757, 165480, 199673, 616792, 700168], [20632900, 374143, 50437044, 87368, 906784, 1459293, 456358], [25905559, 96990, 236123, 156231252, 769792, 1720791, 3224095], [34590745, 602179, 465504, 2682655, 22109323, 262196, 7059029], [51957706, 333365, 463412, 913277, 165458, 56922299, 5346701], [166554445, 4141120, 2095890, 8717716, 3853272, 11599100, 275737991]]}}
DONE semantic_head_200 K=5 seed=3407

START semantic_head_200 K=10 seed=3407
{
  "support_images": {
    "0": 0,
    "1": 7,
    "2": 14,
    "5": 35,
    "10": 70
  },
  "evaluation_images": 1599,
  "protocol_sha256": "8184bef3aae39e2b9f01cd79a90782318f436744d14c43f108c76f56fc527ec5"
}
semantic-head_10shot_seed3407 step 20/200: loss=0.7320
semantic-head_10shot_seed3407 step 40/200: loss=0.8386
semantic-head_10shot_seed3407 step 60/200: loss=1.4671
semantic-head_10shot_seed3407 step 80/200: loss=0.1660
semantic-head_10shot_seed3407 step 100/200: loss=0.0897
semantic-head_10shot_seed3407 step 120/200: loss=0.4027
semantic-head_10shot_seed3407 step 140/200: loss=0.0603
semantic-head_10shot_seed3407 step 160/200: loss=1.0546
semantic-head_10shot_seed3407 step 180/200: loss=0.9695
semantic-head_10shot_seed3407 step 200/200: loss=0.3983
/root/miniconda3/lib/python3.12/site-packages/torch/nn/modules/conv.py:456: UserWarning: Plan failed with a cudnnException: CUDNN_BACKEND_EXECUTION_PLAN_DESCRIPTOR: cudnnFinalize Descriptor Failed cudnn_status: CUDNN_STATUS_NOT_SUPPORTED (Triggered internally at ../aten/src/ATen/native/cudnn/Conv_v8.cpp:919.)
  return F.conv2d(input, weight, bias, self.stride,
semantic-head_10shot_seed3407 evaluation 100/1599
semantic-head_10shot_seed3407 evaluation 200/1599
semantic-head_10shot_seed3407 evaluation 300/1599
semantic-head_10shot_seed3407 evaluation 400/1599
semantic-head_10shot_seed3407 evaluation 500/1599
semantic-head_10shot_seed3407 evaluation 600/1599
semantic-head_10shot_seed3407 evaluation 700/1599
semantic-head_10shot_seed3407 evaluation 800/1599
semantic-head_10shot_seed3407 evaluation 900/1599
semantic-head_10shot_seed3407 evaluation 1000/1599
semantic-head_10shot_seed3407 evaluation 1100/1599
semantic-head_10shot_seed3407 evaluation 1200/1599
semantic-head_10shot_seed3407 evaluation 1300/1599
semantic-head_10shot_seed3407 evaluation 1400/1599
semantic-head_10shot_seed3407 evaluation 1500/1599
{"signature": "6e58fd94a2d919809a357b305313ae0057384b69f866b95b63b89f3db560befa", "mode": "semantic-head", "shots_per_class": 10, "seed": 3407, "support_images": 70, "evaluation_images": 1599, "metrics": {"mIoU": 0.5323784353347046, "per_class_iou": {"background": 0.558221834264205, "building": 0.6630778008278468, "road": 0.5699618845028049, "water": 0.7087474439039348, "barren": 0.2831288241322177, "forest": 0.39495075181050604, "agriculture": 0.5485605079014172}, "pixel_accuracy": 0.7163365119397066, "confusion": [[507750345, 25098556, 10493979, 20079963, 4614721, 13096869, 14468298], [16939991, 97309612, 254990, 167406, 200317, 631658, 707385], [20702892, 361158, 50353827, 91265, 907708, 1472544, 464496], [25225605, 95177, 234592, 156845377, 770485, 1774099, 3239267], [34336250, 594447, 462113, 2817672, 22171889, 271235, 7118025], [51467312, 321797, 459337, 954574, 169325, 57336928, 5392945], [165310466, 4071947, 2087054, 9003908, 3876063, 11826257, 276523839]]}}
DONE semantic_head_200 K=10 seed=3407

START semantic_head_2000 K=1 seed=3407
{
  "support_images": {
    "0": 0,
    "1": 7,
    "2": 14,
    "5": 35,
    "10": 70
  },
  "evaluation_images": 1599,
  "protocol_sha256": "8184bef3aae39e2b9f01cd79a90782318f436744d14c43f108c76f56fc527ec5"
}
semantic-head_1shot_seed3407 step 20/2000: loss=0.5431
semantic-head_1shot_seed3407 step 40/2000: loss=0.3508
semantic-head_1shot_seed3407 step 60/2000: loss=0.3018
semantic-head_1shot_seed3407 step 80/2000: loss=0.1679
semantic-head_1shot_seed3407 step 100/2000: loss=0.4967
semantic-head_1shot_seed3407 step 120/2000: loss=2.8135
semantic-head_1shot_seed3407 step 140/2000: loss=0.1303
semantic-head_1shot_seed3407 step 160/2000: loss=0.5511
semantic-head_1shot_seed3407 step 180/2000: loss=0.9198
semantic-head_1shot_seed3407 step 200/2000: loss=1.8240
semantic-head_1shot_seed3407 step 220/2000: loss=1.0439
semantic-head_1shot_seed3407 step 240/2000: loss=1.1953
semantic-head_1shot_seed3407 step 260/2000: loss=0.5618
semantic-head_1shot_seed3407 step 280/2000: loss=1.0371
semantic-head_1shot_seed3407 step 300/2000: loss=0.6327
semantic-head_1shot_seed3407 step 320/2000: loss=1.2181
semantic-head_1shot_seed3407 step 340/2000: loss=0.2367
semantic-head_1shot_seed3407 step 360/2000: loss=0.3465
semantic-head_1shot_seed3407 step 380/2000: loss=0.6320
semantic-head_1shot_seed3407 step 400/2000: loss=0.1131
semantic-head_1shot_seed3407 step 420/2000: loss=0.2934
semantic-head_1shot_seed3407 step 440/2000: loss=0.3538
semantic-head_1shot_seed3407 step 460/2000: loss=0.8255
semantic-head_1shot_seed3407 step 480/2000: loss=2.5713
semantic-head_1shot_seed3407 step 500/2000: loss=0.5010
semantic-head_1shot_seed3407 step 520/2000: loss=1.7465
semantic-head_1shot_seed3407 step 540/2000: loss=0.3132
semantic-head_1shot_seed3407 step 560/2000: loss=0.2429
semantic-head_1shot_seed3407 step 580/2000: loss=0.7048
semantic-head_1shot_seed3407 step 600/2000: loss=0.4247
semantic-head_1shot_seed3407 step 620/2000: loss=0.0784
semantic-head_1shot_seed3407 step 640/2000: loss=0.9431
semantic-head_1shot_seed3407 step 660/2000: loss=0.8934
semantic-head_1shot_seed3407 step 680/2000: loss=0.1910
semantic-head_1shot_seed3407 step 700/2000: loss=0.6041
semantic-head_1shot_seed3407 step 720/2000: loss=0.2876
semantic-head_1shot_seed3407 step 740/2000: loss=0.2561
semantic-head_1shot_seed3407 step 760/2000: loss=2.3653
semantic-head_1shot_seed3407 step 780/2000: loss=0.4215
semantic-head_1shot_seed3407 step 800/2000: loss=0.0002
semantic-head_1shot_seed3407 step 820/2000: loss=0.2701
semantic-head_1shot_seed3407 step 840/2000: loss=0.4740
semantic-head_1shot_seed3407 step 860/2000: loss=0.5725
semantic-head_1shot_seed3407 step 880/2000: loss=0.6202
semantic-head_1shot_seed3407 step 900/2000: loss=0.3700
semantic-head_1shot_seed3407 step 920/2000: loss=0.3151
semantic-head_1shot_seed3407 step 940/2000: loss=0.6205
semantic-head_1shot_seed3407 step 960/2000: loss=1.7219
semantic-head_1shot_seed3407 step 980/2000: loss=2.4625
semantic-head_1shot_seed3407 step 1000/2000: loss=0.1413
semantic-head_1shot_seed3407 step 1020/2000: loss=0.4807
semantic-head_1shot_seed3407 step 1040/2000: loss=2.9859
semantic-head_1shot_seed3407 step 1060/2000: loss=0.4075
semantic-head_1shot_seed3407 step 1080/2000: loss=2.4307
semantic-head_1shot_seed3407 step 1100/2000: loss=1.2341
semantic-head_1shot_seed3407 step 1120/2000: loss=0.7076
semantic-head_1shot_seed3407 step 1140/2000: loss=2.3092
semantic-head_1shot_seed3407 step 1160/2000: loss=0.0002
semantic-head_1shot_seed3407 step 1180/2000: loss=0.7808
semantic-head_1shot_seed3407 step 1200/2000: loss=0.2640
semantic-head_1shot_seed3407 step 1220/2000: loss=0.2864
semantic-head_1shot_seed3407 step 1240/2000: loss=0.3889
semantic-head_1shot_seed3407 step 1260/2000: loss=1.2669
semantic-head_1shot_seed3407 step 1280/2000: loss=0.9684
semantic-head_1shot_seed3407 step 1300/2000: loss=0.1815
semantic-head_1shot_seed3407 step 1320/2000: loss=0.4272
semantic-head_1shot_seed3407 step 1340/2000: loss=0.5382
semantic-head_1shot_seed3407 step 1360/2000: loss=0.1671
semantic-head_1shot_seed3407 step 1380/2000: loss=0.3085
semantic-head_1shot_seed3407 step 1400/2000: loss=1.3418
semantic-head_1shot_seed3407 step 1420/2000: loss=2.2836
semantic-head_1shot_seed3407 step 1440/2000: loss=0.7792
semantic-head_1shot_seed3407 step 1460/2000: loss=0.2863
semantic-head_1shot_seed3407 step 1480/2000: loss=0.3155
semantic-head_1shot_seed3407 step 1500/2000: loss=0.7592
semantic-head_1shot_seed3407 step 1520/2000: loss=0.3027
semantic-head_1shot_seed3407 step 1540/2000: loss=0.4977
semantic-head_1shot_seed3407 step 1560/2000: loss=0.4524
semantic-head_1shot_seed3407 step 1580/2000: loss=2.2217
semantic-head_1shot_seed3407 step 1600/2000: loss=0.6831
semantic-head_1shot_seed3407 step 1620/2000: loss=2.0415
semantic-head_1shot_seed3407 step 1640/2000: loss=0.8799
semantic-head_1shot_seed3407 step 1660/2000: loss=0.1419
semantic-head_1shot_seed3407 step 1680/2000: loss=2.1148
semantic-head_1shot_seed3407 step 1700/2000: loss=0.4174
semantic-head_1shot_seed3407 step 1720/2000: loss=0.5501
semantic-head_1shot_seed3407 step 1740/2000: loss=1.4682
semantic-head_1shot_seed3407 step 1760/2000: loss=0.2979
semantic-head_1shot_seed3407 step 1780/2000: loss=0.6541
semantic-head_1shot_seed3407 step 1800/2000: loss=1.9569
semantic-head_1shot_seed3407 step 1820/2000: loss=0.3665
semantic-head_1shot_seed3407 step 1840/2000: loss=0.9425
semantic-head_1shot_seed3407 step 1860/2000: loss=0.0002
semantic-head_1shot_seed3407 step 1880/2000: loss=0.4371
semantic-head_1shot_seed3407 step 1900/2000: loss=0.1531
semantic-head_1shot_seed3407 step 1920/2000: loss=0.2964
semantic-head_1shot_seed3407 step 1940/2000: loss=0.5020
semantic-head_1shot_seed3407 step 1960/2000: loss=0.3378
semantic-head_1shot_seed3407 step 1980/2000: loss=0.4577
semantic-head_1shot_seed3407 step 2000/2000: loss=0.8925
/root/miniconda3/lib/python3.12/site-packages/torch/nn/modules/conv.py:456: UserWarning: Plan failed with a cudnnException: CUDNN_BACKEND_EXECUTION_PLAN_DESCRIPTOR: cudnnFinalize Descriptor Failed cudnn_status: CUDNN_STATUS_NOT_SUPPORTED (Triggered internally at ../aten/src/ATen/native/cudnn/Conv_v8.cpp:919.)
  return F.conv2d(input, weight, bias, self.stride,
semantic-head_1shot_seed3407 evaluation 100/1599
semantic-head_1shot_seed3407 evaluation 200/1599
semantic-head_1shot_seed3407 evaluation 300/1599
semantic-head_1shot_seed3407 evaluation 400/1599
semantic-head_1shot_seed3407 evaluation 500/1599
semantic-head_1shot_seed3407 evaluation 600/1599
semantic-head_1shot_seed3407 evaluation 700/1599
semantic-head_1shot_seed3407 evaluation 800/1599
semantic-head_1shot_seed3407 evaluation 900/1599
semantic-head_1shot_seed3407 evaluation 1000/1599
semantic-head_1shot_seed3407 evaluation 1100/1599
semantic-head_1shot_seed3407 evaluation 1200/1599
semantic-head_1shot_seed3407 evaluation 1300/1599
semantic-head_1shot_seed3407 evaluation 1400/1599
semantic-head_1shot_seed3407 evaluation 1500/1599
{"signature": "da9aeec7adbbafc944d01e30109420e9167f8bc603345ce8a22cd4ab8a7bcac0", "mode": "semantic-head", "shots_per_class": 1, "seed": 3407, "support_images": 7, "evaluation_images": 1599, "metrics": {"mIoU": 0.539609320809541, "per_class_iou": {"background": 0.5446350391836015, "building": 0.6545748195908337, "road": 0.5569488157109085, "water": 0.7099494917232114, "barren": 0.35315787943123067, "forest": 0.39870433232043967, "agriculture": 0.559294867706562}, "pixel_accuracy": 0.71232593994541, "confusion": [[458819171, 33021779, 19615530, 20606263, 12290817, 32548083, 18701088], [11521444, 101557983, 502326, 165847, 398166, 1374007, 691586], [14487143, 471017, 55476126, 79764, 1531997, 1784346, 523497], [21858901, 111857, 383302, 156770236, 1695818, 3775604, 3588884], [22549344, 612421, 922835, 2596602, 32679719, 1116168, 7294542], [36734125, 426253, 754003, 835928, 691299, 72536642, 4123968], [139680489, 4296383, 3075339, 8349852, 8155993, 25230484, 283910994]]}}
DONE semantic_head_2000 K=1 seed=3407

START semantic_head_2000 K=2 seed=3407
{
  "support_images": {
    "0": 0,
    "1": 7,
    "2": 14,
    "5": 35,
    "10": 70
  },
  "evaluation_images": 1599,
  "protocol_sha256": "8184bef3aae39e2b9f01cd79a90782318f436744d14c43f108c76f56fc527ec5"
}
semantic-head_2shot_seed3407 step 20/2000: loss=2.2172
semantic-head_2shot_seed3407 step 40/2000: loss=0.2959
semantic-head_2shot_seed3407 step 60/2000: loss=0.4676
semantic-head_2shot_seed3407 step 80/2000: loss=0.3938
semantic-head_2shot_seed3407 step 100/2000: loss=0.4323
semantic-head_2shot_seed3407 step 120/2000: loss=0.7123
semantic-head_2shot_seed3407 step 140/2000: loss=1.5321
semantic-head_2shot_seed3407 step 160/2000: loss=0.6384
semantic-head_2shot_seed3407 step 180/2000: loss=0.5406
semantic-head_2shot_seed3407 step 200/2000: loss=0.3071
semantic-head_2shot_seed3407 step 220/2000: loss=0.7631
semantic-head_2shot_seed3407 step 240/2000: loss=0.4577
semantic-head_2shot_seed3407 step 260/2000: loss=2.9457
semantic-head_2shot_seed3407 step 280/2000: loss=2.3698
semantic-head_2shot_seed3407 step 300/2000: loss=2.6135
semantic-head_2shot_seed3407 step 320/2000: loss=1.1246
semantic-head_2shot_seed3407 step 340/2000: loss=0.6268
semantic-head_2shot_seed3407 step 360/2000: loss=0.3727
semantic-head_2shot_seed3407 step 380/2000: loss=2.3305
semantic-head_2shot_seed3407 step 400/2000: loss=0.6036
semantic-head_2shot_seed3407 step 420/2000: loss=0.5006
semantic-head_2shot_seed3407 step 440/2000: loss=0.6105
semantic-head_2shot_seed3407 step 460/2000: loss=3.0244
semantic-head_2shot_seed3407 step 480/2000: loss=0.5980
semantic-head_2shot_seed3407 step 500/2000: loss=0.5993
semantic-head_2shot_seed3407 step 520/2000: loss=0.2548
semantic-head_2shot_seed3407 step 540/2000: loss=1.3152
semantic-head_2shot_seed3407 step 560/2000: loss=0.7164
