class weights: [1.0, 0.699999988079071, 0.699999988079071, 0.8786770105361938, 1.058556079864502, 1.9161169528961182, 0.699999988079071, 1.0, 2.946561813354492]
Loads checkpoint by local backend from path: /root/hyperseg/models/swin_l/swin_large_patch4_window12_384_22k_20220412-6580f57d.pth
Swin pretrained missing=['norm0.weight', 'norm0.bias', 'norm1.weight', 'norm1.bias', 'norm2.weight', 'norm2.bias', 'norm3.weight', 'norm3.bias'], unexpected=['norm.weight', 'norm.bias', 'stages.0.blocks.1.attn_mask', 'stages.1.blocks.1.attn_mask', 'stages.2.blocks.1.attn_mask', 'stages.2.blocks.3.attn_mask', 'stages.2.blocks.5.attn_mask', 'stages.2.blocks.7.attn_mask', 'stages.2.blocks.9.attn_mask', 'stages.2.blocks.11.attn_mask', 'stages.2.blocks.13.attn_mask', 'stages.2.blocks.15.attn_mask', 'stages.2.blocks.17.attn_mask']
{"preset": "full", "data_root": "/root/hyperseg/dataset/low_altitude_2026", "image_dir": "/root/hyperseg/dataset/low_altitude_2026/train/images", "mask_dir": "/root/hyperseg/dataset/low_altitude_2026/train/masks", "split_dir": "/root/hyperseg/runs/splits", "work_dir": "/root/hyperseg/runs/mask2former_uav/h3_bgfix_full_20k_seed3407", "class_counts": "/root/hyperseg/experiment/h3_bgfix_20260930/configs/train_class_pixel_counts.json", "backbone_checkpoint": "/root/hyperseg/models/swin_l/swin_large_patch4_window12_384_22k_20220412-6580f57d.pth", "no_pretrained": false, "size": 512, "batch_size": 2, "accumulative_counts": 1, "max_iters": 20000, "val_interval": 1000, "val_size": 0, "val_max_images": 0, "num_workers": 4, "lr": 0.0001, "backbone_lr_multiplier": 0.1, "seed": 3407, "with_checkpointing": true, "resume": null, "drop_optimizer_state": true, "eval_checkpoint": null, "eval_split": "test", "aug_mode": "bgfix", "false_bg_weight": 0.25, "class_weight_mode": "mild", "class_weight_floor": 0.7, "class_weight_cap": 3.0, "loss_rare_classes": [5, 7, 8], "crop_rare_classes": [3, 4, 5, 7, 8], "proxy_weight": 0.3, "proxy_scales": [0.5, 0.625, 0.75], "proxy_max_images": 200, "proxy_every": 2, "scale_min": 0.4, "scale_max": 1.5, "gsd_prob": 0.5, "gsd_min": 0.5, "gsd_max": 1.0, "photo_prob": 0.8, "scene_crop_prob": 0.5, "model_config": {"classes": 9, "target_widths": [64, 128, 320, 512], "context_dim": 128, "adapter_rank": 8, "adapter_scale": 0.1, "pretrained_checkpoint": "/root/hyperseg/models/swin_l/swin_large_patch4_window12_384_22k_20220412-6580f57d.pth", "with_cp": true}, "train_samples": 5598, "val_samples": 699, "proxy_val_samples": {"0.5": 200, "0.625": 200, "0.75": 200}, "class_weight_payload": {"split": "runs/splits/train.txt", "num_masks": 5598, "total_pixels": 5869928448, "class_pixel_counts": {"0": 78249047, "1": 1630572192, "2": 1058717718, "3": 521268916, "4": 359163838, "5": 109616604, "6": 1663528098, "7": 402457818, "8": 46354217}, "class_frequency": {"0": 0.01333049417777162, "1": 0.2777839979558129, "2": 0.18036296819950606, "3": 0.08880328280280939, "4": 0.06118708961816633, "5": 0.018674265788937945, "6": 0.28339836042921385, "7": 0.06856264459869614, "8": 0.00789689642908574}, "class_names": {"0": "Ignore", "1": "Background", "2": "Building", "3": "Road", "4": "Water", "5": "Barren", "6": "Vegetation", "7": "Agricultural", "8": "Vehicle"}, "mode": "mild", "resolved_weights": [1.0, 0.699999988079071, 0.699999988079071, 0.8786770105361938, 1.058556079864502, 1.9161169528961182, 0.699999988079071, 1.0, 2.946561813354492]}, "param_counts": {"total": 197065410, "backbone": 195201204}}
/root/miniconda3/lib/python3.12/site-packages/torch/utils/checkpoint.py:464: UserWarning: torch.utils.checkpoint: the use_reentrant parameter should be passed explicitly. In version 2.4 we will raise an exception if use_reentrant is not passed. use_reentrant=False is recommended, but if you need to preserve the current default behavior, you can pass use_reentrant=True. Refer to docs for more details on the differences between the two variants.
  warnings.warn(
iter 1/20000: loss=1.08404 false_bg=0.1399 grad_norm=3.6691 sec_per_update=1.840 peak_gpu_gb=3.98
iter 50/20000: loss=1.31340 false_bg=0.1691 grad_norm=9.9092 sec_per_update=0.223 peak_gpu_gb=4.02
iter 100/20000: loss=0.70633 false_bg=0.1164 grad_norm=2.3339 sec_per_update=0.208 peak_gpu_gb=4.02
iter 150/20000: loss=0.90420 false_bg=0.1116 grad_norm=4.6610 sec_per_update=0.203 peak_gpu_gb=4.02
iter 200/20000: loss=0.85779 false_bg=0.1491 grad_norm=5.0626 sec_per_update=0.201 peak_gpu_gb=4.02
iter 250/20000: loss=1.00395 false_bg=0.1256 grad_norm=4.0739 sec_per_update=0.200 peak_gpu_gb=4.02
iter 300/20000: loss=0.58629 false_bg=0.1939 grad_norm=3.2862 sec_per_update=0.199 peak_gpu_gb=4.02
iter 350/20000: loss=0.49507 false_bg=0.1243 grad_norm=6.7669 sec_per_update=0.198 peak_gpu_gb=4.02
iter 400/20000: loss=0.77968 false_bg=0.1815 grad_norm=6.5335 sec_per_update=0.198 peak_gpu_gb=4.02
iter 450/20000: loss=0.46154 false_bg=0.1577 grad_norm=3.0123 sec_per_update=0.197 peak_gpu_gb=4.02
iter 500/20000: loss=0.50463 false_bg=0.0876 grad_norm=3.7165 sec_per_update=0.197 peak_gpu_gb=4.02
iter 550/20000: loss=0.34861 false_bg=0.0655 grad_norm=2.1319 sec_per_update=0.197 peak_gpu_gb=4.02
iter 600/20000: loss=0.38689 false_bg=0.1283 grad_norm=1.4487 sec_per_update=0.196 peak_gpu_gb=4.02
iter 650/20000: loss=0.56187 false_bg=0.1505 grad_norm=3.9256 sec_per_update=0.196 peak_gpu_gb=4.02
iter 700/20000: loss=0.67889 false_bg=0.1705 grad_norm=5.2145 sec_per_update=0.196 peak_gpu_gb=4.02
iter 750/20000: loss=0.42419 false_bg=0.0523 grad_norm=3.3957 sec_per_update=0.196 peak_gpu_gb=4.02
iter 800/20000: loss=0.52587 false_bg=0.1270 grad_norm=4.4159 sec_per_update=0.196 peak_gpu_gb=4.02
iter 850/20000: loss=0.54670 false_bg=0.1840 grad_norm=2.9327 sec_per_update=0.196 peak_gpu_gb=4.02
iter 900/20000: loss=0.53491 false_bg=0.1482 grad_norm=3.7273 sec_per_update=0.196 peak_gpu_gb=4.02
iter 950/20000: loss=0.39063 false_bg=0.0826 grad_norm=5.3649 sec_per_update=0.196 peak_gpu_gb=4.02
iter 1000/20000: loss=0.41424 false_bg=0.1327 grad_norm=3.2041 sec_per_update=0.196 peak_gpu_gb=4.02
{"iter": 1000, "val": {"mIoU": 0.5674918911972503, "per_class_iou": {"1": 0.3378879822572049, "2": 0.6763526694427783, "3": 0.5872044525303864, "4": 0.6833185328387859, "5": 0.31250699121769504, "6": 0.8098932215511813, "7": 0.6652524459104984, "8": 0.46751883382947224}, "classes_in_mean": [1, 2, 3, 4, 5, 6, 7, 8], "background_false_positive_rate": 0.040009368464399224, "background_false_negative_rate": 0.6261172597519089, "confusion": [[0, 0, 0, 0, 0, 0, 0, 0, 0], [0, 73576829, 47950845, 24819048, 7942418, 4210415, 22800750, 12363330, 3127554], [0, 2970916, 126636748, 839635, 929872, 360995, 978671, 145916, 275463], [0, 3054325, 2554192, 52659160, 924191, 27656, 1036587, 634452, 1000052], [0, 828785, 16975, 501310, 36083861, 271440, 705521, 1582734, 6849], [0, 2286462, 168190, 78042, 106036, 4796862, 242999, 1111296, 81], [0, 8663670, 3037577, 1468364, 2311743, 447073, 198668146, 3032116, 362596], [0, 3149985, 125303, 4170, 585945, 1242068, 1510857, 50654939, 824], [0, 9761, 243489, 76542, 9114, 0, 34983, 0, 4519340]]}, "selection_score": 0.5674918911972503}
iter 1050/20000: loss=0.46728 false_bg=0.1386 grad_norm=3.2052 sec_per_update=0.252 peak_gpu_gb=4.32
iter 1100/20000: loss=0.51713 false_bg=0.1292 grad_norm=3.0831 sec_per_update=0.250 peak_gpu_gb=4.32
iter 1150/20000: loss=0.27375 false_bg=0.0805 grad_norm=1.4984 sec_per_update=0.247 peak_gpu_gb=4.32
iter 1200/20000: loss=0.40401 false_bg=0.0954 grad_norm=3.3057 sec_per_update=0.245 peak_gpu_gb=4.32
iter 1250/20000: loss=0.34299 false_bg=0.1584 grad_norm=3.2448 sec_per_update=0.243 peak_gpu_gb=4.32
iter 1300/20000: loss=0.72713 false_bg=0.1415 grad_norm=4.5164 sec_per_update=0.241 peak_gpu_gb=4.32
iter 1350/20000: loss=0.65457 false_bg=0.0825 grad_norm=7.9381 sec_per_update=0.240 peak_gpu_gb=4.32
iter 1400/20000: loss=0.60374 false_bg=0.1838 grad_norm=5.2720 sec_per_update=0.238 peak_gpu_gb=4.32
iter 1450/20000: loss=0.61721 false_bg=0.1023 grad_norm=3.6855 sec_per_update=0.236 peak_gpu_gb=4.32
iter 1500/20000: loss=0.45852 false_bg=0.1341 grad_norm=15.5487 sec_per_update=0.235 peak_gpu_gb=4.32
iter 1550/20000: loss=0.60524 false_bg=0.1019 grad_norm=5.8360 sec_per_update=0.234 peak_gpu_gb=4.32
iter 1600/20000: loss=0.48478 false_bg=0.1542 grad_norm=2.3100 sec_per_update=0.233 peak_gpu_gb=4.32
iter 1650/20000: loss=0.36019 false_bg=0.1425 grad_norm=2.0320 sec_per_update=0.231 peak_gpu_gb=4.32
iter 1700/20000: loss=0.42888 false_bg=0.1510 grad_norm=1.0805 sec_per_update=0.230 peak_gpu_gb=4.32
iter 1750/20000: loss=0.28230 false_bg=0.0687 grad_norm=1.5768 sec_per_update=0.229 peak_gpu_gb=4.32
iter 1800/20000: loss=0.65744 false_bg=0.1408 grad_norm=1.7170 sec_per_update=0.228 peak_gpu_gb=4.32
iter 1850/20000: loss=0.41124 false_bg=0.2211 grad_norm=3.6271 sec_per_update=0.227 peak_gpu_gb=4.32
iter 1900/20000: loss=0.32821 false_bg=0.1243 grad_norm=14.8267 sec_per_update=0.226 peak_gpu_gb=4.32
iter 1950/20000: loss=0.41714 false_bg=0.1482 grad_norm=13.6522 sec_per_update=0.226 peak_gpu_gb=4.32
iter 2000/20000: loss=0.66507 false_bg=0.1316 grad_norm=2.5003 sec_per_update=0.225 peak_gpu_gb=4.32
{"iter": 2000, "val": {"mIoU": 0.6001942667081148, "per_class_iou": {"1": 0.3861605279319042, "2": 0.7440120970736002, "3": 0.5799733023218481, "4": 0.7619044093215174, "5": 0.27914653620218116, "6": 0.8115260100151598, "7": 0.6551266142702438, "8": 0.5837046365284638}, "classes_in_mean": [1, 2, 3, 4, 5, 6, 7, 8], "background_false_positive_rate": 0.024130645393020837, "background_false_negative_rate": 0.5890286226178552, "confusion": [[0, 0, 0, 0, 0, 0, 0, 0, 0], [0, 80875546, 30744786, 28972205, 3811556, 10529346, 27110375, 12988174, 1759201], [0, 4295561, 125049363, 1184330, 517367, 575551, 1126617, 145584, 243843], [0, 2572605, 1238874, 55247370, 119252, 151577, 1087405, 914257, 559275], [0, 327236, 18061, 923036, 35706641, 504249, 922638, 1587351, 8263], [0, 669428, 70548, 118018, 139987, 6907088, 170168, 714672, 59], [0, 3212953, 2443559, 1986605, 1700359, 1577518, 202686225, 4230168, 153898], [0, 1516543, 234014, 38137, 576845, 2615383, 1288078, 51004422, 669], [0, 49526, 186310, 145525, 2147, 0, 62804, 0, 4446917]]}, "proxy": {"0.5": {"mIoU": 0.5978781178914123, "per_class_iou": {"1": 0.43104881908158293, "2": 0.7149015833369792, "3": 0.5883476238615841, "4": 0.6849263561697996, "5": 0.3279155504895215, "6": 0.7974143453208729, "7": 0.699789121482025, "8": 0.5386815433889338}, "classes_in_mean": [1, 2, 3, 4, 5, 6, 7, 8], "background_false_positive_rate": 0.03874520448609948, "background_false_negative_rate": 0.5288978247077445, "confusion": [[0, 0, 0, 0, 0, 0, 0, 0, 0], [0, 7085421, 2533724, 1924493, 252025, 621064, 1844163, 630498, 148706], [0, 479465, 8987421, 80643, 47121, 94537, 88348, 8993, 23486], [0, 237825, 54334, 3951678, 3923, 9571, 70747, 54238, 33200], [0, 54177, 1394, 119520, 2051138, 27055, 41206, 100394, 333], [0, 118501, 13599, 15658, 1348, 616213, 38161, 8387, 0], [0, 419026, 139794, 151505, 277220, 153893, 13637298, 219728, 16085], [0, 87154, 15176, 696, 17830, 161195, 1740, 3044343, 0], [0, 1388, 3515, 8539, 0, 0, 2983, 0, 278187]]}, "0.625": {"mIoU": 0.6035127900920207, "per_class_iou": {"1": 0.4383219051989062, "2": 0.7242038557476822, "3": 0.5940212746415623, "4": 0.6720890243355665, "5": 0.32870548338845773, "6": 0.8077377729137944, "7": 0.6935186013492987, "8": 0.5695044031608983}, "classes_in_mean": [1, 2, 3, 4, 5, 6, 7, 8], "background_false_positive_rate": 0.03661895205293501, "background_false_negative_rate": 0.5231934389392462, "confusion": [[0, 0, 0, 0, 0, 0, 0, 0, 0], [0, 11207096, 3792969, 3063637, 457440, 1099206, 2688153, 991280, 204711], [0, 731153, 14058175, 114454, 79391, 163273, 131434, 12761, 36644], [0, 342451, 66622, 6228240, 5839, 14962, 107757, 83399, 48838], [0, 81927, 797, 170265, 3192894, 45131, 100493, 149427, 1105], [0, 145086, 13409, 24568, 2293, 1036365, 28131, 19024, 0], [0, 620863, 181336, 200668, 432755, 261781, 21423133, 317606, 20815], [0, 140996, 24063, 3646, 30944, 299639, 3377, 4698024, 0], [0, 1218, 5422, 9531, 0, 0, 4084, 0, 439691]]}, "0.75": {"mIoU": 0.6028796387495732, "per_class_iou": {"1": 0.4265602283748486, "2": 0.7281394219765707, "3": 0.5914331791171862, "4": 0.6721780401480276, "5": 0.3248840035315454, "6": 0.8050524092233106, "7": 0.7074706195396462, "8": 0.56731920808545}, "classes_in_mean": [1, 2, 3, 4, 5, 6, 7, 8], "background_false_positive_rate": 0.0322270200297302, "background_false_negative_rate": 0.5404724887924001, "confusion": [[0, 0, 0, 0, 0, 0, 0, 0, 0], [0, 15550916, 5455784, 4611707, 660592, 1656794, 4248175, 1353964, 303167], [0, 968264, 20332381, 153984, 118117, 244837, 186625, 12345, 56337], [0, 439257, 89490, 9017325, 6594, 27199, 163025, 117689, 73963], [0, 115604, 790, 236496, 4598292, 72243, 172562, 191623, 1531], [0, 201826, 24537, 35255, 2479, 1501724, 35529, 26165, 0], [0, 715352, 239913, 261342, 619853, 392315, 31086528, 435401, 30228], [0, 173924, 34380, 3456, 44108, 401436, 21558, 6810502, 0], [0, 1228, 5963, 9784, 0, 0, 5885, 0, 639965]]}}, "proxy_mIoU_mean": 0.6014235155776687, "selection_score": 0.600563041368981}
iter 2050/20000: loss=0.67573 false_bg=0.2414 grad_norm=13.0761 sec_per_update=0.264 peak_gpu_gb=4.32
iter 2100/20000: loss=0.35912 false_bg=0.0799 grad_norm=2.0391 sec_per_update=0.262 peak_gpu_gb=4.32
iter 2150/20000: loss=0.55744 false_bg=0.1600 grad_norm=2.8508 sec_per_update=0.261 peak_gpu_gb=4.32
iter 2200/20000: loss=0.34298 false_bg=0.0272 grad_norm=4.8604 sec_per_update=0.259 peak_gpu_gb=4.32
iter 2250/20000: loss=0.23402 false_bg=0.1021 grad_norm=1.0517 sec_per_update=0.258 peak_gpu_gb=4.32
iter 2300/20000: loss=0.19856 false_bg=0.1097 grad_norm=0.9295 sec_per_update=0.257 peak_gpu_gb=4.32
iter 2350/20000: loss=0.22409 false_bg=0.1197 grad_norm=2.5938 sec_per_update=0.255 peak_gpu_gb=4.32
iter 2400/20000: loss=0.45356 false_bg=0.1269 grad_norm=6.4907 sec_per_update=0.254 peak_gpu_gb=4.32
iter 2450/20000: loss=0.35554 false_bg=0.0734 grad_norm=13.1743 sec_per_update=0.253 peak_gpu_gb=4.32
iter 2500/20000: loss=0.26363 false_bg=0.1819 grad_norm=1.9063 sec_per_update=0.252 peak_gpu_gb=4.32
iter 2550/20000: loss=0.24500 false_bg=0.0895 grad_norm=2.4711 sec_per_update=0.251 peak_gpu_gb=4.32
iter 2600/20000: loss=0.79166 false_bg=0.1362 grad_norm=8.7909 sec_per_update=0.250 peak_gpu_gb=4.32
iter 2650/20000: loss=0.46877 false_bg=0.1513 grad_norm=3.4856 sec_per_update=0.249 peak_gpu_gb=4.32
iter 2700/20000: loss=0.22937 false_bg=0.1072 grad_norm=2.3457 sec_per_update=0.248 peak_gpu_gb=4.32
iter 2750/20000: loss=0.47954 false_bg=0.1575 grad_norm=7.8433 sec_per_update=0.247 peak_gpu_gb=4.32
iter 2800/20000: loss=0.74430 false_bg=0.1550 grad_norm=3.3617 sec_per_update=0.246 peak_gpu_gb=4.32
iter 2850/20000: loss=0.40642 false_bg=0.3070 grad_norm=4.5457 sec_per_update=0.245 peak_gpu_gb=4.32
iter 2900/20000: loss=0.07871 false_bg=0.0420 grad_norm=0.4825 sec_per_update=0.244 peak_gpu_gb=4.32
iter 2950/20000: loss=0.42879 false_bg=0.1166 grad_norm=4.6831 sec_per_update=0.243 peak_gpu_gb=4.32
iter 3000/20000: loss=0.50478 false_bg=0.2090 grad_norm=3.3580 sec_per_update=0.243 peak_gpu_gb=4.32
{"iter": 3000, "val": {"mIoU": 0.6233685380829883, "per_class_iou": {"1": 0.4544160252793244, "2": 0.7762498061389195, "3": 0.6337297757677944, "4": 0.7595673904175771, "5": 0.3067861265094227, "6": 0.8212010017088845, "7": 0.6663644878225833, "8": 0.5686336910194003}, "classes_in_mean": [1, 2, 3, 4, 5, 6, 7, 8], "background_false_positive_rate": 0.032165208057617585, "background_false_negative_rate": 0.5066664849512139, "confusion": [[0, 0, 0, 0, 0, 0, 0, 0, 0], [0, 97083689, 22651163, 19921649, 4835840, 10005956, 24450378, 15887016, 1955498], [0, 5984374, 123027661, 1139932, 627638, 634948, 1145145, 259490, 319028], [0, 4311958, 494855, 53975028, 224105, 217218, 1108074, 895956, 663421], [0, 245160, 5569, 541436, 36567426, 342876, 626491, 1664748, 3769], [0, 372114, 37739, 41213, 79084, 6757008, 182443, 1320310, 57], [0, 5117361, 1935288, 1512368, 1842158, 1332860, 202906089, 3148539, 196622], [0, 765081, 122053, 10122, 535266, 701316, 1531130, 53609123, 0], [0, 57713, 104897, 113080, 872, 0, 49615, 0, 4567052]]}, "selection_score": 0.6233685380829883}
iter 3050/20000: loss=0.18238 false_bg=0.0750 grad_norm=2.7655 sec_per_update=0.261 peak_gpu_gb=4.32
iter 3100/20000: loss=0.38907 false_bg=0.2815 grad_norm=9.3952 sec_per_update=0.260 peak_gpu_gb=4.32
iter 3150/20000: loss=0.63289 false_bg=0.1393 grad_norm=6.6818 sec_per_update=0.259 peak_gpu_gb=4.32
iter 3200/20000: loss=0.44633 false_bg=0.1146 grad_norm=7.8081 sec_per_update=0.258 peak_gpu_gb=4.32
iter 3250/20000: loss=0.48895 false_bg=0.0537 grad_norm=2.1540 sec_per_update=0.257 peak_gpu_gb=4.32
iter 3300/20000: loss=0.21033 false_bg=0.0847 grad_norm=1.6240 sec_per_update=0.256 peak_gpu_gb=4.32
iter 3350/20000: loss=0.68181 false_bg=0.2220 grad_norm=8.1304 sec_per_update=0.255 peak_gpu_gb=4.32
iter 3400/20000: loss=0.57306 false_bg=0.0991 grad_norm=2.7861 sec_per_update=0.254 peak_gpu_gb=4.32
iter 3450/20000: loss=0.37789 false_bg=0.0806 grad_norm=4.3896 sec_per_update=0.253 peak_gpu_gb=4.32
iter 3500/20000: loss=0.86305 false_bg=0.3697 grad_norm=15.7166 sec_per_update=0.253 peak_gpu_gb=4.32
iter 3550/20000: loss=0.36938 false_bg=0.1994 grad_norm=24.9614 sec_per_update=0.252 peak_gpu_gb=4.32
iter 3600/20000: loss=0.36979 false_bg=0.2036 grad_norm=1.5185 sec_per_update=0.251 peak_gpu_gb=4.32
iter 3650/20000: loss=0.39313 false_bg=0.1638 grad_norm=4.5678 sec_per_update=0.250 peak_gpu_gb=4.32
iter 3700/20000: loss=0.80562 false_bg=0.2746 grad_norm=4.8269 sec_per_update=0.249 peak_gpu_gb=4.32
iter 3750/20000: loss=0.13176 false_bg=0.0975 grad_norm=2.1815 sec_per_update=0.249 peak_gpu_gb=4.32
iter 3800/20000: loss=0.38721 false_bg=0.0877 grad_norm=2.5317 sec_per_update=0.248 peak_gpu_gb=4.32
iter 3850/20000: loss=0.28725 false_bg=0.0539 grad_norm=2.3264 sec_per_update=0.247 peak_gpu_gb=4.32
iter 3900/20000: loss=0.25628 false_bg=0.0971 grad_norm=2.7384 sec_per_update=0.246 peak_gpu_gb=4.32
iter 3950/20000: loss=0.12925 false_bg=0.0457 grad_norm=1.4017 sec_per_update=0.246 peak_gpu_gb=4.32
iter 4000/20000: loss=0.28952 false_bg=0.2335 grad_norm=2.6544 sec_per_update=0.245 peak_gpu_gb=4.32
{"iter": 4000, "val": {"mIoU": 0.6276328345699035, "per_class_iou": {"1": 0.4672707266188546, "2": 0.761601979970203, "3": 0.641798658130474, "4": 0.7601841162398701, "5": 0.33000382390654387, "6": 0.8309658857909669, "7": 0.6679373120953003, "8": 0.5613001738070152}, "classes_in_mean": [1, 2, 3, 4, 5, 6, 7, 8], "background_false_positive_rate": 0.035640508254213464, "background_false_negative_rate": 0.4883870689962649, "confusion": [[0, 0, 0, 0, 0, 0, 0, 0, 0], [0, 100680917, 27004408, 18854898, 4704053, 8705142, 20416790, 14383133, 2041848], [0, 5527168, 124937223, 430079, 507578, 537016, 646764, 296239, 256149], [0, 4680154, 812670, 53190194, 229375, 130256, 1050338, 1081854, 715774], [0, 408905, 9838, 348683, 36640863, 275248, 551419, 1759469, 3050], [0, 596119, 37388, 13609, 111321, 6703798, 345802, 981931, 0], [0, 5646036, 2851754, 1271224, 2144005, 938043, 200963827, 3826135, 350261], [0, 1767570, 85722, 174, 503881, 938631, 808398, 53169715, 0], [0, 48779, 105301, 67479, 2297, 0, 32859, 0, 4636514]]}, "proxy": {"0.5": {"mIoU": 0.6154909513727057, "per_class_iou": {"1": 0.5057487708868766, "2": 0.7374704131946715, "3": 0.6498232357585536, "4": 0.6926269117270646, "5": 0.37545052459570055, "6": 0.8059192602497286, "7": 0.6966219025833583, "8": 0.4602665919856918}, "classes_in_mean": [1, 2, 3, 4, 5, 6, 7, 8], "background_false_positive_rate": 0.05333994604754894, "background_false_negative_rate": 0.4295545626244091, "confusion": [[0, 0, 0, 0, 0, 0, 0, 0, 0], [0, 8579553, 2143443, 1220368, 304482, 582872, 1304531, 705784, 199061], [0, 546344, 8974481, 28083, 52980, 111463, 45427, 22620, 28616], [0, 406776, 32054, 3773634, 3486, 16418, 64536, 58364, 60248], [0, 69485, 131, 43151, 2148555, 23416, 21046, 88992, 441], [0, 111932, 4913, 3162, 1287, 660336, 18934, 11303, 0], [0, 712349, 174544, 95082, 325063, 111809, 13273134, 277095, 45473], [0, 76094, 2053, 0, 19523, 100938, 97, 3129429, 0], [0, 987, 2124, 1808, 0, 0, 438, 0, 289255]]}, "0.625": {"mIoU": 0.62467250409942, "per_class_iou": {"1": 0.5107035468244854, "2": 0.741078783587997, "3": 0.6629543370662488, "4": 0.6933877874897234, "5": 0.3716981518820467, "6": 0.8162212606679863, "7": 0.7062640897459044, "8": 0.49507207553096805}, "classes_in_mean": [1, 2, 3, 4, 5, 6, 7, 8], "background_false_positive_rate": 0.05077778901587944, "background_false_negative_rate": 0.42711925022672265, "confusion": [[0, 0, 0, 0, 0, 0, 0, 0, 0], [0, 13465271, 3331310, 1870297, 526761, 962768, 1970585, 1098068, 279432], [0, 845771, 14049482, 37581, 84984, 175219, 68655, 27621, 37972], [0, 597129, 39948, 5957785, 3626, 24652, 102023, 90316, 82629], [0, 92167, 525, 61009, 3390486, 38308, 26091, 132588, 865], [0, 168053, 4918, 3108, 2129, 1033629, 41575, 15455, 9], [0, 1029334, 246197, 114694, 497719, 182476, 20951657, 380917, 55963], [0, 128423, 5203, 9, 32482, 128530, 576, 4905466, 0], [0, 751, 2763, 1914, 0, 0, 628, 0, 453890]]}, "0.75": {"mIoU": 0.6311346145066855, "per_class_iou": {"1": 0.5105040077922245, "2": 0.7485579936645584, "3": 0.6596389866799228, "4": 0.6969327623809097, "5": 0.3752848483889815, "6": 0.8196796087789329, "7": 0.7225455825367715, "8": 0.5159331258311831}, "classes_in_mean": [1, 2, 3, 4, 5, 6, 7, 8], "background_false_positive_rate": 0.04629788340799152, "background_false_negative_rate": 0.4328142830113171, "confusion": [[0, 0, 0, 0, 0, 0, 0, 0, 0], [0, 19194188, 4674210, 2876914, 750329, 1431501, 3050927, 1480673, 382357], [0, 1144868, 20312333, 66435, 124207, 255633, 97567, 31588, 40259], [0, 796130, 55395, 8646470, 4526, 37746, 153094, 129776, 111405], [0, 127201, 421, 73769, 4904895, 53775, 46624, 181827, 629], [0, 242560, 4934, 1890, 2734, 1518407, 38735, 18255, 0], [0, 1274026, 316804, 152334, 722503, 278829, 30473678, 490206, 72552], [0, 171409, 7099, 0, 44391, 161013, 8834, 7096618, 0], [0, 1213, 3530, 1998, 0, 0, 835, 0, 655249]]}}, "proxy_mIoU_mean": 0.6237660233262704, "selection_score": 0.6264727911968135}
iter 4050/20000: loss=0.39901 false_bg=0.2646 grad_norm=3.5475 sec_per_update=0.264 peak_gpu_gb=4.32
iter 4100/20000: loss=0.28898 false_bg=0.1651 grad_norm=2.1270 sec_per_update=0.263 peak_gpu_gb=4.32
iter 4150/20000: loss=0.11745 false_bg=0.0948 grad_norm=1.4695 sec_per_update=0.263 peak_gpu_gb=4.32
iter 4200/20000: loss=0.24177 false_bg=0.1095 grad_norm=0.7602 sec_per_update=0.262 peak_gpu_gb=4.32
iter 4250/20000: loss=0.40819 false_bg=0.2144 grad_norm=7.8100 sec_per_update=0.261 peak_gpu_gb=4.32
iter 4300/20000: loss=0.24854 false_bg=0.1058 grad_norm=1.9531 sec_per_update=0.260 peak_gpu_gb=4.32
iter 4350/20000: loss=0.26410 false_bg=0.0833 grad_norm=1.6597 sec_per_update=0.260 peak_gpu_gb=4.32
iter 4400/20000: loss=0.15792 false_bg=0.0826 grad_norm=2.5714 sec_per_update=0.259 peak_gpu_gb=4.32
iter 4450/20000: loss=0.33510 false_bg=0.0905 grad_norm=1.8868 sec_per_update=0.258 peak_gpu_gb=4.32
iter 4500/20000: loss=0.90552 false_bg=0.3648 grad_norm=5.6141 sec_per_update=0.257 peak_gpu_gb=4.32
iter 4550/20000: loss=0.15323 false_bg=0.1080 grad_norm=2.5506 sec_per_update=0.257 peak_gpu_gb=4.32
iter 4600/20000: loss=0.32128 false_bg=0.0942 grad_norm=6.8868 sec_per_update=0.256 peak_gpu_gb=4.32
iter 4650/20000: loss=0.19021 false_bg=0.1123 grad_norm=0.9318 sec_per_update=0.255 peak_gpu_gb=4.32
iter 4700/20000: loss=0.24280 false_bg=0.1197 grad_norm=2.7476 sec_per_update=0.255 peak_gpu_gb=4.32
iter 4750/20000: loss=0.52552 false_bg=0.1590 grad_norm=3.2030 sec_per_update=0.254 peak_gpu_gb=4.32
iter 4800/20000: loss=0.78855 false_bg=0.2008 grad_norm=12.1202 sec_per_update=0.253 peak_gpu_gb=4.32
iter 4850/20000: loss=0.15792 false_bg=0.0858 grad_norm=3.2667 sec_per_update=0.253 peak_gpu_gb=4.32
iter 4900/20000: loss=0.58500 false_bg=0.1904 grad_norm=2.8133 sec_per_update=0.252 peak_gpu_gb=4.32
iter 4950/20000: loss=0.35786 false_bg=0.1508 grad_norm=2.9682 sec_per_update=0.252 peak_gpu_gb=4.32
iter 5000/20000: loss=0.42385 false_bg=0.0966 grad_norm=12.4671 sec_per_update=0.251 peak_gpu_gb=4.32
{"iter": 5000, "val": {"mIoU": 0.6422734852847792, "per_class_iou": {"1": 0.4938212961191494, "2": 0.7822352086989257, "3": 0.6687878301591882, "4": 0.7793665775859997, "5": 0.2887353977746461, "6": 0.8312528573281444, "7": 0.6799627980101977, "8": 0.6140259166019828}, "classes_in_mean": [1, 2, 3, 4, 5, 6, 7, 8], "background_false_positive_rate": 0.038696393305527155, "background_false_negative_rate": 0.45529893617340766, "confusion": [[0, 0, 0, 0, 0, 0, 0, 0, 0], [0, 107192370, 22574750, 13834523, 4235598, 11753337, 20808446, 14898639, 1493526], [0, 6118708, 124304936, 331441, 524127, 742956, 772911, 192546, 150591], [0, 6440628, 742293, 51698580, 104775, 243185, 1174195, 793303, 693656], [0, 279830, 5702, 117556, 37583654, 258621, 313411, 1437969, 732], [0, 232034, 32783, 29724, 126775, 6903506, 118815, 1346331, 0], [0, 6130989, 2189151, 1014590, 2505780, 1521861, 201569123, 2846455, 213336], [0, 987116, 109790, 13081, 726690, 599527, 1263952, 53573816, 119], [0, 86633, 117237, 70385, 2113, 0, 45322, 0, 4571539]]}, "selection_score": 0.6422734852847792}
iter 5050/20000: loss=0.45051 false_bg=0.1181 grad_norm=8.3559 sec_per_update=0.262 peak_gpu_gb=4.32
iter 5100/20000: loss=0.46979 false_bg=0.2647 grad_norm=3.6710 sec_per_update=0.262 peak_gpu_gb=4.32
iter 5150/20000: loss=0.64439 false_bg=0.1961 grad_norm=5.0327 sec_per_update=0.261 peak_gpu_gb=4.32
iter 5200/20000: loss=0.49693 false_bg=0.1973 grad_norm=6.1428 sec_per_update=0.260 peak_gpu_gb=4.32
iter 5250/20000: loss=0.43941 false_bg=0.1290 grad_norm=8.6039 sec_per_update=0.260 peak_gpu_gb=4.32
iter 5300/20000: loss=0.44630 false_bg=0.1546 grad_norm=6.3645 sec_per_update=0.259 peak_gpu_gb=4.32
iter 5350/20000: loss=0.32522 false_bg=0.1153 grad_norm=17.2103 sec_per_update=0.259 peak_gpu_gb=4.32
iter 5400/20000: loss=0.41496 false_bg=0.1474 grad_norm=4.0368 sec_per_update=0.258 peak_gpu_gb=4.32
iter 5450/20000: loss=0.16444 false_bg=0.0591 grad_norm=5.7192 sec_per_update=0.257 peak_gpu_gb=4.32
iter 5500/20000: loss=0.31239 false_bg=0.1865 grad_norm=2.4781 sec_per_update=0.257 peak_gpu_gb=4.32
iter 5550/20000: loss=0.18204 false_bg=0.0306 grad_norm=4.5543 sec_per_update=0.256 peak_gpu_gb=4.32
iter 5600/20000: loss=0.11595 false_bg=0.0768 grad_norm=1.6324 sec_per_update=0.256 peak_gpu_gb=4.32
iter 5650/20000: loss=0.38484 false_bg=0.0826 grad_norm=2.0931 sec_per_update=0.255 peak_gpu_gb=4.32
iter 5700/20000: loss=0.54374 false_bg=0.1809 grad_norm=5.1311 sec_per_update=0.255 peak_gpu_gb=4.32
iter 5750/20000: loss=0.23988 false_bg=0.1008 grad_norm=3.2225 sec_per_update=0.254 peak_gpu_gb=4.32
iter 5800/20000: loss=1.01608 false_bg=0.2900 grad_norm=5.5317 sec_per_update=0.254 peak_gpu_gb=4.32
iter 5850/20000: loss=0.38985 false_bg=0.0933 grad_norm=4.0342 sec_per_update=0.253 peak_gpu_gb=4.32
iter 5900/20000: loss=0.42771 false_bg=0.1784 grad_norm=2.4389 sec_per_update=0.253 peak_gpu_gb=4.32
iter 5950/20000: loss=0.34693 false_bg=0.1663 grad_norm=9.5353 sec_per_update=0.252 peak_gpu_gb=4.32
iter 6000/20000: loss=0.15426 false_bg=0.0584 grad_norm=1.5194 sec_per_update=0.252 peak_gpu_gb=4.32
{"iter": 6000, "val": {"mIoU": 0.6478450871176323, "per_class_iou": {"1": 0.4699300296615752, "2": 0.786558092413756, "3": 0.6352550999671582, "4": 0.7935301392609038, "5": 0.3659249545681799, "6": 0.825357979780276, "7": 0.6922962718094251, "8": 0.6139081294797842}, "classes_in_mean": [1, 2, 3, 4, 5, 6, 7, 8], "background_false_positive_rate": 0.029496570578911283, "background_false_negative_rate": 0.49316290273544716, "confusion": [[0, 0, 0, 0, 0, 0, 0, 0, 0], [0, 99741075, 22534347, 22965449, 3662011, 5344596, 27263307, 13713196, 1567208], [0, 5544830, 124643819, 574951, 493427, 256833, 1211835, 208901, 203620], [0, 3412590, 618814, 55407836, 68055, 31308, 1020240, 767294, 564478], [0, 449836, 4624, 204598, 37133619, 168878, 627033, 1407280, 1607], [0, 1419919, 56895, 47964, 109911, 5750623, 192285, 1212371, 0], [0, 3476791, 1963892, 1398420, 1808389, 664165, 206806102, 1636093, 237433], [0, 1087264, 75541, 10478, 655918, 459559, 2219045, 52766286, 0], [0, 64232, 75075, 128920, 288, 0, 40309, 0, 4584405]]}, "proxy": {"0.5": {"mIoU": 0.6452886908699953, "per_class_iou": {"1": 0.5190971835871306, "2": 0.7620767181654546, "3": 0.6404416418230194, "4": 0.7396277424337295, "5": 0.42336661299667416, "6": 0.8141204913349213, "7": 0.7305652930934416, "8": 0.5330138435255911}, "classes_in_mean": [1, 2, 3, 4, 5, 6, 7, 8], "background_false_positive_rate": 0.050206697222330114, "background_false_negative_rate": 0.41839924670683576, "confusion": [[0, 0, 0, 0, 0, 0, 0, 0, 0], [0, 8747330, 1689201, 1520223, 192007, 245539, 1803860, 688896, 153038], [0, 698049, 8857069, 33551, 52301, 35640, 99719, 18106, 15579], [0, 310960, 23366, 3916243, 2574, 3845, 64384, 52452, 41692], [0, 67601, 96, 28048, 2186472, 11265, 28618, 72726, 391], [0, 241702, 9063, 7561, 1004, 529044, 11550, 11943, 0], [0, 420656, 84585, 105291, 290107, 74265, 13871773, 135243, 32629], [0, 70733, 4076, 385, 22969, 67191, 15870, 3146910, 0], [0, 1250, 1879, 4335, 0, 0, 418, 0, 286730]]}, "0.625": {"mIoU": 0.6568138467635276, "per_class_iou": {"1": 0.5243316895652353, "2": 0.7688355907497567, "3": 0.6494376010767346, "4": 0.736429098160482, "5": 0.440028888288726, "6": 0.8219037592682225, "7": 0.7417028576026787, "8": 0.5718412893963846}, "classes_in_mean": [1, 2, 3, 4, 5, 6, 7, 8], "background_false_positive_rate": 0.04700545994296959, "background_false_negative_rate": 0.4165743722519083, "confusion": [[0, 0, 0, 0, 0, 0, 0, 0, 0], [0, 13713123, 2581309, 2378595, 379589, 435563, 2750572, 1057143, 208598], [0, 1046340, 13888313, 55986, 81394, 65701, 151824, 18943, 18784], [0, 448619, 27622, 6170997, 2904, 5960, 105781, 78113, 58112], [0, 97879, 314, 24233, 3460322, 16775, 36508, 105111, 897], [0, 338360, 9631, 10589, 1454, 874931, 18262, 15649, 0], [0, 609028, 107718, 128235, 450173, 118324, 21820764, 185320, 39395], [0, 106929, 7921, 630, 41232, 77150, 26368, 4940459, 0], [0, 1880, 2287, 5687, 0, 0, 778, 0, 449314]]}, "0.75": {"mIoU": 0.6593920115897134, "per_class_iou": {"1": 0.5184795123296088, "2": 0.7738120999075841, "3": 0.6473390541768976, "4": 0.7337270218789643, "5": 0.44208510416295976, "6": 0.8192562989952757, "7": 0.7514530674954457, "8": 0.5889839337709706}, "classes_in_mean": [1, 2, 3, 4, 5, 6, 7, 8], "background_false_positive_rate": 0.04237251431354669, "background_false_negative_rate": 0.4288340931244579, "confusion": [[0, 0, 0, 0, 0, 0, 0, 0, 0], [0, 19328882, 3710974, 3609629, 577897, 634697, 4246995, 1448510, 283515], [0, 1351043, 20114830, 87584, 122595, 124869, 217626, 23645, 30698], [0, 568375, 36957, 8968322, 2912, 10099, 162316, 108791, 76770], [0, 129430, 292, 31285, 4986830, 32205, 60569, 148042, 488], [0, 469052, 14979, 12349, 1863, 1279553, 25521, 24198, 0], [0, 773890, 142663, 171373, 641288, 180012, 31591855, 230341, 49510], [0, 143928, 13907, 604, 60878, 84962, 66652, 7118433, 0], [0, 3117, 1801, 6768, 0, 0, 1015, 0, 650124]]}}, "proxy_mIoU_mean": 0.6538315164077454, "selection_score": 0.6496410159046662}
iter 6050/20000: loss=0.52331 false_bg=0.2865 grad_norm=14.3989 sec_per_update=0.264 peak_gpu_gb=4.32
iter 6100/20000: loss=0.30754 false_bg=0.1944 grad_norm=6.5176 sec_per_update=0.264 peak_gpu_gb=4.32
iter 6150/20000: loss=0.19099 false_bg=0.0824 grad_norm=2.1236 sec_per_update=0.263 peak_gpu_gb=4.32
iter 6200/20000: loss=0.26868 false_bg=0.2217 grad_norm=4.0343 sec_per_update=0.263 peak_gpu_gb=4.32
iter 6250/20000: loss=0.13823 false_bg=0.0247 grad_norm=0.5591 sec_per_update=0.262 peak_gpu_gb=4.32
iter 6300/20000: loss=0.85696 false_bg=0.0662 grad_norm=7.0532 sec_per_update=0.262 peak_gpu_gb=4.32
iter 6350/20000: loss=0.44038 false_bg=0.1009 grad_norm=4.2202 sec_per_update=0.261 peak_gpu_gb=4.32
iter 6400/20000: loss=0.19421 false_bg=0.0838 grad_norm=1.2791 sec_per_update=0.260 peak_gpu_gb=4.32
iter 6450/20000: loss=0.47911 false_bg=0.2269 grad_norm=6.4499 sec_per_update=0.260 peak_gpu_gb=4.32
iter 6500/20000: loss=0.18330 false_bg=0.0854 grad_norm=1.1437 sec_per_update=0.259 peak_gpu_gb=4.32
iter 6550/20000: loss=0.23069 false_bg=0.1122 grad_norm=9.0516 sec_per_update=0.259 peak_gpu_gb=4.32
iter 6600/20000: loss=0.62966 false_bg=0.2103 grad_norm=12.1779 sec_per_update=0.258 peak_gpu_gb=4.32
iter 6650/20000: loss=0.36480 false_bg=0.1760 grad_norm=3.6890 sec_per_update=0.258 peak_gpu_gb=4.32
iter 6700/20000: loss=0.33639 false_bg=0.1262 grad_norm=2.4742 sec_per_update=0.258 peak_gpu_gb=4.32
iter 6750/20000: loss=0.28521 false_bg=0.1152 grad_norm=2.4652 sec_per_update=0.257 peak_gpu_gb=4.32
iter 6800/20000: loss=0.64270 false_bg=0.2238 grad_norm=3.3558 sec_per_update=0.257 peak_gpu_gb=4.32
iter 6850/20000: loss=0.07042 false_bg=0.0451 grad_norm=0.8839 sec_per_update=0.256 peak_gpu_gb=4.32
iter 6900/20000: loss=0.33825 false_bg=0.1636 grad_norm=10.8234 sec_per_update=0.256 peak_gpu_gb=4.32
iter 6950/20000: loss=0.23947 false_bg=0.1162 grad_norm=3.3193 sec_per_update=0.255 peak_gpu_gb=4.32
iter 7000/20000: loss=0.07369 false_bg=0.0230 grad_norm=0.9487 sec_per_update=0.255 peak_gpu_gb=4.32
{"iter": 7000, "val": {"mIoU": 0.6314493400022859, "per_class_iou": {"1": 0.45884910992114447, "2": 0.7900638076477605, "3": 0.6253792129579693, "4": 0.7746626881705848, "5": 0.31110272318356846, "6": 0.8328396055220285, "7": 0.6849429020894899, "8": 0.5737546705257413}, "classes_in_mean": [1, 2, 3, 4, 5, 6, 7, 8], "background_false_positive_rate": 0.024094941391264675, "background_false_negative_rate": 0.5117134131447318, "confusion": [[0, 0, 0, 0, 0, 0, 0, 0, 0], [0, 96090498, 23063055, 23752158, 4207350, 11358474, 22213411, 14127512, 1978731], [0, 4052978, 126051954, 632540, 496599, 621660, 804206, 229473, 248806], [0, 3208569, 735177, 55091107, 58868, 211681, 1145316, 723335, 716562], [0, 156054, 10502, 240633, 37358308, 352092, 504503, 1371292, 4091], [0, 165945, 71137, 65257, 32787, 7478860, 99075, 876907, 0], [0, 4381442, 2382690, 1404940, 2448900, 1538001, 204175623, 1402448, 257241], [0, 613716, 62798, 30607, 983279, 1167965, 2356601, 52059125, 0], [0, 46440, 82974, 75572, 0, 0, 41599, 0, 4646644]]}, "selection_score": 0.6314493400022859}
iter 7050/20000: loss=0.61726 false_bg=0.2012 grad_norm=9.4055 sec_per_update=0.263 peak_gpu_gb=4.32
iter 7100/20000: loss=0.37353 false_bg=0.1902 grad_norm=3.9724 sec_per_update=0.262 peak_gpu_gb=4.32
iter 7150/20000: loss=0.47019 false_bg=0.2234 grad_norm=10.7979 sec_per_update=0.262 peak_gpu_gb=4.32
iter 7200/20000: loss=0.23659 false_bg=0.1155 grad_norm=2.8625 sec_per_update=0.261 peak_gpu_gb=4.32
iter 7250/20000: loss=0.36520 false_bg=0.1429 grad_norm=4.5800 sec_per_update=0.261 peak_gpu_gb=4.32
iter 7300/20000: loss=0.45438 false_bg=0.3591 grad_norm=7.1298 sec_per_update=0.260 peak_gpu_gb=4.32
iter 7350/20000: loss=0.08342 false_bg=0.0372 grad_norm=0.9905 sec_per_update=0.260 peak_gpu_gb=4.32
iter 7400/20000: loss=0.17536 false_bg=0.1117 grad_norm=1.1864 sec_per_update=0.260 peak_gpu_gb=4.32
iter 7450/20000: loss=0.08192 false_bg=0.0506 grad_norm=0.4596 sec_per_update=0.259 peak_gpu_gb=4.32
iter 7500/20000: loss=0.26674 false_bg=0.1347 grad_norm=2.4166 sec_per_update=0.259 peak_gpu_gb=4.32
iter 7550/20000: loss=0.24743 false_bg=0.1068 grad_norm=3.3396 sec_per_update=0.258 peak_gpu_gb=4.32
iter 7600/20000: loss=0.36603 false_bg=0.1131 grad_norm=2.9966 sec_per_update=0.258 peak_gpu_gb=4.32
iter 7650/20000: loss=0.25898 false_bg=0.0749 grad_norm=7.0834 sec_per_update=0.257 peak_gpu_gb=4.32
iter 7700/20000: loss=0.60567 false_bg=0.1385 grad_norm=22.9767 sec_per_update=0.257 peak_gpu_gb=4.32
iter 7750/20000: loss=0.16468 false_bg=0.1203 grad_norm=6.0931 sec_per_update=0.257 peak_gpu_gb=4.32
iter 7800/20000: loss=0.29875 false_bg=0.1398 grad_norm=4.0419 sec_per_update=0.256 peak_gpu_gb=4.32
iter 7850/20000: loss=0.13408 false_bg=0.0593 grad_norm=0.9055 sec_per_update=0.256 peak_gpu_gb=4.32
iter 7900/20000: loss=0.10246 false_bg=0.0580 grad_norm=1.2321 sec_per_update=0.255 peak_gpu_gb=4.32
iter 7950/20000: loss=0.68534 false_bg=0.1292 grad_norm=6.1493 sec_per_update=0.255 peak_gpu_gb=4.32
iter 8000/20000: loss=0.25060 false_bg=0.0902 grad_norm=1.1177 sec_per_update=0.255 peak_gpu_gb=4.32
{"iter": 8000, "val": {"mIoU": 0.6557945812138881, "per_class_iou": {"1": 0.5097296427104945, "2": 0.7981735944520001, "3": 0.6634704051885125, "4": 0.8023126857702666, "5": 0.3365804628304946, "6": 0.8283019484848912, "7": 0.7132799275636336, "8": 0.594507982710812}, "classes_in_mean": [1, 2, 3, 4, 5, 6, 7, 8], "background_false_positive_rate": 0.03191912946651017, "background_false_negative_rate": 0.4469496294369155, "confusion": [[0, 0, 0, 0, 0, 0, 0, 0, 0], [0, 108835440, 20231921, 18189073, 3275399, 8972138, 24982845, 10571931, 1732442], [0, 5395799, 125329830, 482612, 395778, 462671, 671415, 84704, 315407], [0, 4484305, 563333, 54525845, 9978, 104469, 1195741, 360826, 646118], [0, 535366, 12881, 395815, 36977937, 429483, 632989, 1009167, 3837], [0, 411327, 68004, 50100, 86133, 7221386, 198027, 754991, 0], [0, 4416248, 2827169, 1027562, 1500843, 1176428, 205574575, 1218986, 249474], [0, 1412995, 119022, 84968, 823578, 1519998, 2474720, 50838810, 0], [0, 68782, 60221, 62039, 0, 0, 40943, 0, 4661244]]}, "proxy": {"0.5": {"mIoU": 0.6530888859856447, "per_class_iou": {"1": 0.5426181290356487, "2": 0.7688686983555287, "3": 0.6637112156788058, "4": 0.7773420316841864, "5": 0.4047726234003656, "6": 0.8168533802842419, "7": 0.7518567629296237, "8": 0.4986882465167569}, "classes_in_mean": [1, 2, 3, 4, 5, 6, 7, 8], "background_false_positive_rate": 0.04039652553600842, "background_false_negative_rate": 0.40481249651764145, "confusion": [[0, 0, 0, 0, 0, 0, 0, 0, 0], [0, 8951676, 1761962, 1253861, 125559, 559239, 1638421, 577217, 172159], [0, 459343, 9092306, 41271, 38939, 100139, 46003, 5847, 26166], [0, 312801, 28279, 3889136, 1858, 13518, 78725, 37867, 53332], [0, 58603, 1228, 46861, 2168272, 25077, 30080, 64125, 971], [0, 65207, 11802, 7394, 765, 708514, 11466, 6719, 0], [0, 493354, 203479, 88333, 203831, 132535, 13751404, 107570, 34043], [0, 66808, 7013, 4987, 23172, 108025, 14856, 3103273, 0], [0, 983, 1787, 1458, 0, 0, 505, 0, 289879]]}, "0.625": {"mIoU": 0.663955946105282, "per_class_iou": {"1": 0.5564441156834171, "2": 0.7809524544404084, "3": 0.6757517334656404, "4": 0.7729804158883012, "5": 0.3941314270618471, "6": 0.8252132778301159, "7": 0.7620746017886854, "8": 0.5440995426838405}, "classes_in_mean": [1, 2, 3, 4, 5, 6, 7, 8], "background_false_positive_rate": 0.039375149718130664, "background_false_negative_rate": 0.3910228734150051, "confusion": [[0, 0, 0, 0, 0, 0, 0, 0, 0], [0, 14313698, 2494308, 1921420, 222718, 991122, 2460434, 872892, 227900], [0, 768436, 14169246, 56378, 65088, 158822, 71546, 5744, 32025], [0, 468650, 32353, 6119407, 2708, 20073, 129512, 53541, 71864], [0, 81389, 1142, 53460, 3437304, 41824, 36973, 88662, 1285], [0, 92496, 12809, 10645, 1271, 1126402, 20328, 4925, 0], [0, 698436, 260164, 105556, 373024, 222336, 21630535, 127711, 41195], [0, 107657, 14410, 8062, 39971, 154882, 33360, 4842347, 0], [0, 1958, 1074, 2074, 0, 0, 944, 0, 453896]]}, "0.75": {"mIoU": 0.6677727542364312, "per_class_iou": {"1": 0.5567854648375535, "2": 0.7867697799664816, "3": 0.6778333973924874, "4": 0.7761957179811767, "5": 0.39224589000565646, "6": 0.8246644326906291, "7": 0.7661732662690297, "8": 0.5615140847484352}, "classes_in_mean": [1, 2, 3, 4, 5, 6, 7, 8], "background_false_positive_rate": 0.03933199575653224, "background_false_negative_rate": 0.39069552676170477, "confusion": [[0, 0, 0, 0, 0, 0, 0, 0, 0], [0, 20619533, 3394399, 2831680, 368695, 1430397, 3694990, 1193490, 307915], [0, 1106900, 20360288, 102721, 97274, 244720, 105198, 6525, 49264], [0, 622642, 42705, 8888348, 2148, 28004, 190934, 65606, 94155], [0, 116833, 1689, 87465, 4935945, 63528, 63527, 119308, 846], [0, 139389, 16394, 13654, 1720, 1623361, 28302, 4695, 0], [0, 1041655, 329832, 130646, 442059, 322527, 31303377, 158905, 51931], [0, 161920, 19114, 9908, 58113, 221940, 93777, 6924592, 0], [0, 2736, 1307, 2264, 0, 0, 1267, 0, 655251]]}}, "proxy_mIoU_mean": 0.6616058621091193, "selection_score": 0.6575379654824575}
iter 8050/20000: loss=1.01163 false_bg=0.2111 grad_norm=18.8694 sec_per_update=0.264 peak_gpu_gb=4.32
iter 8100/20000: loss=0.32447 false_bg=0.1219 grad_norm=4.4317 sec_per_update=0.264 peak_gpu_gb=4.32
iter 8150/20000: loss=0.29916 false_bg=0.1232 grad_norm=2.7185 sec_per_update=0.263 peak_gpu_gb=4.32
iter 8200/20000: loss=1.48304 false_bg=0.1218 grad_norm=4.8147 sec_per_update=0.263 peak_gpu_gb=4.32
iter 8250/20000: loss=0.58094 false_bg=0.2743 grad_norm=8.9397 sec_per_update=0.263 peak_gpu_gb=4.32
iter 8300/20000: loss=0.08444 false_bg=0.0525 grad_norm=1.5420 sec_per_update=0.262 peak_gpu_gb=4.32
iter 8350/20000: loss=0.52233 false_bg=0.1377 grad_norm=4.6413 sec_per_update=0.262 peak_gpu_gb=4.32
iter 8400/20000: loss=0.38160 false_bg=0.1993 grad_norm=4.9407 sec_per_update=0.261 peak_gpu_gb=4.32
iter 8450/20000: loss=0.13979 false_bg=0.1090 grad_norm=1.8856 sec_per_update=0.261 peak_gpu_gb=4.32
iter 8500/20000: loss=0.71261 false_bg=0.0784 grad_norm=4.8068 sec_per_update=0.261 peak_gpu_gb=4.32
iter 8550/20000: loss=0.14326 false_bg=0.0711 grad_norm=1.4888 sec_per_update=0.260 peak_gpu_gb=4.32
iter 8600/20000: loss=0.36867 false_bg=0.1457 grad_norm=2.9842 sec_per_update=0.260 peak_gpu_gb=4.32
iter 8650/20000: loss=0.24009 false_bg=0.0860 grad_norm=7.3576 sec_per_update=0.259 peak_gpu_gb=4.32
iter 8700/20000: loss=0.67176 false_bg=0.2091 grad_norm=24.1584 sec_per_update=0.259 peak_gpu_gb=4.32
iter 8750/20000: loss=0.53102 false_bg=0.3247 grad_norm=4.0301 sec_per_update=0.259 peak_gpu_gb=4.32
iter 8800/20000: loss=0.11352 false_bg=0.0378 grad_norm=2.4514 sec_per_update=0.258 peak_gpu_gb=4.32
iter 8850/20000: loss=0.11482 false_bg=0.0879 grad_norm=1.4662 sec_per_update=0.258 peak_gpu_gb=4.32
iter 8900/20000: loss=0.05273 false_bg=0.0182 grad_norm=0.8078 sec_per_update=0.258 peak_gpu_gb=4.32
iter 8950/20000: loss=0.30436 false_bg=0.0427 grad_norm=9.1303 sec_per_update=0.257 peak_gpu_gb=4.32
iter 9000/20000: loss=0.20494 false_bg=0.0973 grad_norm=1.3522 sec_per_update=0.257 peak_gpu_gb=4.32
{"iter": 9000, "val": {"mIoU": 0.6434908404818344, "per_class_iou": {"1": 0.509845335852102, "2": 0.801081444775867, "3": 0.6682698458578161, "4": 0.7734253478116507, "5": 0.342385538950831, "6": 0.831589271956877, "7": 0.6855907770551345, "8": 0.5357391615943963}, "classes_in_mean": [1, 2, 3, 4, 5, 6, 7, 8], "background_false_positive_rate": 0.03099363853281218, "background_false_negative_rate": 0.44808046766768606, "confusion": [[0, 0, 0, 0, 0, 0, 0, 0, 0], [0, 108612901, 20007334, 17402685, 4686729, 8365940, 21329286, 14112915, 2273399], [0, 5276676, 125249313, 320381, 510757, 532351, 773428, 177840, 297470], [0, 4011496, 702473, 54182026, 23907, 111158, 1283137, 573311, 1003107], [0, 241732, 4142, 374772, 37649465, 294259, 284345, 1141536, 7224], [0, 484637, 57909, 41810, 74899, 6855889, 146679, 1128145, 0], [0, 5198767, 2246832, 990337, 2420077, 1064655, 201359665, 4350087, 360865], [0, 985106, 137082, 30912, 964016, 865555, 295713, 53995707, 0], [0, 41474, 56298, 26553, 1001, 0, 34490, 0, 4733413]]}, "selection_score": 0.6434908404818344}
iter 9050/20000: loss=0.34402 false_bg=0.1286 grad_norm=6.5032 sec_per_update=0.263 peak_gpu_gb=4.32
iter 9100/20000: loss=0.05991 false_bg=0.0579 grad_norm=0.4825 sec_per_update=0.263 peak_gpu_gb=4.32
iter 9150/20000: loss=0.25644 false_bg=0.2081 grad_norm=5.9400 sec_per_update=0.262 peak_gpu_gb=4.32
iter 9200/20000: loss=0.55889 false_bg=0.1011 grad_norm=6.8821 sec_per_update=0.262 peak_gpu_gb=4.32
iter 9250/20000: loss=0.24760 false_bg=0.2169 grad_norm=56.2564 sec_per_update=0.261 peak_gpu_gb=4.32
iter 9300/20000: loss=0.51833 false_bg=0.2531 grad_norm=5.0052 sec_per_update=0.261 peak_gpu_gb=4.32
iter 9350/20000: loss=0.22158 false_bg=0.1146 grad_norm=5.1052 sec_per_update=0.261 peak_gpu_gb=4.32
iter 9400/20000: loss=0.55318 false_bg=0.1040 grad_norm=9.0278 sec_per_update=0.260 peak_gpu_gb=4.32
iter 9450/20000: loss=0.30415 false_bg=0.0690 grad_norm=4.5053 sec_per_update=0.260 peak_gpu_gb=4.32
iter 9500/20000: loss=0.25367 false_bg=0.0842 grad_norm=5.1687 sec_per_update=0.260 peak_gpu_gb=4.32
iter 9550/20000: loss=0.47445 false_bg=0.1960 grad_norm=44.5667 sec_per_update=0.259 peak_gpu_gb=4.32
iter 9600/20000: loss=0.20616 false_bg=0.1047 grad_norm=1.5604 sec_per_update=0.259 peak_gpu_gb=4.32
iter 9650/20000: loss=0.31040 false_bg=0.1525 grad_norm=1.9439 sec_per_update=0.259 peak_gpu_gb=4.32
iter 9700/20000: loss=0.11082 false_bg=0.0752 grad_norm=3.9002 sec_per_update=0.258 peak_gpu_gb=4.32
iter 9750/20000: loss=0.33058 false_bg=0.1434 grad_norm=2.1158 sec_per_update=0.258 peak_gpu_gb=4.32
iter 9800/20000: loss=0.17399 false_bg=0.1094 grad_norm=4.3035 sec_per_update=0.258 peak_gpu_gb=4.32
iter 9850/20000: loss=0.59703 false_bg=0.4771 grad_norm=14.3751 sec_per_update=0.257 peak_gpu_gb=4.32
iter 9900/20000: loss=0.23125 false_bg=0.0710 grad_norm=12.7082 sec_per_update=0.257 peak_gpu_gb=4.32
iter 9950/20000: loss=0.27680 false_bg=0.0643 grad_norm=7.2417 sec_per_update=0.257 peak_gpu_gb=4.32
iter 10000/20000: loss=0.33720 false_bg=0.0596 grad_norm=3.5821 sec_per_update=0.256 peak_gpu_gb=4.32
{"iter": 10000, "val": {"mIoU": 0.663880066040391, "per_class_iou": {"1": 0.5428812665463894, "2": 0.8098788619889062, "3": 0.6749273841781783, "4": 0.8002648260608285, "5": 0.36341922000084953, "6": 0.8392930104077235, "7": 0.7041209107955734, "8": 0.5762550483446791}, "classes_in_mean": [1, 2, 3, 4, 5, 6, 7, 8], "background_false_positive_rate": 0.0379615565501185, "background_false_negative_rate": 0.4022463678493248, "confusion": [[0, 0, 0, 0, 0, 0, 0, 0, 0], [0, 117632648, 16788388, 15509726, 3560485, 6721214, 21473809, 13259227, 1845692], [0, 6862653, 123703506, 383487, 444560, 349514, 766732, 156646, 471118], [0, 5321423, 551753, 54399052, 21528, 29283, 545525, 351276, 670775], [0, 412801, 4460, 377785, 37015254, 302480, 663068, 1219455, 2172], [0, 1092477, 35250, 100055, 53182, 6596709, 112678, 799617, 0], [0, 4894823, 2091053, 2201839, 1447378, 932187, 203330664, 2770667, 322674], [0, 1240153, 117952, 88542, 729148, 1027143, 676975, 53394178, 0], [0, 66572, 16149, 47810, 0, 0, 34145, 0, 4728553]]}, "proxy": {"0.5": {"mIoU": 0.6593280834041777, "per_class_iou": {"1": 0.5743307756789134, "2": 0.7899703862311406, "3": 0.6574473529353646, "4": 0.7893061792340846, "5": 0.4270469852288816, "6": 0.8222168098289762, "7": 0.7207645816849713, "8": 0.49354159641108963}, "classes_in_mean": [1, 2, 3, 4, 5, 6, 7, 8], "background_false_positive_rate": 0.050718148471070444, "background_false_negative_rate": 0.35581060863050457, "confusion": [[0, 0, 0, 0, 0, 0, 0, 0, 0], [0, 9688669, 1339088, 1257173, 150897, 376388, 1376251, 683785, 167843], [0, 631060, 8933452, 36699, 42416, 69224, 57402, 12298, 27463], [0, 336549, 19482, 3925985, 2037, 3811, 31209, 40721, 55722], [0, 48869, 842, 44502, 2187671, 15502, 26626, 70377, 828], [0, 149367, 7171, 13673, 863, 625257, 5687, 9849, 0], [0, 605513, 126286, 197049, 158567, 92260, 13577711, 216489, 40674], [0, 56223, 4454, 5443, 21641, 95089, 1559, 3143725, 0], [0, 1818, 1254, 1503, 0, 0, 258, 0, 289779]]}, "0.625": {"mIoU": 0.6698927027933421, "per_class_iou": {"1": 0.5909619495687216, "2": 0.7979300289307183, "3": 0.676141414649462, "4": 0.7718463182739196, "5": 0.435920509903923, "6": 0.8304931485362552, "7": 0.7271322155102288, "8": 0.5287160369735082}, "classes_in_mean": [1, 2, 3, 4, 5, 6, 7, 8], "background_false_positive_rate": 0.047620568565136925, "background_false_negative_rate": 0.341563093556755, "confusion": [[0, 0, 0, 0, 0, 0, 0, 0, 0], [0, 15476225, 1929313, 1831750, 258213, 615367, 2101426, 1066122, 226076], [0, 1009416, 13928815, 56923, 70331, 112686, 89560, 13481, 46073], [0, 525543, 20727, 6156916, 3335, 4588, 59111, 52765, 75123], [0, 69458, 551, 43378, 3466439, 25736, 36043, 99851, 583], [0, 204249, 8263, 20936, 1328, 1010979, 8296, 14825, 0], [0, 782281, 161352, 245247, 375568, 149237, 21390630, 304856, 49786], [0, 90069, 7355, 7612, 40286, 142692, 2650, 4910025, 0], [0, 2684, 1340, 2005, 0, 0, 497, 0, 453420]]}, "0.75": {"mIoU": 0.6744517068494148, "per_class_iou": {"1": 0.5889453430150118, "2": 0.8002972487911606, "3": 0.6788065288192043, "4": 0.7796069661273173, "5": 0.42065637665135647, "6": 0.8333760979334578, "7": 0.7471440133684143, "8": 0.546781080089396}, "classes_in_mean": [1, 2, 3, 4, 5, 6, 7, 8], "background_false_positive_rate": 0.04895783195304314, "background_false_negative_rate": 0.3419066266139879, "confusion": [[0, 0, 0, 0, 0, 0, 0, 0, 0], [0, 22270603, 2656560, 2711367, 402117, 917440, 3169887, 1407107, 306018], [0, 1503133, 19989070, 79191, 105666, 179176, 131864, 13924, 70866], [0, 719742, 29696, 8924562, 2359, 6946, 89027, 63860, 98350], [0, 96790, 526, 73847, 4972472, 43765, 61268, 139921, 552], [0, 334451, 9590, 23192, 1390, 1435871, 10792, 12229, 0], [0, 1183800, 196356, 312891, 419566, 232437, 31043623, 331710, 60549], [0, 131331, 10945, 10335, 57939, 206127, 6113, 7066574, 0], [0, 4034, 494, 2066, 0, 0, 553, 0, 655678]]}}, "proxy_mIoU_mean": 0.667890831015645, "selection_score": 0.6650832955329671}
iter 10050/20000: loss=0.24319 false_bg=0.1503 grad_norm=2.3658 sec_per_update=0.264 peak_gpu_gb=4.32
iter 10100/20000: loss=0.11347 false_bg=0.0264 grad_norm=1.7959 sec_per_update=0.264 peak_gpu_gb=4.32
iter 10150/20000: loss=0.56880 false_bg=0.3043 grad_norm=105.0381 sec_per_update=0.263 peak_gpu_gb=4.32
iter 10200/20000: loss=0.30308 false_bg=0.0756 grad_norm=3.6205 sec_per_update=0.263 peak_gpu_gb=4.32
iter 10250/20000: loss=0.13079 false_bg=0.0509 grad_norm=0.6758 sec_per_update=0.263 peak_gpu_gb=4.32
iter 10300/20000: loss=0.31900 false_bg=0.0944 grad_norm=4.5145 sec_per_update=0.262 peak_gpu_gb=4.32
iter 10350/20000: loss=0.35763 false_bg=0.1161 grad_norm=4.2394 sec_per_update=0.262 peak_gpu_gb=4.32
iter 10400/20000: loss=0.23869 false_bg=0.1706 grad_norm=4.2178 sec_per_update=0.262 peak_gpu_gb=4.32
iter 10450/20000: loss=0.29766 false_bg=0.1009 grad_norm=4.1379 sec_per_update=0.262 peak_gpu_gb=4.32
iter 10500/20000: loss=0.19623 false_bg=0.1090 grad_norm=6.0634 sec_per_update=0.261 peak_gpu_gb=4.32
iter 10550/20000: loss=0.11131 false_bg=0.0753 grad_norm=2.2816 sec_per_update=0.261 peak_gpu_gb=4.32
iter 10600/20000: loss=0.18475 false_bg=0.0374 grad_norm=1.2942 sec_per_update=0.261 peak_gpu_gb=4.32
iter 10650/20000: loss=0.21598 false_bg=0.1459 grad_norm=7.5669 sec_per_update=0.260 peak_gpu_gb=4.32
iter 10700/20000: loss=0.31994 false_bg=0.1247 grad_norm=3.2996 sec_per_update=0.260 peak_gpu_gb=4.32
iter 10750/20000: loss=0.36667 false_bg=0.2828 grad_norm=22.7333 sec_per_update=0.260 peak_gpu_gb=4.32
iter 10800/20000: loss=0.52658 false_bg=0.2891 grad_norm=3.5819 sec_per_update=0.259 peak_gpu_gb=4.32
iter 10850/20000: loss=0.18530 false_bg=0.1051 grad_norm=10.2567 sec_per_update=0.259 peak_gpu_gb=4.32
iter 10900/20000: loss=0.18968 false_bg=0.1245 grad_norm=8.4312 sec_per_update=0.259 peak_gpu_gb=4.32
iter 10950/20000: loss=0.11950 false_bg=0.0705 grad_norm=1.0437 sec_per_update=0.258 peak_gpu_gb=4.32
iter 11000/20000: loss=0.88969 false_bg=0.2721 grad_norm=18.3629 sec_per_update=0.258 peak_gpu_gb=4.32
{"iter": 11000, "val": {"mIoU": 0.6660661839017227, "per_class_iou": {"1": 0.5478119147953115, "2": 0.8051002077874001, "3": 0.6987539974322963, "4": 0.7883826508613639, "5": 0.36439803271294147, "6": 0.843880734459618, "7": 0.6977275698003139, "8": 0.582474363364536}, "classes_in_mean": [1, 2, 3, 4, 5, 6, 7, 8], "background_false_positive_rate": 0.03550462387720691, "background_false_negative_rate": 0.4004010311660854, "confusion": [[0, 0, 0, 0, 0, 0, 0, 0, 0], [0, 117995794, 19962676, 12592709, 3753909, 7930809, 18511250, 14242406, 1801636], [0, 4945228, 125781869, 273085, 474490, 447937, 660613, 178381, 376613], [0, 5401660, 638477, 53047208, 25136, 92329, 1195201, 785891, 704713], [0, 392329, 7381, 265977, 37355470, 308563, 212953, 1451332, 3470], [0, 587850, 80220, 38844, 45838, 7093148, 93217, 850851, 0], [0, 6178991, 2261372, 799984, 2532161, 1069367, 201830281, 2983353, 335776], [0, 1035485, 118273, 10665, 553259, 826412, 470302, 54259695, 0], [0, 61988, 24706, 44979, 142, 0, 34380, 0, 4727034]]}, "selection_score": 0.6660661839017227}
iter 11050/20000: loss=0.22663 false_bg=0.1009 grad_norm=2.5973 sec_per_update=0.263 peak_gpu_gb=4.32
iter 11100/20000: loss=0.24802 false_bg=0.1133 grad_norm=4.7085 sec_per_update=0.263 peak_gpu_gb=4.32
iter 11150/20000: loss=0.29138 false_bg=0.1195 grad_norm=26.2680 sec_per_update=0.263 peak_gpu_gb=4.32
iter 11200/20000: loss=0.11474 false_bg=0.0661 grad_norm=0.6817 sec_per_update=0.262 peak_gpu_gb=4.32
iter 11250/20000: loss=0.15889 false_bg=0.0693 grad_norm=1.3844 sec_per_update=0.262 peak_gpu_gb=4.32
iter 11300/20000: loss=0.89388 false_bg=0.0745 grad_norm=14.4435 sec_per_update=0.262 peak_gpu_gb=4.32
iter 11350/20000: loss=0.15036 false_bg=0.1131 grad_norm=0.8926 sec_per_update=0.262 peak_gpu_gb=4.32
iter 11400/20000: loss=0.20512 false_bg=0.0932 grad_norm=2.6346 sec_per_update=0.261 peak_gpu_gb=4.32
iter 11450/20000: loss=0.19227 false_bg=0.0846 grad_norm=1.6968 sec_per_update=0.261 peak_gpu_gb=4.32
iter 11500/20000: loss=0.32000 false_bg=0.1341 grad_norm=4.2775 sec_per_update=0.261 peak_gpu_gb=4.32
iter 11550/20000: loss=0.57220 false_bg=0.2927 grad_norm=26.8330 sec_per_update=0.260 peak_gpu_gb=4.32
iter 11600/20000: loss=0.12939 false_bg=0.0961 grad_norm=5.2747 sec_per_update=0.260 peak_gpu_gb=4.32
iter 11650/20000: loss=0.15731 false_bg=0.0896 grad_norm=4.8147 sec_per_update=0.260 peak_gpu_gb=4.32
iter 11700/20000: loss=0.39076 false_bg=0.1193 grad_norm=12.5728 sec_per_update=0.259 peak_gpu_gb=4.32
iter 11750/20000: loss=0.41430 false_bg=0.2107 grad_norm=60.3120 sec_per_update=0.259 peak_gpu_gb=4.32
iter 11800/20000: loss=0.30117 false_bg=0.2015 grad_norm=2.0102 sec_per_update=0.259 peak_gpu_gb=4.32
iter 11850/20000: loss=0.19086 false_bg=0.1253 grad_norm=2.0669 sec_per_update=0.259 peak_gpu_gb=4.32
iter 11900/20000: loss=0.24128 false_bg=0.0963 grad_norm=2.3267 sec_per_update=0.258 peak_gpu_gb=4.32
iter 11950/20000: loss=0.38287 false_bg=0.0789 grad_norm=11.7725 sec_per_update=0.258 peak_gpu_gb=4.32
iter 12000/20000: loss=0.50497 false_bg=0.1738 grad_norm=8.7327 sec_per_update=0.258 peak_gpu_gb=4.32
{"iter": 12000, "val": {"mIoU": 0.6646946150551468, "per_class_iou": {"1": 0.5005732508608802, "2": 0.8047442826906896, "3": 0.65200826261936, "4": 0.8087767688111609, "5": 0.36743029079355677, "6": 0.8376496606227681, "7": 0.7147361121386643, "8": 0.6316382919040947}, "classes_in_mean": [1, 2, 3, 4, 5, 6, 7, 8], "background_false_positive_rate": 0.023656836418678766, "background_false_negative_rate": 0.46789637517765087, "confusion": [[0, 0, 0, 0, 0, 0, 0, 0, 0], [0, 104713305, 20309133, 23796635, 3342939, 7414297, 23322480, 12438746, 1453654], [0, 4545382, 126058089, 533100, 401203, 356184, 787265, 234926, 222067], [0, 1685159, 595965, 57756563, 6764, 51939, 811874, 381819, 600532], [0, 383031, 7236, 275077, 37589547, 246976, 355544, 1138118, 1946], [0, 717204, 52646, 69807, 75607, 6898884, 102480, 873340, 0], [0, 3883489, 2485908, 1850193, 1808968, 1008374, 205085277, 1607549, 261527], [0, 1137243, 21515, 84367, 844080, 908297, 1424862, 52853727, 0], [0, 44080, 33040, 82769, 0, 0, 38401, 0, 4694939]]}, "proxy": {"0.5": {"mIoU": 0.6667825616861449, "per_class_iou": {"1": 0.5377536671221349, "2": 0.7864466871325918, "3": 0.629641201145886, "4": 0.8304080574965033, "5": 0.43685292832902123, "6": 0.8260687184037692, "7": 0.7363675780898167, "8": 0.5507216557694359}, "classes_in_mean": [1, 2, 3, 4, 5, 6, 7, 8], "background_false_positive_rate": 0.04259106947012259, "background_false_negative_rate": 0.40731799947526925, "confusion": [[0, 0, 0, 0, 0, 0, 0, 0, 0], [0, 8913993, 1599570, 1657790, 136176, 404592, 1498766, 696435, 132772], [0, 444636, 9124393, 41107, 37343, 71273, 58598, 21221, 11443], [0, 254159, 28542, 3980212, 1415, 7987, 53438, 38808, 50955], [0, 47373, 1095, 33340, 2212746, 14671, 14320, 71122, 550], [0, 125103, 9701, 9313, 1366, 650059, 7007, 9318, 0], [0, 615509, 147473, 157627, 72106, 98196, 13757417, 131649, 34572], [0, 47744, 3987, 5004, 21026, 79464, 6968, 3163941, 0], [0, 1732, 1667, 1700, 0, 0, 437, 0, 289076]]}, "0.625": {"mIoU": 0.6746189885017443, "per_class_iou": {"1": 0.5555936875399167, "2": 0.795241988159052, "3": 0.6451727087059309, "4": 0.7950975558376419, "5": 0.4374790990109411, "6": 0.8333631142428185, "7": 0.7487153261705426, "8": 0.5862884283471107}, "classes_in_mean": [1, 2, 3, 4, 5, 6, 7, 8], "background_false_positive_rate": 0.03854799586201267, "background_false_negative_rate": 0.3930554636109557, "confusion": [[0, 0, 0, 0, 0, 0, 0, 0, 0], [0, 14265923, 2317889, 2514317, 221249, 692239, 2273240, 1038905, 180730], [0, 737371, 14226573, 62697, 63425, 105823, 90894, 22838, 17664], [0, 373872, 33249, 6271831, 1254, 10052, 87000, 52254, 68596], [0, 71582, 1163, 25006, 3502621, 26761, 17656, 96699, 551], [0, 180796, 8775, 13030, 1915, 1045243, 11380, 7717, 20], [0, 732721, 191418, 198454, 332164, 162171, 21626297, 172649, 43083], [0, 73640, 7527, 7031, 43226, 123319, 10601, 4935345, 0], [0, 2425, 2309, 2523, 0, 0, 901, 0, 451788]]}, "0.75": {"mIoU": 0.6796434046570619, "per_class_iou": {"1": 0.5510931354811656, "2": 0.7986920527293091, "3": 0.643946838122957, "4": 0.8172519982086088, "5": 0.4293870450180819, "6": 0.8349235423213052, "7": 0.7590072792313577, "8": 0.6028453461437099}, "classes_in_mean": [1, 2, 3, 4, 5, 6, 7, 8], "background_false_positive_rate": 0.03847502937169759, "background_false_negative_rate": 0.3980573739641257, "confusion": [[0, 0, 0, 0, 0, 0, 0, 0, 0], [0, 20370400, 3290450, 3755692, 322593, 1045392, 3395261, 1415129, 246182], [0, 1003039, 20508039, 104103, 93431, 167709, 139948, 25426, 31195], [0, 498109, 46201, 9090716, 472, 13633, 131511, 65268, 88632], [0, 107345, 1333, 33699, 5040217, 41044, 32375, 132784, 344], [0, 266209, 10973, 16680, 2411, 1511007, 15386, 4849, 0], [0, 1134592, 242999, 261025, 294768, 251263, 31337283, 206765, 52237], [0, 109016, 10004, 8230, 64458, 172430, 36413, 7088813, 0], [0, 4216, 2179, 3213, 0, 0, 1291, 0, 651926]]}}, "proxy_mIoU_mean": 0.6736816516149838, "selection_score": 0.6673907260230979}
iter 12050/20000: loss=0.10649 false_bg=0.0857 grad_norm=1.0815 sec_per_update=0.264 peak_gpu_gb=4.32
iter 12100/20000: loss=0.34314 false_bg=0.1256 grad_norm=2.1776 sec_per_update=0.264 peak_gpu_gb=4.32
iter 12150/20000: loss=0.09165 false_bg=0.0388 grad_norm=0.5498 sec_per_update=0.264 peak_gpu_gb=4.32
iter 12200/20000: loss=0.35022 false_bg=0.0151 grad_norm=4.0120 sec_per_update=0.263 peak_gpu_gb=4.32
iter 12250/20000: loss=0.30090 false_bg=0.1331 grad_norm=2.6242 sec_per_update=0.263 peak_gpu_gb=4.32
iter 12300/20000: loss=0.31492 false_bg=0.1827 grad_norm=4.3333 sec_per_update=0.263 peak_gpu_gb=4.32
iter 12350/20000: loss=0.27031 false_bg=0.1170 grad_norm=12.2349 sec_per_update=0.262 peak_gpu_gb=4.32
iter 12400/20000: loss=0.13894 false_bg=0.0646 grad_norm=0.7045 sec_per_update=0.262 peak_gpu_gb=4.32
iter 12450/20000: loss=0.10212 false_bg=0.0375 grad_norm=1.7594 sec_per_update=0.262 peak_gpu_gb=4.32
iter 12500/20000: loss=0.20512 false_bg=0.0225 grad_norm=5.0116 sec_per_update=0.262 peak_gpu_gb=4.32
iter 12550/20000: loss=0.25165 false_bg=0.1382 grad_norm=1.2890 sec_per_update=0.261 peak_gpu_gb=4.32
iter 12600/20000: loss=0.15329 false_bg=0.0742 grad_norm=3.8559 sec_per_update=0.261 peak_gpu_gb=4.32
iter 12650/20000: loss=0.43770 false_bg=0.1946 grad_norm=3.7616 sec_per_update=0.261 peak_gpu_gb=4.32
iter 12700/20000: loss=0.26032 false_bg=0.1904 grad_norm=4.0000 sec_per_update=0.261 peak_gpu_gb=4.32
iter 12750/20000: loss=0.23162 false_bg=0.1080 grad_norm=1.9673 sec_per_update=0.260 peak_gpu_gb=4.32
iter 12800/20000: loss=0.21485 false_bg=0.0671 grad_norm=2.6186 sec_per_update=0.260 peak_gpu_gb=4.32
iter 12850/20000: loss=0.10258 false_bg=0.0210 grad_norm=1.1526 sec_per_update=0.260 peak_gpu_gb=4.32
iter 12900/20000: loss=0.19279 false_bg=0.1250 grad_norm=4.8142 sec_per_update=0.260 peak_gpu_gb=4.32
iter 12950/20000: loss=0.29085 false_bg=0.0915 grad_norm=1.2790 sec_per_update=0.259 peak_gpu_gb=4.32
iter 13000/20000: loss=0.39039 false_bg=0.1015 grad_norm=3.6255 sec_per_update=0.259 peak_gpu_gb=4.32
{"iter": 13000, "val": {"mIoU": 0.6735282475622599, "per_class_iou": {"1": 0.5444225308115753, "2": 0.8110889783750711, "3": 0.672414630612427, "4": 0.8023419577982144, "5": 0.3563454926702548, "6": 0.8481151921428416, "7": 0.7115529647880582, "8": 0.6419442332996372}, "classes_in_mean": [1, 2, 3, 4, 5, 6, 7, 8], "background_false_positive_rate": 0.03502438902228364, "background_false_negative_rate": 0.404806965214281, "confusion": [[0, 0, 0, 0, 0, 0, 0, 0, 0], [0, 117128745, 16589153, 19443850, 3477224, 8101432, 17853827, 12848752, 1348206], [0, 6742652, 123968035, 531848, 461651, 401014, 672497, 181665, 178854], [0, 2551943, 860423, 56298116, 12283, 131070, 815073, 676729, 544978], [0, 533336, 3663, 247901, 37406185, 298763, 333114, 1173603, 910], [0, 733052, 13799, 19591, 96806, 6989549, 111814, 825357, 0], [0, 6383872, 2158442, 1476283, 1875140, 1129973, 202460672, 2199241, 307662], [0, 1352278, 38763, 18545, 700641, 762309, 907403, 53494152, 0], [0, 54767, 39015, 96666, 30, 0, 33352, 0, 4669399]]}, "selection_score": 0.6735282475622599}
iter 13050/20000: loss=0.20436 false_bg=0.0711 grad_norm=2.9860 sec_per_update=0.263 peak_gpu_gb=4.32
iter 13100/20000: loss=1.14179 false_bg=0.1301 grad_norm=4.5475 sec_per_update=0.263 peak_gpu_gb=4.32
iter 13150/20000: loss=0.18456 false_bg=0.0818 grad_norm=2.3979 sec_per_update=0.263 peak_gpu_gb=4.32
iter 13200/20000: loss=0.06231 false_bg=0.0378 grad_norm=3.7940 sec_per_update=0.263 peak_gpu_gb=4.32
iter 13250/20000: loss=0.48032 false_bg=0.2584 grad_norm=10.3590 sec_per_update=0.262 peak_gpu_gb=4.32
iter 13300/20000: loss=0.57544 false_bg=0.0456 grad_norm=17.0690 sec_per_update=0.262 peak_gpu_gb=4.32
iter 13350/20000: loss=0.58325 false_bg=0.1913 grad_norm=5.9781 sec_per_update=0.262 peak_gpu_gb=4.32
iter 13400/20000: loss=0.27706 false_bg=0.0292 grad_norm=6.2181 sec_per_update=0.262 peak_gpu_gb=4.32
iter 13450/20000: loss=0.09369 false_bg=0.0658 grad_norm=0.8599 sec_per_update=0.261 peak_gpu_gb=4.32
iter 13500/20000: loss=0.44737 false_bg=0.1355 grad_norm=4.4098 sec_per_update=0.261 peak_gpu_gb=4.32
iter 13550/20000: loss=0.60527 false_bg=0.1829 grad_norm=8.1215 sec_per_update=0.261 peak_gpu_gb=4.32
iter 13600/20000: loss=0.25693 false_bg=0.1495 grad_norm=2.1979 sec_per_update=0.261 peak_gpu_gb=4.32
iter 13650/20000: loss=0.56512 false_bg=0.1312 grad_norm=13.2859 sec_per_update=0.260 peak_gpu_gb=4.32
iter 13700/20000: loss=0.15462 false_bg=0.0787 grad_norm=0.8121 sec_per_update=0.260 peak_gpu_gb=4.32
iter 13750/20000: loss=0.48360 false_bg=0.1892 grad_norm=5.2524 sec_per_update=0.260 peak_gpu_gb=4.32
iter 13800/20000: loss=0.55911 false_bg=0.0490 grad_norm=2.8116 sec_per_update=0.260 peak_gpu_gb=4.32
iter 13850/20000: loss=0.14168 false_bg=0.0441 grad_norm=0.9296 sec_per_update=0.259 peak_gpu_gb=4.32
iter 13900/20000: loss=0.23824 false_bg=0.0850 grad_norm=1.2345 sec_per_update=0.259 peak_gpu_gb=4.32
iter 13950/20000: loss=0.34711 false_bg=0.1247 grad_norm=3.1577 sec_per_update=0.259 peak_gpu_gb=4.32
iter 14000/20000: loss=0.11734 false_bg=0.0427 grad_norm=0.5507 sec_per_update=0.259 peak_gpu_gb=4.32
{"iter": 14000, "val": {"mIoU": 0.6780555760522315, "per_class_iou": {"1": 0.5410157351097208, "2": 0.8128560351955288, "3": 0.7224155879825519, "4": 0.8091015012314867, "5": 0.37490409783957895, "6": 0.8344229156829239, "7": 0.7109751654442109, "8": 0.6187535699318507}, "classes_in_mean": [1, 2, 3, 4, 5, 6, 7, 8], "background_false_positive_rate": 0.02805258913948812, "background_false_negative_rate": 0.41857437529888597, "confusion": [[0, 0, 0, 0, 0, 0, 0, 0, 0], [0, 114419440, 18635288, 11946908, 3722739, 7144778, 26221815, 13118484, 1581737], [0, 4882439, 125695702, 281125, 463337, 436801, 951551, 215413, 211848], [0, 4114982, 673971, 54435679, 39441, 79158, 1151715, 709339, 686330], [0, 293546, 3433, 152477, 37588638, 166627, 637664, 1154786, 304], [0, 754711, 54877, 47515, 82565, 6636904, 184650, 1028746, 0], [0, 3555077, 2067107, 961154, 1362275, 628945, 207486928, 1677051, 252748], [0, 1040827, 34432, 25240, 789427, 456661, 1477877, 53449627, 0], [0, 57270, 27318, 47270, 0, 0, 42635, 0, 4718736]]}, "proxy": {"0.5": {"mIoU": 0.6807259201845807, "per_class_iou": {"1": 0.5792834213738763, "2": 0.7929862624054583, "3": 0.7191238449168165, "4": 0.8277920450986533, "5": 0.4390259541425345, "6": 0.8265250039587171, "7": 0.7378335577957598, "8": 0.5232372717848298}, "classes_in_mean": [1, 2, 3, 4, 5, 6, 7, 8], "background_false_positive_rate": 0.04526534846539258, "background_false_negative_rate": 0.3578309417481034, "confusion": [[0, 0, 0, 0, 0, 0, 0, 0, 0], [0, 9658283, 1510451, 726700, 167810, 464548, 1629523, 729968, 152811], [0, 454846, 9095194, 21625, 38581, 91824, 72882, 21851, 13211], [0, 410656, 23892, 3782677, 5837, 11980, 71820, 49089, 59565], [0, 36754, 842, 12481, 2246669, 10902, 17041, 70288, 240], [0, 101661, 9560, 6637, 2515, 671002, 6990, 13502, 0], [0, 582616, 108745, 75013, 77831, 99157, 13899933, 136077, 35177], [0, 44336, 5495, 1005, 26259, 38110, 4158, 3208771, 0], [0, 1848, 549, 1142, 0, 0, 354, 0, 290719]]}, "0.625": {"mIoU": 0.6887370484527302, "per_class_iou": {"1": 0.594004291189006, "2": 0.803079042646492, "3": 0.7323608183810634, "4": 0.7998711619345857, "5": 0.43358287096118114, "6": 0.832540014850169, "7": 0.7518094583235083, "8": 0.5626487293358357}, "classes_in_mean": [1, 2, 3, 4, 5, 6, 7, 8], "background_false_positive_rate": 0.0424249280022145, "background_false_negative_rate": 0.3455731355521319, "confusion": [[0, 0, 0, 0, 0, 0, 0, 0, 0], [0, 15381971, 2132412, 1091396, 285770, 807430, 2510929, 1090837, 203747], [0, 751776, 14173901, 35688, 66321, 142346, 113775, 23138, 20340], [0, 609181, 28554, 5960610, 9240, 17708, 120109, 72701, 80005], [0, 53958, 808, 12662, 3541240, 16916, 21328, 94871, 256], [0, 156364, 11314, 7319, 3862, 1063783, 11950, 14278, 6], [0, 749918, 138348, 91178, 270833, 145741, 21849862, 170122, 42955], [0, 67743, 9440, 791, 49198, 54454, 7023, 5012040, 0], [0, 1955, 1286, 1756, 0, 0, 748, 0, 454201]]}, "0.75": {"mIoU": 0.6942972684941816, "per_class_iou": {"1": 0.5921643769840297, "2": 0.8067757010084056, "3": 0.737240142637321, "4": 0.8085152548949346, "5": 0.42971832515714103, "6": 0.8317653539333477, "7": 0.764434090266684, "8": 0.5837649030715891}, "classes_in_mean": [1, 2, 3, 4, 5, 6, 7, 8], "background_false_positive_rate": 0.04246103386822975, "background_false_negative_rate": 0.3475358764205619, "confusion": [[0, 0, 0, 0, 0, 0, 0, 0, 0], [0, 22080103, 2987631, 1581536, 449610, 1172081, 3809973, 1488340, 271825], [0, 1060989, 20426257, 49361, 96527, 217082, 166558, 24635, 31481], [0, 841401, 39792, 8629345, 5613, 25930, 185165, 102304, 104992], [0, 93879, 426, 17203, 5067658, 37620, 47390, 124965, 0], [0, 234479, 20686, 8659, 4828, 1527139, 21267, 10457, 0], [0, 1116585, 183429, 110452, 255047, 211443, 31635702, 216558, 51716], [0, 95465, 12645, 980, 67091, 62143, 22075, 7228965, 0], [0, 3221, 885, 2198, 0, 0, 1047, 0, 655474]]}}, "proxy_mIoU_mean": 0.6879200790438308, "selection_score": 0.6810149269497112}
iter 14050/20000: loss=0.12441 false_bg=0.0641 grad_norm=2.7656 sec_per_update=0.264 peak_gpu_gb=4.32
iter 14100/20000: loss=0.58117 false_bg=0.0333 grad_norm=7.6017 sec_per_update=0.264 peak_gpu_gb=4.32
iter 14150/20000: loss=0.35346 false_bg=0.2143 grad_norm=5.2769 sec_per_update=0.264 peak_gpu_gb=4.32
iter 14200/20000: loss=0.30284 false_bg=0.2137 grad_norm=3.5022 sec_per_update=0.264 peak_gpu_gb=4.32
iter 14250/20000: loss=2.60450 false_bg=0.6247 grad_norm=143.4374 sec_per_update=0.263 peak_gpu_gb=4.32
iter 14300/20000: loss=0.15761 false_bg=0.0476 grad_norm=1.6643 sec_per_update=0.263 peak_gpu_gb=4.32
iter 14350/20000: loss=0.90813 false_bg=0.3044 grad_norm=4.8766 sec_per_update=0.263 peak_gpu_gb=4.32
iter 14400/20000: loss=0.34629 false_bg=0.2408 grad_norm=3.1808 sec_per_update=0.263 peak_gpu_gb=4.32
iter 14450/20000: loss=0.35410 false_bg=0.1750 grad_norm=4.7899 sec_per_update=0.262 peak_gpu_gb=4.32
iter 14500/20000: loss=0.16327 false_bg=0.0955 grad_norm=1.2508 sec_per_update=0.262 peak_gpu_gb=4.32
iter 14550/20000: loss=0.05021 false_bg=0.0197 grad_norm=2.5575 sec_per_update=0.262 peak_gpu_gb=4.32
iter 14600/20000: loss=0.16945 false_bg=0.1081 grad_norm=14.1258 sec_per_update=0.262 peak_gpu_gb=4.32
iter 14650/20000: loss=0.19083 false_bg=0.0299 grad_norm=1.4500 sec_per_update=0.261 peak_gpu_gb=4.32
iter 14700/20000: loss=0.36439 false_bg=0.2350 grad_norm=4.3994 sec_per_update=0.261 peak_gpu_gb=4.32
iter 14750/20000: loss=0.25819 false_bg=0.1707 grad_norm=2.0898 sec_per_update=0.261 peak_gpu_gb=4.32
iter 14800/20000: loss=0.11007 false_bg=0.0787 grad_norm=1.7224 sec_per_update=0.261 peak_gpu_gb=4.32
iter 14850/20000: loss=0.38239 false_bg=0.2278 grad_norm=1.9555 sec_per_update=0.261 peak_gpu_gb=4.32
iter 14900/20000: loss=0.54258 false_bg=0.3259 grad_norm=5.6158 sec_per_update=0.260 peak_gpu_gb=4.32
iter 14950/20000: loss=0.25593 false_bg=0.0844 grad_norm=1.7944 sec_per_update=0.260 peak_gpu_gb=4.32
iter 15000/20000: loss=0.31769 false_bg=0.0782 grad_norm=7.4430 sec_per_update=0.260 peak_gpu_gb=4.32
{"iter": 15000, "val": {"mIoU": 0.6846868633214791, "per_class_iou": {"1": 0.5606917439918875, "2": 0.8081983046026197, "3": 0.7129201009097645, "4": 0.8181340843175035, "5": 0.3804122375412266, "6": 0.8485977171680422, "7": 0.7214268094698857, "8": 0.6271139085709028}, "classes_in_mean": [1, 2, 3, 4, 5, 6, 7, 8], "background_false_positive_rate": 0.03340129975963981, "background_false_negative_rate": 0.389443655427073, "confusion": [[0, 0, 0, 0, 0, 0, 0, 0, 0], [0, 120152109, 19905152, 14195001, 3104763, 6980432, 19252765, 11730391, 1470576], [0, 4593546, 126184386, 260224, 427064, 396272, 917661, 167327, 191736], [0, 3561242, 599916, 55427742, 12149, 73046, 978864, 543036, 694620], [0, 660377, 4312, 91514, 37410832, 277785, 442132, 1110500, 23], [0, 957043, 45437, 36158, 30733, 6775409, 90626, 854562, 0], [0, 5674649, 2362658, 1188870, 1483411, 820254, 204167195, 2024594, 269654], [0, 2004042, 41290, 30989, 671423, 472945, 880999, 53172403, 0], [0, 50543, 33495, 54110, 0, 0, 39286, 0, 4715795]]}, "selection_score": 0.6846868633214791}
iter 15050/20000: loss=0.04031 false_bg=0.0299 grad_norm=0.3334 sec_per_update=0.264 peak_gpu_gb=4.32
iter 15100/20000: loss=0.17606 false_bg=0.0960 grad_norm=1.9742 sec_per_update=0.263 peak_gpu_gb=4.32
iter 15150/20000: loss=0.30873 false_bg=0.1271 grad_norm=4.2412 sec_per_update=0.263 peak_gpu_gb=4.32
iter 15200/20000: loss=0.31653 false_bg=0.1600 grad_norm=4.9628 sec_per_update=0.263 peak_gpu_gb=4.32
iter 15250/20000: loss=0.16443 false_bg=0.0632 grad_norm=2.1000 sec_per_update=0.263 peak_gpu_gb=4.32
iter 15300/20000: loss=0.25015 false_bg=0.1611 grad_norm=1.9272 sec_per_update=0.262 peak_gpu_gb=4.32
iter 15350/20000: loss=0.18431 false_bg=0.0559 grad_norm=1.1937 sec_per_update=0.262 peak_gpu_gb=4.32
iter 15400/20000: loss=0.19454 false_bg=0.1429 grad_norm=2.2729 sec_per_update=0.262 peak_gpu_gb=4.32
iter 15450/20000: loss=0.27430 false_bg=0.1672 grad_norm=3.1572 sec_per_update=0.262 peak_gpu_gb=4.32
iter 15500/20000: loss=0.09088 false_bg=0.0373 grad_norm=1.1693 sec_per_update=0.262 peak_gpu_gb=4.32
iter 15550/20000: loss=0.05503 false_bg=0.0657 grad_norm=0.8583 sec_per_update=0.261 peak_gpu_gb=4.32
iter 15600/20000: loss=0.34975 false_bg=0.1006 grad_norm=4.8193 sec_per_update=0.261 peak_gpu_gb=4.32
iter 15650/20000: loss=0.18818 false_bg=0.0964 grad_norm=1.6245 sec_per_update=0.261 peak_gpu_gb=4.32
iter 15700/20000: loss=0.44403 false_bg=0.1068 grad_norm=15.6472 sec_per_update=0.261 peak_gpu_gb=4.32
iter 15750/20000: loss=0.16738 false_bg=0.0957 grad_norm=0.6854 sec_per_update=0.260 peak_gpu_gb=4.32
iter 15800/20000: loss=0.19820 false_bg=0.1077 grad_norm=2.1710 sec_per_update=0.260 peak_gpu_gb=4.32
iter 15850/20000: loss=0.10781 false_bg=0.0420 grad_norm=1.3625 sec_per_update=0.260 peak_gpu_gb=4.32
iter 15900/20000: loss=0.29664 false_bg=0.1671 grad_norm=2.8077 sec_per_update=0.260 peak_gpu_gb=4.32
iter 15950/20000: loss=0.36191 false_bg=0.1197 grad_norm=10.2213 sec_per_update=0.260 peak_gpu_gb=4.32
iter 16000/20000: loss=0.55583 false_bg=0.2991 grad_norm=9.3792 sec_per_update=0.259 peak_gpu_gb=4.32
{"iter": 16000, "val": {"mIoU": 0.6792988720057119, "per_class_iou": {"1": 0.5689301349602957, "2": 0.8156695743011644, "3": 0.7099820177433422, "4": 0.8084224358592059, "5": 0.3816095095765623, "6": 0.8483742987664252, "7": 0.7057183650461936, "8": 0.5956846397925061}, "classes_in_mean": [1, 2, 3, 4, 5, 6, 7, 8], "background_false_positive_rate": 0.034793112667525425, "background_false_negative_rate": 0.3783642315408745, "confusion": [[0, 0, 0, 0, 0, 0, 0, 0, 0], [0, 122332442, 15708954, 13018839, 3705764, 6405491, 19648757, 14314529, 1656413], [0, 6634190, 124056458, 270846, 415596, 360908, 851527, 251624, 297067], [0, 4015499, 1060074, 54524751, 19922, 71636, 836694, 523733, 838306], [0, 307820, 3079, 126050, 37738013, 213226, 420375, 1188368, 544], [0, 1055225, 16076, 48318, 54367, 6458549, 135084, 1022349, 0], [0, 5353321, 2118462, 1380892, 1625318, 642186, 204239630, 2339161, 292315], [0, 807873, 23104, 37586, 862614, 441082, 822312, 54279520, 0], [0, 56789, 23595, 24223, 0, 0, 36325, 0, 4752297]]}, "proxy": {"0.5": {"mIoU": 0.6787861066963113, "per_class_iou": {"1": 0.6105201093858909, "2": 0.8024594532506731, "3": 0.7060127135618419, "4": 0.812233762051918, "5": 0.43514088305727056, "6": 0.8380308080672318, "7": 0.7270385470719051, "8": 0.4988525771237591}, "classes_in_mean": [1, 2, 3, 4, 5, 6, 7, 8], "background_false_positive_rate": 0.05281557544267716, "background_false_negative_rate": 0.31214838151942403, "confusion": [[0, 0, 0, 0, 0, 0, 0, 0, 0], [0, 10345353, 1164650, 841659, 162277, 401538, 1199322, 768798, 156497], [0, 641725, 8917959, 21424, 37859, 76318, 70052, 24157, 20520], [0, 392689, 17362, 3815621, 4437, 11721, 57036, 41661, 74989], [0, 41324, 902, 14165, 2234888, 15674, 15952, 71849, 463], [0, 146782, 5279, 5652, 1449, 633254, 6395, 13056, 0], [0, 644979, 111221, 103403, 124382, 98970, 13717257, 177065, 37272], [0, 35741, 3414, 2153, 25912, 39197, 4775, 3216942, 0], [0, 1813, 441, 493, 0, 0, 359, 0, 291506]]}, "0.625": {"mIoU": 0.687596531051239, "per_class_iou": {"1": 0.6232494063328424, "2": 0.8102985098102267, "3": 0.7225878510846353, "4": 0.7839556348437194, "5": 0.43525627134734646, "6": 0.8434914810083726, "7": 0.7397525791757229, "8": 0.5421805148070457}, "classes_in_mean": [1, 2, 3, 4, 5, 6, 7, 8], "background_false_positive_rate": 0.049837780959934984, "background_false_negative_rate": 0.30227583731654356, "confusion": [[0, 0, 0, 0, 0, 0, 0, 0, 0], [0, 16399652, 1651835, 1239411, 275251, 696835, 1863499, 1170934, 207075], [0, 1051324, 13909803, 31317, 62844, 111861, 105876, 25892, 28368], [0, 588256, 20816, 6012087, 4836, 16137, 97831, 60233, 97912], [0, 64137, 866, 13948, 3521241, 26702, 17002, 97823, 320], [0, 214954, 2465, 7025, 2426, 1012326, 9823, 19850, 7], [0, 836193, 156924, 127355, 356398, 150523, 21562818, 222875, 45871], [0, 51172, 5367, 2350, 47839, 54882, 10022, 5029057, 0], [0, 2617, 712, 702, 0, 0, 755, 0, 455160]]}, "0.75": {"mIoU": 0.6936101921477361, "per_class_iou": {"1": 0.6239849376357619, "2": 0.8137039547370487, "3": 0.7211573019055726, "4": 0.7893616350512966, "5": 0.4414933248090545, "6": 0.8460622512060215, "7": 0.7534432261862417, "8": 0.5596749056508917}, "classes_in_mean": [1, 2, 3, 4, 5, 6, 7, 8], "background_false_positive_rate": 0.05005241124050976, "background_false_negative_rate": 0.301115073124546, "confusion": [[0, 0, 0, 0, 0, 0, 0, 0, 0], [0, 23651034, 2345582, 1879346, 442795, 952202, 2696681, 1594053, 279406], [0, 1456542, 20077582, 52249, 92984, 170762, 147956, 27556, 47259], [0, 818295, 31976, 8704497, 2384, 20716, 147503, 81611, 127560], [0, 107532, 506, 18366, 5057781, 41314, 34463, 129171, 8], [0, 330390, 2436, 7901, 2942, 1452951, 15281, 15614, 0], [0, 1265663, 211990, 174161, 407714, 214711, 31172733, 277451, 56509], [0, 80277, 8297, 2666, 69472, 63772, 20659, 7244221, 0], [0, 3415, 631, 947, 0, 0, 1016, 0, 656816]]}}, "proxy_mIoU_mean": 0.6866642766317622, "selection_score": 0.6815084933935269}
iter 16050/20000: loss=0.49699 false_bg=0.0465 grad_norm=35.1265 sec_per_update=0.264 peak_gpu_gb=4.32
iter 16100/20000: loss=0.06500 false_bg=0.0262 grad_norm=0.8951 sec_per_update=0.264 peak_gpu_gb=4.32
iter 16150/20000: loss=0.42536 false_bg=0.2068 grad_norm=5.4786 sec_per_update=0.264 peak_gpu_gb=4.32
iter 16200/20000: loss=0.39190 false_bg=0.1006 grad_norm=6.1026 sec_per_update=0.264 peak_gpu_gb=4.32
iter 16250/20000: loss=0.67075 false_bg=0.1560 grad_norm=6.2104 sec_per_update=0.263 peak_gpu_gb=4.32
iter 16300/20000: loss=0.44251 false_bg=0.1928 grad_norm=2.6289 sec_per_update=0.263 peak_gpu_gb=4.32
iter 16350/20000: loss=0.52273 false_bg=0.3456 grad_norm=4.1974 sec_per_update=0.263 peak_gpu_gb=4.32
iter 16400/20000: loss=0.35859 false_bg=0.1480 grad_norm=16.2341 sec_per_update=0.263 peak_gpu_gb=4.32
iter 16450/20000: loss=0.06468 false_bg=0.0239 grad_norm=0.8575 sec_per_update=0.262 peak_gpu_gb=4.32
iter 16500/20000: loss=0.27317 false_bg=0.1267 grad_norm=1.6630 sec_per_update=0.262 peak_gpu_gb=4.32
iter 16550/20000: loss=0.43330 false_bg=0.1369 grad_norm=2.8086 sec_per_update=0.262 peak_gpu_gb=4.32
iter 16600/20000: loss=0.25371 false_bg=0.1639 grad_norm=3.1119 sec_per_update=0.262 peak_gpu_gb=4.32
iter 16650/20000: loss=0.65873 false_bg=0.1938 grad_norm=5.6356 sec_per_update=0.262 peak_gpu_gb=4.32
iter 16700/20000: loss=0.25206 false_bg=0.0826 grad_norm=5.6687 sec_per_update=0.261 peak_gpu_gb=4.32
iter 16750/20000: loss=0.26930 false_bg=0.0485 grad_norm=3.0531 sec_per_update=0.261 peak_gpu_gb=4.32
iter 16800/20000: loss=0.12136 false_bg=0.0778 grad_norm=0.8995 sec_per_update=0.261 peak_gpu_gb=4.32
iter 16850/20000: loss=0.43897 false_bg=0.1802 grad_norm=7.9475 sec_per_update=0.261 peak_gpu_gb=4.32
iter 16900/20000: loss=0.20231 false_bg=0.0894 grad_norm=1.5028 sec_per_update=0.261 peak_gpu_gb=4.32
iter 16950/20000: loss=0.15040 false_bg=0.0946 grad_norm=1.4023 sec_per_update=0.261 peak_gpu_gb=4.32
iter 17000/20000: loss=0.38874 false_bg=0.2285 grad_norm=2.6766 sec_per_update=0.260 peak_gpu_gb=4.32
{"iter": 17000, "val": {"mIoU": 0.6754686081916736, "per_class_iou": {"1": 0.5401196727771067, "2": 0.8171895281116495, "3": 0.6734236460930358, "4": 0.8113576571646876, "5": 0.3792418877439611, "6": 0.849214776315676, "7": 0.7200538089506943, "8": 0.6131478883765779}, "classes_in_mean": [1, 2, 3, 4, 5, 6, 7, 8], "background_false_positive_rate": 0.026941035850690086, "background_false_negative_rate": 0.42113591274658135, "confusion": [[0, 0, 0, 0, 0, 0, 0, 0, 0], [0, 113915352, 17113702, 20710360, 3260074, 7380698, 20387463, 12385206, 1638334], [0, 5436749, 125032080, 435453, 414036, 459780, 937902, 147619, 274597], [0, 2003581, 608961, 57475659, 10148, 77612, 687054, 393857, 633743], [0, 379678, 4117, 221355, 37412818, 270886, 646095, 1061712, 814], [0, 617323, 31461, 56482, 36524, 6886223, 172602, 989353, 0], [0, 4533963, 2030148, 1888792, 1356454, 692670, 205759172, 1483850, 246236], [0, 1112922, 49885, 64107, 1036665, 486251, 1430598, 53093663, 0], [0, 32210, 26058, 81278, 0, 0, 40444, 0, 4713239]]}, "selection_score": 0.6754686081916736}
iter 17050/20000: loss=0.29520 false_bg=0.1872 grad_norm=2.3665 sec_per_update=0.264 peak_gpu_gb=4.32
iter 17100/20000: loss=0.52473 false_bg=0.0607 grad_norm=6.6974 sec_per_update=0.263 peak_gpu_gb=4.32
iter 17150/20000: loss=0.09209 false_bg=0.0147 grad_norm=2.5746 sec_per_update=0.263 peak_gpu_gb=4.32
iter 17200/20000: loss=0.16123 false_bg=0.0855 grad_norm=2.5829 sec_per_update=0.263 peak_gpu_gb=4.32
iter 17250/20000: loss=0.23616 false_bg=0.1797 grad_norm=8.9387 sec_per_update=0.263 peak_gpu_gb=4.32
iter 17300/20000: loss=0.16906 false_bg=0.0525 grad_norm=4.5428 sec_per_update=0.263 peak_gpu_gb=4.32
iter 17350/20000: loss=0.47692 false_bg=0.1166 grad_norm=7.5053 sec_per_update=0.262 peak_gpu_gb=4.32
iter 17400/20000: loss=1.05771 false_bg=0.4593 grad_norm=15.1365 sec_per_update=0.262 peak_gpu_gb=4.32
iter 17450/20000: loss=0.08762 false_bg=0.0848 grad_norm=1.9151 sec_per_update=0.262 peak_gpu_gb=4.32
iter 17500/20000: loss=0.47667 false_bg=0.0806 grad_norm=7.9636 sec_per_update=0.262 peak_gpu_gb=4.32
iter 17550/20000: loss=0.16850 false_bg=0.0502 grad_norm=1.0381 sec_per_update=0.262 peak_gpu_gb=4.32
iter 17600/20000: loss=0.16160 false_bg=0.0175 grad_norm=2.6499 sec_per_update=0.261 peak_gpu_gb=4.32
iter 17650/20000: loss=0.16365 false_bg=0.0784 grad_norm=1.4947 sec_per_update=0.261 peak_gpu_gb=4.32
iter 17700/20000: loss=0.19576 false_bg=0.1076 grad_norm=1.5201 sec_per_update=0.261 peak_gpu_gb=4.32
iter 17750/20000: loss=0.06847 false_bg=0.0445 grad_norm=1.5045 sec_per_update=0.261 peak_gpu_gb=4.32
iter 17800/20000: loss=0.21624 false_bg=0.1104 grad_norm=0.7800 sec_per_update=0.261 peak_gpu_gb=4.32
iter 17850/20000: loss=0.07799 false_bg=0.0291 grad_norm=0.8119 sec_per_update=0.260 peak_gpu_gb=4.32
iter 17900/20000: loss=0.10225 false_bg=0.0363 grad_norm=0.7439 sec_per_update=0.260 peak_gpu_gb=4.32
iter 17950/20000: loss=0.22135 false_bg=0.1265 grad_norm=3.8063 sec_per_update=0.260 peak_gpu_gb=4.32
iter 18000/20000: loss=0.25665 false_bg=0.1156 grad_norm=1.4341 sec_per_update=0.260 peak_gpu_gb=4.32
{"iter": 18000, "val": {"mIoU": 0.6702633949510648, "per_class_iou": {"1": 0.5405480588761034, "2": 0.8136866539685791, "3": 0.6944804398880787, "4": 0.7891005861930644, "5": 0.3678723721068141, "6": 0.841437511967527, "7": 0.7137274410991135, "8": 0.6012540955092377}, "classes_in_mean": [1, 2, 3, 4, 5, 6, 7, 8], "background_false_positive_rate": 0.028697734572118674, "background_false_negative_rate": 0.418148451758173, "confusion": [[0, 0, 0, 0, 0, 0, 0, 0, 0], [0, 114503258, 16737226, 16761921, 4364008, 7456847, 22865810, 12389293, 1712826], [0, 5796425, 124585431, 376259, 436919, 428445, 1003692, 202104, 308941], [0, 2383735, 1252397, 55865590, 45505, 105323, 1072994, 463043, 702028], [0, 274981, 2977, 161610, 37917526, 217630, 571547, 850894, 310], [0, 765223, 24809, 38926, 94378, 6789117, 103672, 973843, 0], [0, 4295754, 1901644, 1120194, 1707412, 915505, 205639341, 2155206, 256229], [0, 1481608, 29274, 40633, 1405878, 541370, 739331, 53035997, 0], [0, 39166, 25752, 52122, 0, 0, 42177, 0, 4734012]]}, "proxy": {"0.5": {"mIoU": 0.6730261033188394, "per_class_iou": {"1": 0.582320756287863, "2": 0.8008737406818002, "3": 0.6890154577536364, "4": 0.7938686518100296, "5": 0.4346003461316582, "6": 0.8304985198651851, "7": 0.744439443173288, "8": 0.5085919108472547}, "classes_in_mean": [1, 2, 3, 4, 5, 6, 7, 8], "background_false_positive_rate": 0.045224122966320765, "background_false_negative_rate": 0.3545214544536756, "confusion": [[0, 0, 0, 0, 0, 0, 0, 0, 0], [0, 9708058, 1237711, 1077915, 204958, 489183, 1462300, 696067, 163902], [0, 585798, 8939267, 29273, 35150, 86137, 91910, 20023, 22456], [0, 325480, 22608, 3870904, 7281, 13838, 76920, 38929, 59556], [0, 37274, 801, 13586, 2253651, 13483, 19890, 56223, 309], [0, 104122, 6171, 5042, 1158, 678020, 5450, 11904, 0], [0, 536222, 80709, 73440, 160973, 115797, 13847582, 167622, 32204], [0, 41090, 3319, 2390, 34084, 29795, 2295, 3215161, 0], [0, 1244, 560, 860, 0, 0, 505, 0, 291443]]}, "0.625": {"mIoU": 0.6824454944358667, "per_class_iou": {"1": 0.5962540275610215, "2": 0.8093244791222972, "3": 0.7027545693908567, "4": 0.7717876113349238, "5": 0.4320921233279333, "6": 0.8361284235177593, "7": 0.7580491173441345, "8": 0.553173603888007}, "classes_in_mean": [1, 2, 3, 4, 5, 6, 7, 8], "background_false_positive_rate": 0.04256700718114696, "background_false_negative_rate": 0.34289143539030753, "confusion": [[0, 0, 0, 0, 0, 0, 0, 0, 0], [0, 15445003, 1771546, 1613871, 332141, 834223, 2245464, 1047196, 215048], [0, 946959, 13955929, 42080, 66542, 131830, 134505, 20963, 28477], [0, 485809, 23630, 6093133, 12051, 21595, 128008, 55047, 78835], [0, 54412, 916, 12440, 3551241, 23534, 23147, 76198, 151], [0, 151027, 3150, 5916, 1804, 1084225, 8111, 14643, 0], [0, 693051, 111097, 93831, 388449, 184274, 21742676, 206021, 39558], [0, 65464, 5489, 2867, 58293, 44913, 4804, 5018859, 0], [0, 2180, 810, 1244, 0, 0, 995, 0, 454717]]}, "0.75": {"mIoU": 0.6886359662722995, "per_class_iou": {"1": 0.5987959264172791, "2": 0.812696813419134, "3": 0.7044919516728223, "4": 0.7799871909613165, "5": 0.43308509236831016, "6": 0.8380409283079872, "7": 0.773834152433833, "8": 0.5681556745977134}, "classes_in_mean": [1, 2, 3, 4, 5, 6, 7, 8], "background_false_positive_rate": 0.0429989651319823, "background_false_negative_rate": 0.33945655842914557, "confusion": [[0, 0, 0, 0, 0, 0, 0, 0, 0], [0, 22353516, 2521075, 2332539, 509461, 1174751, 3268709, 1389819, 291229], [0, 1300798, 20147509, 72205, 97139, 197799, 188016, 21893, 47531], [0, 693188, 34264, 8802684, 7930, 30581, 188889, 73717, 103289], [0, 80166, 753, 17348, 5105311, 41047, 44127, 100389, 0], [0, 235452, 4195, 5934, 2154, 1554976, 11349, 13455, 0], [0, 1074789, 148938, 127767, 449380, 265507, 31423186, 240906, 50459], [0, 102531, 8134, 2999, 90173, 53263, 12745, 7219519, 0], [0, 2752, 680, 1747, 0, 0, 1237, 0, 656409]]}}, "proxy_mIoU_mean": 0.6813691880090018, "selection_score": 0.6735951328684459}
iter 18050/20000: loss=0.08852 false_bg=0.0699 grad_norm=3.8334 sec_per_update=0.264 peak_gpu_gb=4.32
iter 18100/20000: loss=0.23865 false_bg=0.1114 grad_norm=7.4705 sec_per_update=0.264 peak_gpu_gb=4.32
iter 18150/20000: loss=0.77930 false_bg=0.2109 grad_norm=8.7184 sec_per_update=0.264 peak_gpu_gb=4.32
iter 18200/20000: loss=0.22250 false_bg=0.0640 grad_norm=1.6218 sec_per_update=0.264 peak_gpu_gb=4.32
iter 18250/20000: loss=0.32376 false_bg=0.1094 grad_norm=2.0056 sec_per_update=0.263 peak_gpu_gb=4.32
iter 18300/20000: loss=0.13818 false_bg=0.0894 grad_norm=2.4483 sec_per_update=0.263 peak_gpu_gb=4.32
iter 18350/20000: loss=0.19720 false_bg=0.1388 grad_norm=1.9644 sec_per_update=0.263 peak_gpu_gb=4.32
iter 18400/20000: loss=0.24066 false_bg=0.0616 grad_norm=1.9724 sec_per_update=0.263 peak_gpu_gb=4.32
iter 18450/20000: loss=0.65549 false_bg=0.2396 grad_norm=11.3089 sec_per_update=0.263 peak_gpu_gb=4.32
iter 18500/20000: loss=0.49729 false_bg=0.2483 grad_norm=3.8812 sec_per_update=0.262 peak_gpu_gb=4.32
iter 18550/20000: loss=0.23355 false_bg=0.0901 grad_norm=9.3786 sec_per_update=0.262 peak_gpu_gb=4.32
iter 18600/20000: loss=0.75394 false_bg=0.0731 grad_norm=8.0971 sec_per_update=0.262 peak_gpu_gb=4.32
iter 18650/20000: loss=0.18871 false_bg=0.0601 grad_norm=1.8887 sec_per_update=0.262 peak_gpu_gb=4.32
iter 18700/20000: loss=0.36369 false_bg=0.1925 grad_norm=2.4114 sec_per_update=0.262 peak_gpu_gb=4.32
iter 18750/20000: loss=1.25911 false_bg=0.2359 grad_norm=9.0282 sec_per_update=0.262 peak_gpu_gb=4.32
iter 18800/20000: loss=0.39103 false_bg=0.1741 grad_norm=20.4840 sec_per_update=0.261 peak_gpu_gb=4.32
iter 18850/20000: loss=0.23107 false_bg=0.1073 grad_norm=4.4066 sec_per_update=0.261 peak_gpu_gb=4.32
iter 18900/20000: loss=0.57042 false_bg=0.2273 grad_norm=4.8558 sec_per_update=0.261 peak_gpu_gb=4.32
iter 18950/20000: loss=0.31185 false_bg=0.1683 grad_norm=1.7810 sec_per_update=0.261 peak_gpu_gb=4.32
iter 19000/20000: loss=0.29993 false_bg=0.1993 grad_norm=7.5233 sec_per_update=0.261 peak_gpu_gb=4.32
{"iter": 19000, "val": {"mIoU": 0.6777156892456481, "per_class_iou": {"1": 0.5545494847058614, "2": 0.8111656607087839, "3": 0.7066636600961235, "4": 0.806886570662056, "5": 0.37583823073581724, "6": 0.8467726154860279, "7": 0.705534763979093, "8": 0.6143145275914212}, "classes_in_mean": [1, 2, 3, 4, 5, 6, 7, 8], "background_false_positive_rate": 0.029751920606865583, "background_false_negative_rate": 0.40152062397468413, "confusion": [[0, 0, 0, 0, 0, 0, 0, 0, 0], [0, 117775468, 17887497, 14122004, 3661608, 7171227, 20534004, 14055997, 1583384], [0, 5247511, 125511773, 247814, 388432, 429534, 866281, 225502, 221369], [0, 3306970, 1436315, 54908425, 22855, 79325, 919258, 512194, 705273], [0, 350746, 4606, 134615, 37812755, 196949, 432959, 1064638, 207], [0, 672387, 42945, 40429, 69886, 6706451, 112072, 1145798, 0], [0, 4867531, 2146009, 1188905, 1697913, 815886, 204397549, 2594525, 282967], [0, 1091596, 34168, 35744, 1024372, 361094, 490723, 54236394, 0], [0, 52518, 40380, 40806, 0, 0, 37640, 0, 4721885]]}, "selection_score": 0.6777156892456481}
iter 19050/20000: loss=0.26765 false_bg=0.1957 grad_norm=1.6916 sec_per_update=0.264 peak_gpu_gb=4.32
iter 19100/20000: loss=0.11759 false_bg=0.0628 grad_norm=0.5942 sec_per_update=0.263 peak_gpu_gb=4.32
iter 19150/20000: loss=0.02023 false_bg=0.0139 grad_norm=0.2950 sec_per_update=0.263 peak_gpu_gb=4.32
iter 19200/20000: loss=0.30226 false_bg=0.1028 grad_norm=1.2765 sec_per_update=0.263 peak_gpu_gb=4.32
iter 19250/20000: loss=0.55457 false_bg=0.2116 grad_norm=4.8746 sec_per_update=0.263 peak_gpu_gb=4.32
iter 19300/20000: loss=0.30617 false_bg=0.1105 grad_norm=4.8866 sec_per_update=0.263 peak_gpu_gb=4.32
iter 19350/20000: loss=0.41914 false_bg=0.2472 grad_norm=4.2795 sec_per_update=0.262 peak_gpu_gb=4.32
iter 19400/20000: loss=0.21526 false_bg=0.1082 grad_norm=1.6377 sec_per_update=0.262 peak_gpu_gb=4.32
iter 19450/20000: loss=0.28922 false_bg=0.0444 grad_norm=5.5193 sec_per_update=0.262 peak_gpu_gb=4.32
iter 19500/20000: loss=0.93330 false_bg=0.3363 grad_norm=42.2847 sec_per_update=0.262 peak_gpu_gb=4.32
iter 19550/20000: loss=0.09033 false_bg=0.0273 grad_norm=1.8318 sec_per_update=0.262 peak_gpu_gb=4.32
iter 19600/20000: loss=0.07747 false_bg=0.0427 grad_norm=0.7478 sec_per_update=0.262 peak_gpu_gb=4.32
iter 19650/20000: loss=0.44311 false_bg=0.1929 grad_norm=8.9758 sec_per_update=0.261 peak_gpu_gb=4.32
iter 19700/20000: loss=0.22847 false_bg=0.1338 grad_norm=3.9253 sec_per_update=0.261 peak_gpu_gb=4.32
iter 19750/20000: loss=0.45346 false_bg=0.1687 grad_norm=3.6299 sec_per_update=0.261 peak_gpu_gb=4.32
iter 19800/20000: loss=0.47519 false_bg=0.4215 grad_norm=3.8322 sec_per_update=0.261 peak_gpu_gb=4.32
iter 19850/20000: loss=0.34779 false_bg=0.1125 grad_norm=6.3203 sec_per_update=0.261 peak_gpu_gb=4.32
iter 19900/20000: loss=0.18855 false_bg=0.0677 grad_norm=1.3635 sec_per_update=0.261 peak_gpu_gb=4.32
iter 19950/20000: loss=0.08349 false_bg=0.0638 grad_norm=0.9282 sec_per_update=0.260 peak_gpu_gb=4.32
iter 20000/20000: loss=0.35137 false_bg=0.1637 grad_norm=6.9209 sec_per_update=0.260 peak_gpu_gb=4.32
{"iter": 20000, "val": {"mIoU": 0.6836886684956215, "per_class_iou": {"1": 0.5662156868064006, "2": 0.8109868441277291, "3": 0.706867155451331, "4": 0.8133990910466912, "5": 0.3645015465631455, "6": 0.8520703361548331, "7": 0.7172764292286704, "8": 0.6381922585861707}, "classes_in_mean": [1, 2, 3, 4, 5, 6, 7, 8], "background_false_positive_rate": 0.03227607024267284, "background_false_negative_rate": 0.38512484418192117, "confusion": [[0, 0, 0, 0, 0, 0, 0, 0, 0], [0, 121002013, 17464998, 13951488, 3343115, 8318534, 18377884, 12961687, 1371470], [0, 5593189, 125282718, 220454, 390848, 482457, 806237, 190768, 171545], [0, 3511877, 1451371, 54754325, 20893, 137314, 848790, 521125, 644920], [0, 443041, 4722, 133914, 37612110, 262473, 421630, 1119237, 348], [0, 526528, 29291, 28392, 33709, 7115680, 94879, 961489, 0], [0, 5548296, 2308842, 1160161, 1610001, 1037903, 203905497, 2148324, 272261], [0, 1224067, 29325, 31192, 844618, 493024, 729375, 53922490, 0], [0, 64852, 55048, 44343, 0, 0, 35865, 0, 4693121]]}, "proxy": {"0.5": {"mIoU": 0.6869595073525934, "per_class_iou": {"1": 0.6088127918817865, "2": 0.7986738399161192, "3": 0.7152471524076947, "4": 0.8183456816694282, "5": 0.415100934562075, "6": 0.8425904082882592, "7": 0.7471916766587958, "8": 0.5497135734365883}, "classes_in_mean": [1, 2, 3, 4, 5, 6, 7, 8], "background_false_positive_rate": 0.04876288986479007, "background_false_negative_rate": 0.31998922347160863, "confusion": [[0, 0, 0, 0, 0, 0, 0, 0, 0], [0, 10227426, 1299701, 795945, 130525, 604531, 1151655, 698469, 131842], [0, 560187, 8998992, 15824, 30834, 104945, 69930, 17020, 12282], [0, 403216, 28485, 3809902, 3936, 17306, 54705, 42223, 55743], [0, 57553, 1084, 11674, 2220545, 19041, 16157, 68942, 221], [0, 71794, 6342, 2713, 608, 714930, 4644, 10836, 0], [0, 623843, 117167, 82354, 132096, 129680, 13747620, 148605, 33184], [0, 40198, 3495, 1759, 20240, 34934, 3952, 3223556, 0], [0, 2082, 1130, 908, 0, 0, 307, 0, 290185]]}, "0.625": {"mIoU": 0.6939808759850664, "per_class_iou": {"1": 0.6192353065739085, "2": 0.8063672481285191, "3": 0.7224554312898148, "4": 0.7911930524606471, "5": 0.4133144713478906, "6": 0.847641008786063, "7": 0.758603304236761, "8": 0.5930371850569272}, "classes_in_mean": [1, 2, 3, 4, 5, 6, 7, 8], "background_false_positive_rate": 0.04573361440417064, "background_false_negative_rate": 0.31286313271522737, "confusion": [[0, 0, 0, 0, 0, 0, 0, 0, 0], [0, 16150803, 1857997, 1255532, 215218, 1004027, 1786104, 1063449, 171362], [0, 918834, 14028521, 25045, 60105, 154320, 104634, 18014, 17812], [0, 605754, 33236, 5997510, 4872, 27065, 94518, 60051, 75102], [0, 81235, 1184, 11241, 3501250, 34064, 18698, 94203, 164], [0, 105278, 4797, 3633, 870, 1133610, 7380, 13308, 0], [0, 802567, 165962, 104196, 363461, 201179, 21596457, 184859, 40276], [0, 60342, 5568, 2475, 38714, 53199, 7382, 5033009, 0], [0, 3349, 1157, 1334, 0, 0, 633, 0, 453473]]}, "0.75": {"mIoU": 0.6992809986711763, "per_class_iou": {"1": 0.6217224984468029, "2": 0.8114599129444391, "3": 0.724991631514588, "4": 0.7997543848940669, "5": 0.4116804844015767, "6": 0.8501521552030747, "7": 0.7717595478207967, "8": 0.6027273741440653}, "classes_in_mean": [1, 2, 3, 4, 5, 6, 7, 8], "background_false_positive_rate": 0.045441989016650385, "background_false_negative_rate": 0.31052324866872677, "confusion": [[0, 0, 0, 0, 0, 0, 0, 0, 0], [0, 23332651, 2635782, 1875859, 329459, 1421389, 2572107, 1431182, 242670], [0, 1243054, 20275974, 40265, 86019, 231121, 147856, 19735, 28866], [0, 824392, 42024, 8708838, 2012, 37941, 139457, 81080, 98798], [0, 124418, 1078, 16359, 5031370, 48973, 37243, 129700, 0], [0, 175533, 7422, 3638, 1064, 1616801, 10784, 12273, 0], [0, 1227938, 217663, 137656, 425932, 289403, 31205356, 225510, 51474], [0, 87737, 8700, 2107, 57517, 70978, 16395, 7245930, 0], [0, 4873, 1472, 1903, 0, 0, 839, 0, 653738]]}}, "proxy_mIoU_mean": 0.6934071273362786, "selection_score": 0.6866042061478186}
completed: /root/hyperseg/runs/mask2former_uav/h3_bgfix_full_20k_seed3407
