2026-09-30 11:34:03  baseline=running[iter 5200|v5]  loss=running[iter 750|v]  aug=running[iter 750|v]  full=not started[-|v]
2026-09-30 11:39:04  baseline=running[iter 5650|v5]  loss=running[iter 1000|v]  aug=running[iter 1000|v]  full=not started[-|v]
2026-09-30 11:44:14  baseline=running[iter 6000|v5]  loss=running[iter 1450|v1]  aug=running[iter 1450|v1]  full=not started[-|v]
2026-09-30 11:49:33  baseline=running[iter 6400|v6]  loss=running[iter 1950|v1]  aug=running[iter 1950|v1]  full=not started[-|v]
2026-09-30 11:54:48  baseline=running[iter 6900|v6]  loss=running[iter 2200|v2]  aug=running[iter 2200|v2]  full=not started[-|v]
2026-09-30 11:59:48  baseline=running[iter 7150|v7]  loss=running[iter 2700|v2]  aug=running[iter 2650|v2]  full=not started[-|v]
2026-09-30 12:04:49  baseline=running[iter 7600|v7]  loss=running[iter 3000|v2]  aug=running[iter 3000|v2]  full=not started[-|v]
2026-09-30 12:09:49  baseline=running[iter 8000|v7]  loss=running[iter 3350|v3]  aug=running[iter 3350|v3]  full=not started[-|v]
2026-09-30 12:14:50  baseline=running[iter 8350|v8]  loss=running[iter 3850|v3]  aug=running[iter 3850|v3]  full=not started[-|v]
2026-09-30 12:19:50  baseline=running[iter 8800|v8]  loss=running[iter 4050|v4]  aug=running[iter 4050|v4]  full=not started[-|v]
2026-09-30 12:24:51  baseline=running[iter 9050|v9]  loss=running[iter 4550|v4]  aug=running[iter 4550|v4]  full=not started[-|v]
2026-09-30 12:29:51  baseline=running[iter 9500|v9]  loss=running[iter 5000|v4]  aug=running[iter 5000|v4]  full=not started[-|v]
2026-09-30 12:34:52  baseline=running[iter 10000|v9]  loss=running[iter 5250|v5]  aug=running[iter 5250|v5]  full=not started[-|v]
2026-09-30 12:39:52  baseline=running[iter 10250|v10]  loss=running[iter 5700|v5]  aug=running[iter 5750|v5]  full=not started[-|v]
2026-09-30 12:44:53  baseline=running[iter 10700|v10]  loss=running[iter 6000|v5]  aug=running[iter 6000|v5]  full=not started[-|v]
2026-09-30 12:53:16  watcher started (interval 300s, suffix 20k, arms: baseline loss aug full)
2026-09-30 12:53:16  baseline=running[iter 11250|v11] loss=running[iter 6750|v6] aug=running[iter 6800|v6] full=not started[iter -|v]
2026-09-30 12:58:16  baseline=running[iter 11700|v11] loss=running[iter 7000|v6] aug=running[iter 7000|v7] full=not started[iter -|v]
2026-09-30 13:03:16  baseline=running[iter 12000|v11] loss=running[iter 7400|v7] aug=running[iter 7450|v7] full=not started[iter -|v]
2026-09-30 13:08:16  baseline=running[iter 12450|v12] loss=running[iter 7900|v7] aug=running[iter 7950|v7] full=not started[iter -|v]
2026-09-30 13:13:16  baseline=running[iter 12900|v12] loss=running[iter 8100|v8] aug=running[iter 8200|v8] full=not started[iter -|v]
2026-09-30 13:18:16  baseline=running[iter 13150|v13] loss=running[iter 8600|v8] aug=running[iter 8650|v8] full=not started[iter -|v]
2026-09-30 13:23:16  baseline=running[iter 13600|v13] loss=running[iter 9000|v8] aug=running[iter 9000|v8] full=not started[iter -|v]
2026-09-30 13:28:17  baseline=running[iter 14000|v13] loss=running[iter 9300|v9] aug=running[iter 9350|v9] full=not started[iter -|v]
2026-09-30 13:33:17  baseline=running[iter 14350|v14] loss=running[iter 9750|v9] aug=running[iter 9850|v9] full=not started[iter -|v]
2026-09-30 13:38:17  baseline=running[iter 14800|v14] loss=running[iter 10000|v9] aug=running[iter 10050|v10] full=not started[iter -|v]
2026-09-30 13:43:17  baseline=running[iter 15050|v15] loss=running[iter 10450|v10] aug=running[iter 10550|v10] full=not started[iter -|v]
2026-09-30 13:48:17  baseline=running[iter 15550|v15] loss=running[iter 10950|v10] aug=running[iter 11000|v10] full=not started[iter -|v]
2026-09-30 13:53:17  baseline=running[iter 16000|v15] loss=running[iter 11150|v11] aug=running[iter 11250|v11] full=not started[iter -|v]
2026-09-30 13:58:17  baseline=running[iter 16200|v16] loss=running[iter 11600|v11] aug=running[iter 11750|v11] full=not started[iter -|v]
2026-09-30 14:03:17  baseline=running[iter 16700|v16] loss=running[iter 12000|v11] aug=running[iter 12000|v11] full=not started[iter -|v]
2026-09-30 14:08:17  baseline=running[iter 17000|v16] loss=running[iter 12300|v12] aug=running[iter 12400|v12] full=not started[iter -|v]
2026-09-30 14:13:17  baseline=running[iter 17400|v17] loss=running[iter 12800|v12] aug=running[iter 12900|v12] full=not started[iter -|v]
2026-09-30 14:18:17  baseline=running[iter 17850|v17] loss=running[iter 13000|v13] aug=running[iter 13150|v13] full=not started[iter -|v]
2026-09-30 14:23:17  baseline=running[iter 18100|v18] loss=running[iter 13450|v13] aug=running[iter 13600|v13] full=not started[iter -|v]
2026-09-30 14:28:17  baseline=running[iter 18600|v18] loss=running[iter 13950|v13] aug=running[iter 14000|v13] full=not started[iter -|v]
2026-09-30 14:33:17  baseline=running[iter 19000|v18] loss=running[iter 14150|v14] aug=running[iter 14300|v14] full=not started[iter -|v]
2026-09-30 14:38:17  baseline=running[iter 19300|v19] loss=running[iter 14650|v14] aug=running[iter 14800|v14] full=not started[iter -|v]
2026-09-30 14:43:17  baseline=running[iter 19750|v19] loss=running[iter 15000|v14] aug=running[iter 15000|v15] full=not started[iter -|v]
2026-09-30 14:48:17  baseline=done[iter 20000|v20] loss=running[iter 15350|v15] aug=running[iter 15500|v15] full=not started[iter -|v]
2026-09-30 14:53:17  baseline=done[iter 20000|v20] loss=running[iter 16000|v15] aug=running[iter 16000|v15] full=not started[iter -|v]
2026-09-30 14:58:17  baseline=done[iter 20000|v20] loss=running[iter 16500|v16] aug=running[iter 16700|v16] full=not started[iter -|v]
2026-09-30 15:03:17  baseline=done[iter 20000|v20] loss=running[iter 17000|v16] aug=running[iter 17100|v17] full=not started[iter -|v]
2026-09-30 15:08:17  baseline=done[iter 20000|v20] loss=running[iter 17700|v17] aug=running[iter 17850|v17] full=not started[iter -|v]
2026-09-30 15:13:17  baseline=done[iter 20000|v20] loss=running[iter 18150|v18] aug=running[iter 18300|v18] full=not started[iter -|v]
2026-09-30 15:18:17  baseline=done[iter 20000|v20] loss=running[iter 18850|v18] aug=running[iter 19000|v18] full=not started[iter -|v]
2026-09-30 15:23:17  baseline=done[iter 20000|v20] loss=running[iter 19300|v19] aug=running[iter 19500|v19] full=not started[iter -|v]
2026-09-30 15:28:17  baseline=done[iter 20000|v20] loss=running[iter 20000|v19] aug=running[iter 20000|v19] full=not started[iter -|v]
2026-09-30 15:33:17  baseline=done[iter 20000|v20] loss=done[iter 20000|v20] aug=done[iter 20000|v20] full=running[iter 900|v]
2026-09-30 15:38:17  baseline=done[iter 20000|v20] loss=done[iter 20000|v20] aug=done[iter 20000|v20] full=running[iter 2000|v1]
2026-09-30 15:43:17  baseline=done[iter 20000|v20] loss=done[iter 20000|v20] aug=done[iter 20000|v20] full=running[iter 3000|v2]
2026-09-30 15:48:17  baseline=done[iter 20000|v20] loss=done[iter 20000|v20] aug=done[iter 20000|v20] full=running[iter 4100|v4]
2026-09-30 15:53:17  baseline=done[iter 20000|v20] loss=done[iter 20000|v20] aug=done[iter 20000|v20] full=running[iter 5300|v5]
2026-09-30 15:58:17  baseline=done[iter 20000|v20] loss=done[iter 20000|v20] aug=done[iter 20000|v20] full=running[iter 6450|v6]
2026-09-30 16:03:17  baseline=done[iter 20000|v20] loss=done[iter 20000|v20] aug=done[iter 20000|v20] full=running[iter 7700|v7]
2026-09-30 16:08:17  baseline=done[iter 20000|v20] loss=done[iter 20000|v20] aug=done[iter 20000|v20] full=running[iter 8850|v8]
2026-09-30 16:13:17  baseline=done[iter 20000|v20] loss=done[iter 20000|v20] aug=done[iter 20000|v20] full=running[iter 10000|v9]
2026-09-30 16:18:17  baseline=done[iter 20000|v20] loss=done[iter 20000|v20] aug=done[iter 20000|v20] full=running[iter 11000|v10]
2026-09-30 16:23:17  baseline=done[iter 20000|v20] loss=done[iter 20000|v20] aug=done[iter 20000|v20] full=running[iter 12000|v12]
2026-09-30 16:28:17  baseline=done[iter 20000|v20] loss=done[iter 20000|v20] aug=done[iter 20000|v20] full=running[iter 13250|v13]
2026-09-30 16:33:17  baseline=done[iter 20000|v20] loss=done[iter 20000|v20] aug=done[iter 20000|v20] full=running[iter 14400|v14]
2026-09-30 16:38:18  baseline=done[iter 20000|v20] loss=done[iter 20000|v20] aug=done[iter 20000|v20] full=running[iter 15600|v15]
2026-09-30 16:43:18  baseline=done[iter 20000|v20] loss=done[iter 20000|v20] aug=done[iter 20000|v20] full=running[iter 16750|v16]
2026-09-30 16:48:18  baseline=done[iter 20000|v20] loss=done[iter 20000|v20] aug=done[iter 20000|v20] full=running[iter 18000|v17]
2026-09-30 16:53:18  baseline=done[iter 20000|v20] loss=done[iter 20000|v20] aug=done[iter 20000|v20] full=running[iter 19000|v18]
2026-09-30 16:58:18  baseline=done[iter 20000|v20] loss=done[iter 20000|v20] aug=done[iter 20000|v20] full=running[iter 20000|v19]
