# container smoke test — 2026-09-30T01:44:17Z

## docker import
id=sha256:9b65ec6f91219c9406ebfe6b23a74ec00d15dfa41c9362481916cef55585fca0
size=13079719289
created=2026-09-30T01:39:45.6901909Z
os=linux arch=amd64

## run_inference.py --check-only (stdout)
{
  "checked_at_utc": "2026-09-30T01:44:29.101995+00:00",
  "checkpoint": "/root/hyperseg/models/hyperseg_b3_best.pt",
  "checkpoint_sha256": "fb124302bafaec18aaa3f695dc021efead7bd00f710348d040888bb270148968",
  "checkpoint_epoch": 141,
  "checkpoint_val_miou": 0.7420226665631505,
  "translated_legacy_encoder_keys": 628,
  "model_config": {
    "classes": 9,
    "widths": [
      64,
      128,
      320,
      512
    ],
    "context_dim": 128,
    "pretrained": false,
    "model_name": "nvidia/mit-b3",
    "adapter_rank": 8,
    "adapter_scale": 0.1
  },
  "input": "/root/hyperseg/dataset/low_altitude_2026/test_2/images",
  "output": "/root/hyperseg/runs/b3_test2_20260929/predictions",
  "image_count": 1300,
  "image_side": 1024,
  "first_image": "test2_1.png",
  "last_image": "test2_999.png",
  "size": 768,
  "overlap": 0.5,
  "tta": false,
  "precision": "fp32",
  "torch": "2.3.0+cu121",
  "cuda_available": false,
  "gpu": null
}
