{
  "support_images": {
    "0": 0,
    "1": 7,
    "2": 14,
    "5": 35,
    "10": 70
  },
  "evaluation_images": 1599,
  "protocol_sha256": "8184bef3aae39e2b9f01cd79a90782318f436744d14c43f108c76f56fc527ec5"
}
/root/miniconda3/lib/python3.12/site-packages/torch/nn/modules/conv.py:456: UserWarning: Plan failed with a cudnnException: CUDNN_BACKEND_EXECUTION_PLAN_DESCRIPTOR: cudnnFinalize Descriptor Failed cudnn_status: CUDNN_STATUS_NOT_SUPPORTED (Triggered internally at ../aten/src/ATen/native/cudnn/Conv_v8.cpp:919.)
  return F.conv2d(input, weight, bias, self.stride,
zero_0shot evaluation 100/1599
zero_0shot evaluation 200/1599
zero_0shot evaluation 300/1599
zero_0shot evaluation 400/1599
zero_0shot evaluation 500/1599
zero_0shot evaluation 600/1599
zero_0shot evaluation 700/1599
zero_0shot evaluation 800/1599
zero_0shot evaluation 900/1599
zero_0shot evaluation 1000/1599
zero_0shot evaluation 1100/1599
zero_0shot evaluation 1200/1599
zero_0shot evaluation 1300/1599
zero_0shot evaluation 1400/1599
zero_0shot evaluation 1500/1599
{"signature": "fbd48a0e18372301949f61d2d19f6b3a773ad07a116f54aafc03b65b8d8bdd8c", "mode": "zero", "shots_per_class": 0, "seed": null, "support_images": 0, "evaluation_images": 1599, "metrics": {"mIoU": 0.5333954020998432, "per_class_iou": {"background": 0.5500491224250604, "building": 0.6488325392081218, "road": 0.5630849841930624, "water": 0.7049576883058083, "barren": 0.2903022214870545, "forest": 0.3758237554817179, "agriculture": 0.6007175035980771}, "pixel_accuracy": 0.7221443525181721, "confusion": [[0, 0, 0, 0, 0, 0, 0, 0], [0, 484635195, 23803025, 8096864, 17971606, 5362430, 9924750, 45808861], [0, 19598513, 95113875, 118371, 147092, 190156, 475182, 568170], [0, 22754940, 329532, 47883430, 457169, 518478, 1484652, 925689], [0, 29285839, 109008, 156396, 151890223, 805496, 1229571, 4708069], [0, 32439439, 419702, 332569, 3103848, 23106558, 206711, 8162804], [0, 57106239, 396790, 347207, 1003575, 240045, 52049761, 4958601], [0, 124288507, 5322916, 1632364, 4592164, 4706601, 9072049, 323084933]]}}
adapter_1shot_seed3407 step 20/2000: loss=0.5652
adapter_1shot_seed3407 step 40/2000: loss=0.2818
adapter_1shot_seed3407 step 60/2000: loss=0.4683
adapter_1shot_seed3407 step 80/2000: loss=0.1735
adapter_1shot_seed3407 step 100/2000: loss=0.4100
adapter_1shot_seed3407 step 120/2000: loss=0.1635
adapter_1shot_seed3407 step 140/2000: loss=0.1132
adapter_1shot_seed3407 step 160/2000: loss=0.1465
adapter_1shot_seed3407 step 180/2000: loss=0.2624
adapter_1shot_seed3407 step 200/2000: loss=0.0437
adapter_1shot_seed3407 step 220/2000: loss=0.1103
adapter_1shot_seed3407 step 240/2000: loss=0.1533
adapter_1shot_seed3407 step 260/2000: loss=0.1285
adapter_1shot_seed3407 step 280/2000: loss=0.1120
adapter_1shot_seed3407 step 300/2000: loss=0.2632
adapter_1shot_seed3407 step 320/2000: loss=0.2228
adapter_1shot_seed3407 step 340/2000: loss=0.1532
adapter_1shot_seed3407 step 360/2000: loss=0.2361
adapter_1shot_seed3407 step 380/2000: loss=0.1317
adapter_1shot_seed3407 step 400/2000: loss=0.1002
adapter_1shot_seed3407 step 420/2000: loss=0.1734
adapter_1shot_seed3407 step 440/2000: loss=0.1249
adapter_1shot_seed3407 step 460/2000: loss=0.0755
adapter_1shot_seed3407 step 480/2000: loss=0.0000
adapter_1shot_seed3407 step 500/2000: loss=0.0882
adapter_1shot_seed3407 step 520/2000: loss=0.0784
adapter_1shot_seed3407 step 540/2000: loss=0.1773
adapter_1shot_seed3407 step 560/2000: loss=0.1110
adapter_1shot_seed3407 step 580/2000: loss=0.1653
adapter_1shot_seed3407 step 600/2000: loss=0.1041
adapter_1shot_seed3407 step 620/2000: loss=0.0554
adapter_1shot_seed3407 step 640/2000: loss=0.2167
adapter_1shot_seed3407 step 660/2000: loss=0.1169
adapter_1shot_seed3407 step 680/2000: loss=0.0869
adapter_1shot_seed3407 step 700/2000: loss=0.0462
adapter_1shot_seed3407 step 720/2000: loss=0.0739
adapter_1shot_seed3407 step 740/2000: loss=0.1460
adapter_1shot_seed3407 step 760/2000: loss=0.2131
adapter_1shot_seed3407 step 780/2000: loss=0.0254
adapter_1shot_seed3407 step 800/2000: loss=0.0000
adapter_1shot_seed3407 step 820/2000: loss=0.1674
adapter_1shot_seed3407 step 840/2000: loss=0.1663
adapter_1shot_seed3407 step 860/2000: loss=0.1630
adapter_1shot_seed3407 step 880/2000: loss=0.1872
adapter_1shot_seed3407 step 900/2000: loss=0.2232
adapter_1shot_seed3407 step 920/2000: loss=0.1770
adapter_1shot_seed3407 step 940/2000: loss=0.1793
adapter_1shot_seed3407 step 960/2000: loss=0.1077
adapter_1shot_seed3407 step 980/2000: loss=0.0342
adapter_1shot_seed3407 step 1000/2000: loss=0.1024
adapter_1shot_seed3407 step 1020/2000: loss=0.0516
adapter_1shot_seed3407 step 1040/2000: loss=0.0672
adapter_1shot_seed3407 step 1060/2000: loss=0.1582
adapter_1shot_seed3407 step 1080/2000: loss=0.0545
adapter_1shot_seed3407 step 1100/2000: loss=0.0464
adapter_1shot_seed3407 step 1120/2000: loss=0.1642
adapter_1shot_seed3407 step 1140/2000: loss=0.0636
adapter_1shot_seed3407 step 1160/2000: loss=0.0000
adapter_1shot_seed3407 step 1180/2000: loss=0.0771
adapter_1shot_seed3407 step 1200/2000: loss=0.0067
adapter_1shot_seed3407 step 1220/2000: loss=0.0846
adapter_1shot_seed3407 step 1240/2000: loss=0.0151
adapter_1shot_seed3407 step 1260/2000: loss=0.1014
adapter_1shot_seed3407 step 1280/2000: loss=0.0915
adapter_1shot_seed3407 step 1300/2000: loss=0.1077
adapter_1shot_seed3407 step 1320/2000: loss=0.1121
adapter_1shot_seed3407 step 1340/2000: loss=0.0755
adapter_1shot_seed3407 step 1360/2000: loss=0.0657
adapter_1shot_seed3407 step 1380/2000: loss=0.1278
adapter_1shot_seed3407 step 1400/2000: loss=0.0823
adapter_1shot_seed3407 step 1420/2000: loss=0.0602
adapter_1shot_seed3407 step 1440/2000: loss=0.1315
adapter_1shot_seed3407 step 1460/2000: loss=0.0291
adapter_1shot_seed3407 step 1480/2000: loss=0.0546
adapter_1shot_seed3407 step 1500/2000: loss=0.1671
adapter_1shot_seed3407 step 1520/2000: loss=0.0926
adapter_1shot_seed3407 step 1540/2000: loss=0.1124
adapter_1shot_seed3407 step 1560/2000: loss=0.0714
adapter_1shot_seed3407 step 1580/2000: loss=0.1082
adapter_1shot_seed3407 step 1600/2000: loss=0.0942
adapter_1shot_seed3407 step 1620/2000: loss=0.0851
adapter_1shot_seed3407 step 1640/2000: loss=0.1506
adapter_1shot_seed3407 step 1660/2000: loss=0.1046
adapter_1shot_seed3407 step 1680/2000: loss=0.0407
adapter_1shot_seed3407 step 1700/2000: loss=0.0123
adapter_1shot_seed3407 step 1720/2000: loss=0.0768
adapter_1shot_seed3407 step 1740/2000: loss=0.0943
adapter_1shot_seed3407 step 1760/2000: loss=0.0820
adapter_1shot_seed3407 step 1780/2000: loss=0.2367
adapter_1shot_seed3407 step 1800/2000: loss=0.0001
adapter_1shot_seed3407 step 1820/2000: loss=0.0217
adapter_1shot_seed3407 step 1840/2000: loss=0.0001
adapter_1shot_seed3407 step 1860/2000: loss=0.0000
adapter_1shot_seed3407 step 1880/2000: loss=0.0992
adapter_1shot_seed3407 step 1900/2000: loss=0.0751
adapter_1shot_seed3407 step 1920/2000: loss=0.0152
adapter_1shot_seed3407 step 1940/2000: loss=0.0574
adapter_1shot_seed3407 step 1960/2000: loss=0.2385
adapter_1shot_seed3407 step 1980/2000: loss=0.0739
adapter_1shot_seed3407 step 2000/2000: loss=0.0071
adapter_1shot_seed3407 evaluation 100/1599
adapter_1shot_seed3407 evaluation 200/1599
adapter_1shot_seed3407 evaluation 300/1599
adapter_1shot_seed3407 evaluation 400/1599
adapter_1shot_seed3407 evaluation 500/1599
adapter_1shot_seed3407 evaluation 600/1599
adapter_1shot_seed3407 evaluation 700/1599
adapter_1shot_seed3407 evaluation 800/1599
adapter_1shot_seed3407 evaluation 900/1599
adapter_1shot_seed3407 evaluation 1000/1599
adapter_1shot_seed3407 evaluation 1100/1599
adapter_1shot_seed3407 evaluation 1200/1599
adapter_1shot_seed3407 evaluation 1300/1599
adapter_1shot_seed3407 evaluation 1400/1599
adapter_1shot_seed3407 evaluation 1500/1599
{"signature": "09fdb3c5616e64b7ab26d5013629d54f907d36049671774c5189fe387d947c8c", "mode": "adapter", "shots_per_class": 1, "seed": 3407, "support_images": 7, "evaluation_images": 1599, "metrics": {"mIoU": 0.498105169174225, "per_class_iou": {"background": 0.5399274602795352, "building": 0.6246637873493438, "road": 0.5724607502984959, "water": 0.6537967977391596, "barren": 0.32013367671510423, "forest": 0.30378958031467157, "agriculture": 0.4719641315232654}, "pixel_accuracy": 0.6764650724044362, "confusion": [[0, 0, 0, 0, 0, 0, 0, 0], [0, 495518066, 24780749, 12469289, 12565112, 9608231, 23992244, 16669040], [0, 22968883, 91253777, 152040, 140897, 242371, 965408, 487983], [0, 18876868, 223648, 52561631, 330746, 978681, 1107442, 274874], [0, 40024755, 83283, 229050, 137010314, 1774885, 4930399, 4131916], [0, 27159912, 367061, 1058141, 2786310, 29975575, 1644726, 4779906], [0, 49832233, 1267723, 1047863, 676366, 467180, 60166562, 2644291], [0, 163283950, 3150805, 2506731, 4876972, 12791578, 49310972, 236778526]]}}
adapter_1shot_seed3408 step 20/2000: loss=0.2528
adapter_1shot_seed3408 step 40/2000: loss=0.7945
adapter_1shot_seed3408 step 60/2000: loss=0.5193
adapter_1shot_seed3408 step 80/2000: loss=0.3548
adapter_1shot_seed3408 step 100/2000: loss=0.2784
adapter_1shot_seed3408 step 120/2000: loss=0.1533
adapter_1shot_seed3408 step 140/2000: loss=0.2959
adapter_1shot_seed3408 step 160/2000: loss=0.0122
adapter_1shot_seed3408 step 180/2000: loss=0.1484
adapter_1shot_seed3408 step 200/2000: loss=0.1960
adapter_1shot_seed3408 step 220/2000: loss=0.1196
adapter_1shot_seed3408 step 240/2000: loss=0.0712
adapter_1shot_seed3408 step 260/2000: loss=0.1226
adapter_1shot_seed3408 step 280/2000: loss=0.1513
adapter_1shot_seed3408 step 300/2000: loss=0.1109
adapter_1shot_seed3408 step 320/2000: loss=0.1133
adapter_1shot_seed3408 step 340/2000: loss=0.1567
adapter_1shot_seed3408 step 360/2000: loss=0.1735
adapter_1shot_seed3408 step 380/2000: loss=0.1080
adapter_1shot_seed3408 step 400/2000: loss=0.1212
adapter_1shot_seed3408 step 420/2000: loss=0.1009
adapter_1shot_seed3408 step 440/2000: loss=0.2318
adapter_1shot_seed3408 step 460/2000: loss=0.2174
adapter_1shot_seed3408 step 480/2000: loss=0.1102
adapter_1shot_seed3408 step 500/2000: loss=0.0333
adapter_1shot_seed3408 step 520/2000: loss=0.0916
adapter_1shot_seed3408 step 540/2000: loss=0.0831
adapter_1shot_seed3408 step 560/2000: loss=0.0006
adapter_1shot_seed3408 step 580/2000: loss=0.0584
adapter_1shot_seed3408 step 600/2000: loss=0.1671
adapter_1shot_seed3408 step 620/2000: loss=0.1287
adapter_1shot_seed3408 step 640/2000: loss=0.0000
adapter_1shot_seed3408 step 660/2000: loss=0.1516
adapter_1shot_seed3408 step 680/2000: loss=0.0000
adapter_1shot_seed3408 step 700/2000: loss=0.0660
adapter_1shot_seed3408 step 720/2000: loss=0.0944
adapter_1shot_seed3408 step 740/2000: loss=0.0010
adapter_1shot_seed3408 step 760/2000: loss=0.1658
adapter_1shot_seed3408 step 780/2000: loss=0.1490
adapter_1shot_seed3408 step 800/2000: loss=0.0913
adapter_1shot_seed3408 step 820/2000: loss=0.0890
adapter_1shot_seed3408 step 840/2000: loss=0.1175
adapter_1shot_seed3408 step 860/2000: loss=0.0693
adapter_1shot_seed3408 step 880/2000: loss=0.1145
adapter_1shot_seed3408 step 900/2000: loss=0.0673
adapter_1shot_seed3408 step 920/2000: loss=0.1290
adapter_1shot_seed3408 step 940/2000: loss=0.1588
adapter_1shot_seed3408 step 960/2000: loss=0.0848
adapter_1shot_seed3408 step 980/2000: loss=0.1418
adapter_1shot_seed3408 step 1000/2000: loss=0.0000
adapter_1shot_seed3408 step 1020/2000: loss=0.2037
adapter_1shot_seed3408 step 1040/2000: loss=0.1545
adapter_1shot_seed3408 step 1060/2000: loss=0.0710
adapter_1shot_seed3408 step 1080/2000: loss=0.0325
adapter_1shot_seed3408 step 1100/2000: loss=0.0606
adapter_1shot_seed3408 step 1120/2000: loss=0.1550
adapter_1shot_seed3408 step 1140/2000: loss=0.1209
adapter_1shot_seed3408 step 1160/2000: loss=0.0772
adapter_1shot_seed3408 step 1180/2000: loss=0.1198
adapter_1shot_seed3408 step 1200/2000: loss=0.1015
adapter_1shot_seed3408 step 1220/2000: loss=0.0407
adapter_1shot_seed3408 step 1240/2000: loss=0.1197
adapter_1shot_seed3408 step 1260/2000: loss=0.0895
adapter_1shot_seed3408 step 1280/2000: loss=0.0237
adapter_1shot_seed3408 step 1300/2000: loss=0.0483
adapter_1shot_seed3408 step 1320/2000: loss=0.1141
adapter_1shot_seed3408 step 1340/2000: loss=0.1469
adapter_1shot_seed3408 step 1360/2000: loss=0.0005
adapter_1shot_seed3408 step 1380/2000: loss=0.0460
adapter_1shot_seed3408 step 1400/2000: loss=0.1854
adapter_1shot_seed3408 step 1420/2000: loss=0.0000
adapter_1shot_seed3408 step 1440/2000: loss=0.1194
adapter_1shot_seed3408 step 1460/2000: loss=0.1092
adapter_1shot_seed3408 step 1480/2000: loss=0.2388
adapter_1shot_seed3408 step 1500/2000: loss=0.0409
adapter_1shot_seed3408 step 1520/2000: loss=0.1214
adapter_1shot_seed3408 step 1540/2000: loss=0.0962
adapter_1shot_seed3408 step 1560/2000: loss=0.0542
adapter_1shot_seed3408 step 1580/2000: loss=0.0001
adapter_1shot_seed3408 step 1600/2000: loss=0.0843
adapter_1shot_seed3408 step 1620/2000: loss=0.1045
adapter_1shot_seed3408 step 1640/2000: loss=0.1148
adapter_1shot_seed3408 step 1660/2000: loss=0.2279
adapter_1shot_seed3408 step 1680/2000: loss=0.0005
adapter_1shot_seed3408 step 1700/2000: loss=0.1836
adapter_1shot_seed3408 step 1720/2000: loss=0.0328
adapter_1shot_seed3408 step 1740/2000: loss=0.0001
adapter_1shot_seed3408 step 1760/2000: loss=0.1461
adapter_1shot_seed3408 step 1780/2000: loss=0.2054
adapter_1shot_seed3408 step 1800/2000: loss=0.0411
adapter_1shot_seed3408 step 1820/2000: loss=0.1239
adapter_1shot_seed3408 step 1840/2000: loss=0.0008
adapter_1shot_seed3408 step 1860/2000: loss=0.0757
adapter_1shot_seed3408 step 1880/2000: loss=0.0745
adapter_1shot_seed3408 step 1900/2000: loss=0.0002
adapter_1shot_seed3408 step 1920/2000: loss=0.0401
adapter_1shot_seed3408 step 1940/2000: loss=0.1070
adapter_1shot_seed3408 step 1960/2000: loss=0.1555
adapter_1shot_seed3408 step 1980/2000: loss=0.0782
adapter_1shot_seed3408 step 2000/2000: loss=0.1174
adapter_1shot_seed3408 evaluation 100/1599
adapter_1shot_seed3408 evaluation 200/1599
adapter_1shot_seed3408 evaluation 300/1599
adapter_1shot_seed3408 evaluation 400/1599
adapter_1shot_seed3408 evaluation 500/1599
adapter_1shot_seed3408 evaluation 600/1599
adapter_1shot_seed3408 evaluation 700/1599
adapter_1shot_seed3408 evaluation 800/1599
adapter_1shot_seed3408 evaluation 900/1599
adapter_1shot_seed3408 evaluation 1000/1599
adapter_1shot_seed3408 evaluation 1100/1599
adapter_1shot_seed3408 evaluation 1200/1599
adapter_1shot_seed3408 evaluation 1300/1599
adapter_1shot_seed3408 evaluation 1400/1599
adapter_1shot_seed3408 evaluation 1500/1599
{"signature": "d686e07b4b43e364fbbd0b11fa7af0f89730bbce81b1a95594bcae0b9197c1a8", "mode": "adapter", "shots_per_class": 1, "seed": 3408, "support_images": 7, "evaluation_images": 1599, "metrics": {"mIoU": 0.49221935212082685, "per_class_iou": {"background": 0.5373619786658056, "building": 0.6219370116789503, "road": 0.5704643386933245, "water": 0.6356108329854984, "barren": 0.3091953720236293, "forest": 0.30431037866083915, "agriculture": 0.4666555521377408}, "pixel_accuracy": 0.6720667740426832, "confusion": [[0, 0, 0, 0, 0, 0, 0, 0], [0, 498244923, 24344451, 13425152, 8964588, 10312381, 21389127, 18922109], [0, 23781910, 90433296, 173034, 134039, 259950, 888356, 540774], [0, 18247484, 240583, 53259533, 336588, 1007369, 1011072, 251261], [0, 46984470, 81691, 233574, 130220423, 2206898, 4512177, 3945369], [0, 28050103, 360821, 1151346, 2071616, 31072797, 1502313, 3562635], [0, 51625501, 1336554, 1238043, 539646, 539194, 58471463, 2351817], [0, 162913191, 2830417, 2786683, 4643376, 18398250, 46738900, 234388717]]}}
adapter_1shot_seed3409 step 20/2000: loss=0.3401
adapter_1shot_seed3409 step 40/2000: loss=0.1334
adapter_1shot_seed3409 step 60/2000: loss=0.3222
adapter_1shot_seed3409 step 80/2000: loss=0.3086
adapter_1shot_seed3409 step 100/2000: loss=0.0451
adapter_1shot_seed3409 step 120/2000: loss=0.2449
adapter_1shot_seed3409 step 140/2000: loss=0.2858
adapter_1shot_seed3409 step 160/2000: loss=0.1974
adapter_1shot_seed3409 step 180/2000: loss=0.4164
adapter_1shot_seed3409 step 200/2000: loss=0.1631
adapter_1shot_seed3409 step 220/2000: loss=0.0891
adapter_1shot_seed3409 step 240/2000: loss=0.1591
adapter_1shot_seed3409 step 260/2000: loss=0.1166
adapter_1shot_seed3409 step 280/2000: loss=0.3585
adapter_1shot_seed3409 step 300/2000: loss=0.2265
adapter_1shot_seed3409 step 320/2000: loss=0.2309
adapter_1shot_seed3409 step 340/2000: loss=0.1150
adapter_1shot_seed3409 step 360/2000: loss=0.1699
adapter_1shot_seed3409 step 380/2000: loss=0.1256
adapter_1shot_seed3409 step 400/2000: loss=0.0118
adapter_1shot_seed3409 step 420/2000: loss=0.0669
adapter_1shot_seed3409 step 440/2000: loss=0.1632
adapter_1shot_seed3409 step 460/2000: loss=0.1805
adapter_1shot_seed3409 step 480/2000: loss=0.1907
adapter_1shot_seed3409 step 500/2000: loss=0.3013
adapter_1shot_seed3409 step 520/2000: loss=0.0880
adapter_1shot_seed3409 step 540/2000: loss=0.1261
adapter_1shot_seed3409 step 560/2000: loss=0.0367
adapter_1shot_seed3409 step 580/2000: loss=0.1060
adapter_1shot_seed3409 step 600/2000: loss=0.0912
adapter_1shot_seed3409 step 620/2000: loss=0.0702
adapter_1shot_seed3409 step 640/2000: loss=0.0004
adapter_1shot_seed3409 step 660/2000: loss=0.0016
adapter_1shot_seed3409 step 680/2000: loss=0.0979
adapter_1shot_seed3409 step 700/2000: loss=0.0050
adapter_1shot_seed3409 step 720/2000: loss=0.0857
adapter_1shot_seed3409 step 740/2000: loss=0.1037
adapter_1shot_seed3409 step 760/2000: loss=0.0625
adapter_1shot_seed3409 step 780/2000: loss=0.0519
adapter_1shot_seed3409 step 800/2000: loss=0.0750
adapter_1shot_seed3409 step 820/2000: loss=0.0913
adapter_1shot_seed3409 step 840/2000: loss=0.0446
adapter_1shot_seed3409 step 860/2000: loss=0.1465
adapter_1shot_seed3409 step 880/2000: loss=0.0696
adapter_1shot_seed3409 step 900/2000: loss=0.1446
adapter_1shot_seed3409 step 920/2000: loss=0.1440
adapter_1shot_seed3409 step 940/2000: loss=0.2060
adapter_1shot_seed3409 step 960/2000: loss=0.0000
adapter_1shot_seed3409 step 980/2000: loss=0.2330
adapter_1shot_seed3409 step 1000/2000: loss=0.0316
adapter_1shot_seed3409 step 1020/2000: loss=0.0785
adapter_1shot_seed3409 step 1040/2000: loss=0.0002
adapter_1shot_seed3409 step 1060/2000: loss=0.0008
adapter_1shot_seed3409 step 1080/2000: loss=0.1421
adapter_1shot_seed3409 step 1100/2000: loss=0.0577
adapter_1shot_seed3409 step 1120/2000: loss=0.0006
adapter_1shot_seed3409 step 1140/2000: loss=0.0977
adapter_1shot_seed3409 step 1160/2000: loss=0.1824
adapter_1shot_seed3409 step 1180/2000: loss=0.0889
adapter_1shot_seed3409 step 1200/2000: loss=0.1387
adapter_1shot_seed3409 step 1220/2000: loss=0.0868
adapter_1shot_seed3409 step 1240/2000: loss=0.0910
adapter_1shot_seed3409 step 1260/2000: loss=0.1120
adapter_1shot_seed3409 step 1280/2000: loss=0.0246
adapter_1shot_seed3409 step 1300/2000: loss=0.0000
adapter_1shot_seed3409 step 1320/2000: loss=0.1751
adapter_1shot_seed3409 step 1340/2000: loss=0.0000
adapter_1shot_seed3409 step 1360/2000: loss=0.1128
adapter_1shot_seed3409 step 1380/2000: loss=0.0594
adapter_1shot_seed3409 step 1400/2000: loss=0.1060
adapter_1shot_seed3409 step 1420/2000: loss=0.0902
adapter_1shot_seed3409 step 1440/2000: loss=0.0773
adapter_1shot_seed3409 step 1460/2000: loss=0.0438
adapter_1shot_seed3409 step 1480/2000: loss=0.2345
adapter_1shot_seed3409 step 1500/2000: loss=0.0899
adapter_1shot_seed3409 step 1520/2000: loss=0.0686
adapter_1shot_seed3409 step 1540/2000: loss=0.1816
adapter_1shot_seed3409 step 1560/2000: loss=0.0740
adapter_1shot_seed3409 step 1580/2000: loss=0.2133
adapter_1shot_seed3409 step 1600/2000: loss=0.1328
adapter_1shot_seed3409 step 1620/2000: loss=0.0000
adapter_1shot_seed3409 step 1640/2000: loss=0.1132
adapter_1shot_seed3409 step 1660/2000: loss=0.1268
adapter_1shot_seed3409 step 1680/2000: loss=0.0001
adapter_1shot_seed3409 step 1700/2000: loss=0.1286
adapter_1shot_seed3409 step 1720/2000: loss=0.0779
adapter_1shot_seed3409 step 1740/2000: loss=0.0472
adapter_1shot_seed3409 step 1760/2000: loss=0.0391
adapter_1shot_seed3409 step 1780/2000: loss=0.1478
adapter_1shot_seed3409 step 1800/2000: loss=0.1676
adapter_1shot_seed3409 step 1820/2000: loss=0.0941
adapter_1shot_seed3409 step 1840/2000: loss=0.0998
adapter_1shot_seed3409 step 1860/2000: loss=0.0674
adapter_1shot_seed3409 step 1880/2000: loss=0.1548
adapter_1shot_seed3409 step 1900/2000: loss=0.0002
adapter_1shot_seed3409 step 1920/2000: loss=0.0903
adapter_1shot_seed3409 step 1940/2000: loss=0.0646
adapter_1shot_seed3409 step 1960/2000: loss=0.0625
adapter_1shot_seed3409 step 1980/2000: loss=0.0979
adapter_1shot_seed3409 step 2000/2000: loss=0.0607
adapter_1shot_seed3409 evaluation 100/1599
adapter_1shot_seed3409 evaluation 200/1599
adapter_1shot_seed3409 evaluation 300/1599
adapter_1shot_seed3409 evaluation 400/1599
adapter_1shot_seed3409 evaluation 500/1599
adapter_1shot_seed3409 evaluation 600/1599
adapter_1shot_seed3409 evaluation 700/1599
adapter_1shot_seed3409 evaluation 800/1599
adapter_1shot_seed3409 evaluation 900/1599
adapter_1shot_seed3409 evaluation 1000/1599
adapter_1shot_seed3409 evaluation 1100/1599
adapter_1shot_seed3409 evaluation 1200/1599
adapter_1shot_seed3409 evaluation 1300/1599
adapter_1shot_seed3409 evaluation 1400/1599
adapter_1shot_seed3409 evaluation 1500/1599
{"signature": "ccbab68118ddefaa4ed17b5dd1df102c9e6a8e5aca9bb1bebcfbbedeeda6cb90", "mode": "adapter", "shots_per_class": 1, "seed": 3409, "support_images": 7, "evaluation_images": 1599, "metrics": {"mIoU": 0.4895774507846461, "per_class_iou": {"background": 0.5375805809572961, "building": 0.6275482847390897, "road": 0.570695034900301, "water": 0.6034608053078171, "barren": 0.3162181843671857, "forest": 0.3013209962833346, "agriculture": 0.47021826893749896}, "pixel_accuracy": 0.67057680880076, "confusion": [[0, 0, 0, 0, 0, 0, 0, 0], [0, 501605324, 25729466, 13114674, 7501567, 9958264, 23166661, 14526775], [0, 21645513, 92525694, 183739, 115884, 262083, 924248, 554198], [0, 18397838, 230530, 52985470, 238380, 1077575, 1123421, 300676], [0, 55182054, 92881, 236954, 121950579, 2012837, 4869134, 3840163], [0, 27651095, 350128, 1110839, 1776976, 31018409, 1511486, 4352698], [0, 51236482, 1263990, 1107157, 377578, 507352, 58983808, 2625851], [0, 163363609, 3561606, 2736502, 3890348, 16502052, 48053572, 234591845]]}}
adapter_2shot_seed3407 step 20/2000: loss=0.3644
adapter_2shot_seed3407 step 40/2000: loss=0.3208
adapter_2shot_seed3407 step 60/2000: loss=0.3111
adapter_2shot_seed3407 step 80/2000: loss=0.3238
adapter_2shot_seed3407 step 100/2000: loss=0.2326
adapter_2shot_seed3407 step 120/2000: loss=0.3004
adapter_2shot_seed3407 step 140/2000: loss=0.2927
adapter_2shot_seed3407 step 160/2000: loss=0.3875
adapter_2shot_seed3407 step 180/2000: loss=0.4179
adapter_2shot_seed3407 step 200/2000: loss=0.1954
adapter_2shot_seed3407 step 220/2000: loss=0.2717
adapter_2shot_seed3407 step 240/2000: loss=0.2064
adapter_2shot_seed3407 step 260/2000: loss=0.1856
adapter_2shot_seed3407 step 280/2000: loss=0.1726
adapter_2shot_seed3407 step 300/2000: loss=0.4065
adapter_2shot_seed3407 step 320/2000: loss=0.3371
adapter_2shot_seed3407 step 340/2000: loss=0.2453
adapter_2shot_seed3407 step 360/2000: loss=0.3440
adapter_2shot_seed3407 step 380/2000: loss=0.1982
adapter_2shot_seed3407 step 400/2000: loss=0.1621
adapter_2shot_seed3407 step 420/2000: loss=0.2554
adapter_2shot_seed3407 step 440/2000: loss=0.1305
adapter_2shot_seed3407 step 460/2000: loss=0.2489
adapter_2shot_seed3407 step 480/2000: loss=0.1160
adapter_2shot_seed3407 step 500/2000: loss=0.3616
adapter_2shot_seed3407 step 520/2000: loss=0.2576
adapter_2shot_seed3407 step 540/2000: loss=0.1745
adapter_2shot_seed3407 step 560/2000: loss=0.1533
adapter_2shot_seed3407 step 580/2000: loss=0.1664
adapter_2shot_seed3407 step 600/2000: loss=0.1591
adapter_2shot_seed3407 step 620/2000: loss=0.1562
adapter_2shot_seed3407 step 640/2000: loss=0.0890
adapter_2shot_seed3407 step 660/2000: loss=0.1546
adapter_2shot_seed3407 step 680/2000: loss=0.1333
adapter_2shot_seed3407 step 700/2000: loss=0.3404
adapter_2shot_seed3407 step 720/2000: loss=0.1383
adapter_2shot_seed3407 step 740/2000: loss=0.2353
adapter_2shot_seed3407 step 760/2000: loss=0.0022
adapter_2shot_seed3407 step 780/2000: loss=0.1557
adapter_2shot_seed3407 step 800/2000: loss=0.1950
adapter_2shot_seed3407 step 820/2000: loss=0.2075
adapter_2shot_seed3407 step 840/2000: loss=0.1072
adapter_2shot_seed3407 step 860/2000: loss=0.1996
adapter_2shot_seed3407 step 880/2000: loss=0.2879
adapter_2shot_seed3407 step 900/2000: loss=0.1635
adapter_2shot_seed3407 step 920/2000: loss=0.1974
adapter_2shot_seed3407 step 940/2000: loss=0.2663
adapter_2shot_seed3407 step 960/2000: loss=0.1774
adapter_2shot_seed3407 step 980/2000: loss=0.0001
adapter_2shot_seed3407 step 1000/2000: loss=0.0608
adapter_2shot_seed3407 step 1020/2000: loss=0.0648
adapter_2shot_seed3407 step 1040/2000: loss=0.1593
adapter_2shot_seed3407 step 1060/2000: loss=0.2291
adapter_2shot_seed3407 step 1080/2000: loss=0.1155
adapter_2shot_seed3407 step 1100/2000: loss=0.1319
adapter_2shot_seed3407 step 1120/2000: loss=0.0679
adapter_2shot_seed3407 step 1140/2000: loss=0.0896
adapter_2shot_seed3407 step 1160/2000: loss=0.1164
adapter_2shot_seed3407 step 1180/2000: loss=0.1973
adapter_2shot_seed3407 step 1200/2000: loss=0.0167
adapter_2shot_seed3407 step 1220/2000: loss=0.1696
adapter_2shot_seed3407 step 1240/2000: loss=0.1520
adapter_2shot_seed3407 step 1260/2000: loss=0.0568
adapter_2shot_seed3407 step 1280/2000: loss=0.1320
adapter_2shot_seed3407 step 1300/2000: loss=0.2044
adapter_2shot_seed3407 step 1320/2000: loss=0.0004
adapter_2shot_seed3407 step 1340/2000: loss=0.1254
adapter_2shot_seed3407 step 1360/2000: loss=0.1793
adapter_2shot_seed3407 step 1380/2000: loss=0.2664
adapter_2shot_seed3407 step 1400/2000: loss=0.1286
adapter_2shot_seed3407 step 1420/2000: loss=0.1027
adapter_2shot_seed3407 step 1440/2000: loss=0.1912
adapter_2shot_seed3407 step 1460/2000: loss=0.1256
adapter_2shot_seed3407 step 1480/2000: loss=0.1030
adapter_2shot_seed3407 step 1500/2000: loss=0.1490
adapter_2shot_seed3407 step 1520/2000: loss=0.4215
adapter_2shot_seed3407 step 1540/2000: loss=0.1478
adapter_2shot_seed3407 step 1560/2000: loss=0.2236
adapter_2shot_seed3407 step 1580/2000: loss=0.2666
adapter_2shot_seed3407 step 1600/2000: loss=0.1951
adapter_2shot_seed3407 step 1620/2000: loss=0.1815
adapter_2shot_seed3407 step 1640/2000: loss=0.2150
adapter_2shot_seed3407 step 1660/2000: loss=0.1126
adapter_2shot_seed3407 step 1680/2000: loss=0.1280
adapter_2shot_seed3407 step 1700/2000: loss=0.0742
adapter_2shot_seed3407 step 1720/2000: loss=0.1322
adapter_2shot_seed3407 step 1740/2000: loss=0.1148
adapter_2shot_seed3407 step 1760/2000: loss=0.1274
adapter_2shot_seed3407 step 1780/2000: loss=0.1834
adapter_2shot_seed3407 step 1800/2000: loss=0.0659
adapter_2shot_seed3407 step 1820/2000: loss=0.1169
adapter_2shot_seed3407 step 1840/2000: loss=0.1142
adapter_2shot_seed3407 step 1860/2000: loss=0.1340
adapter_2shot_seed3407 step 1880/2000: loss=0.1734
adapter_2shot_seed3407 step 1900/2000: loss=0.1038
adapter_2shot_seed3407 step 1920/2000: loss=0.0898
adapter_2shot_seed3407 step 1940/2000: loss=0.0999
adapter_2shot_seed3407 step 1960/2000: loss=0.1129
adapter_2shot_seed3407 step 1980/2000: loss=0.1411
adapter_2shot_seed3407 step 2000/2000: loss=0.1047
adapter_2shot_seed3407 evaluation 100/1599
adapter_2shot_seed3407 evaluation 200/1599
adapter_2shot_seed3407 evaluation 300/1599
adapter_2shot_seed3407 evaluation 400/1599
adapter_2shot_seed3407 evaluation 500/1599
adapter_2shot_seed3407 evaluation 600/1599
adapter_2shot_seed3407 evaluation 700/1599
adapter_2shot_seed3407 evaluation 800/1599
adapter_2shot_seed3407 evaluation 900/1599
adapter_2shot_seed3407 evaluation 1000/1599
adapter_2shot_seed3407 evaluation 1100/1599
adapter_2shot_seed3407 evaluation 1200/1599
adapter_2shot_seed3407 evaluation 1300/1599
adapter_2shot_seed3407 evaluation 1400/1599
adapter_2shot_seed3407 evaluation 1500/1599
{"signature": "8c3f1f5a27ee4db99251219897b42f9aebb7d40226a220ff631fb74b9cb5d183", "mode": "adapter", "shots_per_class": 2, "seed": 3407, "support_images": 14, "evaluation_images": 1599, "metrics": {"mIoU": 0.516253199891801, "per_class_iou": {"background": 0.5415917782653128, "building": 0.5975856248101525, "road": 0.5646133478794735, "water": 0.6643746680180724, "barren": 0.3490810346488349, "forest": 0.3516855255109572, "agriculture": 0.5448404201098039}, "pixel_accuracy": 0.6980717674698373, "confusion": [[0, 0, 0, 0, 0, 0, 0, 0], [0, 481435637, 33833210, 17621244, 8590521, 11894053, 19583371, 22644695], [0, 19711615, 94344899, 477422, 148461, 205626, 759370, 563966], [0, 15313574, 457915, 55373444, 199186, 1344947, 1048890, 615934], [0, 38555942, 201188, 367019, 134201733, 3153004, 3299791, 8405925], [0, 21195084, 1117454, 1219367, 955719, 33138042, 975885, 9170080], [0, 49868327, 1286238, 1170333, 695601, 773047, 57032305, 5276367], [0, 148679879, 4769424, 2863936, 3222975, 9787060, 20398949, 282977311]]}}
adapter_2shot_seed3408 step 20/2000: loss=0.3235
adapter_2shot_seed3408 step 40/2000: loss=0.0710
adapter_2shot_seed3408 step 60/2000: loss=0.8502
adapter_2shot_seed3408 step 80/2000: loss=0.1690
adapter_2shot_seed3408 step 100/2000: loss=0.3341
adapter_2shot_seed3408 step 120/2000: loss=0.2363
adapter_2shot_seed3408 step 140/2000: loss=0.3212
adapter_2shot_seed3408 step 160/2000: loss=0.2338
adapter_2shot_seed3408 step 180/2000: loss=0.4461
adapter_2shot_seed3408 step 200/2000: loss=0.4143
adapter_2shot_seed3408 step 220/2000: loss=0.2698
adapter_2shot_seed3408 step 240/2000: loss=0.2375
adapter_2shot_seed3408 step 260/2000: loss=0.1597
adapter_2shot_seed3408 step 280/2000: loss=0.5083
adapter_2shot_seed3408 step 300/2000: loss=0.1917
adapter_2shot_seed3408 step 320/2000: loss=0.1471
adapter_2shot_seed3408 step 340/2000: loss=0.4050
adapter_2shot_seed3408 step 360/2000: loss=0.1780
adapter_2shot_seed3408 step 380/2000: loss=0.1499
adapter_2shot_seed3408 step 400/2000: loss=0.2206
adapter_2shot_seed3408 step 420/2000: loss=0.4137
adapter_2shot_seed3408 step 440/2000: loss=0.2393
adapter_2shot_seed3408 step 460/2000: loss=0.1471
adapter_2shot_seed3408 step 480/2000: loss=0.1889
adapter_2shot_seed3408 step 500/2000: loss=0.2475
adapter_2shot_seed3408 step 520/2000: loss=0.1160
adapter_2shot_seed3408 step 540/2000: loss=0.1208
adapter_2shot_seed3408 step 560/2000: loss=0.1048
adapter_2shot_seed3408 step 580/2000: loss=0.0229
adapter_2shot_seed3408 step 600/2000: loss=0.1128
adapter_2shot_seed3408 step 620/2000: loss=0.2361
adapter_2shot_seed3408 step 640/2000: loss=0.0001
adapter_2shot_seed3408 step 660/2000: loss=0.2683
adapter_2shot_seed3408 step 680/2000: loss=0.1888
adapter_2shot_seed3408 step 700/2000: loss=0.0678
adapter_2shot_seed3408 step 720/2000: loss=0.3203
adapter_2shot_seed3408 step 740/2000: loss=0.0021
adapter_2shot_seed3408 step 760/2000: loss=0.2269
adapter_2shot_seed3408 step 780/2000: loss=0.2780
adapter_2shot_seed3408 step 800/2000: loss=0.1127
adapter_2shot_seed3408 step 820/2000: loss=0.2034
adapter_2shot_seed3408 step 840/2000: loss=0.1395
adapter_2shot_seed3408 step 860/2000: loss=0.0497
adapter_2shot_seed3408 step 880/2000: loss=0.2136
adapter_2shot_seed3408 step 900/2000: loss=0.1464
adapter_2shot_seed3408 step 920/2000: loss=0.1728
adapter_2shot_seed3408 step 940/2000: loss=0.1955
adapter_2shot_seed3408 step 960/2000: loss=0.1165
adapter_2shot_seed3408 step 980/2000: loss=0.1930
adapter_2shot_seed3408 step 1000/2000: loss=0.0330
adapter_2shot_seed3408 step 1020/2000: loss=0.1932
adapter_2shot_seed3408 step 1040/2000: loss=0.2406
adapter_2shot_seed3408 step 1060/2000: loss=0.0953
adapter_2shot_seed3408 step 1080/2000: loss=0.1166
adapter_2shot_seed3408 step 1100/2000: loss=0.1574
adapter_2shot_seed3408 step 1120/2000: loss=0.2368
adapter_2shot_seed3408 step 1140/2000: loss=0.2834
adapter_2shot_seed3408 step 1160/2000: loss=0.1276
adapter_2shot_seed3408 step 1180/2000: loss=0.2979
adapter_2shot_seed3408 step 1200/2000: loss=0.1118
adapter_2shot_seed3408 step 1220/2000: loss=0.1143
adapter_2shot_seed3408 step 1240/2000: loss=0.5095
adapter_2shot_seed3408 step 1260/2000: loss=0.1890
adapter_2shot_seed3408 step 1280/2000: loss=0.1601
adapter_2shot_seed3408 step 1300/2000: loss=0.1216
adapter_2shot_seed3408 step 1320/2000: loss=0.3147
adapter_2shot_seed3408 step 1340/2000: loss=0.1984
adapter_2shot_seed3408 step 1360/2000: loss=0.0502
adapter_2shot_seed3408 step 1380/2000: loss=0.0594
adapter_2shot_seed3408 step 1400/2000: loss=0.1755
adapter_2shot_seed3408 step 1420/2000: loss=0.0971
adapter_2shot_seed3408 step 1440/2000: loss=0.1325
adapter_2shot_seed3408 step 1460/2000: loss=0.0862
adapter_2shot_seed3408 step 1480/2000: loss=0.2841
adapter_2shot_seed3408 step 1500/2000: loss=0.1480
adapter_2shot_seed3408 step 1520/2000: loss=0.1633
adapter_2shot_seed3408 step 1540/2000: loss=0.2008
adapter_2shot_seed3408 step 1560/2000: loss=0.0945
adapter_2shot_seed3408 step 1580/2000: loss=0.0931
adapter_2shot_seed3408 step 1600/2000: loss=0.1744
adapter_2shot_seed3408 step 1620/2000: loss=0.2633
adapter_2shot_seed3408 step 1640/2000: loss=0.2343
adapter_2shot_seed3408 step 1660/2000: loss=0.1059
adapter_2shot_seed3408 step 1680/2000: loss=0.0304
adapter_2shot_seed3408 step 1700/2000: loss=0.0493
adapter_2shot_seed3408 step 1720/2000: loss=0.0864
adapter_2shot_seed3408 step 1740/2000: loss=0.0377
adapter_2shot_seed3408 step 1760/2000: loss=0.1085
adapter_2shot_seed3408 step 1780/2000: loss=0.1899
adapter_2shot_seed3408 step 1800/2000: loss=0.1025
adapter_2shot_seed3408 step 1820/2000: loss=0.1638
adapter_2shot_seed3408 step 1840/2000: loss=0.0732
adapter_2shot_seed3408 step 1860/2000: loss=0.0985
adapter_2shot_seed3408 step 1880/2000: loss=0.0055
adapter_2shot_seed3408 step 1900/2000: loss=0.0008
adapter_2shot_seed3408 step 1920/2000: loss=0.0887
adapter_2shot_seed3408 step 1940/2000: loss=0.1658
adapter_2shot_seed3408 step 1960/2000: loss=0.2545
adapter_2shot_seed3408 step 1980/2000: loss=0.1142
adapter_2shot_seed3408 step 2000/2000: loss=0.0878
adapter_2shot_seed3408 evaluation 100/1599
adapter_2shot_seed3408 evaluation 200/1599
adapter_2shot_seed3408 evaluation 300/1599
adapter_2shot_seed3408 evaluation 400/1599
adapter_2shot_seed3408 evaluation 500/1599
adapter_2shot_seed3408 evaluation 600/1599
adapter_2shot_seed3408 evaluation 700/1599
adapter_2shot_seed3408 evaluation 800/1599
adapter_2shot_seed3408 evaluation 900/1599
adapter_2shot_seed3408 evaluation 1000/1599
adapter_2shot_seed3408 evaluation 1100/1599
adapter_2shot_seed3408 evaluation 1200/1599
adapter_2shot_seed3408 evaluation 1300/1599
adapter_2shot_seed3408 evaluation 1400/1599
adapter_2shot_seed3408 evaluation 1500/1599
{"signature": "87a2f6c40e4e309500e8d47107d52aa0184b477191350af9037700dce0c53540", "mode": "adapter", "shots_per_class": 2, "seed": 3408, "support_images": 14, "evaluation_images": 1599, "metrics": {"mIoU": 0.5148626921591029, "per_class_iou": {"background": 0.5413789748541518, "building": 0.5883397349977586, "road": 0.567293413231928, "water": 0.6539655145612026, "barren": 0.33885708818292715, "forest": 0.3526547379157038, "agriculture": 0.5615493813700486}, "pixel_accuracy": 0.6998062379857936, "confusion": [[0, 0, 0, 0, 0, 0, 0, 0], [0, 480268441, 31882781, 17413514, 7702418, 10949122, 19766513, 27619942], [0, 22900333, 91232516, 368461, 148318, 186592, 772820, 602319], [0, 15350609, 450203, 55493774, 224910, 1190049, 1094941, 549404], [0, 40326084, 210529, 385147, 131339788, 4179949, 3103777, 8639328], [0, 23548972, 995425, 1280199, 807830, 31658104, 880347, 8600754], [0, 50505024, 1113979, 1128097, 613424, 637393, 57436138, 4668163], [0, 138886847, 4203469, 2892688, 3154452, 8511387, 21147288, 293903403]]}}
adapter_2shot_seed3409 step 20/2000: loss=0.9970
adapter_2shot_seed3409 step 40/2000: loss=0.5696
adapter_2shot_seed3409 step 60/2000: loss=0.4688
adapter_2shot_seed3409 step 80/2000: loss=0.8575
adapter_2shot_seed3409 step 100/2000: loss=0.4393
adapter_2shot_seed3409 step 120/2000: loss=0.2772
adapter_2shot_seed3409 step 140/2000: loss=0.2987
adapter_2shot_seed3409 step 160/2000: loss=0.2175
adapter_2shot_seed3409 step 180/2000: loss=0.2684
adapter_2shot_seed3409 step 200/2000: loss=0.5794
adapter_2shot_seed3409 step 220/2000: loss=0.1525
adapter_2shot_seed3409 step 240/2000: loss=0.3926
adapter_2shot_seed3409 step 260/2000: loss=0.5166
adapter_2shot_seed3409 step 280/2000: loss=0.3413
adapter_2shot_seed3409 step 300/2000: loss=0.3051
adapter_2shot_seed3409 step 320/2000: loss=0.2523
adapter_2shot_seed3409 step 340/2000: loss=0.2110
adapter_2shot_seed3409 step 360/2000: loss=0.1401
adapter_2shot_seed3409 step 380/2000: loss=0.1626
adapter_2shot_seed3409 step 400/2000: loss=0.1249
adapter_2shot_seed3409 step 420/2000: loss=0.1055
adapter_2shot_seed3409 step 440/2000: loss=0.0967
adapter_2shot_seed3409 step 460/2000: loss=0.2712
adapter_2shot_seed3409 step 480/2000: loss=0.2313
adapter_2shot_seed3409 step 500/2000: loss=0.1398
adapter_2shot_seed3409 step 520/2000: loss=0.0528
adapter_2shot_seed3409 step 540/2000: loss=0.0275
adapter_2shot_seed3409 step 560/2000: loss=0.0200
adapter_2shot_seed3409 step 580/2000: loss=0.1966
adapter_2shot_seed3409 step 600/2000: loss=0.2141
adapter_2shot_seed3409 step 620/2000: loss=0.3111
adapter_2shot_seed3409 step 640/2000: loss=0.0979
adapter_2shot_seed3409 step 660/2000: loss=0.0144
adapter_2shot_seed3409 step 680/2000: loss=0.2072
adapter_2shot_seed3409 step 700/2000: loss=0.1719
adapter_2shot_seed3409 step 720/2000: loss=0.1534
adapter_2shot_seed3409 step 740/2000: loss=0.1105
adapter_2shot_seed3409 step 760/2000: loss=0.1749
adapter_2shot_seed3409 step 780/2000: loss=0.1348
adapter_2shot_seed3409 step 800/2000: loss=0.2624
adapter_2shot_seed3409 step 820/2000: loss=0.2399
adapter_2shot_seed3409 step 840/2000: loss=0.1137
adapter_2shot_seed3409 step 860/2000: loss=0.1695
adapter_2shot_seed3409 step 880/2000: loss=0.0146
adapter_2shot_seed3409 step 900/2000: loss=0.1741
adapter_2shot_seed3409 step 920/2000: loss=0.2176
adapter_2shot_seed3409 step 940/2000: loss=0.0109
adapter_2shot_seed3409 step 960/2000: loss=0.1231
adapter_2shot_seed3409 step 980/2000: loss=0.1882
adapter_2shot_seed3409 step 1000/2000: loss=0.1423
adapter_2shot_seed3409 step 1020/2000: loss=0.1117
adapter_2shot_seed3409 step 1040/2000: loss=0.0010
adapter_2shot_seed3409 step 1060/2000: loss=0.0009
adapter_2shot_seed3409 step 1080/2000: loss=0.0902
adapter_2shot_seed3409 step 1100/2000: loss=0.1441
adapter_2shot_seed3409 step 1120/2000: loss=0.0013
adapter_2shot_seed3409 step 1140/2000: loss=0.0891
adapter_2shot_seed3409 step 1160/2000: loss=0.1923
adapter_2shot_seed3409 step 1180/2000: loss=0.1927
adapter_2shot_seed3409 step 1200/2000: loss=0.2377
adapter_2shot_seed3409 step 1220/2000: loss=0.2393
adapter_2shot_seed3409 step 1240/2000: loss=0.1467
adapter_2shot_seed3409 step 1260/2000: loss=0.1243
adapter_2shot_seed3409 step 1280/2000: loss=0.0924
adapter_2shot_seed3409 step 1300/2000: loss=0.1915
adapter_2shot_seed3409 step 1320/2000: loss=0.0064
adapter_2shot_seed3409 step 1340/2000: loss=0.0000
adapter_2shot_seed3409 step 1360/2000: loss=0.2457
adapter_2shot_seed3409 step 1380/2000: loss=0.0749
adapter_2shot_seed3409 step 1400/2000: loss=0.0024
adapter_2shot_seed3409 step 1420/2000: loss=0.1269
adapter_2shot_seed3409 step 1440/2000: loss=0.1161
adapter_2shot_seed3409 step 1460/2000: loss=0.3215
adapter_2shot_seed3409 step 1480/2000: loss=0.1992
adapter_2shot_seed3409 step 1500/2000: loss=0.1235
adapter_2shot_seed3409 step 1520/2000: loss=0.0000
adapter_2shot_seed3409 step 1540/2000: loss=0.0474
adapter_2shot_seed3409 step 1560/2000: loss=0.1325
adapter_2shot_seed3409 step 1580/2000: loss=0.2612
adapter_2shot_seed3409 step 1600/2000: loss=0.0807
adapter_2shot_seed3409 step 1620/2000: loss=0.1236
adapter_2shot_seed3409 step 1640/2000: loss=0.0393
adapter_2shot_seed3409 step 1660/2000: loss=0.2488
adapter_2shot_seed3409 step 1680/2000: loss=0.0954
adapter_2shot_seed3409 step 1700/2000: loss=0.0000
adapter_2shot_seed3409 step 1720/2000: loss=0.0777
adapter_2shot_seed3409 step 1740/2000: loss=0.1450
adapter_2shot_seed3409 step 1760/2000: loss=0.0881
adapter_2shot_seed3409 step 1780/2000: loss=0.2367
adapter_2shot_seed3409 step 1800/2000: loss=0.1791
adapter_2shot_seed3409 step 1820/2000: loss=0.0763
adapter_2shot_seed3409 step 1840/2000: loss=0.0573
adapter_2shot_seed3409 step 1860/2000: loss=0.1154
adapter_2shot_seed3409 step 1880/2000: loss=0.1438
adapter_2shot_seed3409 step 1900/2000: loss=0.0597
adapter_2shot_seed3409 step 1920/2000: loss=0.1132
adapter_2shot_seed3409 step 1940/2000: loss=0.1768
adapter_2shot_seed3409 step 1960/2000: loss=0.1133
adapter_2shot_seed3409 step 1980/2000: loss=0.1205
adapter_2shot_seed3409 step 2000/2000: loss=0.0523
adapter_2shot_seed3409 evaluation 100/1599
adapter_2shot_seed3409 evaluation 200/1599
adapter_2shot_seed3409 evaluation 300/1599
adapter_2shot_seed3409 evaluation 400/1599
adapter_2shot_seed3409 evaluation 500/1599
adapter_2shot_seed3409 evaluation 600/1599
adapter_2shot_seed3409 evaluation 700/1599
adapter_2shot_seed3409 evaluation 800/1599
adapter_2shot_seed3409 evaluation 900/1599
adapter_2shot_seed3409 evaluation 1000/1599
adapter_2shot_seed3409 evaluation 1100/1599
adapter_2shot_seed3409 evaluation 1200/1599
adapter_2shot_seed3409 evaluation 1300/1599
adapter_2shot_seed3409 evaluation 1400/1599
adapter_2shot_seed3409 evaluation 1500/1599
{"signature": "ad4d54c5f098bdda8f6fa7c634b06c27d0a8e9adbc58b148d65024777efa3be4", "mode": "adapter", "shots_per_class": 2, "seed": 3409, "support_images": 14, "evaluation_images": 1599, "metrics": {"mIoU": 0.5166033576136445, "per_class_iou": {"background": 0.5434374197915836, "building": 0.5892919981090686, "road": 0.5640234175638528, "water": 0.6559030060342521, "barren": 0.3457344253724049, "forest": 0.35269797983941825, "agriculture": 0.5651352565849317}, "pixel_accuracy": 0.7017040396435162, "confusion": [[0, 0, 0, 0, 0, 0, 0, 0], [0, 477081805, 33346459, 18047858, 8216605, 12051885, 19696726, 27161393], [0, 20668304, 93203139, 546266, 151925, 209031, 790400, 642294], [0, 15097851, 474859, 55751928, 190688, 1269485, 1043865, 525214], [0, 40867353, 222402, 399732, 132389153, 3064836, 2873896, 8367230], [0, 21121945, 1131168, 1295318, 1068598, 32707797, 1029500, 9417305], [0, 49827339, 1321509, 1200358, 730692, 673486, 57163730, 5185104], [0, 134710970, 5453460, 3003410, 3299467, 9563465, 20538976, 296129786]]}}
adapter_5shot_seed3407 step 20/2000: loss=0.1588
adapter_5shot_seed3407 step 40/2000: loss=1.6932
adapter_5shot_seed3407 step 60/2000: loss=0.8822
adapter_5shot_seed3407 step 80/2000: loss=0.3320
adapter_5shot_seed3407 step 100/2000: loss=0.1214
adapter_5shot_seed3407 step 120/2000: loss=0.8608
adapter_5shot_seed3407 step 140/2000: loss=0.1455
adapter_5shot_seed3407 step 160/2000: loss=0.3447
adapter_5shot_seed3407 step 180/2000: loss=0.5679
adapter_5shot_seed3407 step 200/2000: loss=0.4883
adapter_5shot_seed3407 step 220/2000: loss=0.3956
adapter_5shot_seed3407 step 240/2000: loss=0.3642
adapter_5shot_seed3407 step 260/2000: loss=0.1946
adapter_5shot_seed3407 step 280/2000: loss=0.4260
adapter_5shot_seed3407 step 300/2000: loss=0.3810
adapter_5shot_seed3407 step 320/2000: loss=0.4658
adapter_5shot_seed3407 step 340/2000: loss=0.4504
adapter_5shot_seed3407 step 360/2000: loss=0.3551
adapter_5shot_seed3407 step 380/2000: loss=0.3533
adapter_5shot_seed3407 step 400/2000: loss=0.2988
adapter_5shot_seed3407 step 420/2000: loss=0.0001
adapter_5shot_seed3407 step 440/2000: loss=0.1234
adapter_5shot_seed3407 step 460/2000: loss=0.3561
adapter_5shot_seed3407 step 480/2000: loss=0.1791
adapter_5shot_seed3407 step 500/2000: loss=0.3869
adapter_5shot_seed3407 step 520/2000: loss=0.4462
adapter_5shot_seed3407 step 540/2000: loss=0.4067
adapter_5shot_seed3407 step 560/2000: loss=0.0277
adapter_5shot_seed3407 step 580/2000: loss=0.2924
adapter_5shot_seed3407 step 600/2000: loss=0.1017
adapter_5shot_seed3407 step 620/2000: loss=0.3811
adapter_5shot_seed3407 step 640/2000: loss=0.3313
adapter_5shot_seed3407 step 660/2000: loss=0.3472
adapter_5shot_seed3407 step 680/2000: loss=0.2137
adapter_5shot_seed3407 step 700/2000: loss=0.2067
adapter_5shot_seed3407 step 720/2000: loss=0.1270
adapter_5shot_seed3407 step 740/2000: loss=0.0387
adapter_5shot_seed3407 step 760/2000: loss=0.3987
adapter_5shot_seed3407 step 780/2000: loss=0.3039
adapter_5shot_seed3407 step 800/2000: loss=0.1590
adapter_5shot_seed3407 step 820/2000: loss=0.6964
adapter_5shot_seed3407 step 840/2000: loss=0.3957
adapter_5shot_seed3407 step 860/2000: loss=0.1222
adapter_5shot_seed3407 step 880/2000: loss=0.2547
adapter_5shot_seed3407 step 900/2000: loss=0.3089
adapter_5shot_seed3407 step 920/2000: loss=0.1510
adapter_5shot_seed3407 step 940/2000: loss=0.3121
adapter_5shot_seed3407 step 960/2000: loss=0.4920
adapter_5shot_seed3407 step 980/2000: loss=0.2405
adapter_5shot_seed3407 step 1000/2000: loss=0.1906
adapter_5shot_seed3407 step 1020/2000: loss=0.2984
adapter_5shot_seed3407 step 1040/2000: loss=0.2399
adapter_5shot_seed3407 step 1060/2000: loss=0.0164
adapter_5shot_seed3407 step 1080/2000: loss=0.0808
adapter_5shot_seed3407 step 1100/2000: loss=0.1810
adapter_5shot_seed3407 step 1120/2000: loss=0.2554
adapter_5shot_seed3407 step 1140/2000: loss=0.1218
adapter_5shot_seed3407 step 1160/2000: loss=0.1549
adapter_5shot_seed3407 step 1180/2000: loss=0.1204
adapter_5shot_seed3407 step 1200/2000: loss=0.2597
adapter_5shot_seed3407 step 1220/2000: loss=0.3858
adapter_5shot_seed3407 step 1240/2000: loss=0.3311
adapter_5shot_seed3407 step 1260/2000: loss=0.2697
adapter_5shot_seed3407 step 1280/2000: loss=0.0527
adapter_5shot_seed3407 step 1300/2000: loss=0.0002
adapter_5shot_seed3407 step 1320/2000: loss=0.3384
adapter_5shot_seed3407 step 1340/2000: loss=0.3715
adapter_5shot_seed3407 step 1360/2000: loss=0.1370
adapter_5shot_seed3407 step 1380/2000: loss=0.1746
adapter_5shot_seed3407 step 1400/2000: loss=0.1533
adapter_5shot_seed3407 step 1420/2000: loss=0.1176
adapter_5shot_seed3407 step 1440/2000: loss=0.2439
adapter_5shot_seed3407 step 1460/2000: loss=0.3764
adapter_5shot_seed3407 step 1480/2000: loss=0.1473
adapter_5shot_seed3407 step 1500/2000: loss=0.0014
adapter_5shot_seed3407 step 1520/2000: loss=0.2730
adapter_5shot_seed3407 step 1540/2000: loss=0.1851
adapter_5shot_seed3407 step 1560/2000: loss=0.0517
adapter_5shot_seed3407 step 1580/2000: loss=0.1404
adapter_5shot_seed3407 step 1600/2000: loss=0.0004
adapter_5shot_seed3407 step 1620/2000: loss=0.2411
adapter_5shot_seed3407 step 1640/2000: loss=0.1519
adapter_5shot_seed3407 step 1660/2000: loss=0.1401
adapter_5shot_seed3407 step 1680/2000: loss=0.1226
adapter_5shot_seed3407 step 1700/2000: loss=0.1579
adapter_5shot_seed3407 step 1720/2000: loss=0.0008
adapter_5shot_seed3407 step 1740/2000: loss=0.1835
adapter_5shot_seed3407 step 1760/2000: loss=0.0988
adapter_5shot_seed3407 step 1780/2000: loss=0.1238
adapter_5shot_seed3407 step 1800/2000: loss=0.0144
adapter_5shot_seed3407 step 1820/2000: loss=0.0848
adapter_5shot_seed3407 step 1840/2000: loss=0.1698
adapter_5shot_seed3407 step 1860/2000: loss=0.0971
adapter_5shot_seed3407 step 1880/2000: loss=0.1247
adapter_5shot_seed3407 step 1900/2000: loss=0.1579
adapter_5shot_seed3407 step 1920/2000: loss=0.2442
adapter_5shot_seed3407 step 1940/2000: loss=0.1780
adapter_5shot_seed3407 step 1960/2000: loss=0.1212
adapter_5shot_seed3407 step 1980/2000: loss=0.2296
adapter_5shot_seed3407 step 2000/2000: loss=0.3371
adapter_5shot_seed3407 evaluation 100/1599
adapter_5shot_seed3407 evaluation 200/1599
adapter_5shot_seed3407 evaluation 300/1599
adapter_5shot_seed3407 evaluation 400/1599
adapter_5shot_seed3407 evaluation 500/1599
adapter_5shot_seed3407 evaluation 600/1599
adapter_5shot_seed3407 evaluation 700/1599
adapter_5shot_seed3407 evaluation 800/1599
adapter_5shot_seed3407 evaluation 900/1599
adapter_5shot_seed3407 evaluation 1000/1599
adapter_5shot_seed3407 evaluation 1100/1599
adapter_5shot_seed3407 evaluation 1200/1599
adapter_5shot_seed3407 evaluation 1300/1599
adapter_5shot_seed3407 evaluation 1400/1599
adapter_5shot_seed3407 evaluation 1500/1599
{"signature": "ec7262f4daac090335ca133f9b86c62f6e8bfd865d04e1510794324f8dec372d", "mode": "adapter", "shots_per_class": 5, "seed": 3407, "support_images": 35, "evaluation_images": 1599, "metrics": {"mIoU": 0.5352660222924212, "per_class_iou": {"background": 0.5451927030203118, "building": 0.6508734298985918, "road": 0.578270085509631, "water": 0.6733918268553195, "barren": 0.3394292708360653, "forest": 0.3792121996642733, "agriculture": 0.5804926402627554}, "pixel_accuracy": 0.7155787344399781, "confusion": [[0, 0, 0, 0, 0, 0, 0, 0], [0, 435406405, 33235127, 22711859, 28942032, 10608541, 22613968, 42084799], [0, 12575785, 100714707, 329824, 165236, 186781, 712439, 1526587], [0, 10278219, 524718, 59191416, 456298, 1328358, 1132507, 1442374], [0, 15855432, 161798, 389572, 154353818, 1102877, 1529253, 14791852], [0, 8579867, 914767, 1001029, 5104043, 29870676, 1228143, 21073106], [0, 40187935, 672960, 1275612, 2349479, 565861, 59363387, 11686984], [0, 115548484, 3017047, 2297678, 4016741, 6438603, 13225452, 328155529]]}}
adapter_5shot_seed3408 step 20/2000: loss=0.3092
adapter_5shot_seed3408 step 40/2000: loss=0.3661
adapter_5shot_seed3408 step 60/2000: loss=0.4059
adapter_5shot_seed3408 step 80/2000: loss=0.4421
adapter_5shot_seed3408 step 100/2000: loss=0.7423
adapter_5shot_seed3408 step 120/2000: loss=0.1962
adapter_5shot_seed3408 step 140/2000: loss=0.0095
adapter_5shot_seed3408 step 160/2000: loss=0.4440
adapter_5shot_seed3408 step 180/2000: loss=0.1253
adapter_5shot_seed3408 step 200/2000: loss=0.2312
adapter_5shot_seed3408 step 220/2000: loss=0.3282
adapter_5shot_seed3408 step 240/2000: loss=0.2190
adapter_5shot_seed3408 step 260/2000: loss=0.5417
adapter_5shot_seed3408 step 280/2000: loss=0.2098
adapter_5shot_seed3408 step 300/2000: loss=0.4387
adapter_5shot_seed3408 step 320/2000: loss=0.3455
adapter_5shot_seed3408 step 340/2000: loss=0.0235
adapter_5shot_seed3408 step 360/2000: loss=0.2005
adapter_5shot_seed3408 step 380/2000: loss=0.3771
adapter_5shot_seed3408 step 400/2000: loss=0.0429
adapter_5shot_seed3408 step 420/2000: loss=0.1546
adapter_5shot_seed3408 step 440/2000: loss=0.3783
adapter_5shot_seed3408 step 460/2000: loss=0.7582
adapter_5shot_seed3408 step 480/2000: loss=0.3897
adapter_5shot_seed3408 step 500/2000: loss=0.5504
adapter_5shot_seed3408 step 520/2000: loss=0.3940
adapter_5shot_seed3408 step 540/2000: loss=0.8084
adapter_5shot_seed3408 step 560/2000: loss=0.0681
adapter_5shot_seed3408 step 580/2000: loss=0.0551
adapter_5shot_seed3408 step 600/2000: loss=0.1396
adapter_5shot_seed3408 step 620/2000: loss=0.2929
adapter_5shot_seed3408 step 640/2000: loss=0.2991
adapter_5shot_seed3408 step 660/2000: loss=0.2974
adapter_5shot_seed3408 step 680/2000: loss=0.0008
adapter_5shot_seed3408 step 700/2000: loss=0.1550
adapter_5shot_seed3408 step 720/2000: loss=0.2513
adapter_5shot_seed3408 step 740/2000: loss=0.3710
adapter_5shot_seed3408 step 760/2000: loss=0.2973
adapter_5shot_seed3408 step 780/2000: loss=0.8634
adapter_5shot_seed3408 step 800/2000: loss=0.0528
adapter_5shot_seed3408 step 820/2000: loss=0.2614
adapter_5shot_seed3408 step 840/2000: loss=0.2286
adapter_5shot_seed3408 step 860/2000: loss=0.1081
adapter_5shot_seed3408 step 880/2000: loss=0.2850
adapter_5shot_seed3408 step 900/2000: loss=0.1573
adapter_5shot_seed3408 step 920/2000: loss=0.2183
adapter_5shot_seed3408 step 940/2000: loss=0.2210
adapter_5shot_seed3408 step 960/2000: loss=0.1420
adapter_5shot_seed3408 step 980/2000: loss=0.1303
adapter_5shot_seed3408 step 1000/2000: loss=0.1600
adapter_5shot_seed3408 step 1020/2000: loss=0.2686
adapter_5shot_seed3408 step 1040/2000: loss=0.1894
adapter_5shot_seed3408 step 1060/2000: loss=1.8270
adapter_5shot_seed3408 step 1080/2000: loss=0.2272
adapter_5shot_seed3408 step 1100/2000: loss=0.1703
adapter_5shot_seed3408 step 1120/2000: loss=0.1608
adapter_5shot_seed3408 step 1140/2000: loss=0.0304
adapter_5shot_seed3408 step 1160/2000: loss=0.0904
adapter_5shot_seed3408 step 1180/2000: loss=0.0603
adapter_5shot_seed3408 step 1200/2000: loss=0.2565
adapter_5shot_seed3408 step 1220/2000: loss=0.6105
adapter_5shot_seed3408 step 1240/2000: loss=0.9496
adapter_5shot_seed3408 step 1260/2000: loss=0.0877
adapter_5shot_seed3408 step 1280/2000: loss=0.2903
adapter_5shot_seed3408 step 1300/2000: loss=0.1684
adapter_5shot_seed3408 step 1320/2000: loss=0.0988
adapter_5shot_seed3408 step 1340/2000: loss=0.2292
adapter_5shot_seed3408 step 1360/2000: loss=0.2599
adapter_5shot_seed3408 step 1380/2000: loss=0.1014
adapter_5shot_seed3408 step 1400/2000: loss=0.0421
adapter_5shot_seed3408 step 1420/2000: loss=0.2145
adapter_5shot_seed3408 step 1440/2000: loss=0.2608
adapter_5shot_seed3408 step 1460/2000: loss=0.1741
adapter_5shot_seed3408 step 1480/2000: loss=0.0573
adapter_5shot_seed3408 step 1500/2000: loss=0.2425
adapter_5shot_seed3408 step 1520/2000: loss=0.2409
adapter_5shot_seed3408 step 1540/2000: loss=0.1362
adapter_5shot_seed3408 step 1560/2000: loss=0.0449
adapter_5shot_seed3408 step 1580/2000: loss=0.1133
adapter_5shot_seed3408 step 1600/2000: loss=0.2228
adapter_5shot_seed3408 step 1620/2000: loss=0.2008
adapter_5shot_seed3408 step 1640/2000: loss=0.1488
adapter_5shot_seed3408 step 1660/2000: loss=0.0098
adapter_5shot_seed3408 step 1680/2000: loss=0.1387
adapter_5shot_seed3408 step 1700/2000: loss=0.2060
adapter_5shot_seed3408 step 1720/2000: loss=0.1959
adapter_5shot_seed3408 step 1740/2000: loss=0.0927
adapter_5shot_seed3408 step 1760/2000: loss=0.1513
adapter_5shot_seed3408 step 1780/2000: loss=0.0031
adapter_5shot_seed3408 step 1800/2000: loss=0.0071
adapter_5shot_seed3408 step 1820/2000: loss=0.2117
adapter_5shot_seed3408 step 1840/2000: loss=0.2429
adapter_5shot_seed3408 step 1860/2000: loss=0.1055
adapter_5shot_seed3408 step 1880/2000: loss=0.1624
adapter_5shot_seed3408 step 1900/2000: loss=0.2570
adapter_5shot_seed3408 step 1920/2000: loss=0.1867
adapter_5shot_seed3408 step 1940/2000: loss=0.1353
adapter_5shot_seed3408 step 1960/2000: loss=0.0225
adapter_5shot_seed3408 step 1980/2000: loss=0.1587
adapter_5shot_seed3408 step 2000/2000: loss=0.2887
adapter_5shot_seed3408 evaluation 100/1599
adapter_5shot_seed3408 evaluation 200/1599
adapter_5shot_seed3408 evaluation 300/1599
adapter_5shot_seed3408 evaluation 400/1599
adapter_5shot_seed3408 evaluation 500/1599
adapter_5shot_seed3408 evaluation 600/1599
adapter_5shot_seed3408 evaluation 700/1599
adapter_5shot_seed3408 evaluation 800/1599
adapter_5shot_seed3408 evaluation 900/1599
adapter_5shot_seed3408 evaluation 1000/1599
adapter_5shot_seed3408 evaluation 1100/1599
adapter_5shot_seed3408 evaluation 1200/1599
adapter_5shot_seed3408 evaluation 1300/1599
adapter_5shot_seed3408 evaluation 1400/1599
adapter_5shot_seed3408 evaluation 1500/1599
{"signature": "f354505064558f59d6fa946b7ef5745ba91ae3ea46b8d47d4a3b788b10c5a201", "mode": "adapter", "shots_per_class": 5, "seed": 3408, "support_images": 35, "evaluation_images": 1599, "metrics": {"mIoU": 0.5338012974927904, "per_class_iou": {"background": 0.5444437605655029, "building": 0.6482391644326636, "road": 0.5759215659340047, "water": 0.6716165332673079, "barren": 0.34432562726673943, "forest": 0.38115989240070286, "agriculture": 0.5709025385826118}, "pixel_accuracy": 0.712916067897662, "confusion": [[0, 0, 0, 0, 0, 0, 0, 0], [0, 438524647, 32275206, 23352864, 29924001, 11420369, 21317225, 38788419], [0, 13983262, 99519618, 350959, 168647, 214575, 639715, 1334583], [0, 10188650, 499651, 59400950, 467429, 1345594, 993215, 1458401], [0, 14347041, 169768, 372707, 153845398, 1280906, 1559903, 16608879], [0, 8832533, 867464, 944862, 4388433, 30892897, 1180189, 20665253], [0, 40535857, 640407, 1522070, 2422520, 553566, 59283078, 11144720], [0, 121964371, 2859140, 2243342, 3511686, 7133364, 13740893, 321246738]]}}
adapter_5shot_seed3409 step 20/2000: loss=0.0690
adapter_5shot_seed3409 step 40/2000: loss=0.1726
adapter_5shot_seed3409 step 60/2000: loss=0.5565
adapter_5shot_seed3409 step 80/2000: loss=0.2227
adapter_5shot_seed3409 step 100/2000: loss=0.2587
adapter_5shot_seed3409 step 120/2000: loss=0.4644
adapter_5shot_seed3409 step 140/2000: loss=0.7039
adapter_5shot_seed3409 step 160/2000: loss=0.4827
adapter_5shot_seed3409 step 180/2000: loss=0.5158
adapter_5shot_seed3409 step 200/2000: loss=0.3235
adapter_5shot_seed3409 step 220/2000: loss=0.3294
adapter_5shot_seed3409 step 240/2000: loss=0.4109
adapter_5shot_seed3409 step 260/2000: loss=0.0510
adapter_5shot_seed3409 step 280/2000: loss=0.0459
adapter_5shot_seed3409 step 300/2000: loss=0.3568
adapter_5shot_seed3409 step 320/2000: loss=0.3320
adapter_5shot_seed3409 step 340/2000: loss=0.2297
adapter_5shot_seed3409 step 360/2000: loss=0.0702
adapter_5shot_seed3409 step 380/2000: loss=0.2620
adapter_5shot_seed3409 step 400/2000: loss=0.2609
adapter_5shot_seed3409 step 420/2000: loss=0.2974
adapter_5shot_seed3409 step 440/2000: loss=0.8726
adapter_5shot_seed3409 step 460/2000: loss=0.2267
adapter_5shot_seed3409 step 480/2000: loss=0.3377
adapter_5shot_seed3409 step 500/2000: loss=0.2488
adapter_5shot_seed3409 step 520/2000: loss=0.3561
adapter_5shot_seed3409 step 540/2000: loss=1.5203
adapter_5shot_seed3409 step 560/2000: loss=0.2632
adapter_5shot_seed3409 step 580/2000: loss=0.1842
adapter_5shot_seed3409 step 600/2000: loss=0.1147
adapter_5shot_seed3409 step 620/2000: loss=0.2063
adapter_5shot_seed3409 step 640/2000: loss=0.2500
adapter_5shot_seed3409 step 660/2000: loss=0.3120
adapter_5shot_seed3409 step 680/2000: loss=0.4416
adapter_5shot_seed3409 step 700/2000: loss=0.1750
adapter_5shot_seed3409 step 720/2000: loss=0.1093
adapter_5shot_seed3409 step 740/2000: loss=0.2372
adapter_5shot_seed3409 step 760/2000: loss=0.1132
adapter_5shot_seed3409 step 780/2000: loss=0.2994
adapter_5shot_seed3409 step 800/2000: loss=0.1668
adapter_5shot_seed3409 step 820/2000: loss=0.1442
adapter_5shot_seed3409 step 840/2000: loss=0.2678
adapter_5shot_seed3409 step 860/2000: loss=0.2538
adapter_5shot_seed3409 step 880/2000: loss=0.1290
adapter_5shot_seed3409 step 900/2000: loss=0.4105
adapter_5shot_seed3409 step 920/2000: loss=0.2249
adapter_5shot_seed3409 step 940/2000: loss=0.2655
adapter_5shot_seed3409 step 960/2000: loss=0.0432
adapter_5shot_seed3409 step 980/2000: loss=0.1966
adapter_5shot_seed3409 step 1000/2000: loss=0.2764
adapter_5shot_seed3409 step 1020/2000: loss=0.2065
adapter_5shot_seed3409 step 1040/2000: loss=0.1954
adapter_5shot_seed3409 step 1060/2000: loss=0.3028
adapter_5shot_seed3409 step 1080/2000: loss=0.2883
adapter_5shot_seed3409 step 1100/2000: loss=0.3327
adapter_5shot_seed3409 step 1120/2000: loss=0.2393
adapter_5shot_seed3409 step 1140/2000: loss=0.4174
adapter_5shot_seed3409 step 1160/2000: loss=0.1879
adapter_5shot_seed3409 step 1180/2000: loss=0.1863
adapter_5shot_seed3409 step 1200/2000: loss=0.0944
adapter_5shot_seed3409 step 1220/2000: loss=0.2124
adapter_5shot_seed3409 step 1240/2000: loss=0.0054
adapter_5shot_seed3409 step 1260/2000: loss=0.2367
adapter_5shot_seed3409 step 1280/2000: loss=0.0652
adapter_5shot_seed3409 step 1300/2000: loss=0.0033
adapter_5shot_seed3409 step 1320/2000: loss=0.6107
adapter_5shot_seed3409 step 1340/2000: loss=0.1948
adapter_5shot_seed3409 step 1360/2000: loss=0.1083
adapter_5shot_seed3409 step 1380/2000: loss=0.2550
adapter_5shot_seed3409 step 1400/2000: loss=0.2308
adapter_5shot_seed3409 step 1420/2000: loss=0.2490
adapter_5shot_seed3409 step 1440/2000: loss=0.1435
adapter_5shot_seed3409 step 1460/2000: loss=0.0495
adapter_5shot_seed3409 step 1480/2000: loss=0.0380
adapter_5shot_seed3409 step 1500/2000: loss=0.2551
adapter_5shot_seed3409 step 1520/2000: loss=0.2313
adapter_5shot_seed3409 step 1540/2000: loss=0.1971
adapter_5shot_seed3409 step 1560/2000: loss=0.1060
adapter_5shot_seed3409 step 1580/2000: loss=0.1825
adapter_5shot_seed3409 step 1600/2000: loss=0.2127
adapter_5shot_seed3409 step 1620/2000: loss=0.1221
adapter_5shot_seed3409 step 1640/2000: loss=0.1299
adapter_5shot_seed3409 step 1660/2000: loss=0.0714
adapter_5shot_seed3409 step 1680/2000: loss=0.3364
adapter_5shot_seed3409 step 1700/2000: loss=0.1600
adapter_5shot_seed3409 step 1720/2000: loss=0.2416
adapter_5shot_seed3409 step 1740/2000: loss=0.8718
adapter_5shot_seed3409 step 1760/2000: loss=0.1001
adapter_5shot_seed3409 step 1780/2000: loss=0.0012
adapter_5shot_seed3409 step 1800/2000: loss=0.1087
adapter_5shot_seed3409 step 1820/2000: loss=1.9050
adapter_5shot_seed3409 step 1840/2000: loss=0.1875
adapter_5shot_seed3409 step 1860/2000: loss=0.2230
adapter_5shot_seed3409 step 1880/2000: loss=0.2137
adapter_5shot_seed3409 step 1900/2000: loss=0.2367
adapter_5shot_seed3409 step 1920/2000: loss=0.1801
adapter_5shot_seed3409 step 1940/2000: loss=0.2639
adapter_5shot_seed3409 step 1960/2000: loss=0.0325
adapter_5shot_seed3409 step 1980/2000: loss=0.3599
adapter_5shot_seed3409 step 2000/2000: loss=0.0786
adapter_5shot_seed3409 evaluation 100/1599
adapter_5shot_seed3409 evaluation 200/1599
adapter_5shot_seed3409 evaluation 300/1599
adapter_5shot_seed3409 evaluation 400/1599
adapter_5shot_seed3409 evaluation 500/1599
adapter_5shot_seed3409 evaluation 600/1599
adapter_5shot_seed3409 evaluation 700/1599
adapter_5shot_seed3409 evaluation 800/1599
adapter_5shot_seed3409 evaluation 900/1599
adapter_5shot_seed3409 evaluation 1000/1599
adapter_5shot_seed3409 evaluation 1100/1599
adapter_5shot_seed3409 evaluation 1200/1599
adapter_5shot_seed3409 evaluation 1300/1599
adapter_5shot_seed3409 evaluation 1400/1599
adapter_5shot_seed3409 evaluation 1500/1599
{"signature": "798f69f6393720194c3bfe386f9085756aaf6e6ba65b3581baeb4df6d5f51fe4", "mode": "adapter", "shots_per_class": 5, "seed": 3409, "support_images": 35, "evaluation_images": 1599, "metrics": {"mIoU": 0.5299587879637352, "per_class_iou": {"background": 0.5385245156376379, "building": 0.6444682705041297, "road": 0.5716928635733242, "water": 0.6738700272954314, "barren": 0.34440874335495014, "forest": 0.3749722501467155, "agriculture": 0.5617748452339575}, "pixel_accuracy": 0.708366493509103, "confusion": [[0, 0, 0, 0, 0, 0, 0, 0], [0, 436620136, 32091581, 24278897, 29990970, 11195621, 23218360, 38207166], [0, 13398862, 99862067, 391760, 176334, 220233, 743773, 1418330], [0, 10230671, 496316, 59589033, 455802, 1379589, 993874, 1208605], [0, 14889668, 167313, 375560, 155354767, 1192410, 1657778, 14547106], [0, 9149840, 861879, 952882, 5155615, 30728726, 1188834, 19733855], [0, 40692800, 647369, 1588334, 2503059, 564045, 59343895, 10762716], [0, 126806569, 4476834, 2291276, 4074762, 6898149, 14357261, 313794683]]}}
adapter_10shot_seed3407 step 20/2000: loss=0.6191
adapter_10shot_seed3407 step 40/2000: loss=0.5183
adapter_10shot_seed3407 step 60/2000: loss=1.3866
adapter_10shot_seed3407 step 80/2000: loss=0.3820
adapter_10shot_seed3407 step 100/2000: loss=0.1939
adapter_10shot_seed3407 step 120/2000: loss=0.3763
adapter_10shot_seed3407 step 140/2000: loss=0.0860
adapter_10shot_seed3407 step 160/2000: loss=0.7019
adapter_10shot_seed3407 step 180/2000: loss=0.6618
adapter_10shot_seed3407 step 200/2000: loss=0.5721
adapter_10shot_seed3407 step 220/2000: loss=0.5746
adapter_10shot_seed3407 step 240/2000: loss=0.3171
adapter_10shot_seed3407 step 260/2000: loss=0.5191
adapter_10shot_seed3407 step 280/2000: loss=0.6269
adapter_10shot_seed3407 step 300/2000: loss=0.3606
adapter_10shot_seed3407 step 320/2000: loss=0.4362
adapter_10shot_seed3407 step 340/2000: loss=1.4353
adapter_10shot_seed3407 step 360/2000: loss=0.2758
adapter_10shot_seed3407 step 380/2000: loss=0.2202
adapter_10shot_seed3407 step 400/2000: loss=0.4315
adapter_10shot_seed3407 step 420/2000: loss=0.2460
adapter_10shot_seed3407 step 440/2000: loss=0.3583
adapter_10shot_seed3407 step 460/2000: loss=0.6075
adapter_10shot_seed3407 step 480/2000: loss=0.2441
adapter_10shot_seed3407 step 500/2000: loss=0.5201
adapter_10shot_seed3407 step 520/2000: loss=0.4888
adapter_10shot_seed3407 step 540/2000: loss=0.3849
adapter_10shot_seed3407 step 560/2000: loss=0.2608
adapter_10shot_seed3407 step 580/2000: loss=0.9547
adapter_10shot_seed3407 step 600/2000: loss=0.4850
adapter_10shot_seed3407 step 620/2000: loss=0.3430
adapter_10shot_seed3407 step 640/2000: loss=0.3569
adapter_10shot_seed3407 step 660/2000: loss=0.4182
adapter_10shot_seed3407 step 680/2000: loss=0.2534
adapter_10shot_seed3407 step 700/2000: loss=0.1958
adapter_10shot_seed3407 step 720/2000: loss=0.2382
adapter_10shot_seed3407 step 740/2000: loss=0.2907
adapter_10shot_seed3407 step 760/2000: loss=0.3430
adapter_10shot_seed3407 step 780/2000: loss=0.4348
adapter_10shot_seed3407 step 800/2000: loss=0.2060
adapter_10shot_seed3407 step 820/2000: loss=0.1562
adapter_10shot_seed3407 step 840/2000: loss=0.4103
adapter_10shot_seed3407 step 860/2000: loss=0.1385
adapter_10shot_seed3407 step 880/2000: loss=0.1080
adapter_10shot_seed3407 step 900/2000: loss=0.3066
adapter_10shot_seed3407 step 920/2000: loss=0.2241
adapter_10shot_seed3407 step 940/2000: loss=0.2703
adapter_10shot_seed3407 step 960/2000: loss=0.2322
adapter_10shot_seed3407 step 980/2000: loss=0.2555
adapter_10shot_seed3407 step 1000/2000: loss=0.7942
adapter_10shot_seed3407 step 1020/2000: loss=0.3453
adapter_10shot_seed3407 step 1040/2000: loss=0.2686
adapter_10shot_seed3407 step 1060/2000: loss=0.2046
adapter_10shot_seed3407 step 1080/2000: loss=0.4238
adapter_10shot_seed3407 step 1100/2000: loss=0.3866
adapter_10shot_seed3407 step 1120/2000: loss=0.3711
adapter_10shot_seed3407 step 1140/2000: loss=0.1753
adapter_10shot_seed3407 step 1160/2000: loss=0.3303
adapter_10shot_seed3407 step 1180/2000: loss=0.2103
adapter_10shot_seed3407 step 1200/2000: loss=0.3294
adapter_10shot_seed3407 step 1220/2000: loss=0.9148
adapter_10shot_seed3407 step 1240/2000: loss=0.3248
adapter_10shot_seed3407 step 1260/2000: loss=0.1129
adapter_10shot_seed3407 step 1280/2000: loss=0.2261
adapter_10shot_seed3407 step 1300/2000: loss=0.2142
adapter_10shot_seed3407 step 1320/2000: loss=0.3526
adapter_10shot_seed3407 step 1340/2000: loss=0.5494
adapter_10shot_seed3407 step 1360/2000: loss=0.0764
adapter_10shot_seed3407 step 1380/2000: loss=0.3996
adapter_10shot_seed3407 step 1400/2000: loss=0.1181
adapter_10shot_seed3407 step 1420/2000: loss=0.2368
adapter_10shot_seed3407 step 1440/2000: loss=0.1847
adapter_10shot_seed3407 step 1460/2000: loss=0.4687
adapter_10shot_seed3407 step 1480/2000: loss=0.1450
adapter_10shot_seed3407 step 1500/2000: loss=0.1885
adapter_10shot_seed3407 step 1520/2000: loss=0.2301
adapter_10shot_seed3407 step 1540/2000: loss=0.3544
adapter_10shot_seed3407 step 1560/2000: loss=0.2556
adapter_10shot_seed3407 step 1580/2000: loss=0.4466
adapter_10shot_seed3407 step 1600/2000: loss=0.2651
adapter_10shot_seed3407 step 1620/2000: loss=0.2636
adapter_10shot_seed3407 step 1640/2000: loss=0.2669
adapter_10shot_seed3407 step 1660/2000: loss=0.3579
adapter_10shot_seed3407 step 1680/2000: loss=0.3013
adapter_10shot_seed3407 step 1700/2000: loss=0.4035
adapter_10shot_seed3407 step 1720/2000: loss=0.1205
adapter_10shot_seed3407 step 1740/2000: loss=0.1885
adapter_10shot_seed3407 step 1760/2000: loss=0.1709
adapter_10shot_seed3407 step 1780/2000: loss=0.2832
adapter_10shot_seed3407 step 1800/2000: loss=0.1292
adapter_10shot_seed3407 step 1820/2000: loss=0.1481
adapter_10shot_seed3407 step 1840/2000: loss=0.1841
adapter_10shot_seed3407 step 1860/2000: loss=0.2229
adapter_10shot_seed3407 step 1880/2000: loss=0.2964
adapter_10shot_seed3407 step 1900/2000: loss=0.9669
adapter_10shot_seed3407 step 1920/2000: loss=0.4902
adapter_10shot_seed3407 step 1940/2000: loss=0.3511
adapter_10shot_seed3407 step 1960/2000: loss=0.2718
adapter_10shot_seed3407 step 1980/2000: loss=0.1906
adapter_10shot_seed3407 step 2000/2000: loss=0.3630
adapter_10shot_seed3407 evaluation 100/1599
adapter_10shot_seed3407 evaluation 200/1599
adapter_10shot_seed3407 evaluation 300/1599
adapter_10shot_seed3407 evaluation 400/1599
adapter_10shot_seed3407 evaluation 500/1599
adapter_10shot_seed3407 evaluation 600/1599
adapter_10shot_seed3407 evaluation 700/1599
adapter_10shot_seed3407 evaluation 800/1599
adapter_10shot_seed3407 evaluation 900/1599
adapter_10shot_seed3407 evaluation 1000/1599
adapter_10shot_seed3407 evaluation 1100/1599
adapter_10shot_seed3407 evaluation 1200/1599
adapter_10shot_seed3407 evaluation 1300/1599
adapter_10shot_seed3407 evaluation 1400/1599
adapter_10shot_seed3407 evaluation 1500/1599
{"signature": "bd3780d112acd2369e68cf54ee1c4bc6a6d16c0f171da8839d3167098a57ddfe", "mode": "adapter", "shots_per_class": 10, "seed": 3407, "support_images": 70, "evaluation_images": 1599, "metrics": {"mIoU": 0.5546849634683301, "per_class_iou": {"background": 0.535710690049419, "building": 0.6594247521299651, "road": 0.5643289381417393, "water": 0.679269717240018, "barren": 0.4156914529461407, "forest": 0.4282737210111501, "agriculture": 0.6000954727598782}, "pixel_accuracy": 0.7222318052922776, "confusion": [[0, 0, 0, 0, 0, 0, 0, 0], [0, 410424519, 35357473, 23574620, 36409500, 19760595, 27578810, 42497214], [0, 10163343, 102526674, 488282, 205909, 309891, 554248, 1963012], [0, 10262053, 506666, 59016390, 254642, 1807313, 954938, 1551888], [0, 10528096, 154208, 593388, 159253229, 3843935, 1790896, 12020850], [0, 5813989, 710458, 1232683, 1961002, 44944372, 527504, 12581623], [0, 28963885, 333993, 1600358, 2067178, 2568899, 68397927, 12169978], [0, 104796814, 2204802, 2734776, 5364876, 12057284, 12197489, 333343493]]}}
adapter_10shot_seed3408 step 20/2000: loss=0.7687
adapter_10shot_seed3408 step 40/2000: loss=0.6902
adapter_10shot_seed3408 step 60/2000: loss=0.1682
adapter_10shot_seed3408 step 80/2000: loss=1.2767
adapter_10shot_seed3408 step 100/2000: loss=0.9227
adapter_10shot_seed3408 step 120/2000: loss=0.3773
adapter_10shot_seed3408 step 140/2000: loss=0.3887
adapter_10shot_seed3408 step 160/2000: loss=0.0267
adapter_10shot_seed3408 step 180/2000: loss=0.4724
adapter_10shot_seed3408 step 200/2000: loss=0.4601
adapter_10shot_seed3408 step 220/2000: loss=0.7799
adapter_10shot_seed3408 step 240/2000: loss=0.3007
adapter_10shot_seed3408 step 260/2000: loss=0.5177
adapter_10shot_seed3408 step 280/2000: loss=0.2003
adapter_10shot_seed3408 step 300/2000: loss=0.5668
adapter_10shot_seed3408 step 320/2000: loss=0.3579
adapter_10shot_seed3408 step 340/2000: loss=0.1727
adapter_10shot_seed3408 step 360/2000: loss=0.2535
adapter_10shot_seed3408 step 380/2000: loss=0.3636
adapter_10shot_seed3408 step 400/2000: loss=0.1357
adapter_10shot_seed3408 step 420/2000: loss=0.0539
adapter_10shot_seed3408 step 440/2000: loss=0.4278
adapter_10shot_seed3408 step 460/2000: loss=0.3056
adapter_10shot_seed3408 step 480/2000: loss=0.3772
adapter_10shot_seed3408 step 500/2000: loss=0.2967
adapter_10shot_seed3408 step 520/2000: loss=0.2937
adapter_10shot_seed3408 step 540/2000: loss=0.5695
adapter_10shot_seed3408 step 560/2000: loss=0.1066
adapter_10shot_seed3408 step 580/2000: loss=0.2729
adapter_10shot_seed3408 step 600/2000: loss=0.2515
adapter_10shot_seed3408 step 620/2000: loss=0.3612
adapter_10shot_seed3408 step 640/2000: loss=0.3803
adapter_10shot_seed3408 step 660/2000: loss=0.3625
adapter_10shot_seed3408 step 680/2000: loss=0.3414
adapter_10shot_seed3408 step 700/2000: loss=0.3785
adapter_10shot_seed3408 step 720/2000: loss=0.2679
adapter_10shot_seed3408 step 740/2000: loss=0.3048
adapter_10shot_seed3408 step 760/2000: loss=0.2118
adapter_10shot_seed3408 step 780/2000: loss=0.3188
adapter_10shot_seed3408 step 800/2000: loss=0.1679
adapter_10shot_seed3408 step 820/2000: loss=0.3818
adapter_10shot_seed3408 step 840/2000: loss=0.3433
adapter_10shot_seed3408 step 860/2000: loss=0.2463
adapter_10shot_seed3408 step 880/2000: loss=0.2012
adapter_10shot_seed3408 step 900/2000: loss=0.2519
adapter_10shot_seed3408 step 920/2000: loss=0.4051
adapter_10shot_seed3408 step 940/2000: loss=0.2146
adapter_10shot_seed3408 step 960/2000: loss=0.2669
adapter_10shot_seed3408 step 980/2000: loss=0.2826
adapter_10shot_seed3408 step 1000/2000: loss=1.4197
adapter_10shot_seed3408 step 1020/2000: loss=0.1230
adapter_10shot_seed3408 step 1040/2000: loss=0.2894
adapter_10shot_seed3408 step 1060/2000: loss=0.1599
adapter_10shot_seed3408 step 1080/2000: loss=0.3049
adapter_10shot_seed3408 step 1100/2000: loss=0.2703
adapter_10shot_seed3408 step 1120/2000: loss=0.0812
adapter_10shot_seed3408 step 1140/2000: loss=0.1515
adapter_10shot_seed3408 step 1160/2000: loss=0.0197
adapter_10shot_seed3408 step 1180/2000: loss=0.1483
adapter_10shot_seed3408 step 1200/2000: loss=0.3539
adapter_10shot_seed3408 step 1220/2000: loss=0.3225
adapter_10shot_seed3408 step 1240/2000: loss=0.1889
adapter_10shot_seed3408 step 1260/2000: loss=0.1239
adapter_10shot_seed3408 step 1280/2000: loss=0.2701
adapter_10shot_seed3408 step 1300/2000: loss=0.1282
adapter_10shot_seed3408 step 1320/2000: loss=0.3097
adapter_10shot_seed3408 step 1340/2000: loss=0.1446
adapter_10shot_seed3408 step 1360/2000: loss=0.4170
adapter_10shot_seed3408 step 1380/2000: loss=0.2585
adapter_10shot_seed3408 step 1400/2000: loss=0.2968
adapter_10shot_seed3408 step 1420/2000: loss=0.2924
adapter_10shot_seed3408 step 1440/2000: loss=0.4049
adapter_10shot_seed3408 step 1460/2000: loss=0.2377
adapter_10shot_seed3408 step 1480/2000: loss=0.1943
adapter_10shot_seed3408 step 1500/2000: loss=0.1859
adapter_10shot_seed3408 step 1520/2000: loss=0.2499
adapter_10shot_seed3408 step 1540/2000: loss=0.2428
adapter_10shot_seed3408 step 1560/2000: loss=0.1533
adapter_10shot_seed3408 step 1580/2000: loss=0.1874
adapter_10shot_seed3408 step 1600/2000: loss=0.5806
adapter_10shot_seed3408 step 1620/2000: loss=0.0525
adapter_10shot_seed3408 step 1640/2000: loss=0.1685
adapter_10shot_seed3408 step 1660/2000: loss=0.1839
adapter_10shot_seed3408 step 1680/2000: loss=0.3571
adapter_10shot_seed3408 step 1700/2000: loss=0.3513
adapter_10shot_seed3408 step 1720/2000: loss=0.2746
adapter_10shot_seed3408 step 1740/2000: loss=0.3311
adapter_10shot_seed3408 step 1760/2000: loss=0.1387
adapter_10shot_seed3408 step 1780/2000: loss=0.1730
adapter_10shot_seed3408 step 1800/2000: loss=0.1490
adapter_10shot_seed3408 step 1820/2000: loss=0.2617
adapter_10shot_seed3408 step 1840/2000: loss=0.3343
adapter_10shot_seed3408 step 1860/2000: loss=0.1880
adapter_10shot_seed3408 step 1880/2000: loss=0.7576
adapter_10shot_seed3408 step 1900/2000: loss=0.2896
adapter_10shot_seed3408 step 1920/2000: loss=0.1891
adapter_10shot_seed3408 step 1940/2000: loss=0.1050
adapter_10shot_seed3408 step 1960/2000: loss=0.0632
adapter_10shot_seed3408 step 1980/2000: loss=0.2258
adapter_10shot_seed3408 step 2000/2000: loss=0.3255
adapter_10shot_seed3408 evaluation 100/1599
adapter_10shot_seed3408 evaluation 200/1599
adapter_10shot_seed3408 evaluation 300/1599
adapter_10shot_seed3408 evaluation 400/1599
adapter_10shot_seed3408 evaluation 500/1599
adapter_10shot_seed3408 evaluation 600/1599
adapter_10shot_seed3408 evaluation 700/1599
adapter_10shot_seed3408 evaluation 800/1599
adapter_10shot_seed3408 evaluation 900/1599
adapter_10shot_seed3408 evaluation 1000/1599
adapter_10shot_seed3408 evaluation 1100/1599
adapter_10shot_seed3408 evaluation 1200/1599
adapter_10shot_seed3408 evaluation 1300/1599
adapter_10shot_seed3408 evaluation 1400/1599
adapter_10shot_seed3408 evaluation 1500/1599
{"signature": "f481f2ef3e2931fe81ccb768e997cc8f4463a4c83e6518875e38c3b5c33f535d", "mode": "adapter", "shots_per_class": 10, "seed": 3408, "support_images": 70, "evaluation_images": 1599, "metrics": {"mIoU": 0.5557159615741384, "per_class_iou": {"background": 0.531239051997341, "building": 0.6646673310377672, "road": 0.5689778290059899, "water": 0.6793126816750629, "barren": 0.4121320994357557, "forest": 0.4253344428299704, "agriculture": 0.608348295037082}, "pixel_accuracy": 0.7219038774699991, "confusion": [[0, 0, 0, 0, 0, 0, 0, 0], [0, 404341518, 34098562, 23752882, 36083272, 21247918, 36147809, 39930770], [0, 10555437, 102190878, 483762, 207393, 316939, 647921, 1809029], [0, 9542915, 464149, 59538974, 219312, 1959103, 1055379, 1574058], [0, 10317142, 147546, 745030, 158641938, 4313351, 2393724, 11625871], [0, 6118446, 660443, 1155578, 1870782, 45742266, 718479, 11505637], [0, 26799376, 356825, 1580993, 1741567, 2805490, 72886584, 9931383], [0, 102193084, 1808522, 2569858, 5226086, 12574899, 14297465, 334029620]]}}
adapter_10shot_seed3409 step 20/2000: loss=0.8178
adapter_10shot_seed3409 step 40/2000: loss=0.9635
adapter_10shot_seed3409 step 60/2000: loss=0.5012
adapter_10shot_seed3409 step 80/2000: loss=0.9697
adapter_10shot_seed3409 step 100/2000: loss=0.2220
adapter_10shot_seed3409 step 120/2000: loss=0.6292
adapter_10shot_seed3409 step 140/2000: loss=0.1445
adapter_10shot_seed3409 step 160/2000: loss=0.7959
adapter_10shot_seed3409 step 180/2000: loss=0.3821
adapter_10shot_seed3409 step 200/2000: loss=0.4185
adapter_10shot_seed3409 step 220/2000: loss=0.3352
adapter_10shot_seed3409 step 240/2000: loss=0.8864
adapter_10shot_seed3409 step 260/2000: loss=0.7908
adapter_10shot_seed3409 step 280/2000: loss=0.2936
adapter_10shot_seed3409 step 300/2000: loss=1.1924
adapter_10shot_seed3409 step 320/2000: loss=0.6181
adapter_10shot_seed3409 step 340/2000: loss=0.2091
adapter_10shot_seed3409 step 360/2000: loss=0.2271
adapter_10shot_seed3409 step 380/2000: loss=0.1528
adapter_10shot_seed3409 step 400/2000: loss=0.4396
adapter_10shot_seed3409 step 420/2000: loss=0.3125
adapter_10shot_seed3409 step 440/2000: loss=0.3944
adapter_10shot_seed3409 step 460/2000: loss=0.4532
adapter_10shot_seed3409 step 480/2000: loss=0.4435
adapter_10shot_seed3409 step 500/2000: loss=0.4007
adapter_10shot_seed3409 step 520/2000: loss=0.2969
adapter_10shot_seed3409 step 540/2000: loss=0.5111
adapter_10shot_seed3409 step 560/2000: loss=0.3538
adapter_10shot_seed3409 step 580/2000: loss=0.2072
adapter_10shot_seed3409 step 600/2000: loss=0.1474
adapter_10shot_seed3409 step 620/2000: loss=0.2032
adapter_10shot_seed3409 step 640/2000: loss=0.4373
adapter_10shot_seed3409 step 660/2000: loss=0.4155
adapter_10shot_seed3409 step 680/2000: loss=0.1997
adapter_10shot_seed3409 step 700/2000: loss=0.3717
adapter_10shot_seed3409 step 720/2000: loss=0.7003
adapter_10shot_seed3409 step 740/2000: loss=0.3766
adapter_10shot_seed3409 step 760/2000: loss=0.2310
adapter_10shot_seed3409 step 780/2000: loss=0.2401
adapter_10shot_seed3409 step 800/2000: loss=0.3143
adapter_10shot_seed3409 step 820/2000: loss=0.3575
adapter_10shot_seed3409 step 840/2000: loss=0.3171
adapter_10shot_seed3409 step 860/2000: loss=0.3538
adapter_10shot_seed3409 step 880/2000: loss=0.3638
adapter_10shot_seed3409 step 900/2000: loss=0.2183
adapter_10shot_seed3409 step 920/2000: loss=0.3289
adapter_10shot_seed3409 step 940/2000: loss=0.7143
adapter_10shot_seed3409 step 960/2000: loss=0.0992
adapter_10shot_seed3409 step 980/2000: loss=0.7337
adapter_10shot_seed3409 step 1000/2000: loss=0.1843
adapter_10shot_seed3409 step 1020/2000: loss=0.3037
adapter_10shot_seed3409 step 1040/2000: loss=0.2985
adapter_10shot_seed3409 step 1060/2000: loss=0.3015
adapter_10shot_seed3409 step 1080/2000: loss=0.4014
adapter_10shot_seed3409 step 1100/2000: loss=0.4711
adapter_10shot_seed3409 step 1120/2000: loss=0.3808
adapter_10shot_seed3409 step 1140/2000: loss=0.3314
adapter_10shot_seed3409 step 1160/2000: loss=0.0947
adapter_10shot_seed3409 step 1180/2000: loss=0.3367
adapter_10shot_seed3409 step 1200/2000: loss=0.0585
adapter_10shot_seed3409 step 1220/2000: loss=0.1406
adapter_10shot_seed3409 step 1240/2000: loss=0.1309
adapter_10shot_seed3409 step 1260/2000: loss=0.3437
adapter_10shot_seed3409 step 1280/2000: loss=0.2860
adapter_10shot_seed3409 step 1300/2000: loss=0.0989
adapter_10shot_seed3409 step 1320/2000: loss=0.9011
adapter_10shot_seed3409 step 1340/2000: loss=0.3471
adapter_10shot_seed3409 step 1360/2000: loss=0.0722
adapter_10shot_seed3409 step 1380/2000: loss=0.4322
adapter_10shot_seed3409 step 1400/2000: loss=0.3105
adapter_10shot_seed3409 step 1420/2000: loss=0.4264
adapter_10shot_seed3409 step 1440/2000: loss=0.1459
adapter_10shot_seed3409 step 1460/2000: loss=0.2205
adapter_10shot_seed3409 step 1480/2000: loss=0.2058
adapter_10shot_seed3409 step 1500/2000: loss=0.3687
adapter_10shot_seed3409 step 1520/2000: loss=0.3906
adapter_10shot_seed3409 step 1540/2000: loss=0.2855
adapter_10shot_seed3409 step 1560/2000: loss=0.2774
adapter_10shot_seed3409 step 1580/2000: loss=0.2638
adapter_10shot_seed3409 step 1600/2000: loss=0.3776
adapter_10shot_seed3409 step 1620/2000: loss=0.2353
adapter_10shot_seed3409 step 1640/2000: loss=0.1699
adapter_10shot_seed3409 step 1660/2000: loss=0.4693
adapter_10shot_seed3409 step 1680/2000: loss=0.3257
adapter_10shot_seed3409 step 1700/2000: loss=0.4153
adapter_10shot_seed3409 step 1720/2000: loss=0.3116
adapter_10shot_seed3409 step 1740/2000: loss=0.3733
adapter_10shot_seed3409 step 1760/2000: loss=0.1290
adapter_10shot_seed3409 step 1780/2000: loss=0.3504
adapter_10shot_seed3409 step 1800/2000: loss=0.2995
adapter_10shot_seed3409 step 1820/2000: loss=0.2743
adapter_10shot_seed3409 step 1840/2000: loss=0.2378
adapter_10shot_seed3409 step 1860/2000: loss=0.3567
adapter_10shot_seed3409 step 1880/2000: loss=0.3469
adapter_10shot_seed3409 step 1900/2000: loss=0.3730
adapter_10shot_seed3409 step 1920/2000: loss=0.2245
adapter_10shot_seed3409 step 1940/2000: loss=0.2183
adapter_10shot_seed3409 step 1960/2000: loss=0.1575
adapter_10shot_seed3409 step 1980/2000: loss=0.1800
adapter_10shot_seed3409 step 2000/2000: loss=0.2132
adapter_10shot_seed3409 evaluation 100/1599
adapter_10shot_seed3409 evaluation 200/1599
adapter_10shot_seed3409 evaluation 300/1599
adapter_10shot_seed3409 evaluation 400/1599
adapter_10shot_seed3409 evaluation 500/1599
adapter_10shot_seed3409 evaluation 600/1599
adapter_10shot_seed3409 evaluation 700/1599
adapter_10shot_seed3409 evaluation 800/1599
adapter_10shot_seed3409 evaluation 900/1599
adapter_10shot_seed3409 evaluation 1000/1599
adapter_10shot_seed3409 evaluation 1100/1599
adapter_10shot_seed3409 evaluation 1200/1599
adapter_10shot_seed3409 evaluation 1300/1599
adapter_10shot_seed3409 evaluation 1400/1599
adapter_10shot_seed3409 evaluation 1500/1599
{"signature": "82e00985cae4656b632cbb01fbae611d443f1d43de7e81d76a5410b1afb7cee1", "mode": "adapter", "shots_per_class": 10, "seed": 3409, "support_images": 70, "evaluation_images": 1599, "metrics": {"mIoU": 0.5505400584692217, "per_class_iou": {"background": 0.5192107114536256, "building": 0.6609373146612174, "road": 0.559710169451846, "water": 0.6785104332076636, "barren": 0.4166232398889387, "forest": 0.4170075793914052, "agriculture": 0.6017809612298551}, "pixel_accuracy": 0.7159879081329115, "confusion": [[0, 0, 0, 0, 0, 0, 0, 0], [0, 393912997, 35986178, 25436970, 37010601, 20287967, 40652301, 42315717], [0, 9743747, 103004676, 544276, 202845, 334364, 569810, 1811641], [0, 9215766, 524536, 59722621, 251903, 1812432, 1246685, 1579947], [0, 9838420, 163848, 735457, 159401287, 3940371, 1841534, 12263685], [0, 5558999, 760469, 1400973, 2029655, 45853063, 755319, 11413153], [0, 25256636, 434105, 1482702, 1921694, 2826080, 72709899, 11471102], [0, 103460262, 1765867, 2748494, 5326977, 13085977, 13193230, 333118727]]}}
