class weights: [1.0, 0.699999988079071, 0.699999988079071, 0.8786770105361938, 1.058556079864502, 1.9161169528961182, 0.699999988079071, 1.0, 2.946561813354492]
Loads checkpoint by local backend from path: /root/hyperseg/models/swin_l/swin_large_patch4_window12_384_22k_20220412-6580f57d.pth
Swin pretrained missing=['norm0.weight', 'norm0.bias', 'norm1.weight', 'norm1.bias', 'norm2.weight', 'norm2.bias', 'norm3.weight', 'norm3.bias'], unexpected=['norm.weight', 'norm.bias', 'stages.0.blocks.1.attn_mask', 'stages.1.blocks.1.attn_mask', 'stages.2.blocks.1.attn_mask', 'stages.2.blocks.3.attn_mask', 'stages.2.blocks.5.attn_mask', 'stages.2.blocks.7.attn_mask', 'stages.2.blocks.9.attn_mask', 'stages.2.blocks.11.attn_mask', 'stages.2.blocks.13.attn_mask', 'stages.2.blocks.15.attn_mask', 'stages.2.blocks.17.attn_mask']
{"preset": "loss", "data_root": "/root/hyperseg/dataset/low_altitude_2026", "image_dir": "/root/hyperseg/dataset/low_altitude_2026/train/images", "mask_dir": "/root/hyperseg/dataset/low_altitude_2026/train/masks", "split_dir": "/root/hyperseg/runs/splits", "work_dir": "/root/hyperseg/runs/mask2former_uav/h3_bgfix_loss01_20k_seed3407", "class_counts": "/root/hyperseg/experiment/h3_bgfix_20260930/configs/train_class_pixel_counts.json", "backbone_checkpoint": "/root/hyperseg/models/swin_l/swin_large_patch4_window12_384_22k_20220412-6580f57d.pth", "no_pretrained": false, "size": 512, "batch_size": 2, "accumulative_counts": 1, "max_iters": 20000, "val_interval": 1000, "val_size": 0, "val_max_images": 0, "num_workers": 4, "lr": 0.0001, "backbone_lr_multiplier": 0.1, "seed": 3407, "with_checkpointing": true, "resume": null, "drop_optimizer_state": true, "eval_checkpoint": null, "eval_split": "test", "aug_mode": "legacy", "false_bg_weight": 0.1, "class_weight_mode": "mild", "class_weight_floor": 0.7, "class_weight_cap": 3.0, "loss_rare_classes": [5, 7, 8], "crop_rare_classes": [3, 4, 5, 7, 8], "proxy_weight": 0.0, "proxy_scales": [0.5, 0.625, 0.75], "proxy_max_images": 200, "proxy_every": 2, "scale_min": 0.4, "scale_max": 1.5, "gsd_prob": 0.5, "gsd_min": 0.5, "gsd_max": 1.0, "photo_prob": 0.8, "scene_crop_prob": 0.5, "model_config": {"classes": 9, "target_widths": [64, 128, 320, 512], "context_dim": 128, "adapter_rank": 8, "adapter_scale": 0.1, "pretrained_checkpoint": "/root/hyperseg/models/swin_l/swin_large_patch4_window12_384_22k_20220412-6580f57d.pth", "with_cp": true}, "train_samples": 5598, "val_samples": 699, "proxy_val_samples": {}, "class_weight_payload": {"split": "runs/splits/train.txt", "num_masks": 5598, "total_pixels": 5869928448, "class_pixel_counts": {"0": 78249047, "1": 1630572192, "2": 1058717718, "3": 521268916, "4": 359163838, "5": 109616604, "6": 1663528098, "7": 402457818, "8": 46354217}, "class_frequency": {"0": 0.01333049417777162, "1": 0.2777839979558129, "2": 0.18036296819950606, "3": 0.08880328280280939, "4": 0.06118708961816633, "5": 0.018674265788937945, "6": 0.28339836042921385, "7": 0.06856264459869614, "8": 0.00789689642908574}, "class_names": {"0": "Ignore", "1": "Background", "2": "Building", "3": "Road", "4": "Water", "5": "Barren", "6": "Vegetation", "7": "Agricultural", "8": "Vehicle"}, "mode": "mild", "resolved_weights": [1.0, 0.699999988079071, 0.699999988079071, 0.8786770105361938, 1.058556079864502, 1.9161169528961182, 0.699999988079071, 1.0, 2.946561813354492]}, "param_counts": {"total": 197065410, "backbone": 195201204}}
/root/miniconda3/lib/python3.12/site-packages/torch/utils/checkpoint.py:464: UserWarning: torch.utils.checkpoint: the use_reentrant parameter should be passed explicitly. In version 2.4 we will raise an exception if use_reentrant is not passed. use_reentrant=False is recommended, but if you need to preserve the current default behavior, you can pass use_reentrant=True. Refer to docs for more details on the differences between the two variants.
  warnings.warn(
iter 1/20000: loss=1.13379 false_bg=0.1416 grad_norm=3.1524 sec_per_update=2.153 peak_gpu_gb=3.97
iter 50/20000: loss=1.19965 false_bg=0.1570 grad_norm=3.3853 sec_per_update=0.231 peak_gpu_gb=4.01
iter 100/20000: loss=0.84102 false_bg=0.1169 grad_norm=2.1842 sec_per_update=0.212 peak_gpu_gb=4.01
iter 150/20000: loss=0.84578 false_bg=0.1390 grad_norm=3.8312 sec_per_update=0.205 peak_gpu_gb=4.01
iter 200/20000: loss=0.93550 false_bg=0.1664 grad_norm=3.7430 sec_per_update=0.202 peak_gpu_gb=4.01
iter 250/20000: loss=1.01243 false_bg=0.1174 grad_norm=5.7868 sec_per_update=0.201 peak_gpu_gb=4.01
iter 300/20000: loss=0.47162 false_bg=0.1595 grad_norm=4.0614 sec_per_update=0.199 peak_gpu_gb=4.01
iter 350/20000: loss=0.64089 false_bg=0.1785 grad_norm=3.2419 sec_per_update=0.199 peak_gpu_gb=4.01
iter 400/20000: loss=0.64524 false_bg=0.2174 grad_norm=3.8892 sec_per_update=0.198 peak_gpu_gb=4.01
iter 450/20000: loss=0.43530 false_bg=0.1911 grad_norm=1.8236 sec_per_update=0.198 peak_gpu_gb=4.01
iter 500/20000: loss=0.39454 false_bg=0.1146 grad_norm=3.1055 sec_per_update=0.197 peak_gpu_gb=4.01
iter 550/20000: loss=0.36669 false_bg=0.1095 grad_norm=3.0550 sec_per_update=0.197 peak_gpu_gb=4.01
iter 600/20000: loss=0.36768 false_bg=0.0925 grad_norm=2.0960 sec_per_update=0.197 peak_gpu_gb=4.01
iter 650/20000: loss=0.43008 false_bg=0.2372 grad_norm=5.0388 sec_per_update=0.196 peak_gpu_gb=4.01
iter 700/20000: loss=0.44092 false_bg=0.1789 grad_norm=2.7018 sec_per_update=0.196 peak_gpu_gb=4.01
iter 750/20000: loss=0.38933 false_bg=0.0823 grad_norm=2.4648 sec_per_update=0.196 peak_gpu_gb=4.01
iter 800/20000: loss=0.71759 false_bg=0.1608 grad_norm=3.4438 sec_per_update=0.196 peak_gpu_gb=4.01
iter 850/20000: loss=0.55024 false_bg=0.2135 grad_norm=2.6123 sec_per_update=0.196 peak_gpu_gb=4.01
iter 900/20000: loss=0.46643 false_bg=0.1574 grad_norm=1.6280 sec_per_update=0.197 peak_gpu_gb=4.01
iter 950/20000: loss=0.51697 false_bg=0.0952 grad_norm=3.4695 sec_per_update=0.208 peak_gpu_gb=4.01
iter 1000/20000: loss=0.42166 false_bg=0.1591 grad_norm=1.8845 sec_per_update=0.221 peak_gpu_gb=4.01
{"iter": 1000, "val": {"mIoU": 0.5869166730947688, "per_class_iou": {"1": 0.4268477635023319, "2": 0.7375762564821774, "3": 0.5842583897345931, "4": 0.6881040259363346, "5": 0.2689717218040801, "6": 0.8122834830895445, "7": 0.6673457108905294, "8": 0.5099460333185598}, "classes_in_mean": [1, 2, 3, 4, 5, 6, 7, 8], "background_false_positive_rate": 0.0602129496364653, "background_false_negative_rate": 0.5047188977551226, "confusion": [[0, 0, 0, 0, 0, 0, 0, 0, 0], [0, 97466957, 26063884, 24061261, 7563265, 10357600, 18977041, 9989361, 2311820], [0, 8909325, 119792272, 1422780, 945653, 541864, 979345, 204048, 342929], [0, 4587442, 813357, 52351939, 1364286, 249966, 868769, 642699, 1012157], [0, 925990, 6815, 279450, 36529108, 402291, 618574, 1228640, 6607], [0, 1111396, 43844, 136027, 184380, 6631451, 118610, 564209, 51], [0, 11701897, 2152774, 1735229, 2294433, 1659474, 195718300, 2436374, 292804], [0, 4238281, 9940, 9021, 734642, 2653663, 1352271, 48275403, 870], [0, 75742, 184576, 69703, 2473, 0, 42375, 0, 4518360]]}, "selection_score": 0.5869166730947688}
iter 1050/20000: loss=0.52137 false_bg=0.1662 grad_norm=3.5141 sec_per_update=0.345 peak_gpu_gb=4.32
iter 1100/20000: loss=0.64871 false_bg=0.1703 grad_norm=5.0534 sec_per_update=0.349 peak_gpu_gb=4.32
iter 1150/20000: loss=0.24595 false_bg=0.0815 grad_norm=4.0427 sec_per_update=0.352 peak_gpu_gb=4.32
iter 1200/20000: loss=0.42058 false_bg=0.1251 grad_norm=8.6564 sec_per_update=0.355 peak_gpu_gb=4.32
iter 1250/20000: loss=0.37190 false_bg=0.1212 grad_norm=3.5225 sec_per_update=0.357 peak_gpu_gb=4.32
iter 1300/20000: loss=0.63141 false_bg=0.1576 grad_norm=4.3055 sec_per_update=0.357 peak_gpu_gb=4.32
iter 1350/20000: loss=0.61923 false_bg=0.1477 grad_norm=5.1759 sec_per_update=0.361 peak_gpu_gb=4.32
iter 1400/20000: loss=0.83331 false_bg=0.3186 grad_norm=4.6734 sec_per_update=0.364 peak_gpu_gb=4.32
iter 1450/20000: loss=0.54793 false_bg=0.0595 grad_norm=6.9148 sec_per_update=0.367 peak_gpu_gb=4.32
iter 1500/20000: loss=0.30066 false_bg=0.1511 grad_norm=2.0651 sec_per_update=0.370 peak_gpu_gb=4.32
iter 1550/20000: loss=0.60082 false_bg=0.1477 grad_norm=6.4447 sec_per_update=0.371 peak_gpu_gb=4.32
iter 1600/20000: loss=0.64687 false_bg=0.2303 grad_norm=4.2658 sec_per_update=0.372 peak_gpu_gb=4.32
iter 1650/20000: loss=0.35215 false_bg=0.1733 grad_norm=2.8340 sec_per_update=0.373 peak_gpu_gb=4.32
iter 1700/20000: loss=0.29014 false_bg=0.2043 grad_norm=1.0307 sec_per_update=0.375 peak_gpu_gb=4.32
iter 1750/20000: loss=0.29262 false_bg=0.1725 grad_norm=1.2757 sec_per_update=0.376 peak_gpu_gb=4.32
iter 1800/20000: loss=0.60018 false_bg=0.1479 grad_norm=9.3994 sec_per_update=0.377 peak_gpu_gb=4.32
iter 1850/20000: loss=0.21144 false_bg=0.1424 grad_norm=1.1951 sec_per_update=0.379 peak_gpu_gb=4.32
iter 1900/20000: loss=0.44255 false_bg=0.1781 grad_norm=2.3795 sec_per_update=0.377 peak_gpu_gb=4.32
iter 1950/20000: loss=0.35449 false_bg=0.1675 grad_norm=8.0562 sec_per_update=0.379 peak_gpu_gb=4.32
iter 2000/20000: loss=0.59075 false_bg=0.1593 grad_norm=2.4564 sec_per_update=0.381 peak_gpu_gb=4.32
{"iter": 2000, "val": {"mIoU": 0.6020344314563802, "per_class_iou": {"1": 0.4206899883926135, "2": 0.7638538701987323, "3": 0.6031484119400033, "4": 0.7777083548536636, "5": 0.3120743492135587, "6": 0.8179258355068209, "7": 0.650720600279722, "8": 0.47015404126592775}, "classes_in_mean": [1, 2, 3, 4, 5, 6, 7, 8], "background_false_positive_rate": 0.03229682505446983, "background_false_negative_rate": 0.5431334885628442, "confusion": [[0, 0, 0, 0, 0, 0, 0, 0, 0], [0, 89907304, 23990555, 26133484, 3377490, 9873216, 24739241, 15752526, 3017373], [0, 6558195, 121935686, 943324, 479252, 684293, 1302240, 324177, 911049], [0, 3251030, 557981, 54953271, 20744, 138576, 1167386, 910955, 890672], [0, 491255, 9583, 638427, 35626350, 430074, 580407, 2206986, 14393], [0, 399052, 39877, 85100, 54932, 6956087, 103650, 1150211, 1059], [0, 4835328, 1801149, 1324313, 1544589, 1378339, 201676226, 5181119, 250222], [0, 1366181, 33047, 34536, 334526, 995373, 629443, 53879708, 1277], [0, 21684, 61808, 60896, 388, 0, 56657, 0, 4691796]]}, "selection_score": 0.6020344314563802}
iter 2050/20000: loss=0.44010 false_bg=0.2033 grad_norm=3.3188 sec_per_update=0.440 peak_gpu_gb=4.32
iter 2100/20000: loss=0.38941 false_bg=0.1651 grad_norm=4.4491 sec_per_update=0.440 peak_gpu_gb=4.32
iter 2150/20000: loss=0.17577 false_bg=0.1811 grad_norm=1.7720 sec_per_update=0.439 peak_gpu_gb=4.32
iter 2200/20000: loss=0.16500 false_bg=0.0954 grad_norm=2.2137 sec_per_update=0.439 peak_gpu_gb=4.32
iter 2250/20000: loss=0.29796 false_bg=0.1770 grad_norm=2.5178 sec_per_update=0.437 peak_gpu_gb=4.32
iter 2300/20000: loss=0.14471 false_bg=0.1358 grad_norm=1.8275 sec_per_update=0.436 peak_gpu_gb=4.32
iter 2350/20000: loss=0.19556 false_bg=0.1474 grad_norm=6.5243 sec_per_update=0.437 peak_gpu_gb=4.32
iter 2400/20000: loss=0.37987 false_bg=0.1435 grad_norm=2.8659 sec_per_update=0.437 peak_gpu_gb=4.32
iter 2450/20000: loss=0.27916 false_bg=0.1111 grad_norm=1.2527 sec_per_update=0.438 peak_gpu_gb=4.32
iter 2500/20000: loss=0.17087 false_bg=0.1613 grad_norm=3.9810 sec_per_update=0.438 peak_gpu_gb=4.32
iter 2550/20000: loss=0.42722 false_bg=0.1649 grad_norm=4.9520 sec_per_update=0.437 peak_gpu_gb=4.32
iter 2600/20000: loss=0.82277 false_bg=0.1446 grad_norm=4.8491 sec_per_update=0.436 peak_gpu_gb=4.32
iter 2650/20000: loss=0.53031 false_bg=0.1872 grad_norm=5.2782 sec_per_update=0.436 peak_gpu_gb=4.32
iter 2700/20000: loss=0.26560 false_bg=0.1750 grad_norm=4.8792 sec_per_update=0.435 peak_gpu_gb=4.32
iter 2750/20000: loss=0.48314 false_bg=0.1529 grad_norm=5.4497 sec_per_update=0.435 peak_gpu_gb=4.32
iter 2800/20000: loss=0.44391 false_bg=0.1952 grad_norm=6.8651 sec_per_update=0.435 peak_gpu_gb=4.32
iter 2850/20000: loss=0.50377 false_bg=0.1891 grad_norm=11.1285 sec_per_update=0.435 peak_gpu_gb=4.32
iter 2900/20000: loss=0.07933 false_bg=0.1071 grad_norm=0.8593 sec_per_update=0.431 peak_gpu_gb=4.32
iter 2950/20000: loss=0.18439 false_bg=0.1659 grad_norm=0.8174 sec_per_update=0.427 peak_gpu_gb=4.32
iter 3000/20000: loss=0.19152 false_bg=0.1770 grad_norm=4.6375 sec_per_update=0.424 peak_gpu_gb=4.32
{"iter": 3000, "val": {"mIoU": 0.6420426265609985, "per_class_iou": {"1": 0.48417067301990957, "2": 0.7777556576896688, "3": 0.6423916111501081, "4": 0.7714673895271723, "5": 0.34284097598853674, "6": 0.8151101263623136, "7": 0.654868281973403, "8": 0.6477362967768765}, "classes_in_mean": [1, 2, 3, 4, 5, 6, 7, 8], "background_false_positive_rate": 0.048085515183639176, "background_false_negative_rate": 0.4538399074360997, "confusion": [[0, 0, 0, 0, 0, 0, 0, 0, 0], [0, 107479494, 20130185, 20103421, 3958311, 6091120, 22927739, 14817429, 1283490], [0, 9334268, 121167348, 464203, 471057, 455311, 870906, 249080, 126043], [0, 4671782, 587105, 54095901, 91145, 64624, 1024847, 809377, 545834], [0, 553861, 7158, 392189, 36567994, 210473, 367372, 1895765, 2663], [0, 1375314, 11492, 59022, 107340, 5909313, 64023, 1263464, 0], [0, 7240238, 1775606, 1186973, 2291148, 898926, 198500194, 5951744, 146456], [0, 1929633, 21694, 24965, 483966, 725887, 217859, 53870087, 0], [0, 90506, 119565, 88773, 128, 0, 61583, 0, 4532674]]}, "selection_score": 0.6420426265609985}
iter 3050/20000: loss=0.54013 false_bg=0.2086 grad_norm=4.5843 sec_per_update=0.439 peak_gpu_gb=4.32
iter 3100/20000: loss=0.15506 false_bg=0.0661 grad_norm=2.6113 sec_per_update=0.435 peak_gpu_gb=4.32
iter 3150/20000: loss=0.32897 false_bg=0.2263 grad_norm=4.5694 sec_per_update=0.431 peak_gpu_gb=4.32
iter 3200/20000: loss=0.37930 false_bg=0.2083 grad_norm=47.5600 sec_per_update=0.428 peak_gpu_gb=4.32
iter 3250/20000: loss=0.16837 false_bg=0.0498 grad_norm=1.0087 sec_per_update=0.424 peak_gpu_gb=4.32
iter 3300/20000: loss=0.13913 false_bg=0.0954 grad_norm=1.0038 sec_per_update=0.421 peak_gpu_gb=4.32
iter 3350/20000: loss=0.17404 false_bg=0.1081 grad_norm=1.0348 sec_per_update=0.417 peak_gpu_gb=4.32
iter 3400/20000: loss=0.49279 false_bg=0.1981 grad_norm=6.0864 sec_per_update=0.414 peak_gpu_gb=4.32
iter 3450/20000: loss=0.61864 false_bg=0.2679 grad_norm=3.9563 sec_per_update=0.411 peak_gpu_gb=4.32
iter 3500/20000: loss=0.19598 false_bg=0.0623 grad_norm=2.4369 sec_per_update=0.408 peak_gpu_gb=4.32
iter 3550/20000: loss=0.32047 false_bg=0.1142 grad_norm=4.6678 sec_per_update=0.405 peak_gpu_gb=4.32
iter 3600/20000: loss=0.17887 false_bg=0.0796 grad_norm=1.5303 sec_per_update=0.402 peak_gpu_gb=4.32
iter 3650/20000: loss=0.58878 false_bg=0.1838 grad_norm=86.4199 sec_per_update=0.399 peak_gpu_gb=4.32
iter 3700/20000: loss=0.16186 false_bg=0.1279 grad_norm=0.6634 sec_per_update=0.396 peak_gpu_gb=4.32
iter 3750/20000: loss=0.29008 false_bg=0.1100 grad_norm=8.0111 sec_per_update=0.394 peak_gpu_gb=4.32
iter 3800/20000: loss=0.11998 false_bg=0.0969 grad_norm=1.8814 sec_per_update=0.391 peak_gpu_gb=4.32
iter 3850/20000: loss=0.50749 false_bg=0.2098 grad_norm=2.8025 sec_per_update=0.388 peak_gpu_gb=4.32
iter 3900/20000: loss=0.23663 false_bg=0.1533 grad_norm=3.7699 sec_per_update=0.386 peak_gpu_gb=4.32
iter 3950/20000: loss=0.21415 false_bg=0.2000 grad_norm=2.1308 sec_per_update=0.383 peak_gpu_gb=4.32
iter 4000/20000: loss=0.27747 false_bg=0.1821 grad_norm=2.1424 sec_per_update=0.381 peak_gpu_gb=4.32
{"iter": 4000, "val": {"mIoU": 0.6430056412847222, "per_class_iou": {"1": 0.5287448917439463, "2": 0.7927561986956811, "3": 0.6667120283414435, "4": 0.7958204196169987, "5": 0.3563026978415274, "6": 0.8285693282901437, "7": 0.6874988511739423, "8": 0.48764071457409397}, "classes_in_mean": [1, 2, 3, 4, 5, 6, 7, 8], "background_false_positive_rate": 0.05215677715724994, "background_false_negative_rate": 0.3978270998708179, "confusion": [[0, 0, 0, 0, 0, 0, 0, 0, 0], [0, 118502321, 16970992, 14062119, 3331545, 6627551, 22319308, 12312319, 2665034], [0, 9369252, 120706286, 424833, 491181, 476539, 947712, 155919, 566494], [0, 6445179, 365737, 51907357, 32529, 47458, 1082980, 767032, 1242343], [0, 750790, 5572, 498966, 35978274, 378840, 742007, 1620155, 22871], [0, 1281553, 13746, 29370, 24488, 6434164, 401822, 604825, 0], [0, 7314131, 1648697, 933122, 902177, 460819, 202166383, 4192013, 373943], [0, 2118417, 86454, 2769, 429641, 1276965, 473065, 52886780, 0], [0, 49519, 32134, 13944, 0, 0, 36350, 0, 4761282]]}, "selection_score": 0.6430056412847222}
iter 4050/20000: loss=0.21455 false_bg=0.1335 grad_norm=2.9552 sec_per_update=0.393 peak_gpu_gb=4.32
iter 4100/20000: loss=0.39723 false_bg=0.1419 grad_norm=2.3557 sec_per_update=0.391 peak_gpu_gb=4.32
iter 4150/20000: loss=0.28887 false_bg=0.1241 grad_norm=6.0255 sec_per_update=0.389 peak_gpu_gb=4.32
iter 4200/20000: loss=0.32541 false_bg=0.1153 grad_norm=7.4700 sec_per_update=0.386 peak_gpu_gb=4.32
iter 4250/20000: loss=0.40174 false_bg=0.1769 grad_norm=10.0724 sec_per_update=0.384 peak_gpu_gb=4.32
iter 4300/20000: loss=0.26833 false_bg=0.1835 grad_norm=3.5812 sec_per_update=0.382 peak_gpu_gb=4.32
iter 4350/20000: loss=0.63271 false_bg=0.2442 grad_norm=7.3902 sec_per_update=0.380 peak_gpu_gb=4.32
iter 4400/20000: loss=0.07256 false_bg=0.0864 grad_norm=0.4436 sec_per_update=0.378 peak_gpu_gb=4.32
iter 4450/20000: loss=0.19518 false_bg=0.1168 grad_norm=0.9456 sec_per_update=0.376 peak_gpu_gb=4.32
iter 4500/20000: loss=0.50502 false_bg=0.2053 grad_norm=4.4020 sec_per_update=0.374 peak_gpu_gb=4.32
iter 4550/20000: loss=0.50531 false_bg=0.2818 grad_norm=4.3233 sec_per_update=0.372 peak_gpu_gb=4.32
iter 4600/20000: loss=0.45357 false_bg=0.2025 grad_norm=3.5376 sec_per_update=0.370 peak_gpu_gb=4.32
iter 4650/20000: loss=0.22408 false_bg=0.1765 grad_norm=3.3581 sec_per_update=0.368 peak_gpu_gb=4.32
iter 4700/20000: loss=0.48339 false_bg=0.0074 grad_norm=2.6373 sec_per_update=0.366 peak_gpu_gb=4.32
iter 4750/20000: loss=0.51493 false_bg=0.1885 grad_norm=13.0080 sec_per_update=0.364 peak_gpu_gb=4.32
iter 4800/20000: loss=0.23765 false_bg=0.2269 grad_norm=4.4150 sec_per_update=0.362 peak_gpu_gb=4.32
iter 4850/20000: loss=0.45707 false_bg=0.2729 grad_norm=9.0074 sec_per_update=0.361 peak_gpu_gb=4.32
iter 4900/20000: loss=0.23244 false_bg=0.1708 grad_norm=1.8836 sec_per_update=0.359 peak_gpu_gb=4.32
iter 4950/20000: loss=0.21467 false_bg=0.1410 grad_norm=1.3168 sec_per_update=0.357 peak_gpu_gb=4.32
iter 5000/20000: loss=0.25959 false_bg=0.2127 grad_norm=2.2805 sec_per_update=0.356 peak_gpu_gb=4.32
{"iter": 5000, "val": {"mIoU": 0.6451580304964875, "per_class_iou": {"1": 0.4842821801603508, "2": 0.7966362091927457, "3": 0.6289608775224178, "4": 0.7910245248295998, "5": 0.343331888498602, "6": 0.836128226939087, "7": 0.6774987957262126, "8": 0.6034015411028842}, "classes_in_mean": [1, 2, 3, 4, 5, 6, 7, 8], "background_false_positive_rate": 0.03480463802922124, "background_false_negative_rate": 0.4708391034722596, "confusion": [[0, 0, 0, 0, 0, 0, 0, 0, 0], [0, 104134202, 18635317, 24102894, 3616647, 8492734, 20289307, 15816044, 1704044], [0, 6947118, 122987013, 765824, 483896, 567298, 772606, 400271, 214190], [0, 2967936, 611731, 56206780, 30662, 92947, 577092, 748899, 654568], [0, 458796, 4740, 202686, 36537846, 209010, 406123, 2177090, 1184], [0, 532346, 12541, 50186, 95675, 6663856, 196270, 1239094, 0], [0, 6353535, 1900991, 2249197, 1598945, 890542, 201588018, 3165003, 245054], [0, 922827, 9830, 24722, 366893, 366872, 827161, 54755786, 0], [0, 54198, 69540, 78385, 342, 0, 37169, 0, 4653595]]}, "selection_score": 0.6451580304964875}
iter 5050/20000: loss=0.35054 false_bg=0.1078 grad_norm=3.6535 sec_per_update=0.366 peak_gpu_gb=4.32
iter 5100/20000: loss=0.61808 false_bg=0.1637 grad_norm=8.3762 sec_per_update=0.364 peak_gpu_gb=4.32
iter 5150/20000: loss=0.29309 false_bg=0.2280 grad_norm=3.1528 sec_per_update=0.362 peak_gpu_gb=4.32
iter 5200/20000: loss=0.23964 false_bg=0.1592 grad_norm=13.5975 sec_per_update=0.361 peak_gpu_gb=4.32
iter 5250/20000: loss=0.30645 false_bg=0.0729 grad_norm=2.7625 sec_per_update=0.359 peak_gpu_gb=4.32
iter 5300/20000: loss=0.31568 false_bg=0.1339 grad_norm=14.5204 sec_per_update=0.358 peak_gpu_gb=4.32
iter 5350/20000: loss=0.61284 false_bg=0.1176 grad_norm=5.4735 sec_per_update=0.356 peak_gpu_gb=4.32
iter 5400/20000: loss=0.14681 false_bg=0.1632 grad_norm=0.9475 sec_per_update=0.355 peak_gpu_gb=4.32
iter 5450/20000: loss=0.38934 false_bg=0.1097 grad_norm=2.7157 sec_per_update=0.353 peak_gpu_gb=4.32
iter 5500/20000: loss=0.24582 false_bg=0.1216 grad_norm=2.2342 sec_per_update=0.352 peak_gpu_gb=4.32
iter 5550/20000: loss=0.31706 false_bg=0.1113 grad_norm=5.5264 sec_per_update=0.350 peak_gpu_gb=4.32
iter 5600/20000: loss=0.43915 false_bg=0.0820 grad_norm=7.8667 sec_per_update=0.349 peak_gpu_gb=4.32
iter 5650/20000: loss=0.14887 false_bg=0.1293 grad_norm=1.4474 sec_per_update=0.347 peak_gpu_gb=4.32
iter 5700/20000: loss=0.33699 false_bg=0.0677 grad_norm=4.0012 sec_per_update=0.346 peak_gpu_gb=4.32
iter 5750/20000: loss=0.46461 false_bg=0.2161 grad_norm=11.7384 sec_per_update=0.345 peak_gpu_gb=4.32
iter 5800/20000: loss=0.34004 false_bg=0.1565 grad_norm=8.5121 sec_per_update=0.343 peak_gpu_gb=4.32
iter 5850/20000: loss=0.61926 false_bg=0.1062 grad_norm=5.0908 sec_per_update=0.342 peak_gpu_gb=4.32
iter 5900/20000: loss=0.27637 false_bg=0.0862 grad_norm=1.6444 sec_per_update=0.341 peak_gpu_gb=4.32
iter 5950/20000: loss=0.18735 false_bg=0.0963 grad_norm=1.9145 sec_per_update=0.340 peak_gpu_gb=4.32
iter 6000/20000: loss=0.30703 false_bg=0.2097 grad_norm=2.4721 sec_per_update=0.338 peak_gpu_gb=4.32
{"iter": 6000, "val": {"mIoU": 0.6702622469803665, "per_class_iou": {"1": 0.5513191015972636, "2": 0.8026326332360024, "3": 0.6947727674820674, "4": 0.799586821891613, "5": 0.35394610113889424, "6": 0.8385715257954963, "7": 0.6937269544474817, "8": 0.6275420702541136}, "classes_in_mean": [1, 2, 3, 4, 5, 6, 7, 8], "background_false_positive_rate": 0.05476864473878718, "background_false_negative_rate": 0.3682838971006979, "confusion": [[0, 0, 0, 0, 0, 0, 0, 0, 0], [0, 124316163, 15771467, 10937049, 3925013, 8210717, 19294758, 12873710, 1462312], [0, 8939831, 121147278, 260822, 515161, 502228, 1083294, 441635, 247967], [0, 7436245, 357105, 51408625, 75516, 118027, 1125607, 682230, 687260], [0, 493314, 2889, 71028, 37199400, 302697, 386651, 1540069, 1427], [0, 804375, 8736, 25355, 91399, 6950046, 193387, 716670, 0], [0, 8639370, 1616482, 750121, 1378659, 921754, 202210326, 2299675, 174898], [0, 2306599, 9223, 14032, 540055, 790497, 1009702, 52603983, 0], [0, 77660, 33276, 44415, 0, 0, 51963, 0, 4685915]]}, "selection_score": 0.6702622469803665}
iter 6050/20000: loss=0.26297 false_bg=0.0934 grad_norm=3.0227 sec_per_update=0.347 peak_gpu_gb=4.32
iter 6100/20000: loss=0.29181 false_bg=0.1099 grad_norm=2.7551 sec_per_update=0.346 peak_gpu_gb=4.32
iter 6150/20000: loss=0.31405 false_bg=0.1591 grad_norm=1.2045 sec_per_update=0.345 peak_gpu_gb=4.32
iter 6200/20000: loss=0.33689 false_bg=0.1778 grad_norm=2.2359 sec_per_update=0.343 peak_gpu_gb=4.32
iter 6250/20000: loss=0.19246 false_bg=0.1322 grad_norm=1.3248 sec_per_update=0.342 peak_gpu_gb=4.32
iter 6300/20000: loss=0.41763 false_bg=0.1019 grad_norm=3.2977 sec_per_update=0.341 peak_gpu_gb=4.32
iter 6350/20000: loss=0.19731 false_bg=0.1437 grad_norm=3.4132 sec_per_update=0.340 peak_gpu_gb=4.32
iter 6400/20000: loss=0.41641 false_bg=0.1656 grad_norm=1.4436 sec_per_update=0.339 peak_gpu_gb=4.32
iter 6450/20000: loss=0.33946 false_bg=0.1887 grad_norm=3.8665 sec_per_update=0.338 peak_gpu_gb=4.32
iter 6500/20000: loss=0.25154 false_bg=0.0998 grad_norm=1.9615 sec_per_update=0.336 peak_gpu_gb=4.32
iter 6550/20000: loss=0.36844 false_bg=0.1874 grad_norm=2.3804 sec_per_update=0.335 peak_gpu_gb=4.32
iter 6600/20000: loss=0.30270 false_bg=0.1319 grad_norm=4.8827 sec_per_update=0.334 peak_gpu_gb=4.32
iter 6650/20000: loss=0.17152 false_bg=0.1169 grad_norm=1.4109 sec_per_update=0.333 peak_gpu_gb=4.32
iter 6700/20000: loss=0.23480 false_bg=0.2075 grad_norm=2.7157 sec_per_update=0.332 peak_gpu_gb=4.32
iter 6750/20000: loss=0.26671 false_bg=0.0271 grad_norm=1.9336 sec_per_update=0.331 peak_gpu_gb=4.32
iter 6800/20000: loss=0.15943 false_bg=0.0972 grad_norm=3.1409 sec_per_update=0.330 peak_gpu_gb=4.32
iter 6850/20000: loss=0.43769 false_bg=0.1651 grad_norm=2.6679 sec_per_update=0.329 peak_gpu_gb=4.32
iter 6900/20000: loss=0.13648 false_bg=0.0976 grad_norm=1.7649 sec_per_update=0.328 peak_gpu_gb=4.32
iter 6950/20000: loss=0.29544 false_bg=0.3038 grad_norm=1.8064 sec_per_update=0.327 peak_gpu_gb=4.32
iter 7000/20000: loss=0.12372 false_bg=0.1016 grad_norm=0.6202 sec_per_update=0.326 peak_gpu_gb=4.32
{"iter": 7000, "val": {"mIoU": 0.6553433699785325, "per_class_iou": {"1": 0.5254114074011951, "2": 0.7876551138673874, "3": 0.6875644984580792, "4": 0.7876566032843261, "5": 0.3525270838432399, "6": 0.8203875116098095, "7": 0.655935825944728, "8": 0.6256089154194948}, "classes_in_mean": [1, 2, 3, 4, 5, 6, 7, 8], "background_false_positive_rate": 0.04810321832241885, "background_false_negative_rate": 0.40729426661475177, "confusion": [[0, 0, 0, 0, 0, 0, 0, 0, 0], [0, 116639266, 16950531, 13804358, 4452879, 8267850, 19838561, 15391018, 1446726], [0, 9761126, 120840425, 224176, 467241, 534029, 710317, 405576, 195326], [0, 4850252, 1458088, 53255542, 183570, 111992, 608469, 760726, 661976], [0, 391740, 2874, 64173, 37701982, 221357, 367607, 1246806, 936], [0, 514391, 19982, 19547, 128646, 6830024, 58340, 1219038, 0], [0, 8178376, 1764999, 1384946, 1830404, 1083968, 196664812, 6863455, 220325], [0, 1432720, 10106, 11032, 805799, 365302, 101043, 54548089, 0], [0, 76273, 73144, 56493, 0, 0, 46228, 0, 4641091]]}, "selection_score": 0.6553433699785325}
iter 7050/20000: loss=0.17209 false_bg=0.1153 grad_norm=1.2259 sec_per_update=0.334 peak_gpu_gb=4.32
iter 7100/20000: loss=0.22811 false_bg=0.1524 grad_norm=3.4197 sec_per_update=0.333 peak_gpu_gb=4.32
iter 7150/20000: loss=0.23111 false_bg=0.1670 grad_norm=5.7679 sec_per_update=0.332 peak_gpu_gb=4.32
iter 7200/20000: loss=0.20713 false_bg=0.1383 grad_norm=1.6751 sec_per_update=0.331 peak_gpu_gb=4.32
iter 7250/20000: loss=0.34706 false_bg=0.0159 grad_norm=9.7319 sec_per_update=0.330 peak_gpu_gb=4.32
iter 7300/20000: loss=0.41418 false_bg=0.1313 grad_norm=7.4896 sec_per_update=0.329 peak_gpu_gb=4.32
iter 7350/20000: loss=0.56627 false_bg=0.2556 grad_norm=7.7407 sec_per_update=0.328 peak_gpu_gb=4.32
iter 7400/20000: loss=0.28180 false_bg=0.0879 grad_norm=1.3881 sec_per_update=0.327 peak_gpu_gb=4.32
iter 7450/20000: loss=0.20516 false_bg=0.2029 grad_norm=6.5761 sec_per_update=0.326 peak_gpu_gb=4.32
iter 7500/20000: loss=0.05908 false_bg=0.0696 grad_norm=0.6280 sec_per_update=0.325 peak_gpu_gb=4.32
iter 7550/20000: loss=0.20005 false_bg=0.1601 grad_norm=1.9405 sec_per_update=0.324 peak_gpu_gb=4.32
iter 7600/20000: loss=0.52721 false_bg=0.3244 grad_norm=9.0556 sec_per_update=0.323 peak_gpu_gb=4.32
iter 7650/20000: loss=0.22116 false_bg=0.1155 grad_norm=2.8148 sec_per_update=0.323 peak_gpu_gb=4.32
iter 7700/20000: loss=0.18529 false_bg=0.1188 grad_norm=10.7206 sec_per_update=0.322 peak_gpu_gb=4.32
iter 7750/20000: loss=0.17938 false_bg=0.1570 grad_norm=1.2263 sec_per_update=0.321 peak_gpu_gb=4.32
iter 7800/20000: loss=0.20685 false_bg=0.1940 grad_norm=9.9736 sec_per_update=0.320 peak_gpu_gb=4.32
iter 7850/20000: loss=0.40127 false_bg=0.1422 grad_norm=8.9026 sec_per_update=0.319 peak_gpu_gb=4.32
iter 7900/20000: loss=0.17756 false_bg=0.1981 grad_norm=4.9036 sec_per_update=0.319 peak_gpu_gb=4.32
iter 7950/20000: loss=0.20167 false_bg=0.1820 grad_norm=4.4868 sec_per_update=0.318 peak_gpu_gb=4.32
iter 8000/20000: loss=0.26559 false_bg=0.2144 grad_norm=3.7753 sec_per_update=0.317 peak_gpu_gb=4.32
{"iter": 8000, "val": {"mIoU": 0.6524414055031863, "per_class_iou": {"1": 0.5259718563995065, "2": 0.8139139686817976, "3": 0.691901634629937, "4": 0.7969998077837552, "5": 0.3313593373905041, "6": 0.8298365145041481, "7": 0.6562496765026462, "8": 0.5732984481331955}, "classes_in_mean": [1, 2, 3, 4, 5, 6, 7, 8], "background_false_positive_rate": 0.03527331889512207, "background_false_negative_rate": 0.4246296565645528, "confusion": [[0, 0, 0, 0, 0, 0, 0, 0, 0], [0, 113227814, 14508289, 14753253, 3801911, 9469641, 21964861, 17113070, 1952350], [0, 7927740, 121932870, 353669, 475959, 648713, 948146, 405159, 445960], [0, 4246157, 391567, 54928898, 34748, 149781, 670702, 790021, 678741], [0, 320938, 7237, 284857, 37122457, 178730, 373973, 1707515, 1768], [0, 289217, 39395, 35623, 75837, 6859130, 135115, 1355651, 0], [0, 4761811, 1682487, 1978315, 1581059, 1155409, 201101337, 5493512, 237355], [0, 891963, 20058, 16468, 610760, 307733, 210905, 55216204, 0], [0, 44507, 23265, 75505, 0, 0, 43514, 0, 4706438]]}, "selection_score": 0.6524414055031863}
iter 8050/20000: loss=0.52175 false_bg=0.1649 grad_norm=4.1170 sec_per_update=0.323 peak_gpu_gb=4.32
iter 8100/20000: loss=0.17592 false_bg=0.0896 grad_norm=2.0807 sec_per_update=0.323 peak_gpu_gb=4.32
iter 8150/20000: loss=0.20604 false_bg=0.1853 grad_norm=3.6595 sec_per_update=0.322 peak_gpu_gb=4.32
iter 8200/20000: loss=0.37684 false_bg=0.2158 grad_norm=3.2861 sec_per_update=0.321 peak_gpu_gb=4.32
iter 8250/20000: loss=0.17319 false_bg=0.1046 grad_norm=3.1353 sec_per_update=0.320 peak_gpu_gb=4.32
iter 8300/20000: loss=0.42947 false_bg=0.3199 grad_norm=34.2230 sec_per_update=0.320 peak_gpu_gb=4.32
iter 8350/20000: loss=2.50640 false_bg=0.5563 grad_norm=25.6227 sec_per_update=0.319 peak_gpu_gb=4.32
iter 8400/20000: loss=0.28087 false_bg=0.1962 grad_norm=1.8057 sec_per_update=0.318 peak_gpu_gb=4.32
iter 8450/20000: loss=0.13941 false_bg=0.1648 grad_norm=1.9618 sec_per_update=0.317 peak_gpu_gb=4.32
iter 8500/20000: loss=0.18178 false_bg=0.1199 grad_norm=3.4943 sec_per_update=0.317 peak_gpu_gb=4.32
iter 8550/20000: loss=0.16880 false_bg=0.1135 grad_norm=5.0526 sec_per_update=0.316 peak_gpu_gb=4.32
iter 8600/20000: loss=0.22458 false_bg=0.0717 grad_norm=3.0104 sec_per_update=0.315 peak_gpu_gb=4.32
iter 8650/20000: loss=0.14054 false_bg=0.1532 grad_norm=1.8849 sec_per_update=0.315 peak_gpu_gb=4.32
iter 8700/20000: loss=0.35323 false_bg=0.1943 grad_norm=8.0146 sec_per_update=0.314 peak_gpu_gb=4.32
iter 8750/20000: loss=0.51194 false_bg=0.3549 grad_norm=24.9737 sec_per_update=0.313 peak_gpu_gb=4.32
iter 8800/20000: loss=0.11024 false_bg=0.0578 grad_norm=1.6645 sec_per_update=0.312 peak_gpu_gb=4.32
iter 8850/20000: loss=0.31518 false_bg=0.1602 grad_norm=2.9464 sec_per_update=0.312 peak_gpu_gb=4.32
iter 8900/20000: loss=0.58219 false_bg=0.1822 grad_norm=6.5238 sec_per_update=0.311 peak_gpu_gb=4.32
iter 8950/20000: loss=0.42777 false_bg=0.2407 grad_norm=2.5772 sec_per_update=0.310 peak_gpu_gb=4.32
iter 9000/20000: loss=0.13307 false_bg=0.0696 grad_norm=7.6958 sec_per_update=0.310 peak_gpu_gb=4.32
{"iter": 9000, "val": {"mIoU": 0.6891376532722883, "per_class_iou": {"1": 0.5729031311121153, "2": 0.8090009697977388, "3": 0.715831181529819, "4": 0.807920318798666, "5": 0.359648249343304, "6": 0.8482361245829665, "7": 0.7156556768399988, "8": 0.6839055741736978}, "classes_in_mean": [1, 2, 3, 4, 5, 6, 7, 8], "background_false_positive_rate": 0.04597410480054713, "background_false_negative_rate": 0.35696760285339807, "confusion": [[0, 0, 0, 0, 0, 0, 0, 0, 0], [0, 126543110, 16834061, 10175402, 3181260, 8071920, 18278291, 12691757, 1015388], [0, 7607524, 123571057, 115664, 401811, 433086, 781119, 151532, 76423], [0, 6858387, 672308, 52501575, 19787, 76639, 811452, 422745, 527722], [0, 599875, 18459, 54227, 37278228, 251901, 294389, 1500318, 78], [0, 627941, 48064, 33651, 98545, 6967235, 146193, 868339, 0], [0, 6890888, 1849693, 955656, 1938358, 1109667, 202925468, 2140506, 181049], [0, 1414125, 70184, 55909, 503735, 639178, 881511, 53709449, 0], [0, 90536, 114267, 62391, 0, 0, 48047, 0, 4577988]]}, "selection_score": 0.6891376532722883}
iter 9050/20000: loss=0.53965 false_bg=0.4049 grad_norm=18.8323 sec_per_update=0.316 peak_gpu_gb=4.32
iter 9100/20000: loss=0.27796 false_bg=0.1644 grad_norm=1.4474 sec_per_update=0.315 peak_gpu_gb=4.32
iter 9150/20000: loss=0.09495 false_bg=0.0798 grad_norm=0.6512 sec_per_update=0.314 peak_gpu_gb=4.32
iter 9200/20000: loss=0.27230 false_bg=0.1103 grad_norm=3.9545 sec_per_update=0.314 peak_gpu_gb=4.32
iter 9250/20000: loss=0.56270 false_bg=0.1195 grad_norm=22.9191 sec_per_update=0.313 peak_gpu_gb=4.32
iter 9300/20000: loss=0.15032 false_bg=0.0836 grad_norm=1.0246 sec_per_update=0.312 peak_gpu_gb=4.32
iter 9350/20000: loss=0.17277 false_bg=0.1045 grad_norm=1.7285 sec_per_update=0.312 peak_gpu_gb=4.32
iter 9400/20000: loss=0.05307 false_bg=0.0375 grad_norm=0.5852 sec_per_update=0.311 peak_gpu_gb=4.32
iter 9450/20000: loss=1.21342 false_bg=0.4621 grad_norm=11.8019 sec_per_update=0.311 peak_gpu_gb=4.32
iter 9500/20000: loss=0.09758 false_bg=0.1188 grad_norm=0.9205 sec_per_update=0.310 peak_gpu_gb=4.32
iter 9550/20000: loss=0.34222 false_bg=0.2460 grad_norm=3.3899 sec_per_update=0.309 peak_gpu_gb=4.32
iter 9600/20000: loss=0.11139 false_bg=0.0767 grad_norm=5.5233 sec_per_update=0.309 peak_gpu_gb=4.32
iter 9650/20000: loss=0.19605 false_bg=0.0682 grad_norm=6.0799 sec_per_update=0.308 peak_gpu_gb=4.32
iter 9700/20000: loss=0.47430 false_bg=0.0937 grad_norm=6.6564 sec_per_update=0.308 peak_gpu_gb=4.32
iter 9750/20000: loss=0.95439 false_bg=0.4975 grad_norm=14.2248 sec_per_update=0.307 peak_gpu_gb=4.32
iter 9800/20000: loss=0.24545 false_bg=0.1493 grad_norm=1.0801 sec_per_update=0.306 peak_gpu_gb=4.32
iter 9850/20000: loss=0.16703 false_bg=0.1425 grad_norm=6.3922 sec_per_update=0.306 peak_gpu_gb=4.32
iter 9900/20000: loss=0.10626 false_bg=0.0352 grad_norm=10.8808 sec_per_update=0.305 peak_gpu_gb=4.32
iter 9950/20000: loss=0.61636 false_bg=0.3344 grad_norm=20.1300 sec_per_update=0.305 peak_gpu_gb=4.32
iter 10000/20000: loss=0.47101 false_bg=0.1521 grad_norm=5.2100 sec_per_update=0.304 peak_gpu_gb=4.32
{"iter": 10000, "val": {"mIoU": 0.6776557441640321, "per_class_iou": {"1": 0.5476112146191302, "2": 0.8002623603057042, "3": 0.7124465736319182, "4": 0.8235479025959982, "5": 0.3719862894733826, "6": 0.8397184784246652, "7": 0.7033448110904917, "8": 0.6223283231709659}, "classes_in_mean": [1, 2, 3, 4, 5, 6, 7, 8], "background_false_positive_rate": 0.038353865434071696, "background_false_negative_rate": 0.3964663224835742, "confusion": [[0, 0, 0, 0, 0, 0, 0, 0, 0], [0, 118770110, 18545545, 11448404, 3152531, 6523352, 22687264, 14145913, 1518070], [0, 6865679, 124175342, 136065, 394614, 429577, 770045, 177351, 189543], [0, 5064327, 1298360, 53333945, 21728, 79159, 817602, 565940, 709554], [0, 477421, 7496, 37521, 37241775, 186054, 407084, 1639742, 382], [0, 696603, 56122, 30964, 93743, 6328679, 266501, 1317356, 0], [0, 5834339, 2013137, 1247550, 1064248, 741903, 205092753, 1756415, 240940], [0, 1100403, 53071, 31792, 496801, 263192, 1257928, 54070904, 0], [0, 57690, 56343, 37362, 0, 0, 42186, 0, 4699648]]}, "selection_score": 0.6776557441640321}
iter 10050/20000: loss=0.34155 false_bg=0.0414 grad_norm=1.9620 sec_per_update=0.309 peak_gpu_gb=4.32
iter 10100/20000: loss=0.10207 false_bg=0.0445 grad_norm=2.7358 sec_per_update=0.309 peak_gpu_gb=4.32
iter 10150/20000: loss=0.23645 false_bg=0.0874 grad_norm=5.9741 sec_per_update=0.308 peak_gpu_gb=4.32
iter 10200/20000: loss=0.14736 false_bg=0.1247 grad_norm=1.4208 sec_per_update=0.308 peak_gpu_gb=4.32
iter 10250/20000: loss=0.95004 false_bg=0.1160 grad_norm=28.1026 sec_per_update=0.307 peak_gpu_gb=4.32
iter 10300/20000: loss=0.27452 false_bg=0.0531 grad_norm=2.8420 sec_per_update=0.307 peak_gpu_gb=4.32
iter 10350/20000: loss=0.47216 false_bg=0.2423 grad_norm=8.3776 sec_per_update=0.306 peak_gpu_gb=4.32
iter 10400/20000: loss=0.09063 false_bg=0.0643 grad_norm=2.9623 sec_per_update=0.306 peak_gpu_gb=4.32
iter 10450/20000: loss=0.16904 false_bg=0.1369 grad_norm=2.6473 sec_per_update=0.305 peak_gpu_gb=4.32
iter 10500/20000: loss=1.51654 false_bg=0.1310 grad_norm=10.8763 sec_per_update=0.304 peak_gpu_gb=4.32
iter 10550/20000: loss=0.22487 false_bg=0.1762 grad_norm=6.3914 sec_per_update=0.304 peak_gpu_gb=4.32
iter 10600/20000: loss=1.03809 false_bg=0.3704 grad_norm=12.7320 sec_per_update=0.303 peak_gpu_gb=4.32
iter 10650/20000: loss=0.09228 false_bg=0.0531 grad_norm=1.7753 sec_per_update=0.303 peak_gpu_gb=4.32
iter 10700/20000: loss=0.20878 false_bg=0.1580 grad_norm=1.7431 sec_per_update=0.302 peak_gpu_gb=4.32
iter 10750/20000: loss=0.21299 false_bg=0.2340 grad_norm=4.6199 sec_per_update=0.302 peak_gpu_gb=4.32
iter 10800/20000: loss=0.13870 false_bg=0.1110 grad_norm=0.6087 sec_per_update=0.301 peak_gpu_gb=4.32
iter 10850/20000: loss=0.38255 false_bg=0.1899 grad_norm=6.0101 sec_per_update=0.301 peak_gpu_gb=4.32
iter 10900/20000: loss=0.30677 false_bg=0.1727 grad_norm=5.3906 sec_per_update=0.300 peak_gpu_gb=4.32
iter 10950/20000: loss=0.32900 false_bg=0.1736 grad_norm=3.4254 sec_per_update=0.300 peak_gpu_gb=4.32
iter 11000/20000: loss=0.30762 false_bg=0.1256 grad_norm=11.1630 sec_per_update=0.299 peak_gpu_gb=4.32
{"iter": 11000, "val": {"mIoU": 0.67823326186896, "per_class_iou": {"1": 0.5697456140929424, "2": 0.8110403281604022, "3": 0.6996830041191416, "4": 0.8305894851861398, "5": 0.3611938582629319, "6": 0.8488956265012708, "7": 0.7135406927252289, "8": 0.5911774859036223}, "classes_in_mean": [1, 2, 3, 4, 5, 6, 7, 8], "background_false_positive_rate": 0.04400566119506657, "background_false_negative_rate": 0.3634977631036113, "confusion": [[0, 0, 0, 0, 0, 0, 0, 0, 0], [0, 125258032, 15685607, 13076530, 2771454, 8092993, 17525190, 12617517, 1763866], [0, 7381485, 123824076, 193875, 310898, 584226, 463320, 152593, 227743], [0, 4525540, 1484164, 53420719, 6909, 112789, 844371, 663678, 832445], [0, 687848, 5470, 110765, 37036937, 262083, 365203, 1527933, 1236], [0, 592183, 15731, 20583, 32286, 6930820, 150161, 1048204, 0], [0, 8175344, 2259947, 1006840, 942368, 976249, 202271147, 2059537, 299853], [0, 1649123, 43199, 19719, 529756, 370335, 901268, 53760691, 0], [0, 46338, 40809, 30961, 0, 0, 34840, 0, 4740281]]}, "selection_score": 0.67823326186896}
iter 11050/20000: loss=0.05158 false_bg=0.0635 grad_norm=1.2531 sec_per_update=0.304 peak_gpu_gb=4.32
iter 11100/20000: loss=0.15908 false_bg=0.1523 grad_norm=1.6258 sec_per_update=0.304 peak_gpu_gb=4.32
iter 11150/20000: loss=0.27910 false_bg=0.1087 grad_norm=2.3545 sec_per_update=0.303 peak_gpu_gb=4.32
iter 11200/20000: loss=0.30768 false_bg=0.1347 grad_norm=2.3661 sec_per_update=0.303 peak_gpu_gb=4.32
iter 11250/20000: loss=0.55963 false_bg=0.3483 grad_norm=16.0400 sec_per_update=0.302 peak_gpu_gb=4.32
iter 11300/20000: loss=0.21503 false_bg=0.1460 grad_norm=1.1384 sec_per_update=0.302 peak_gpu_gb=4.32
iter 11350/20000: loss=0.45111 false_bg=0.1743 grad_norm=3.8207 sec_per_update=0.301 peak_gpu_gb=4.32
iter 11400/20000: loss=0.63000 false_bg=0.0696 grad_norm=18.3825 sec_per_update=0.301 peak_gpu_gb=4.32
iter 11450/20000: loss=0.04444 false_bg=0.0604 grad_norm=0.4770 sec_per_update=0.300 peak_gpu_gb=4.32
iter 11500/20000: loss=0.39078 false_bg=0.2421 grad_norm=3.3627 sec_per_update=0.300 peak_gpu_gb=4.32
iter 11550/20000: loss=0.90968 false_bg=0.1612 grad_norm=15.8208 sec_per_update=0.299 peak_gpu_gb=4.32
iter 11600/20000: loss=0.14798 false_bg=0.1186 grad_norm=0.9835 sec_per_update=0.299 peak_gpu_gb=4.32
iter 11650/20000: loss=0.44682 false_bg=0.0955 grad_norm=10.3612 sec_per_update=0.299 peak_gpu_gb=4.32
iter 11700/20000: loss=0.36071 false_bg=0.0477 grad_norm=3.6437 sec_per_update=0.298 peak_gpu_gb=4.32
iter 11750/20000: loss=0.26958 false_bg=0.2621 grad_norm=9.1182 sec_per_update=0.298 peak_gpu_gb=4.32
iter 11800/20000: loss=0.24009 false_bg=0.2232 grad_norm=3.7633 sec_per_update=0.297 peak_gpu_gb=4.32
iter 11850/20000: loss=0.35425 false_bg=0.1357 grad_norm=1.3586 sec_per_update=0.297 peak_gpu_gb=4.32
iter 11900/20000: loss=0.20305 false_bg=0.1656 grad_norm=2.2386 sec_per_update=0.296 peak_gpu_gb=4.32
iter 11950/20000: loss=0.31476 false_bg=0.1944 grad_norm=5.1228 sec_per_update=0.296 peak_gpu_gb=4.32
iter 12000/20000: loss=0.05960 false_bg=0.0809 grad_norm=2.1427 sec_per_update=0.295 peak_gpu_gb=4.32
{"iter": 12000, "val": {"mIoU": 0.6876171075246157, "per_class_iou": {"1": 0.5757268214551756, "2": 0.8203306450279095, "3": 0.7115088892610851, "4": 0.8283720983706812, "5": 0.3570985228798867, "6": 0.8491594352848053, "7": 0.719483472814304, "8": 0.6392569751030781}, "classes_in_mean": [1, 2, 3, 4, 5, 6, 7, 8], "background_false_positive_rate": 0.04181106552629215, "background_false_negative_rate": 0.3601798960623181, "confusion": [[0, 0, 0, 0, 0, 0, 0, 0, 0], [0, 125910959, 14444197, 12601257, 3161394, 8206290, 18530847, 12502260, 1433985], [0, 7369231, 123402608, 251800, 383733, 554549, 891407, 136895, 147993], [0, 4765695, 932465, 53989244, 9944, 127242, 1049654, 364421, 651950], [0, 548250, 2565, 34994, 37466715, 269922, 369889, 1305053, 87], [0, 600070, 20549, 26523, 29553, 7030014, 88221, 995038, 0], [0, 6970288, 1773830, 959521, 1073601, 1294570, 203571437, 2173777, 174261], [0, 1600706, 55858, 57850, 573630, 443942, 759611, 53782494, 0], [0, 53708, 62648, 57369, 0, 0, 51966, 0, 4667538]]}, "selection_score": 0.6876171075246157}
iter 12050/20000: loss=0.12923 false_bg=0.0811 grad_norm=0.9967 sec_per_update=0.300 peak_gpu_gb=4.32
iter 12100/20000: loss=0.24524 false_bg=0.1993 grad_norm=2.5713 sec_per_update=0.299 peak_gpu_gb=4.32
iter 12150/20000: loss=0.10454 false_bg=0.0769 grad_norm=1.1058 sec_per_update=0.299 peak_gpu_gb=4.32
iter 12200/20000: loss=0.52953 false_bg=0.2407 grad_norm=5.8697 sec_per_update=0.299 peak_gpu_gb=4.32
iter 12250/20000: loss=0.67195 false_bg=0.4301 grad_norm=10.9170 sec_per_update=0.298 peak_gpu_gb=4.32
iter 12300/20000: loss=0.57766 false_bg=0.2248 grad_norm=3.6305 sec_per_update=0.298 peak_gpu_gb=4.32
iter 12350/20000: loss=0.12427 false_bg=0.1090 grad_norm=2.9706 sec_per_update=0.297 peak_gpu_gb=4.32
iter 12400/20000: loss=0.24571 false_bg=0.1255 grad_norm=1.7203 sec_per_update=0.297 peak_gpu_gb=4.32
iter 12450/20000: loss=0.63874 false_bg=0.6518 grad_norm=19.6567 sec_per_update=0.296 peak_gpu_gb=4.32
iter 12500/20000: loss=0.34902 false_bg=0.3519 grad_norm=11.7583 sec_per_update=0.296 peak_gpu_gb=4.32
iter 12550/20000: loss=0.19016 false_bg=0.1301 grad_norm=1.2069 sec_per_update=0.296 peak_gpu_gb=4.32
iter 12600/20000: loss=0.35301 false_bg=0.1391 grad_norm=3.0908 sec_per_update=0.295 peak_gpu_gb=4.32
iter 12650/20000: loss=0.19752 false_bg=0.1106 grad_norm=0.8491 sec_per_update=0.295 peak_gpu_gb=4.32
iter 12700/20000: loss=0.32065 false_bg=0.0983 grad_norm=3.0359 sec_per_update=0.294 peak_gpu_gb=4.32
iter 12750/20000: loss=0.33250 false_bg=0.2370 grad_norm=3.5982 sec_per_update=0.294 peak_gpu_gb=4.32
iter 12800/20000: loss=0.32300 false_bg=0.2615 grad_norm=6.5368 sec_per_update=0.294 peak_gpu_gb=4.32
iter 12850/20000: loss=0.27751 false_bg=0.1778 grad_norm=18.9570 sec_per_update=0.293 peak_gpu_gb=4.32
iter 12900/20000: loss=0.35616 false_bg=0.1470 grad_norm=6.2307 sec_per_update=0.293 peak_gpu_gb=4.32
iter 12950/20000: loss=0.21082 false_bg=0.1564 grad_norm=14.4776 sec_per_update=0.293 peak_gpu_gb=4.32
iter 13000/20000: loss=0.10320 false_bg=0.0372 grad_norm=1.5651 sec_per_update=0.292 peak_gpu_gb=4.32
{"iter": 13000, "val": {"mIoU": 0.6909547896248305, "per_class_iou": {"1": 0.5881757460527033, "2": 0.8147159052952072, "3": 0.7194995375374112, "4": 0.828775410549974, "5": 0.3970697620556707, "6": 0.8487535850586981, "7": 0.696929249213693, "8": 0.6337191212352867}, "classes_in_mean": [1, 2, 3, 4, 5, 6, 7, 8], "background_false_positive_rate": 0.049978275771499346, "background_false_negative_rate": 0.33355463897319104, "confusion": [[0, 0, 0, 0, 0, 0, 0, 0, 0], [0, 131150575, 12629135, 10134796, 2831868, 4967342, 18847138, 14875362, 1354973], [0, 9936055, 121418907, 167268, 362832, 346352, 565712, 201688, 139402], [0, 5747466, 1221096, 52645956, 7855, 42832, 903581, 610003, 711826], [0, 626615, 3279, 22276, 37217277, 117314, 397335, 1612945, 434], [0, 1241399, 18629, 25170, 21117, 5955888, 173279, 1354486, 0], [0, 7451385, 1926601, 879752, 1104608, 553109, 203495698, 2259079, 321053], [0, 1104092, 40433, 25150, 580593, 182684, 849876, 54491263, 0], [0, 80349, 54815, 25216, 0, 0, 30072, 0, 4702777]]}, "selection_score": 0.6909547896248305}
iter 13050/20000: loss=0.14200 false_bg=0.1308 grad_norm=5.6084 sec_per_update=0.296 peak_gpu_gb=4.32
iter 13100/20000: loss=0.24836 false_bg=0.2430 grad_norm=5.1448 sec_per_update=0.296 peak_gpu_gb=4.32
iter 13150/20000: loss=0.17483 false_bg=0.0694 grad_norm=0.8096 sec_per_update=0.296 peak_gpu_gb=4.32
iter 13200/20000: loss=0.23207 false_bg=0.1860 grad_norm=9.2043 sec_per_update=0.295 peak_gpu_gb=4.32
iter 13250/20000: loss=0.16014 false_bg=0.1605 grad_norm=2.7299 sec_per_update=0.295 peak_gpu_gb=4.32
iter 13300/20000: loss=0.95801 false_bg=0.0672 grad_norm=5.1236 sec_per_update=0.294 peak_gpu_gb=4.32
iter 13350/20000: loss=0.23550 false_bg=0.1273 grad_norm=3.2953 sec_per_update=0.294 peak_gpu_gb=4.32
iter 13400/20000: loss=0.11032 false_bg=0.0660 grad_norm=1.2669 sec_per_update=0.294 peak_gpu_gb=4.32
iter 13450/20000: loss=0.44415 false_bg=0.2479 grad_norm=9.2526 sec_per_update=0.293 peak_gpu_gb=4.32
iter 13500/20000: loss=0.17627 false_bg=0.1900 grad_norm=3.5975 sec_per_update=0.293 peak_gpu_gb=4.32
iter 13550/20000: loss=0.83277 false_bg=0.0937 grad_norm=5.7600 sec_per_update=0.293 peak_gpu_gb=4.32
iter 13600/20000: loss=0.48697 false_bg=0.1498 grad_norm=5.4123 sec_per_update=0.292 peak_gpu_gb=4.32
iter 13650/20000: loss=0.19432 false_bg=0.0522 grad_norm=3.2091 sec_per_update=0.292 peak_gpu_gb=4.32
iter 13700/20000: loss=0.12037 false_bg=0.0617 grad_norm=1.1525 sec_per_update=0.292 peak_gpu_gb=4.32
iter 13750/20000: loss=0.12773 false_bg=0.0629 grad_norm=1.7429 sec_per_update=0.291 peak_gpu_gb=4.32
iter 13800/20000: loss=0.30147 false_bg=0.1024 grad_norm=3.7856 sec_per_update=0.291 peak_gpu_gb=4.32
iter 13850/20000: loss=0.39555 false_bg=0.1010 grad_norm=6.8393 sec_per_update=0.290 peak_gpu_gb=4.32
iter 13900/20000: loss=0.35968 false_bg=0.1667 grad_norm=4.8472 sec_per_update=0.290 peak_gpu_gb=4.32
iter 13950/20000: loss=0.16825 false_bg=0.1285 grad_norm=0.9710 sec_per_update=0.290 peak_gpu_gb=4.32
iter 14000/20000: loss=0.63582 false_bg=0.1314 grad_norm=4.9119 sec_per_update=0.289 peak_gpu_gb=4.32
{"iter": 14000, "val": {"mIoU": 0.679763164724622, "per_class_iou": {"1": 0.5473612176262878, "2": 0.7955614584742633, "3": 0.7090818579867177, "4": 0.8339057612973837, "5": 0.35671733688154844, "6": 0.8528467803055733, "7": 0.7087134831038558, "8": 0.6339174221213457}, "classes_in_mean": [1, 2, 3, 4, 5, 6, 7, 8], "background_false_positive_rate": 0.03346847664427821, "background_false_negative_rate": 0.4038618161913743, "confusion": [[0, 0, 0, 0, 0, 0, 0, 0, 0], [0, 117314742, 22464452, 13769062, 2970332, 8591188, 15874500, 14408668, 1398245], [0, 3926956, 126990890, 275317, 288588, 600290, 623130, 202240, 230805], [0, 3326324, 1643838, 54840844, 6750, 120512, 753977, 539738, 658632], [0, 510232, 5684, 62541, 37576856, 222053, 345154, 1274540, 415], [0, 514462, 29720, 24021, 14682, 7115684, 54796, 1036603, 0], [0, 8294025, 2264327, 1250877, 1016246, 1232782, 201609095, 2057647, 266286], [0, 908885, 39791, 25941, 767201, 390889, 716776, 54424608, 0], [0, 55757, 38208, 42265, 0, 0, 35828, 0, 4721171]]}, "selection_score": 0.679763164724622}
iter 14050/20000: loss=0.15562 false_bg=0.0637 grad_norm=6.7733 sec_per_update=0.293 peak_gpu_gb=4.32
iter 14100/20000: loss=0.24813 false_bg=0.1644 grad_norm=2.6572 sec_per_update=0.293 peak_gpu_gb=4.32
iter 14150/20000: loss=0.48866 false_bg=0.2265 grad_norm=5.9503 sec_per_update=0.293 peak_gpu_gb=4.32
iter 14200/20000: loss=0.62443 false_bg=0.1013 grad_norm=6.8803 sec_per_update=0.292 peak_gpu_gb=4.32
iter 14250/20000: loss=0.14967 false_bg=0.0844 grad_norm=3.8500 sec_per_update=0.292 peak_gpu_gb=4.32
iter 14300/20000: loss=0.89781 false_bg=0.3175 grad_norm=14.4167 sec_per_update=0.291 peak_gpu_gb=4.32
iter 14350/20000: loss=0.05690 false_bg=0.0592 grad_norm=0.8496 sec_per_update=0.291 peak_gpu_gb=4.32
iter 14400/20000: loss=0.23835 false_bg=0.2513 grad_norm=2.4617 sec_per_update=0.291 peak_gpu_gb=4.32
iter 14450/20000: loss=0.17032 false_bg=0.1065 grad_norm=3.1408 sec_per_update=0.290 peak_gpu_gb=4.32
iter 14500/20000: loss=0.11086 false_bg=0.0835 grad_norm=3.9698 sec_per_update=0.290 peak_gpu_gb=4.32
iter 14550/20000: loss=0.27713 false_bg=0.0997 grad_norm=10.8888 sec_per_update=0.290 peak_gpu_gb=4.32
iter 14600/20000: loss=0.08063 false_bg=0.0801 grad_norm=0.7385 sec_per_update=0.289 peak_gpu_gb=4.32
iter 14650/20000: loss=0.06271 false_bg=0.0564 grad_norm=1.0415 sec_per_update=0.289 peak_gpu_gb=4.32
iter 14700/20000: loss=0.16574 false_bg=0.1454 grad_norm=1.3006 sec_per_update=0.289 peak_gpu_gb=4.32
iter 14750/20000: loss=0.27315 false_bg=0.1692 grad_norm=3.9239 sec_per_update=0.288 peak_gpu_gb=4.32
iter 14800/20000: loss=0.28116 false_bg=0.2490 grad_norm=2.6337 sec_per_update=0.288 peak_gpu_gb=4.32
iter 14850/20000: loss=0.28216 false_bg=0.2231 grad_norm=1.3587 sec_per_update=0.288 peak_gpu_gb=4.32
iter 14900/20000: loss=0.16828 false_bg=0.1898 grad_norm=1.8133 sec_per_update=0.288 peak_gpu_gb=4.32
iter 14950/20000: loss=0.09658 false_bg=0.0704 grad_norm=1.2484 sec_per_update=0.287 peak_gpu_gb=4.32
iter 15000/20000: loss=0.33533 false_bg=0.0664 grad_norm=6.9828 sec_per_update=0.287 peak_gpu_gb=4.32
{"iter": 15000, "val": {"mIoU": 0.6839287932894637, "per_class_iou": {"1": 0.5538519688536688, "2": 0.8206184261003356, "3": 0.7098836027024789, "4": 0.8259971574257559, "5": 0.37263659839797214, "6": 0.8448062976292913, "7": 0.6858242706953036, "8": 0.6578120245109029}, "classes_in_mean": [1, 2, 3, 4, 5, 6, 7, 8], "background_false_positive_rate": 0.033005631936030275, "background_false_negative_rate": 0.39747520403466846, "confusion": [[0, 0, 0, 0, 0, 0, 0, 0, 0], [0, 118571571, 14682612, 14382842, 3204696, 7309579, 20749616, 16627144, 1263129], [0, 6643928, 123867495, 285381, 386347, 469297, 939004, 369409, 177355], [0, 3171134, 1342724, 55121546, 9468, 79269, 1105594, 479329, 581551], [0, 308876, 2512, 44493, 37438996, 168329, 497491, 1536717, 61], [0, 686537, 17250, 31288, 23663, 6744140, 116434, 1170656, 0], [0, 5797338, 1692283, 915212, 1070386, 951162, 204326485, 3039359, 199060], [0, 630746, 17731, 37037, 633782, 330833, 417368, 55206594, 0], [0, 55563, 50754, 61842, 0, 0, 45142, 0, 4679928]]}, "selection_score": 0.6839287932894637}
iter 15050/20000: loss=0.42117 false_bg=0.1755 grad_norm=2.4268 sec_per_update=0.290 peak_gpu_gb=4.32
iter 15100/20000: loss=0.49280 false_bg=0.1680 grad_norm=4.8217 sec_per_update=0.290 peak_gpu_gb=4.32
iter 15150/20000: loss=0.06347 false_bg=0.0485 grad_norm=1.4436 sec_per_update=0.290 peak_gpu_gb=4.32
iter 15200/20000: loss=0.17734 false_bg=0.1531 grad_norm=6.2552 sec_per_update=0.290 peak_gpu_gb=4.32
iter 15250/20000: loss=0.14071 false_bg=0.0504 grad_norm=0.5911 sec_per_update=0.289 peak_gpu_gb=4.32
iter 15300/20000: loss=0.09021 false_bg=0.0541 grad_norm=0.5590 sec_per_update=0.289 peak_gpu_gb=4.32
iter 15350/20000: loss=0.26890 false_bg=0.0182 grad_norm=4.1110 sec_per_update=0.289 peak_gpu_gb=4.32
iter 15400/20000: loss=0.05958 false_bg=0.0520 grad_norm=0.5577 sec_per_update=0.288 peak_gpu_gb=4.32
iter 15450/20000: loss=0.24331 false_bg=0.2465 grad_norm=4.4445 sec_per_update=0.288 peak_gpu_gb=4.32
iter 15500/20000: loss=0.34501 false_bg=0.1822 grad_norm=1.6861 sec_per_update=0.288 peak_gpu_gb=4.32
iter 15550/20000: loss=0.60025 false_bg=0.2180 grad_norm=10.1269 sec_per_update=0.287 peak_gpu_gb=4.32
iter 15600/20000: loss=0.44844 false_bg=0.3666 grad_norm=31.2689 sec_per_update=0.287 peak_gpu_gb=4.32
iter 15650/20000: loss=0.27513 false_bg=0.1453 grad_norm=1.1088 sec_per_update=0.287 peak_gpu_gb=4.32
iter 15700/20000: loss=0.12976 false_bg=0.1428 grad_norm=1.8923 sec_per_update=0.286 peak_gpu_gb=4.32
iter 15750/20000: loss=0.30179 false_bg=0.2515 grad_norm=4.6226 sec_per_update=0.286 peak_gpu_gb=4.32
iter 15800/20000: loss=0.23638 false_bg=0.2582 grad_norm=1.7811 sec_per_update=0.286 peak_gpu_gb=4.32
iter 15850/20000: loss=0.29497 false_bg=0.1850 grad_norm=2.6585 sec_per_update=0.286 peak_gpu_gb=4.32
iter 15900/20000: loss=0.29861 false_bg=0.2580 grad_norm=17.4679 sec_per_update=0.285 peak_gpu_gb=4.32
iter 15950/20000: loss=0.36306 false_bg=0.0736 grad_norm=9.2023 sec_per_update=0.285 peak_gpu_gb=4.32
iter 16000/20000: loss=0.08697 false_bg=0.1521 grad_norm=2.4704 sec_per_update=0.285 peak_gpu_gb=4.32
{"iter": 16000, "val": {"mIoU": 0.6894522785097457, "per_class_iou": {"1": 0.5862256109343719, "2": 0.8205159686269989, "3": 0.7210534491496134, "4": 0.8344545516819718, "5": 0.3485647547440858, "6": 0.8543171444335569, "7": 0.7116058396902065, "8": 0.6388809088171598}, "classes_in_mean": [1, 2, 3, 4, 5, 6, 7, 8], "background_false_positive_rate": 0.04085540711580564, "background_false_negative_rate": 0.35000398823750184, "confusion": [[0, 0, 0, 0, 0, 0, 0, 0, 0], [0, 127913488, 13659267, 10439909, 2778966, 9042818, 17977207, 13695865, 1283669], [0, 7707555, 123054219, 184358, 367391, 547456, 809765, 271626, 195846], [0, 5224497, 1277569, 53069960, 8626, 159742, 899510, 529899, 720812], [0, 574169, 3449, 23865, 37579982, 292901, 307795, 1214354, 960], [0, 439989, 11714, 15801, 13675, 7220979, 63647, 1024163, 0], [0, 6245846, 1813715, 997665, 1133553, 1401038, 203986645, 2138288, 274535], [0, 1142337, 17226, 20554, 735699, 482397, 688313, 54187565, 0], [0, 72814, 50598, 27824, 0, 0, 34047, 0, 4707946]]}, "selection_score": 0.6894522785097457}
iter 16050/20000: loss=1.08169 false_bg=0.5425 grad_norm=15.8927 sec_per_update=0.288 peak_gpu_gb=4.32
iter 16100/20000: loss=0.30889 false_bg=0.1199 grad_norm=2.3353 sec_per_update=0.288 peak_gpu_gb=4.32
iter 16150/20000: loss=0.48087 false_bg=0.2020 grad_norm=3.0566 sec_per_update=0.287 peak_gpu_gb=4.32
iter 16200/20000: loss=0.24225 false_bg=0.2330 grad_norm=1.8434 sec_per_update=0.287 peak_gpu_gb=4.32
iter 16250/20000: loss=0.36228 false_bg=0.1145 grad_norm=1.7210 sec_per_update=0.287 peak_gpu_gb=4.32
iter 16300/20000: loss=0.10624 false_bg=0.1065 grad_norm=3.2703 sec_per_update=0.287 peak_gpu_gb=4.32
iter 16350/20000: loss=0.12658 false_bg=0.0122 grad_norm=1.4961 sec_per_update=0.286 peak_gpu_gb=4.32
iter 16400/20000: loss=0.56845 false_bg=0.4581 grad_norm=36.4035 sec_per_update=0.286 peak_gpu_gb=4.32
iter 16450/20000: loss=0.37816 false_bg=0.0420 grad_norm=22.1287 sec_per_update=0.286 peak_gpu_gb=4.32
iter 16500/20000: loss=0.42127 false_bg=0.1321 grad_norm=15.6364 sec_per_update=0.285 peak_gpu_gb=4.32
iter 16550/20000: loss=0.33598 false_bg=0.0931 grad_norm=3.7783 sec_per_update=0.285 peak_gpu_gb=4.32
iter 16600/20000: loss=0.71314 false_bg=0.3159 grad_norm=4.3759 sec_per_update=0.285 peak_gpu_gb=4.32
iter 16650/20000: loss=0.37734 false_bg=0.2132 grad_norm=3.9924 sec_per_update=0.285 peak_gpu_gb=4.32
iter 16700/20000: loss=0.07201 false_bg=0.0500 grad_norm=0.6306 sec_per_update=0.284 peak_gpu_gb=4.32
iter 16750/20000: loss=0.15431 false_bg=0.0749 grad_norm=0.6156 sec_per_update=0.284 peak_gpu_gb=4.32
iter 16800/20000: loss=0.20203 false_bg=0.1540 grad_norm=2.4071 sec_per_update=0.284 peak_gpu_gb=4.32
iter 16850/20000: loss=0.26227 false_bg=0.2250 grad_norm=3.6359 sec_per_update=0.284 peak_gpu_gb=4.32
iter 16900/20000: loss=0.39743 false_bg=0.1071 grad_norm=3.6856 sec_per_update=0.283 peak_gpu_gb=4.32
iter 16950/20000: loss=0.06486 false_bg=0.0520 grad_norm=0.7765 sec_per_update=0.283 peak_gpu_gb=4.32
iter 17000/20000: loss=0.17267 false_bg=0.1283 grad_norm=2.8884 sec_per_update=0.283 peak_gpu_gb=4.32
{"iter": 17000, "val": {"mIoU": 0.6900885302154964, "per_class_iou": {"1": 0.5891114704532847, "2": 0.8171726904670218, "3": 0.7100980878208378, "4": 0.8236767526990212, "5": 0.3733267485006579, "6": 0.8560930643110584, "7": 0.7197540083210542, "8": 0.6314754191510359}, "classes_in_mean": [1, 2, 3, 4, 5, 6, 7, 8], "background_false_positive_rate": 0.04331208405126613, "background_false_negative_rate": 0.34295074562510014, "confusion": [[0, 0, 0, 0, 0, 0, 0, 0, 0], [0, 129301504, 15791063, 13648418, 3326349, 7073390, 13320305, 12938554, 1391606], [0, 6500332, 124607591, 322076, 367044, 422590, 554695, 175209, 188679], [0, 3652630, 1404411, 54847301, 11775, 81051, 740951, 441439, 711057], [0, 551057, 3763, 22016, 38048746, 115954, 229573, 1026284, 82], [0, 800556, 30498, 28221, 112034, 6733848, 51945, 1032866, 0], [0, 9785447, 2011712, 1255066, 1473683, 1194356, 199952440, 2041246, 277335], [0, 1349639, 47031, 38896, 905424, 360102, 642055, 53930944, 0], [0, 54783, 59546, 33741, 0, 0, 33097, 0, 4712062]]}, "selection_score": 0.6900885302154964}
iter 17050/20000: loss=0.13537 false_bg=0.1202 grad_norm=0.5552 sec_per_update=0.286 peak_gpu_gb=4.32
iter 17100/20000: loss=0.16532 false_bg=0.0739 grad_norm=3.1553 sec_per_update=0.286 peak_gpu_gb=4.32
iter 17150/20000: loss=0.36069 false_bg=0.0913 grad_norm=16.6619 sec_per_update=0.285 peak_gpu_gb=4.32
iter 17200/20000: loss=0.22407 false_bg=0.2264 grad_norm=2.3754 sec_per_update=0.285 peak_gpu_gb=4.32
iter 17250/20000: loss=0.20847 false_bg=0.1940 grad_norm=1.7487 sec_per_update=0.285 peak_gpu_gb=4.32
iter 17300/20000: loss=0.15110 false_bg=0.1012 grad_norm=3.4769 sec_per_update=0.285 peak_gpu_gb=4.32
iter 17350/20000: loss=0.12030 false_bg=0.0735 grad_norm=2.7715 sec_per_update=0.284 peak_gpu_gb=4.32
iter 17400/20000: loss=0.08672 false_bg=0.0695 grad_norm=3.5115 sec_per_update=0.284 peak_gpu_gb=4.32
iter 17450/20000: loss=0.19944 false_bg=0.1915 grad_norm=0.9965 sec_per_update=0.284 peak_gpu_gb=4.32
iter 17500/20000: loss=0.26766 false_bg=0.1289 grad_norm=1.0335 sec_per_update=0.284 peak_gpu_gb=4.32
iter 17550/20000: loss=0.11229 false_bg=0.1850 grad_norm=0.6089 sec_per_update=0.283 peak_gpu_gb=4.32
iter 17600/20000: loss=0.25938 false_bg=0.0500 grad_norm=3.5345 sec_per_update=0.283 peak_gpu_gb=4.32
iter 17650/20000: loss=0.18058 false_bg=0.0850 grad_norm=1.1830 sec_per_update=0.283 peak_gpu_gb=4.32
iter 17700/20000: loss=0.55292 false_bg=0.7277 grad_norm=18.6102 sec_per_update=0.282 peak_gpu_gb=4.32
iter 17750/20000: loss=0.64425 false_bg=0.0787 grad_norm=4.5697 sec_per_update=0.282 peak_gpu_gb=4.32
iter 17800/20000: loss=0.09785 false_bg=0.0976 grad_norm=2.5947 sec_per_update=0.282 peak_gpu_gb=4.32
iter 17850/20000: loss=0.43209 false_bg=0.2523 grad_norm=4.5598 sec_per_update=0.282 peak_gpu_gb=4.32
iter 17900/20000: loss=0.17081 false_bg=0.0560 grad_norm=1.3189 sec_per_update=0.281 peak_gpu_gb=4.32
iter 17950/20000: loss=0.52742 false_bg=0.1237 grad_norm=3.6523 sec_per_update=0.281 peak_gpu_gb=4.32
iter 18000/20000: loss=0.13097 false_bg=0.1106 grad_norm=0.7516 sec_per_update=0.281 peak_gpu_gb=4.32
{"iter": 18000, "val": {"mIoU": 0.691737649904996, "per_class_iou": {"1": 0.5823720525294326, "2": 0.8196430199565222, "3": 0.7251640551490984, "4": 0.8383497324278125, "5": 0.35248219497921945, "6": 0.8563535597502553, "7": 0.6969267121451055, "8": 0.6626098723025216}, "classes_in_mean": [1, 2, 3, 4, 5, 6, 7, 8], "background_false_positive_rate": 0.04236078081140222, "background_false_negative_rate": 0.3519424794979007, "confusion": [[0, 0, 0, 0, 0, 0, 0, 0, 0], [0, 127532010, 11942943, 11101340, 2955740, 8898918, 17250430, 15938368, 1171440], [0, 9356973, 121460023, 271718, 320891, 603029, 701534, 251435, 172613], [0, 4614233, 1214167, 53933627, 7760, 147696, 993030, 416762, 563340], [0, 368489, 2734, 37687, 37437961, 183585, 468307, 1498629, 83], [0, 397239, 4496, 25960, 63199, 7084577, 125977, 1088520, 0], [0, 6826442, 1790585, 937585, 674423, 1095657, 203950951, 2470554, 245088], [0, 558424, 34672, 55195, 637246, 380253, 594050, 55014251, 0], [0, 74185, 58678, 54280, 0, 0, 37474, 0, 4668612]]}, "selection_score": 0.691737649904996}
iter 18050/20000: loss=0.07283 false_bg=0.0447 grad_norm=6.7575 sec_per_update=0.284 peak_gpu_gb=4.32
iter 18100/20000: loss=0.20954 false_bg=0.1030 grad_norm=5.1100 sec_per_update=0.284 peak_gpu_gb=4.32
iter 18150/20000: loss=0.17227 false_bg=0.0505 grad_norm=11.7204 sec_per_update=0.284 peak_gpu_gb=4.32
iter 18200/20000: loss=0.19235 false_bg=0.2184 grad_norm=37.3630 sec_per_update=0.283 peak_gpu_gb=4.32
iter 18250/20000: loss=0.16861 false_bg=0.1097 grad_norm=0.8814 sec_per_update=0.283 peak_gpu_gb=4.32
iter 18300/20000: loss=0.20435 false_bg=0.2458 grad_norm=7.1878 sec_per_update=0.283 peak_gpu_gb=4.32
iter 18350/20000: loss=0.11446 false_bg=0.1339 grad_norm=5.7674 sec_per_update=0.283 peak_gpu_gb=4.32
iter 18400/20000: loss=0.34190 false_bg=0.1759 grad_norm=1.4635 sec_per_update=0.282 peak_gpu_gb=4.32
iter 18450/20000: loss=0.40872 false_bg=0.3602 grad_norm=2.6133 sec_per_update=0.282 peak_gpu_gb=4.32
iter 18500/20000: loss=1.51420 false_bg=0.1175 grad_norm=28.5628 sec_per_update=0.282 peak_gpu_gb=4.32
iter 18550/20000: loss=0.76978 false_bg=0.4448 grad_norm=28.3410 sec_per_update=0.282 peak_gpu_gb=4.32
iter 18600/20000: loss=0.27689 false_bg=0.2885 grad_norm=8.7000 sec_per_update=0.281 peak_gpu_gb=4.32
iter 18650/20000: loss=0.27336 false_bg=0.1047 grad_norm=1.7853 sec_per_update=0.281 peak_gpu_gb=4.32
iter 18700/20000: loss=0.54413 false_bg=0.2169 grad_norm=6.2886 sec_per_update=0.281 peak_gpu_gb=4.32
iter 18750/20000: loss=0.15764 false_bg=0.0131 grad_norm=1.1787 sec_per_update=0.281 peak_gpu_gb=4.32
iter 18800/20000: loss=0.12481 false_bg=0.0314 grad_norm=0.4651 sec_per_update=0.280 peak_gpu_gb=4.32
iter 18850/20000: loss=0.15385 false_bg=0.0819 grad_norm=1.8333 sec_per_update=0.280 peak_gpu_gb=4.32
iter 18900/20000: loss=0.41936 false_bg=0.2059 grad_norm=12.7653 sec_per_update=0.280 peak_gpu_gb=4.32
iter 18950/20000: loss=0.31931 false_bg=0.3303 grad_norm=1.2710 sec_per_update=0.280 peak_gpu_gb=4.32
iter 19000/20000: loss=0.18631 false_bg=0.1756 grad_norm=1.2576 sec_per_update=0.280 peak_gpu_gb=4.32
{"iter": 19000, "val": {"mIoU": 0.6926254266465084, "per_class_iou": {"1": 0.5892254684097227, "2": 0.8237562715518704, "3": 0.7240698147460667, "4": 0.8281945459637869, "5": 0.3656760091955409, "6": 0.8546548521886712, "7": 0.7161627676474712, "8": 0.6392636834689369}, "classes_in_mean": [1, 2, 3, 4, 5, 6, 7, 8], "background_false_positive_rate": 0.03976703241912481, "background_false_negative_rate": 0.34838531820649754, "confusion": [[0, 0, 0, 0, 0, 0, 0, 0, 0], [0, 128232028, 13114167, 11154249, 3434159, 8065719, 17894137, 13552267, 1344463], [0, 7826824, 123013548, 234008, 344189, 485329, 801719, 213778, 218821], [0, 4334071, 1283075, 53649874, 19951, 147456, 1239052, 513959, 703177], [0, 409868, 2589, 20753, 37943753, 173501, 308552, 1138436, 23], [0, 577830, 22602, 19003, 79457, 7036314, 92085, 962677, 0], [0, 6625919, 1695635, 713985, 1125072, 1149186, 204276285, 2185318, 219885], [0, 1004921, 35532, 26135, 814721, 430776, 647845, 54314161, 0], [0, 57493, 40641, 36143, 0, 0, 41443, 0, 4717509]]}, "selection_score": 0.6926254266465084}
iter 19050/20000: loss=0.24730 false_bg=0.0656 grad_norm=4.6281 sec_per_update=0.282 peak_gpu_gb=4.32
iter 19100/20000: loss=0.36806 false_bg=0.1775 grad_norm=4.2314 sec_per_update=0.282 peak_gpu_gb=4.32
iter 19150/20000: loss=0.11481 false_bg=0.0245 grad_norm=3.5166 sec_per_update=0.282 peak_gpu_gb=4.32
iter 19200/20000: loss=0.14264 false_bg=0.1921 grad_norm=2.2701 sec_per_update=0.282 peak_gpu_gb=4.32
iter 19250/20000: loss=0.47141 false_bg=0.2062 grad_norm=4.5050 sec_per_update=0.282 peak_gpu_gb=4.32
iter 19300/20000: loss=0.23940 false_bg=0.0650 grad_norm=25.1340 sec_per_update=0.281 peak_gpu_gb=4.32
iter 19350/20000: loss=0.21078 false_bg=0.1573 grad_norm=4.3407 sec_per_update=0.281 peak_gpu_gb=4.32
iter 19400/20000: loss=0.40430 false_bg=0.2765 grad_norm=3.4487 sec_per_update=0.281 peak_gpu_gb=4.32
iter 19450/20000: loss=0.27519 false_bg=0.1797 grad_norm=1.5532 sec_per_update=0.281 peak_gpu_gb=4.32
iter 19500/20000: loss=0.32769 false_bg=0.2193 grad_norm=3.4492 sec_per_update=0.280 peak_gpu_gb=4.32
iter 19550/20000: loss=0.25607 false_bg=0.1439 grad_norm=5.3067 sec_per_update=0.280 peak_gpu_gb=4.32
iter 19600/20000: loss=0.09529 false_bg=0.0366 grad_norm=1.7569 sec_per_update=0.280 peak_gpu_gb=4.32
iter 19650/20000: loss=0.15186 false_bg=0.2339 grad_norm=9.2499 sec_per_update=0.280 peak_gpu_gb=4.32
iter 19700/20000: loss=0.31893 false_bg=0.3550 grad_norm=7.3919 sec_per_update=0.280 peak_gpu_gb=4.32
iter 19750/20000: loss=0.40250 false_bg=0.2093 grad_norm=2.9981 sec_per_update=0.279 peak_gpu_gb=4.32
iter 19800/20000: loss=0.70022 false_bg=0.2872 grad_norm=9.5360 sec_per_update=0.279 peak_gpu_gb=4.32
iter 19850/20000: loss=0.11209 false_bg=0.0553 grad_norm=0.4191 sec_per_update=0.279 peak_gpu_gb=4.32
iter 19900/20000: loss=0.43490 false_bg=0.3314 grad_norm=19.0221 sec_per_update=0.279 peak_gpu_gb=4.32
iter 19950/20000: loss=0.18419 false_bg=0.1171 grad_norm=2.5816 sec_per_update=0.278 peak_gpu_gb=4.32
iter 20000/20000: loss=0.45592 false_bg=0.1377 grad_norm=2.1009 sec_per_update=0.278 peak_gpu_gb=4.32
{"iter": 20000, "val": {"mIoU": 0.6893910664867248, "per_class_iou": {"1": 0.578726662460394, "2": 0.8207941971049842, "3": 0.7075033559282177, "4": 0.8314700466995535, "5": 0.360357892777775, "6": 0.8589661544397537, "7": 0.7209482471444688, "8": 0.6363619753386514}, "classes_in_mean": [1, 2, 3, 4, 5, 6, 7, 8], "background_false_positive_rate": 0.03661370758196215, "background_false_negative_rate": 0.36485477507837, "confusion": [[0, 0, 0, 0, 0, 0, 0, 0, 0], [0, 124990984, 14564255, 15064918, 3209394, 8514526, 16026487, 13023202, 1397423], [0, 6759720, 123965448, 479598, 380561, 594251, 582105, 179325, 197208], [0, 2945430, 1202851, 55870454, 9203, 126158, 769820, 326896, 639803], [0, 506383, 3169, 38626, 37676280, 204632, 439170, 1129108, 107], [0, 471129, 12384, 32399, 58856, 7117650, 101884, 995666, 0], [0, 7237473, 2016212, 1330973, 821615, 1104449, 203280994, 1938692, 260877], [0, 1216208, 40309, 77489, 835749, 417630, 711488, 53975218, 0], [0, 48320, 53701, 53847, 0, 0, 35507, 0, 4701854]]}, "selection_score": 0.6893910664867248}
completed: /root/hyperseg/runs/mask2former_uav/h3_bgfix_loss01_20k_seed3407
