Loads checkpoint by local backend from path: /root/hyperseg/models/swin_l/swin_large_patch4_window12_384_22k_20220412-6580f57d.pth
Swin pretrained missing=['norm0.weight', 'norm0.bias', 'norm1.weight', 'norm1.bias', 'norm2.weight', 'norm2.bias', 'norm3.weight', 'norm3.bias'], unexpected=['norm.weight', 'norm.bias', 'stages.0.blocks.1.attn_mask', 'stages.1.blocks.1.attn_mask', 'stages.2.blocks.1.attn_mask', 'stages.2.blocks.3.attn_mask', 'stages.2.blocks.5.attn_mask', 'stages.2.blocks.7.attn_mask', 'stages.2.blocks.9.attn_mask', 'stages.2.blocks.11.attn_mask', 'stages.2.blocks.13.attn_mask', 'stages.2.blocks.15.attn_mask', 'stages.2.blocks.17.attn_mask']
{"preset": "baseline", "data_root": "/root/hyperseg/dataset/low_altitude_2026", "image_dir": "/root/hyperseg/dataset/low_altitude_2026/train/images", "mask_dir": "/root/hyperseg/dataset/low_altitude_2026/train/masks", "split_dir": "/root/hyperseg/runs/splits", "work_dir": "/root/hyperseg/runs/mask2former_uav/h3_bgfix_baseline_20k_seed3407", "class_counts": "/root/hyperseg/experiment/h3_bgfix_20260930/configs/train_class_pixel_counts.json", "backbone_checkpoint": "/root/hyperseg/models/swin_l/swin_large_patch4_window12_384_22k_20220412-6580f57d.pth", "no_pretrained": false, "size": 512, "batch_size": 2, "accumulative_counts": 1, "max_iters": 20000, "val_interval": 1000, "val_size": 0, "val_max_images": 0, "num_workers": 4, "lr": 0.0001, "backbone_lr_multiplier": 0.1, "seed": 3407, "with_checkpointing": true, "resume": null, "drop_optimizer_state": true, "eval_checkpoint": null, "eval_split": "test", "aug_mode": "legacy", "false_bg_weight": 0.0, "class_weight_mode": "none", "class_weight_floor": 0.7, "class_weight_cap": 3.0, "loss_rare_classes": [5, 7, 8], "crop_rare_classes": [3, 4, 5, 7, 8], "proxy_weight": 0.0, "proxy_scales": [0.5, 0.625, 0.75], "proxy_max_images": 200, "proxy_every": 2, "scale_min": 0.4, "scale_max": 1.5, "gsd_prob": 0.5, "gsd_min": 0.5, "gsd_max": 1.0, "photo_prob": 0.8, "scene_crop_prob": 0.5, "model_config": {"classes": 9, "target_widths": [64, 128, 320, 512], "context_dim": 128, "adapter_rank": 8, "adapter_scale": 0.1, "pretrained_checkpoint": "/root/hyperseg/models/swin_l/swin_large_patch4_window12_384_22k_20220412-6580f57d.pth", "with_cp": true}, "train_samples": 5598, "val_samples": 699, "proxy_val_samples": {}, "class_weight_payload": null, "param_counts": {"total": 197065410, "backbone": 195201204}}
/root/miniconda3/lib/python3.12/site-packages/torch/utils/checkpoint.py:464: UserWarning: torch.utils.checkpoint: the use_reentrant parameter should be passed explicitly. In version 2.4 we will raise an exception if use_reentrant is not passed. use_reentrant=False is recommended, but if you need to preserve the current default behavior, you can pass use_reentrant=True. Refer to docs for more details on the differences between the two variants.
  warnings.warn(
iter 1/20000: loss=1.37848 false_bg=0.0000 grad_norm=3.9029 sec_per_update=2.223 peak_gpu_gb=3.97
iter 50/20000: loss=1.23872 false_bg=0.0000 grad_norm=3.7805 sec_per_update=0.230 peak_gpu_gb=4.01
iter 100/20000: loss=0.91005 false_bg=0.0000 grad_norm=3.3039 sec_per_update=0.210 peak_gpu_gb=4.01
iter 150/20000: loss=0.93264 false_bg=0.0000 grad_norm=4.2745 sec_per_update=0.204 peak_gpu_gb=4.01
iter 200/20000: loss=1.17735 false_bg=0.0000 grad_norm=4.0966 sec_per_update=0.201 peak_gpu_gb=4.01
iter 250/20000: loss=0.89502 false_bg=0.0000 grad_norm=3.8823 sec_per_update=0.199 peak_gpu_gb=4.01
iter 300/20000: loss=0.51584 false_bg=0.0000 grad_norm=4.7806 sec_per_update=0.197 peak_gpu_gb=4.01
iter 350/20000: loss=0.71521 false_bg=0.0000 grad_norm=2.4752 sec_per_update=0.197 peak_gpu_gb=4.01
iter 400/20000: loss=0.78129 false_bg=0.0000 grad_norm=8.5764 sec_per_update=0.196 peak_gpu_gb=4.01
iter 450/20000: loss=0.49547 false_bg=0.0000 grad_norm=2.1934 sec_per_update=0.195 peak_gpu_gb=4.01
iter 500/20000: loss=0.41093 false_bg=0.0000 grad_norm=4.6898 sec_per_update=0.195 peak_gpu_gb=4.01
iter 550/20000: loss=0.39911 false_bg=0.0000 grad_norm=6.9834 sec_per_update=0.194 peak_gpu_gb=4.01
iter 600/20000: loss=0.39756 false_bg=0.0000 grad_norm=2.4545 sec_per_update=0.194 peak_gpu_gb=4.01
iter 650/20000: loss=0.47673 false_bg=0.0000 grad_norm=2.9142 sec_per_update=0.194 peak_gpu_gb=4.01
iter 700/20000: loss=0.48391 false_bg=0.0000 grad_norm=6.3015 sec_per_update=0.194 peak_gpu_gb=4.01
iter 750/20000: loss=0.41535 false_bg=0.0000 grad_norm=2.1740 sec_per_update=0.194 peak_gpu_gb=4.01
iter 800/20000: loss=0.73732 false_bg=0.0000 grad_norm=4.2044 sec_per_update=0.194 peak_gpu_gb=4.01
iter 850/20000: loss=0.57479 false_bg=0.0000 grad_norm=2.6061 sec_per_update=0.194 peak_gpu_gb=4.01
iter 900/20000: loss=0.50684 false_bg=0.0000 grad_norm=3.0970 sec_per_update=0.193 peak_gpu_gb=4.01
iter 950/20000: loss=0.56601 false_bg=0.0000 grad_norm=3.8093 sec_per_update=0.194 peak_gpu_gb=4.01
iter 1000/20000: loss=0.47500 false_bg=0.0000 grad_norm=2.6659 sec_per_update=0.193 peak_gpu_gb=4.01
{"iter": 1000, "val": {"mIoU": 0.6056745593449383, "per_class_iou": {"1": 0.45379567026490103, "2": 0.7363844943855886, "3": 0.6068729909912937, "4": 0.7208634520837129, "5": 0.2883715621671913, "6": 0.8086332395174824, "7": 0.6643605416098068, "8": 0.5661145237395293}, "classes_in_mean": [1, 2, 3, 4, 5, 6, 7, 8], "background_false_positive_rate": 0.08183168262156323, "background_false_negative_rate": 0.44732929582533293, "confusion": [[0, 0, 0, 0, 0, 0, 0, 0, 0], [0, 108760725, 25347511, 21206040, 5906839, 5072561, 19443162, 9299021, 1755330], [0, 11171446, 118977846, 854480, 728576, 330311, 832201, 91136, 152220], [0, 5941937, 1016417, 51837158, 654284, 38175, 1234394, 360360, 807890], [0, 1710282, 8125, 261276, 35578752, 229363, 904189, 1299637, 5851], [0, 2727176, 36683, 117936, 85801, 4747489, 227975, 846908, 0], [0, 14420776, 1801170, 1001704, 1584641, 763863, 195494424, 2743276, 181431], [0, 6772405, 10594, 10516, 397750, 1238856, 1066280, 47777109, 581], [0, 133724, 211560, 74248, 378, 0, 59589, 0, 4413730]]}, "selection_score": 0.6056745593449383}
iter 1050/20000: loss=0.53837 false_bg=0.0000 grad_norm=4.2285 sec_per_update=0.250 peak_gpu_gb=4.32
iter 1100/20000: loss=0.66805 false_bg=0.0000 grad_norm=2.5263 sec_per_update=0.248 peak_gpu_gb=4.32
iter 1150/20000: loss=0.27566 false_bg=0.0000 grad_norm=4.5291 sec_per_update=0.245 peak_gpu_gb=4.32
iter 1200/20000: loss=0.41798 false_bg=0.0000 grad_norm=8.9500 sec_per_update=0.243 peak_gpu_gb=4.32
iter 1250/20000: loss=0.37722 false_bg=0.0000 grad_norm=4.0538 sec_per_update=0.241 peak_gpu_gb=4.32
iter 1300/20000: loss=0.70742 false_bg=0.0000 grad_norm=7.2596 sec_per_update=0.239 peak_gpu_gb=4.32
iter 1350/20000: loss=0.63402 false_bg=0.0000 grad_norm=4.1124 sec_per_update=0.237 peak_gpu_gb=4.32
iter 1400/20000: loss=1.00074 false_bg=0.0000 grad_norm=5.2160 sec_per_update=0.236 peak_gpu_gb=4.32
iter 1450/20000: loss=0.57633 false_bg=0.0000 grad_norm=2.4152 sec_per_update=0.234 peak_gpu_gb=4.32
iter 1500/20000: loss=0.33307 false_bg=0.0000 grad_norm=1.9762 sec_per_update=0.233 peak_gpu_gb=4.32
iter 1550/20000: loss=0.68897 false_bg=0.0000 grad_norm=11.4446 sec_per_update=0.231 peak_gpu_gb=4.32
iter 1600/20000: loss=0.72004 false_bg=0.0000 grad_norm=7.7097 sec_per_update=0.230 peak_gpu_gb=4.32
iter 1650/20000: loss=0.36581 false_bg=0.0000 grad_norm=5.8922 sec_per_update=0.229 peak_gpu_gb=4.32
iter 1700/20000: loss=0.29984 false_bg=0.0000 grad_norm=1.1769 sec_per_update=0.228 peak_gpu_gb=4.32
iter 1750/20000: loss=0.31545 false_bg=0.0000 grad_norm=1.6698 sec_per_update=0.227 peak_gpu_gb=4.32
iter 1800/20000: loss=0.64203 false_bg=0.0000 grad_norm=5.3441 sec_per_update=0.226 peak_gpu_gb=4.32
iter 1850/20000: loss=0.22398 false_bg=0.0000 grad_norm=1.9669 sec_per_update=0.225 peak_gpu_gb=4.32
iter 1900/20000: loss=0.45564 false_bg=0.0000 grad_norm=2.4271 sec_per_update=0.225 peak_gpu_gb=4.32
iter 1950/20000: loss=0.34562 false_bg=0.0000 grad_norm=10.6320 sec_per_update=0.224 peak_gpu_gb=4.32
iter 2000/20000: loss=0.62776 false_bg=0.0000 grad_norm=2.9385 sec_per_update=0.223 peak_gpu_gb=4.32
{"iter": 2000, "val": {"mIoU": 0.6228058184717147, "per_class_iou": {"1": 0.45540147567835043, "2": 0.7678090014562484, "3": 0.6065773350913409, "4": 0.778393876667589, "5": 0.31444652273827006, "6": 0.8258137180813392, "7": 0.6753690886095588, "8": 0.5586355294510205}, "classes_in_mean": [1, 2, 3, 4, 5, 6, 7, 8], "background_false_positive_rate": 0.044667462006322635, "background_false_negative_rate": 0.49043704390647286, "confusion": [[0, 0, 0, 0, 0, 0, 0, 0, 0], [0, 100277500, 22868399, 25429973, 3816245, 8377330, 21453349, 12562175, 2006218], [0, 7802137, 121794539, 900961, 493147, 537469, 1071295, 101135, 437533], [0, 3938509, 582082, 54814847, 24101, 65124, 1065910, 722212, 677830], [0, 691267, 12839, 564705, 36200736, 419176, 515301, 1585266, 8185], [0, 964921, 51274, 70296, 72999, 6548446, 108583, 972767, 682], [0, 7512825, 1757038, 1407394, 1562043, 1176801, 200689206, 3728443, 157535], [0, 2445913, 100253, 9708, 540334, 1459441, 751009, 51967010, 423], [0, 49056, 115988, 93798, 620, 0, 63215, 0, 4570552]]}, "selection_score": 0.6228058184717147}
iter 2050/20000: loss=0.53127 false_bg=0.0000 grad_norm=3.8445 sec_per_update=0.251 peak_gpu_gb=4.32
iter 2100/20000: loss=0.39104 false_bg=0.0000 grad_norm=2.2380 sec_per_update=0.250 peak_gpu_gb=4.32
iter 2150/20000: loss=0.18620 false_bg=0.0000 grad_norm=1.8773 sec_per_update=0.249 peak_gpu_gb=4.32
iter 2200/20000: loss=0.17821 false_bg=0.0000 grad_norm=2.0536 sec_per_update=0.247 peak_gpu_gb=4.32
iter 2250/20000: loss=0.27609 false_bg=0.0000 grad_norm=2.8752 sec_per_update=0.246 peak_gpu_gb=4.32
iter 2300/20000: loss=0.14037 false_bg=0.0000 grad_norm=1.5106 sec_per_update=0.245 peak_gpu_gb=4.32
iter 2350/20000: loss=0.23153 false_bg=0.0000 grad_norm=9.2968 sec_per_update=0.244 peak_gpu_gb=4.32
iter 2400/20000: loss=0.39114 false_bg=0.0000 grad_norm=3.7613 sec_per_update=0.243 peak_gpu_gb=4.32
iter 2450/20000: loss=0.27817 false_bg=0.0000 grad_norm=1.4791 sec_per_update=0.242 peak_gpu_gb=4.32
iter 2500/20000: loss=0.17560 false_bg=0.0000 grad_norm=2.5338 sec_per_update=0.241 peak_gpu_gb=4.32
iter 2550/20000: loss=0.41426 false_bg=0.0000 grad_norm=4.1604 sec_per_update=0.240 peak_gpu_gb=4.32
iter 2600/20000: loss=0.84319 false_bg=0.0000 grad_norm=4.8068 sec_per_update=0.239 peak_gpu_gb=4.32
iter 2650/20000: loss=0.55425 false_bg=0.0000 grad_norm=8.1075 sec_per_update=0.238 peak_gpu_gb=4.32
iter 2700/20000: loss=0.27719 false_bg=0.0000 grad_norm=6.0733 sec_per_update=0.237 peak_gpu_gb=4.32
iter 2750/20000: loss=0.43909 false_bg=0.0000 grad_norm=4.7993 sec_per_update=0.236 peak_gpu_gb=4.32
iter 2800/20000: loss=0.43207 false_bg=0.0000 grad_norm=4.2878 sec_per_update=0.236 peak_gpu_gb=4.32
iter 2850/20000: loss=0.53380 false_bg=0.0000 grad_norm=6.2759 sec_per_update=0.235 peak_gpu_gb=4.32
iter 2900/20000: loss=0.08844 false_bg=0.0000 grad_norm=1.1375 sec_per_update=0.234 peak_gpu_gb=4.32
iter 2950/20000: loss=0.20518 false_bg=0.0000 grad_norm=3.9587 sec_per_update=0.234 peak_gpu_gb=4.32
iter 3000/20000: loss=0.18374 false_bg=0.0000 grad_norm=2.1046 sec_per_update=0.233 peak_gpu_gb=4.32
{"iter": 3000, "val": {"mIoU": 0.638511056227193, "per_class_iou": {"1": 0.504033773814193, "2": 0.7818469483060954, "3": 0.6404924652569054, "4": 0.7703543335159524, "5": 0.25310797581169403, "6": 0.827145858358859, "7": 0.6714114463578572, "8": 0.6596956483959874}, "classes_in_mean": [1, 2, 3, 4, 5, 6, 7, 8], "background_false_positive_rate": 0.060625041911598974, "background_false_negative_rate": 0.4146051833651963, "confusion": [[0, 0, 0, 0, 0, 0, 0, 0, 0], [0, 115200542, 18553789, 20294857, 4269132, 2353550, 19929714, 14998459, 1191146], [0, 10462446, 120327759, 549834, 494920, 242204, 711710, 218394, 130949], [0, 5025738, 439503, 54015077, 56372, 13838, 1122672, 735089, 482326], [0, 709785, 4458, 448446, 36429813, 82138, 453676, 1866817, 2342], [0, 4094791, 25912, 58798, 89463, 3044038, 116475, 1360491, 0], [0, 9551168, 1606927, 969884, 1887576, 276971, 199116102, 4458108, 124549], [0, 1803095, 34078, 12442, 493680, 267969, 337954, 54324873, 0], [0, 118976, 99053, 108789, 1066, 0, 63225, 0, 4502120]]}, "selection_score": 0.638511056227193}
iter 3050/20000: loss=0.61937 false_bg=0.0000 grad_norm=4.8574 sec_per_update=0.252 peak_gpu_gb=4.32
iter 3100/20000: loss=0.14133 false_bg=0.0000 grad_norm=3.4752 sec_per_update=0.251 peak_gpu_gb=4.32
iter 3150/20000: loss=0.35810 false_bg=0.0000 grad_norm=4.0061 sec_per_update=0.250 peak_gpu_gb=4.32
iter 3200/20000: loss=0.35644 false_bg=0.0000 grad_norm=2.4653 sec_per_update=0.249 peak_gpu_gb=4.32
iter 3250/20000: loss=0.17966 false_bg=0.0000 grad_norm=1.2386 sec_per_update=0.248 peak_gpu_gb=4.32
iter 3300/20000: loss=0.14204 false_bg=0.0000 grad_norm=0.8020 sec_per_update=0.247 peak_gpu_gb=4.32
iter 3350/20000: loss=0.18410 false_bg=0.0000 grad_norm=1.7342 sec_per_update=0.246 peak_gpu_gb=4.32
iter 3400/20000: loss=0.44922 false_bg=0.0000 grad_norm=4.1953 sec_per_update=0.246 peak_gpu_gb=4.32
iter 3450/20000: loss=0.59144 false_bg=0.0000 grad_norm=2.3190 sec_per_update=0.245 peak_gpu_gb=4.32
iter 3500/20000: loss=0.21986 false_bg=0.0000 grad_norm=3.7273 sec_per_update=0.244 peak_gpu_gb=4.32
iter 3550/20000: loss=0.33371 false_bg=0.0000 grad_norm=4.6255 sec_per_update=0.243 peak_gpu_gb=4.32
iter 3600/20000: loss=0.18647 false_bg=0.0000 grad_norm=1.6558 sec_per_update=0.243 peak_gpu_gb=4.32
iter 3650/20000: loss=0.43953 false_bg=0.0000 grad_norm=9.5800 sec_per_update=0.242 peak_gpu_gb=4.32
iter 3700/20000: loss=0.17930 false_bg=0.0000 grad_norm=0.8754 sec_per_update=0.241 peak_gpu_gb=4.32
iter 3750/20000: loss=0.27382 false_bg=0.0000 grad_norm=1.4691 sec_per_update=0.241 peak_gpu_gb=4.32
iter 3800/20000: loss=0.13150 false_bg=0.0000 grad_norm=2.2601 sec_per_update=0.240 peak_gpu_gb=4.32
iter 3850/20000: loss=0.48815 false_bg=0.0000 grad_norm=1.9540 sec_per_update=0.239 peak_gpu_gb=4.32
iter 3900/20000: loss=0.23993 false_bg=0.0000 grad_norm=5.3577 sec_per_update=0.239 peak_gpu_gb=4.32
iter 3950/20000: loss=0.23141 false_bg=0.0000 grad_norm=3.2738 sec_per_update=0.238 peak_gpu_gb=4.32
iter 4000/20000: loss=0.27077 false_bg=0.0000 grad_norm=1.8785 sec_per_update=0.238 peak_gpu_gb=4.32
{"iter": 4000, "val": {"mIoU": 0.6559167204669142, "per_class_iou": {"1": 0.5528261676531141, "2": 0.7903035334023046, "3": 0.668995617061287, "4": 0.7991684674454541, "5": 0.34917562369442867, "6": 0.832614843591637, "7": 0.7006227700107, "8": 0.553626740876388}, "classes_in_mean": [1, 2, 3, 4, 5, 6, 7, 8], "background_false_positive_rate": 0.0746433399147748, "background_false_negative_rate": 0.33730247953326814, "confusion": [[0, 0, 0, 0, 0, 0, 0, 0, 0], [0, 130413033, 13564134, 11960328, 3101490, 3972222, 20734834, 11071095, 1974053], [0, 13188402, 117423005, 269451, 470950, 339084, 918474, 133155, 395695], [0, 8554863, 231016, 50360826, 9109, 5164, 1342904, 449123, 937610], [0, 1134588, 4198, 562166, 35708121, 259460, 765903, 1546988, 16051], [0, 2776209, 21439, 29761, 28889, 4927440, 211046, 795152, 32], [0, 9844637, 1490379, 540963, 644392, 149158, 201925985, 3100708, 295063], [0, 3532669, 89556, 3255, 429289, 596582, 517206, 52105534, 0], [0, 79867, 40690, 21721, 0, 0, 38628, 0, 4712323]]}, "selection_score": 0.6559167204669142}
iter 4050/20000: loss=0.20600 false_bg=0.0000 grad_norm=1.7664 sec_per_update=0.252 peak_gpu_gb=4.32
iter 4100/20000: loss=0.37955 false_bg=0.0000 grad_norm=9.7050 sec_per_update=0.251 peak_gpu_gb=4.32
iter 4150/20000: loss=0.24464 false_bg=0.0000 grad_norm=3.0994 sec_per_update=0.250 peak_gpu_gb=4.32
iter 4200/20000: loss=0.23872 false_bg=0.0000 grad_norm=1.7828 sec_per_update=0.250 peak_gpu_gb=4.32
iter 4250/20000: loss=0.42010 false_bg=0.0000 grad_norm=9.0668 sec_per_update=0.249 peak_gpu_gb=4.32
iter 4300/20000: loss=0.30770 false_bg=0.0000 grad_norm=4.1021 sec_per_update=0.248 peak_gpu_gb=4.32
iter 4350/20000: loss=0.72955 false_bg=0.0000 grad_norm=17.3193 sec_per_update=0.248 peak_gpu_gb=4.32
iter 4400/20000: loss=0.08072 false_bg=0.0000 grad_norm=0.5547 sec_per_update=0.247 peak_gpu_gb=4.32
iter 4450/20000: loss=0.21271 false_bg=0.0000 grad_norm=1.2024 sec_per_update=0.246 peak_gpu_gb=4.32
iter 4500/20000: loss=0.53949 false_bg=0.0000 grad_norm=7.1095 sec_per_update=0.246 peak_gpu_gb=4.32
iter 4550/20000: loss=0.62766 false_bg=0.0000 grad_norm=4.8997 sec_per_update=0.245 peak_gpu_gb=4.32
iter 4600/20000: loss=0.55695 false_bg=0.0000 grad_norm=6.0241 sec_per_update=0.245 peak_gpu_gb=4.32
iter 4650/20000: loss=0.24920 false_bg=0.0000 grad_norm=3.8424 sec_per_update=0.244 peak_gpu_gb=4.32
iter 4700/20000: loss=0.49735 false_bg=0.0000 grad_norm=3.0048 sec_per_update=0.244 peak_gpu_gb=4.32
iter 4750/20000: loss=0.60893 false_bg=0.0000 grad_norm=14.1880 sec_per_update=0.247 peak_gpu_gb=4.32
iter 4800/20000: loss=0.28176 false_bg=0.0000 grad_norm=6.1617 sec_per_update=0.251 peak_gpu_gb=4.32
iter 4850/20000: loss=0.46088 false_bg=0.0000 grad_norm=5.5836 sec_per_update=0.255 peak_gpu_gb=4.32
iter 4900/20000: loss=0.24214 false_bg=0.0000 grad_norm=1.7021 sec_per_update=0.258 peak_gpu_gb=4.32
iter 4950/20000: loss=0.21855 false_bg=0.0000 grad_norm=0.9505 sec_per_update=0.262 peak_gpu_gb=4.32
iter 5000/20000: loss=0.31407 false_bg=0.0000 grad_norm=2.1116 sec_per_update=0.265 peak_gpu_gb=4.32
{"iter": 5000, "val": {"mIoU": 0.6591537355514224, "per_class_iou": {"1": 0.5150562262910326, "2": 0.7942347088995783, "3": 0.6415454085841557, "4": 0.7954038373657587, "5": 0.35245861070077794, "6": 0.8385641414726975, "7": 0.6848754181544505, "8": 0.6510915329429281}, "classes_in_mean": [1, 2, 3, 4, 5, 6, 7, 8], "background_false_positive_rate": 0.044856894752009664, "background_false_negative_rate": 0.4234276921818893, "confusion": [[0, 0, 0, 0, 0, 0, 0, 0, 0], [0, 113464350, 15715764, 21686872, 3161956, 7512197, 19257635, 14786426, 1205989], [0, 9617856, 120471125, 622522, 473564, 480415, 758053, 541932, 172749], [0, 3539816, 927433, 55643190, 7677, 53219, 600030, 631740, 487510], [0, 622857, 4193, 311631, 36050559, 188939, 597889, 2220130, 1277], [0, 663418, 8657, 46259, 83032, 6416171, 233201, 1339230, 0], [0, 7801747, 1779343, 2023299, 1246404, 862358, 201958078, 2134524, 185532], [0, 1160790, 4035, 24822, 352540, 316945, 1359062, 54055897, 0], [0, 97402, 104379, 127030, 944, 0, 40806, 0, 4522668]]}, "selection_score": 0.6591537355514224}
iter 5050/20000: loss=0.35784 false_bg=0.0000 grad_norm=2.2295 sec_per_update=0.301 peak_gpu_gb=4.32
iter 5100/20000: loss=0.66610 false_bg=0.0000 grad_norm=7.4164 sec_per_update=0.304 peak_gpu_gb=4.32
iter 5150/20000: loss=0.31602 false_bg=0.0000 grad_norm=2.2629 sec_per_update=0.307 peak_gpu_gb=4.32
iter 5200/20000: loss=0.28912 false_bg=0.0000 grad_norm=4.5414 sec_per_update=0.310 peak_gpu_gb=4.32
iter 5250/20000: loss=0.34065 false_bg=0.0000 grad_norm=3.8716 sec_per_update=0.312 peak_gpu_gb=4.32
iter 5300/20000: loss=0.33950 false_bg=0.0000 grad_norm=5.8923 sec_per_update=0.315 peak_gpu_gb=4.32
iter 5350/20000: loss=0.59265 false_bg=0.0000 grad_norm=5.8442 sec_per_update=0.318 peak_gpu_gb=4.32
iter 5400/20000: loss=0.15356 false_bg=0.0000 grad_norm=1.0503 sec_per_update=0.320 peak_gpu_gb=4.32
iter 5450/20000: loss=0.40305 false_bg=0.0000 grad_norm=2.6414 sec_per_update=0.323 peak_gpu_gb=4.32
iter 5500/20000: loss=0.22425 false_bg=0.0000 grad_norm=2.2229 sec_per_update=0.326 peak_gpu_gb=4.32
iter 5550/20000: loss=0.34335 false_bg=0.0000 grad_norm=2.4225 sec_per_update=0.330 peak_gpu_gb=4.32
iter 5600/20000: loss=0.45719 false_bg=0.0000 grad_norm=13.3542 sec_per_update=0.333 peak_gpu_gb=4.32
iter 5650/20000: loss=0.15879 false_bg=0.0000 grad_norm=1.9858 sec_per_update=0.336 peak_gpu_gb=4.32
iter 5700/20000: loss=0.34659 false_bg=0.0000 grad_norm=3.1758 sec_per_update=0.339 peak_gpu_gb=4.32
iter 5750/20000: loss=0.42311 false_bg=0.0000 grad_norm=2.9283 sec_per_update=0.341 peak_gpu_gb=4.32
iter 5800/20000: loss=0.30375 false_bg=0.0000 grad_norm=4.0143 sec_per_update=0.344 peak_gpu_gb=4.32
iter 5850/20000: loss=0.57986 false_bg=0.0000 grad_norm=5.0390 sec_per_update=0.346 peak_gpu_gb=4.32
iter 5900/20000: loss=0.27691 false_bg=0.0000 grad_norm=2.1004 sec_per_update=0.348 peak_gpu_gb=4.32
iter 5950/20000: loss=0.19787 false_bg=0.0000 grad_norm=1.7839 sec_per_update=0.350 peak_gpu_gb=4.32
iter 6000/20000: loss=0.30050 false_bg=0.0000 grad_norm=1.9348 sec_per_update=0.352 peak_gpu_gb=4.32
{"iter": 6000, "val": {"mIoU": 0.6788368755237306, "per_class_iou": {"1": 0.5705754064965417, "2": 0.8041654797661562, "3": 0.6950138639671339, "4": 0.8027380887575326, "5": 0.3684188604968875, "6": 0.8434277838305575, "7": 0.6782616205174001, "8": 0.6680939003576353}, "classes_in_mean": [1, 2, 3, 4, 5, 6, 7, 8], "background_false_positive_rate": 0.06557163020023332, "background_false_negative_rate": 0.3298075047455504, "confusion": [[0, 0, 0, 0, 0, 0, 0, 0, 0], [0, 131887978, 13743738, 9271333, 3580861, 6092219, 16492782, 14625594, 1096684], [0, 10629857, 119615809, 176800, 489213, 407340, 1053890, 589319, 175988], [0, 8673713, 255086, 50036204, 40991, 53635, 1275792, 1017751, 537443], [0, 601259, 3937, 39281, 36777171, 170437, 377610, 2027036, 744], [0, 1420796, 8310, 17191, 104222, 6032612, 160721, 1046116, 0], [0, 10745767, 1513829, 532880, 1161471, 540388, 200801551, 2565988, 129411], [0, 2158390, 7871, 1608, 440425, 320343, 663831, 53681623, 0], [0, 128105, 74280, 63394, 0, 0, 62031, 0, 4565419]]}, "selection_score": 0.6788368755237306}
iter 6050/20000: loss=0.25422 false_bg=0.0000 grad_norm=3.7289 sec_per_update=0.381 peak_gpu_gb=4.32
iter 6100/20000: loss=0.30729 false_bg=0.0000 grad_norm=1.5514 sec_per_update=0.383 peak_gpu_gb=4.32
iter 6150/20000: loss=0.35051 false_bg=0.0000 grad_norm=1.8136 sec_per_update=0.385 peak_gpu_gb=4.32
iter 6200/20000: loss=0.34300 false_bg=0.0000 grad_norm=2.5852 sec_per_update=0.387 peak_gpu_gb=4.32
iter 6250/20000: loss=0.20959 false_bg=0.0000 grad_norm=1.4287 sec_per_update=0.388 peak_gpu_gb=4.32
iter 6300/20000: loss=0.44661 false_bg=0.0000 grad_norm=3.4400 sec_per_update=0.390 peak_gpu_gb=4.32
iter 6350/20000: loss=0.18844 false_bg=0.0000 grad_norm=1.3157 sec_per_update=0.392 peak_gpu_gb=4.32
iter 6400/20000: loss=0.47836 false_bg=0.0000 grad_norm=2.7091 sec_per_update=0.393 peak_gpu_gb=4.32
iter 6450/20000: loss=0.38996 false_bg=0.0000 grad_norm=4.7890 sec_per_update=0.395 peak_gpu_gb=4.32
iter 6500/20000: loss=0.24255 false_bg=0.0000 grad_norm=2.1996 sec_per_update=0.397 peak_gpu_gb=4.32
iter 6550/20000: loss=0.34983 false_bg=0.0000 grad_norm=2.0460 sec_per_update=0.399 peak_gpu_gb=4.32
iter 6600/20000: loss=0.38944 false_bg=0.0000 grad_norm=9.6232 sec_per_update=0.402 peak_gpu_gb=4.32
iter 6650/20000: loss=0.17127 false_bg=0.0000 grad_norm=1.9260 sec_per_update=0.404 peak_gpu_gb=4.32
iter 6700/20000: loss=0.26324 false_bg=0.0000 grad_norm=3.1759 sec_per_update=0.406 peak_gpu_gb=4.32
iter 6750/20000: loss=0.25634 false_bg=0.0000 grad_norm=2.8089 sec_per_update=0.407 peak_gpu_gb=4.32
iter 6800/20000: loss=0.17553 false_bg=0.0000 grad_norm=1.3313 sec_per_update=0.409 peak_gpu_gb=4.32
iter 6850/20000: loss=0.45374 false_bg=0.0000 grad_norm=3.1978 sec_per_update=0.410 peak_gpu_gb=4.32
iter 6900/20000: loss=0.14684 false_bg=0.0000 grad_norm=1.5524 sec_per_update=0.411 peak_gpu_gb=4.32
iter 6950/20000: loss=0.34535 false_bg=0.0000 grad_norm=4.8961 sec_per_update=0.413 peak_gpu_gb=4.32
iter 7000/20000: loss=0.12587 false_bg=0.0000 grad_norm=0.8480 sec_per_update=0.414 peak_gpu_gb=4.32
{"iter": 7000, "val": {"mIoU": 0.6707331533075004, "per_class_iou": {"1": 0.5478640786841312, "2": 0.7917898481413679, "3": 0.6936201079566817, "4": 0.8070031985465306, "5": 0.36375153525470916, "6": 0.8251433364836779, "7": 0.6597162132378334, "8": 0.6769769081550712}, "classes_in_mean": [1, 2, 3, 4, 5, 6, 7, 8], "background_false_positive_rate": 0.055576502170440883, "background_false_negative_rate": 0.3710643010546575, "confusion": [[0, 0, 0, 0, 0, 0, 0, 0, 0], [0, 123769004, 18472836, 10969224, 3804523, 6888172, 17135849, 14749696, 1001885], [0, 8296327, 122885421, 122991, 442326, 431976, 529669, 333654, 95852], [0, 6976066, 1389317, 51613450, 79288, 63140, 597447, 715046, 456861], [0, 541923, 5184, 133516, 37194775, 165972, 467584, 1488301, 220], [0, 946042, 26930, 18394, 127380, 6347122, 79953, 1244147, 0], [0, 10413056, 2024117, 1188580, 1072805, 810042, 195520996, 6794760, 166929], [0, 1789617, 16564, 7284, 566200, 299789, 102279, 54492358, 0], [0, 157660, 126377, 81094, 0, 0, 49912, 0, 4478186]]}, "selection_score": 0.6707331533075004}
iter 7050/20000: loss=0.16803 false_bg=0.0000 grad_norm=1.9636 sec_per_update=0.438 peak_gpu_gb=4.32
iter 7100/20000: loss=0.24452 false_bg=0.0000 grad_norm=5.3971 sec_per_update=0.439 peak_gpu_gb=4.32
iter 7150/20000: loss=0.21871 false_bg=0.0000 grad_norm=3.2284 sec_per_update=0.441 peak_gpu_gb=4.32
iter 7200/20000: loss=0.24474 false_bg=0.0000 grad_norm=2.3188 sec_per_update=0.442 peak_gpu_gb=4.32
iter 7250/20000: loss=0.39017 false_bg=0.0000 grad_norm=8.0865 sec_per_update=0.443 peak_gpu_gb=4.32
iter 7300/20000: loss=0.45152 false_bg=0.0000 grad_norm=3.3161 sec_per_update=0.444 peak_gpu_gb=4.32
iter 7350/20000: loss=0.58453 false_bg=0.0000 grad_norm=10.2536 sec_per_update=0.445 peak_gpu_gb=4.32
iter 7400/20000: loss=0.28462 false_bg=0.0000 grad_norm=1.3924 sec_per_update=0.446 peak_gpu_gb=4.32
iter 7450/20000: loss=0.19450 false_bg=0.0000 grad_norm=2.2346 sec_per_update=0.447 peak_gpu_gb=4.32
iter 7500/20000: loss=0.06790 false_bg=0.0000 grad_norm=0.9599 sec_per_update=0.448 peak_gpu_gb=4.32
iter 7550/20000: loss=0.21404 false_bg=0.0000 grad_norm=3.7286 sec_per_update=0.450 peak_gpu_gb=4.32
iter 7600/20000: loss=0.46749 false_bg=0.0000 grad_norm=10.7303 sec_per_update=0.452 peak_gpu_gb=4.32
iter 7650/20000: loss=0.22347 false_bg=0.0000 grad_norm=1.3862 sec_per_update=0.453 peak_gpu_gb=4.32
iter 7700/20000: loss=0.20190 false_bg=0.0000 grad_norm=6.5103 sec_per_update=0.455 peak_gpu_gb=4.32
iter 7750/20000: loss=0.17775 false_bg=0.0000 grad_norm=0.8735 sec_per_update=0.456 peak_gpu_gb=4.32
iter 7800/20000: loss=0.22161 false_bg=0.0000 grad_norm=1.3688 sec_per_update=0.456 peak_gpu_gb=4.32
iter 7850/20000: loss=0.37742 false_bg=0.0000 grad_norm=21.3307 sec_per_update=0.457 peak_gpu_gb=4.32
iter 7900/20000: loss=0.17573 false_bg=0.0000 grad_norm=4.5325 sec_per_update=0.458 peak_gpu_gb=4.32
iter 7950/20000: loss=0.26508 false_bg=0.0000 grad_norm=8.8394 sec_per_update=0.459 peak_gpu_gb=4.32
iter 8000/20000: loss=0.26981 false_bg=0.0000 grad_norm=4.6382 sec_per_update=0.460 peak_gpu_gb=4.32
{"iter": 8000, "val": {"mIoU": 0.6689540893522269, "per_class_iou": {"1": 0.55122553041925, "2": 0.8117452650983661, "3": 0.6924949385824568, "4": 0.8068891230439925, "5": 0.357733550607946, "6": 0.8326183106180617, "7": 0.6638464948675606, "8": 0.6350795015801814}, "classes_in_mean": [1, 2, 3, 4, 5, 6, 7, 8], "background_false_positive_rate": 0.0495348480246512, "background_false_negative_rate": 0.37607270110045427, "confusion": [[0, 0, 0, 0, 0, 0, 0, 0, 0], [0, 122783395, 12271613, 13983445, 3581860, 7471335, 19808956, 15534739, 1355846], [0, 11008991, 119725142, 278077, 442955, 385420, 762369, 263745, 271517], [0, 5366528, 230931, 54241988, 13134, 78411, 660383, 765877, 533363], [0, 464006, 7040, 224302, 36938394, 205421, 445587, 1712573, 152], [0, 758533, 57016, 28414, 50885, 6479142, 162459, 1253519, 0], [0, 6831754, 1702410, 1796795, 1074630, 904673, 199869013, 5637833, 174177], [0, 1444501, 30968, 10884, 617834, 276414, 164407, 54729083, 0], [0, 80703, 52832, 115821, 0, 0, 53338, 0, 4590535]]}, "selection_score": 0.6689540893522269}
iter 8050/20000: loss=0.53811 false_bg=0.0000 grad_norm=3.4356 sec_per_update=0.481 peak_gpu_gb=4.32
iter 8100/20000: loss=0.15518 false_bg=0.0000 grad_norm=1.7402 sec_per_update=0.482 peak_gpu_gb=4.32
iter 8150/20000: loss=0.20818 false_bg=0.0000 grad_norm=3.9493 sec_per_update=0.482 peak_gpu_gb=4.32
iter 8200/20000: loss=0.41986 false_bg=0.0000 grad_norm=4.5188 sec_per_update=0.483 peak_gpu_gb=4.32
iter 8250/20000: loss=0.16402 false_bg=0.0000 grad_norm=0.8685 sec_per_update=0.484 peak_gpu_gb=4.32
iter 8300/20000: loss=0.53860 false_bg=0.0000 grad_norm=63.7444 sec_per_update=0.485 peak_gpu_gb=4.32
iter 8350/20000: loss=1.76099 false_bg=0.0000 grad_norm=13.6244 sec_per_update=0.485 peak_gpu_gb=4.32
iter 8400/20000: loss=0.29049 false_bg=0.0000 grad_norm=2.7140 sec_per_update=0.486 peak_gpu_gb=4.32
iter 8450/20000: loss=0.15491 false_bg=0.0000 grad_norm=9.9210 sec_per_update=0.487 peak_gpu_gb=4.32
iter 8500/20000: loss=0.18530 false_bg=0.0000 grad_norm=4.1816 sec_per_update=0.487 peak_gpu_gb=4.32
iter 8550/20000: loss=0.18356 false_bg=0.0000 grad_norm=1.9484 sec_per_update=0.489 peak_gpu_gb=4.32
iter 8600/20000: loss=0.20778 false_bg=0.0000 grad_norm=3.5856 sec_per_update=0.490 peak_gpu_gb=4.32
iter 8650/20000: loss=0.15922 false_bg=0.0000 grad_norm=2.7726 sec_per_update=0.491 peak_gpu_gb=4.32
iter 8700/20000: loss=0.40675 false_bg=0.0000 grad_norm=6.7192 sec_per_update=0.492 peak_gpu_gb=4.32
iter 8750/20000: loss=0.51749 false_bg=0.0000 grad_norm=8.3403 sec_per_update=0.493 peak_gpu_gb=4.32
iter 8800/20000: loss=0.10372 false_bg=0.0000 grad_norm=1.6488 sec_per_update=0.494 peak_gpu_gb=4.32
iter 8850/20000: loss=0.32370 false_bg=0.0000 grad_norm=4.1391 sec_per_update=0.494 peak_gpu_gb=4.32
iter 8900/20000: loss=0.59158 false_bg=0.0000 grad_norm=9.4735 sec_per_update=0.495 peak_gpu_gb=4.32
iter 8950/20000: loss=0.46258 false_bg=0.0000 grad_norm=2.0745 sec_per_update=0.496 peak_gpu_gb=4.32
iter 9000/20000: loss=0.14388 false_bg=0.0000 grad_norm=1.7840 sec_per_update=0.496 peak_gpu_gb=4.32
{"iter": 9000, "val": {"mIoU": 0.6911913842560317, "per_class_iou": {"1": 0.5798114230945209, "2": 0.807718977700056, "3": 0.7043713284766723, "4": 0.8038577815272465, "5": 0.36645668053473474, "6": 0.8496151417766603, "7": 0.7168465808831238, "8": 0.7008531600552383}, "classes_in_mean": [1, 2, 3, 4, 5, 6, 7, 8], "background_false_positive_rate": 0.055978252346712214, "background_false_negative_rate": 0.3337692420771948, "confusion": [[0, 0, 0, 0, 0, 0, 0, 0, 0], [0, 131108343, 17425709, 8845318, 3454981, 7069028, 16740980, 11287736, 859094], [0, 7531922, 123887016, 121849, 366589, 372110, 699224, 103041, 56465], [0, 8795849, 652110, 50684821, 14273, 30001, 805562, 442693, 465306], [0, 906518, 14578, 62617, 37073695, 272226, 284728, 1383075, 38], [0, 935438, 50307, 43127, 92053, 6657387, 191562, 820094, 0], [0, 8627515, 1858242, 881816, 1671951, 899490, 201997672, 1894065, 160534], [0, 2397959, 111394, 39485, 522397, 734091, 992158, 52476607, 0], [0, 135997, 128304, 72703, 0, 0, 46469, 0, 4509756]]}, "selection_score": 0.6911913842560317}
iter 9050/20000: loss=0.60787 false_bg=0.0000 grad_norm=19.2436 sec_per_update=0.515 peak_gpu_gb=4.32
iter 9100/20000: loss=0.28545 false_bg=0.0000 grad_norm=2.1156 sec_per_update=0.515 peak_gpu_gb=4.32
iter 9150/20000: loss=0.09516 false_bg=0.0000 grad_norm=0.7125 sec_per_update=0.516 peak_gpu_gb=4.32
iter 9200/20000: loss=0.24092 false_bg=0.0000 grad_norm=4.0079 sec_per_update=0.516 peak_gpu_gb=4.32
iter 9250/20000: loss=0.52897 false_bg=0.0000 grad_norm=4.6300 sec_per_update=0.517 peak_gpu_gb=4.32
iter 9300/20000: loss=0.15479 false_bg=0.0000 grad_norm=1.0817 sec_per_update=0.517 peak_gpu_gb=4.32
iter 9350/20000: loss=0.16774 false_bg=0.0000 grad_norm=1.4522 sec_per_update=0.518 peak_gpu_gb=4.32
iter 9400/20000: loss=0.06038 false_bg=0.0000 grad_norm=0.7148 sec_per_update=0.518 peak_gpu_gb=4.32
iter 9450/20000: loss=1.35512 false_bg=0.0000 grad_norm=10.8130 sec_per_update=0.518 peak_gpu_gb=4.32
iter 9500/20000: loss=0.10450 false_bg=0.0000 grad_norm=1.0620 sec_per_update=0.519 peak_gpu_gb=4.32
iter 9550/20000: loss=0.38311 false_bg=0.0000 grad_norm=4.3819 sec_per_update=0.520 peak_gpu_gb=4.32
iter 9600/20000: loss=0.11722 false_bg=0.0000 grad_norm=1.1049 sec_per_update=0.521 peak_gpu_gb=4.32
iter 9650/20000: loss=0.20934 false_bg=0.0000 grad_norm=1.6580 sec_per_update=0.522 peak_gpu_gb=4.32
iter 9700/20000: loss=0.52134 false_bg=0.0000 grad_norm=5.4729 sec_per_update=0.523 peak_gpu_gb=4.32
iter 9750/20000: loss=0.79604 false_bg=0.0000 grad_norm=13.1038 sec_per_update=0.523 peak_gpu_gb=4.32
iter 9800/20000: loss=0.25189 false_bg=0.0000 grad_norm=1.1633 sec_per_update=0.524 peak_gpu_gb=4.32
iter 9850/20000: loss=0.17188 false_bg=0.0000 grad_norm=5.9658 sec_per_update=0.524 peak_gpu_gb=4.32
iter 9900/20000: loss=0.06093 false_bg=0.0000 grad_norm=4.8257 sec_per_update=0.524 peak_gpu_gb=4.32
iter 9950/20000: loss=0.64534 false_bg=0.0000 grad_norm=20.0425 sec_per_update=0.525 peak_gpu_gb=4.32
iter 10000/20000: loss=0.37789 false_bg=0.0000 grad_norm=3.7805 sec_per_update=0.525 peak_gpu_gb=4.32
{"iter": 10000, "val": {"mIoU": 0.6865044690994139, "per_class_iou": {"1": 0.567746412969861, "2": 0.8073264889637335, "3": 0.7150954068090644, "4": 0.8315020362236256, "5": 0.377868914691556, "6": 0.8453233549458706, "7": 0.688784115522462, "8": 0.6583890226691383}, "classes_in_mean": [1, 2, 3, 4, 5, 6, 7, 8], "background_false_positive_rate": 0.047609429382586874, "background_false_negative_rate": 0.3602834728540616, "confusion": [[0, 0, 0, 0, 0, 0, 0, 0, 0], [0, 125890576, 16462579, 9265699, 2599588, 5567896, 20530211, 15288148, 1186492], [0, 8074076, 123155464, 137614, 395754, 306650, 709897, 207767, 150994], [0, 7120661, 801510, 51748788, 14271, 33856, 884738, 699897, 586894], [0, 549004, 4410, 40637, 36703353, 85638, 482302, 2132054, 77], [0, 906114, 108948, 24823, 32035, 5897693, 259130, 1561225, 0], [0, 7116763, 1898662, 941365, 722924, 629631, 204539412, 1967403, 175125], [0, 1072577, 50533, 14188, 378979, 194136, 1059788, 54503890, 0], [0, 106950, 82427, 51330, 0, 0, 48532, 0, 4603990]]}, "selection_score": 0.6865044690994139}
iter 10050/20000: loss=0.33423 false_bg=0.0000 grad_norm=24.6372 sec_per_update=0.542 peak_gpu_gb=4.32
iter 10100/20000: loss=0.14580 false_bg=0.0000 grad_norm=4.4053 sec_per_update=0.542 peak_gpu_gb=4.32
iter 10150/20000: loss=0.23548 false_bg=0.0000 grad_norm=4.6478 sec_per_update=0.542 peak_gpu_gb=4.32
iter 10200/20000: loss=0.16045 false_bg=0.0000 grad_norm=1.1168 sec_per_update=0.542 peak_gpu_gb=4.32
iter 10250/20000: loss=0.70939 false_bg=0.0000 grad_norm=6.8009 sec_per_update=0.543 peak_gpu_gb=4.32
iter 10300/20000: loss=0.29385 false_bg=0.0000 grad_norm=3.1517 sec_per_update=0.543 peak_gpu_gb=4.32
iter 10350/20000: loss=0.48370 false_bg=0.0000 grad_norm=11.6046 sec_per_update=0.543 peak_gpu_gb=4.32
iter 10400/20000: loss=0.11573 false_bg=0.0000 grad_norm=3.0032 sec_per_update=0.544 peak_gpu_gb=4.32
iter 10450/20000: loss=0.17504 false_bg=0.0000 grad_norm=1.3510 sec_per_update=0.544 peak_gpu_gb=4.32
iter 10500/20000: loss=2.04199 false_bg=0.0000 grad_norm=14.3911 sec_per_update=0.544 peak_gpu_gb=4.32
iter 10550/20000: loss=0.23084 false_bg=0.0000 grad_norm=4.0344 sec_per_update=0.545 peak_gpu_gb=4.32
iter 10600/20000: loss=0.95670 false_bg=0.0000 grad_norm=7.4337 sec_per_update=0.546 peak_gpu_gb=4.32
iter 10650/20000: loss=0.08422 false_bg=0.0000 grad_norm=0.8855 sec_per_update=0.546 peak_gpu_gb=4.32
iter 10700/20000: loss=0.21245 false_bg=0.0000 grad_norm=1.7702 sec_per_update=0.547 peak_gpu_gb=4.32
iter 10750/20000: loss=0.21471 false_bg=0.0000 grad_norm=5.2009 sec_per_update=0.548 peak_gpu_gb=4.32
iter 10800/20000: loss=0.14772 false_bg=0.0000 grad_norm=0.7183 sec_per_update=0.548 peak_gpu_gb=4.32
iter 10850/20000: loss=0.40076 false_bg=0.0000 grad_norm=8.2965 sec_per_update=0.548 peak_gpu_gb=4.32
iter 10900/20000: loss=0.27229 false_bg=0.0000 grad_norm=6.5654 sec_per_update=0.548 peak_gpu_gb=4.32
iter 10950/20000: loss=0.33739 false_bg=0.0000 grad_norm=4.9407 sec_per_update=0.548 peak_gpu_gb=4.32
iter 11000/20000: loss=0.32931 false_bg=0.0000 grad_norm=7.9778 sec_per_update=0.549 peak_gpu_gb=4.32
{"iter": 11000, "val": {"mIoU": 0.6897565730123361, "per_class_iou": {"1": 0.5902861087977365, "2": 0.8100456978228888, "3": 0.7052775114948299, "4": 0.8195830811305654, "5": 0.38117814794185095, "6": 0.8544832484942159, "7": 0.7107756937601916, "8": 0.6464230946564091}, "classes_in_mean": [1, 2, 3, 4, 5, 6, 7, 8], "background_false_positive_rate": 0.055762633231124806, "background_false_negative_rate": 0.3220722194020587, "confusion": [[0, 0, 0, 0, 0, 0, 0, 0, 0], [0, 133410214, 16064583, 11553608, 3059608, 5752364, 13276191, 12427889, 1246732], [0, 7721100, 123942010, 147961, 335422, 342258, 358216, 143122, 148127], [0, 5619784, 1410466, 52566654, 5909, 37116, 870384, 696925, 683377], [0, 924380, 5545, 85760, 36733785, 203941, 372312, 1671542, 210], [0, 1329125, 38803, 18914, 39749, 6076925, 142379, 1144073, 0], [0, 11402248, 2234895, 789425, 906203, 542915, 199669888, 2244887, 200824], [0, 2118342, 37539, 9293, 475721, 273918, 622838, 53736440, 0], [0, 103240, 76148, 37715, 0, 0, 39657, 0, 4636469]]}, "selection_score": 0.6897565730123361}
iter 11050/20000: loss=0.05535 false_bg=0.0000 grad_norm=0.4864 sec_per_update=0.563 peak_gpu_gb=4.32
iter 11100/20000: loss=0.16174 false_bg=0.0000 grad_norm=1.7370 sec_per_update=0.564 peak_gpu_gb=4.32
iter 11150/20000: loss=0.27966 false_bg=0.0000 grad_norm=2.8317 sec_per_update=0.564 peak_gpu_gb=4.32
iter 11200/20000: loss=0.33297 false_bg=0.0000 grad_norm=5.4926 sec_per_update=0.564 peak_gpu_gb=4.32
iter 11250/20000: loss=0.57416 false_bg=0.0000 grad_norm=8.2819 sec_per_update=0.564 peak_gpu_gb=4.32
iter 11300/20000: loss=0.22696 false_bg=0.0000 grad_norm=1.0990 sec_per_update=0.564 peak_gpu_gb=4.32
iter 11350/20000: loss=0.48890 false_bg=0.0000 grad_norm=14.1748 sec_per_update=0.564 peak_gpu_gb=4.32
iter 11400/20000: loss=0.67824 false_bg=0.0000 grad_norm=28.2566 sec_per_update=0.565 peak_gpu_gb=4.32
iter 11450/20000: loss=0.04979 false_bg=0.0000 grad_norm=0.4896 sec_per_update=0.565 peak_gpu_gb=4.32
iter 11500/20000: loss=0.49451 false_bg=0.0000 grad_norm=5.2133 sec_per_update=0.565 peak_gpu_gb=4.32
iter 11550/20000: loss=0.62408 false_bg=0.0000 grad_norm=7.1517 sec_per_update=0.565 peak_gpu_gb=4.32
iter 11600/20000: loss=0.14808 false_bg=0.0000 grad_norm=0.8386 sec_per_update=0.566 peak_gpu_gb=4.32
iter 11650/20000: loss=0.49506 false_bg=0.0000 grad_norm=10.1216 sec_per_update=0.567 peak_gpu_gb=4.32
iter 11700/20000: loss=0.34788 false_bg=0.0000 grad_norm=7.6421 sec_per_update=0.567 peak_gpu_gb=4.32
iter 11750/20000: loss=0.29522 false_bg=0.0000 grad_norm=8.0027 sec_per_update=0.568 peak_gpu_gb=4.32
iter 11800/20000: loss=0.28380 false_bg=0.0000 grad_norm=4.7471 sec_per_update=0.568 peak_gpu_gb=4.32
iter 11850/20000: loss=0.37629 false_bg=0.0000 grad_norm=2.0494 sec_per_update=0.568 peak_gpu_gb=4.32
iter 11900/20000: loss=0.20916 false_bg=0.0000 grad_norm=1.9252 sec_per_update=0.568 peak_gpu_gb=4.32
iter 11950/20000: loss=0.40038 false_bg=0.0000 grad_norm=5.8028 sec_per_update=0.568 peak_gpu_gb=4.32
iter 12000/20000: loss=0.06888 false_bg=0.0000 grad_norm=1.5816 sec_per_update=0.568 peak_gpu_gb=4.32
{"iter": 12000, "val": {"mIoU": 0.6995447212866365, "per_class_iou": {"1": 0.5919847464865844, "2": 0.8208211228435592, "3": 0.7180236154017748, "4": 0.8353971785541402, "5": 0.37594124587867267, "6": 0.8507366809904048, "7": 0.7179110360295672, "8": 0.6855421441083887}, "classes_in_mean": [1, 2, 3, 4, 5, 6, 7, 8], "background_false_positive_rate": 0.049152709475600645, "background_false_negative_rate": 0.3305400375420263, "confusion": [[0, 0, 0, 0, 0, 0, 0, 0, 0], [0, 131743822, 13652451, 10120458, 2717614, 6952751, 18036817, 12537632, 1029644], [0, 8334895, 122910680, 165749, 379446, 422853, 690195, 133901, 100497], [0, 6123076, 937265, 52427511, 5142, 54514, 1384544, 461423, 497140], [0, 708053, 2525, 62738, 37008968, 255730, 491336, 1468079, 46], [0, 836009, 19583, 33624, 43249, 6715049, 152631, 989823, 0], [0, 7901310, 1852776, 632808, 645624, 988735, 203828927, 1991737, 149368], [0, 1744039, 53151, 35994, 512495, 397413, 790558, 53740441, 0], [0, 107403, 85160, 74430, 0, 0, 53722, 0, 4572514]]}, "selection_score": 0.6995447212866365}
iter 12050/20000: loss=0.12258 false_bg=0.0000 grad_norm=0.8785 sec_per_update=0.582 peak_gpu_gb=4.32
iter 12100/20000: loss=0.23592 false_bg=0.0000 grad_norm=2.5700 sec_per_update=0.582 peak_gpu_gb=4.32
iter 12150/20000: loss=0.09990 false_bg=0.0000 grad_norm=0.9770 sec_per_update=0.582 peak_gpu_gb=4.32
iter 12200/20000: loss=0.55794 false_bg=0.0000 grad_norm=5.8995 sec_per_update=0.582 peak_gpu_gb=4.32
iter 12250/20000: loss=0.70274 false_bg=0.0000 grad_norm=9.4268 sec_per_update=0.582 peak_gpu_gb=4.32
iter 12300/20000: loss=0.56013 false_bg=0.0000 grad_norm=3.2763 sec_per_update=0.582 peak_gpu_gb=4.32
iter 12350/20000: loss=0.12276 false_bg=0.0000 grad_norm=1.7667 sec_per_update=0.582 peak_gpu_gb=4.32
iter 12400/20000: loss=0.24235 false_bg=0.0000 grad_norm=1.4962 sec_per_update=0.582 peak_gpu_gb=4.32
iter 12450/20000: loss=0.65529 false_bg=0.0000 grad_norm=30.8570 sec_per_update=0.583 peak_gpu_gb=4.32
iter 12500/20000: loss=0.29035 false_bg=0.0000 grad_norm=10.3600 sec_per_update=0.583 peak_gpu_gb=4.32
iter 12550/20000: loss=0.19649 false_bg=0.0000 grad_norm=1.6353 sec_per_update=0.583 peak_gpu_gb=4.32
iter 12600/20000: loss=0.37979 false_bg=0.0000 grad_norm=3.3864 sec_per_update=0.583 peak_gpu_gb=4.32
iter 12650/20000: loss=0.20591 false_bg=0.0000 grad_norm=0.9911 sec_per_update=0.584 peak_gpu_gb=4.32
iter 12700/20000: loss=0.33162 false_bg=0.0000 grad_norm=2.4684 sec_per_update=0.584 peak_gpu_gb=4.32
iter 12750/20000: loss=0.40389 false_bg=0.0000 grad_norm=5.0618 sec_per_update=0.585 peak_gpu_gb=4.32
iter 12800/20000: loss=0.32345 false_bg=0.0000 grad_norm=5.5553 sec_per_update=0.585 peak_gpu_gb=4.32
iter 12850/20000: loss=0.27752 false_bg=0.0000 grad_norm=1.7092 sec_per_update=0.585 peak_gpu_gb=4.32
iter 12900/20000: loss=0.34689 false_bg=0.0000 grad_norm=18.9490 sec_per_update=0.585 peak_gpu_gb=4.32
iter 12950/20000: loss=0.23566 false_bg=0.0000 grad_norm=7.5689 sec_per_update=0.585 peak_gpu_gb=4.32
iter 13000/20000: loss=0.12215 false_bg=0.0000 grad_norm=2.2338 sec_per_update=0.585 peak_gpu_gb=4.32
{"iter": 13000, "val": {"mIoU": 0.6981495113819439, "per_class_iou": {"1": 0.603559527559981, "2": 0.8183471735617335, "3": 0.7193475243663943, "4": 0.8363126557355579, "5": 0.3987762066640908, "6": 0.8529555436721726, "7": 0.6987613451256038, "8": 0.6571361143700171}, "classes_in_mean": [1, 2, 3, 4, 5, 6, 7, 8], "background_false_positive_rate": 0.05970851896508573, "background_false_negative_rate": 0.30048688307889637, "confusion": [[0, 0, 0, 0, 0, 0, 0, 0, 0], [0, 137658018, 12109798, 9526765, 2401232, 3878648, 15669806, 14374026, 1172896], [0, 10292175, 121213211, 156042, 371760, 266450, 459439, 247982, 131157], [0, 6609062, 937487, 52134655, 4782, 27171, 908409, 642159, 626890], [0, 719765, 3041, 45078, 36577304, 86813, 594933, 1970254, 287], [0, 1717523, 14318, 26782, 7580, 5349261, 218663, 1455841, 0], [0, 10464305, 1815334, 779127, 538833, 262184, 201977754, 1897610, 256138], [0, 1385629, 29192, 15127, 414737, 102959, 919517, 54406930, 0], [0, 97305, 72159, 35385, 0, 0, 35464, 0, 4652916]]}, "selection_score": 0.6981495113819439}
iter 13050/20000: loss=0.13893 false_bg=0.0000 grad_norm=4.3649 sec_per_update=0.598 peak_gpu_gb=4.32
iter 13100/20000: loss=0.21451 false_bg=0.0000 grad_norm=4.2896 sec_per_update=0.598 peak_gpu_gb=4.32
iter 13150/20000: loss=0.17418 false_bg=0.0000 grad_norm=0.8934 sec_per_update=0.598 peak_gpu_gb=4.32
iter 13200/20000: loss=0.26497 false_bg=0.0000 grad_norm=8.7083 sec_per_update=0.598 peak_gpu_gb=4.32
iter 13250/20000: loss=0.19463 false_bg=0.0000 grad_norm=3.8785 sec_per_update=0.598 peak_gpu_gb=4.32
iter 13300/20000: loss=1.36826 false_bg=0.0000 grad_norm=7.5970 sec_per_update=0.598 peak_gpu_gb=4.32
iter 13350/20000: loss=0.24973 false_bg=0.0000 grad_norm=2.6952 sec_per_update=0.598 peak_gpu_gb=4.32
iter 13400/20000: loss=0.11547 false_bg=0.0000 grad_norm=1.4558 sec_per_update=0.598 peak_gpu_gb=4.32
iter 13450/20000: loss=0.42807 false_bg=0.0000 grad_norm=44.3217 sec_per_update=0.598 peak_gpu_gb=4.32
iter 13500/20000: loss=0.19660 false_bg=0.0000 grad_norm=3.5275 sec_per_update=0.598 peak_gpu_gb=4.32
iter 13550/20000: loss=0.90836 false_bg=0.0000 grad_norm=4.5904 sec_per_update=0.598 peak_gpu_gb=4.32
iter 13600/20000: loss=0.47609 false_bg=0.0000 grad_norm=7.9615 sec_per_update=0.598 peak_gpu_gb=4.32
iter 13650/20000: loss=0.18601 false_bg=0.0000 grad_norm=3.6864 sec_per_update=0.599 peak_gpu_gb=4.32
iter 13700/20000: loss=0.13045 false_bg=0.0000 grad_norm=1.4135 sec_per_update=0.599 peak_gpu_gb=4.32
iter 13750/20000: loss=0.13097 false_bg=0.0000 grad_norm=1.8697 sec_per_update=0.599 peak_gpu_gb=4.32
iter 13800/20000: loss=0.32517 false_bg=0.0000 grad_norm=4.3145 sec_per_update=0.599 peak_gpu_gb=4.32
iter 13850/20000: loss=0.45072 false_bg=0.0000 grad_norm=8.5039 sec_per_update=0.599 peak_gpu_gb=4.32
iter 13900/20000: loss=0.36437 false_bg=0.0000 grad_norm=4.2996 sec_per_update=0.599 peak_gpu_gb=4.32
iter 13950/20000: loss=0.17765 false_bg=0.0000 grad_norm=1.7932 sec_per_update=0.599 peak_gpu_gb=4.32
iter 14000/20000: loss=0.76483 false_bg=0.0000 grad_norm=7.9337 sec_per_update=0.599 peak_gpu_gb=4.32
{"iter": 14000, "val": {"mIoU": 0.6943824244860924, "per_class_iou": {"1": 0.5585792234277689, "2": 0.7978480002397139, "3": 0.7141759667516748, "4": 0.8393659763984527, "5": 0.38713896499270173, "6": 0.8523642938611358, "7": 0.7229891687384219, "8": 0.6825978014788697}, "classes_in_mean": [1, 2, 3, 4, 5, 6, 7, 8], "background_false_positive_rate": 0.03596680061450045, "background_false_negative_rate": 0.3879284605572458, "confusion": [[0, 0, 0, 0, 0, 0, 0, 0, 0], [0, 120450286, 22325928, 12809998, 2515427, 6658724, 18316864, 12688819, 1025143], [0, 3941551, 127035879, 243141, 346162, 443207, 800863, 168879, 158534], [0, 3961397, 1560879, 54543539, 6339, 51521, 774052, 493424, 499464], [0, 775838, 6039, 84888, 37139794, 225333, 467625, 1297805, 153], [0, 980329, 46080, 25142, 14325, 6608135, 150732, 965225, 0], [0, 7666302, 2037083, 1218886, 668553, 533436, 204023259, 1652012, 191754], [0, 1429392, 46169, 24615, 699157, 366966, 815995, 53891797, 0], [0, 90891, 62765, 75404, 0, 0, 44158, 0, 4620011]]}, "selection_score": 0.6943824244860924}
iter 14050/20000: loss=0.18003 false_bg=0.0000 grad_norm=3.9036 sec_per_update=0.611 peak_gpu_gb=4.32
iter 14100/20000: loss=0.25296 false_bg=0.0000 grad_norm=1.8272 sec_per_update=0.611 peak_gpu_gb=4.32
iter 14150/20000: loss=0.50256 false_bg=0.0000 grad_norm=9.2213 sec_per_update=0.611 peak_gpu_gb=4.32
iter 14200/20000: loss=0.68372 false_bg=0.0000 grad_norm=8.2839 sec_per_update=0.611 peak_gpu_gb=4.32
iter 14250/20000: loss=0.16441 false_bg=0.0000 grad_norm=4.0515 sec_per_update=0.611 peak_gpu_gb=4.32
iter 14300/20000: loss=0.66193 false_bg=0.0000 grad_norm=6.6661 sec_per_update=0.611 peak_gpu_gb=4.32
iter 14350/20000: loss=0.07021 false_bg=0.0000 grad_norm=14.1553 sec_per_update=0.611 peak_gpu_gb=4.32
iter 14400/20000: loss=0.27470 false_bg=0.0000 grad_norm=1.9149 sec_per_update=0.611 peak_gpu_gb=4.32
iter 14450/20000: loss=0.18706 false_bg=0.0000 grad_norm=15.2427 sec_per_update=0.611 peak_gpu_gb=4.32
iter 14500/20000: loss=0.10125 false_bg=0.0000 grad_norm=2.6565 sec_per_update=0.611 peak_gpu_gb=4.32
iter 14550/20000: loss=0.32456 false_bg=0.0000 grad_norm=12.7768 sec_per_update=0.611 peak_gpu_gb=4.32
iter 14600/20000: loss=0.09402 false_bg=0.0000 grad_norm=0.7187 sec_per_update=0.611 peak_gpu_gb=4.32
iter 14650/20000: loss=0.06318 false_bg=0.0000 grad_norm=1.3609 sec_per_update=0.611 peak_gpu_gb=4.32
iter 14700/20000: loss=0.17096 false_bg=0.0000 grad_norm=1.2571 sec_per_update=0.611 peak_gpu_gb=4.32
iter 14750/20000: loss=0.26673 false_bg=0.0000 grad_norm=4.1785 sec_per_update=0.612 peak_gpu_gb=4.32
iter 14800/20000: loss=0.29165 false_bg=0.0000 grad_norm=2.5850 sec_per_update=0.612 peak_gpu_gb=4.32
iter 14850/20000: loss=0.28091 false_bg=0.0000 grad_norm=2.3172 sec_per_update=0.612 peak_gpu_gb=4.32
iter 14900/20000: loss=0.16976 false_bg=0.0000 grad_norm=1.1938 sec_per_update=0.612 peak_gpu_gb=4.32
iter 14950/20000: loss=0.09900 false_bg=0.0000 grad_norm=1.0421 sec_per_update=0.612 peak_gpu_gb=4.32
iter 15000/20000: loss=0.29066 false_bg=0.0000 grad_norm=5.0294 sec_per_update=0.612 peak_gpu_gb=4.32
{"iter": 15000, "val": {"mIoU": 0.6907887764073765, "per_class_iou": {"1": 0.5690198737806005, "2": 0.8213001196302688, "3": 0.7132287750000935, "4": 0.8326982829745048, "5": 0.3859170553898208, "6": 0.8477274451014731, "7": 0.6903233642172187, "8": 0.6660952951650312}, "classes_in_mean": [1, 2, 3, 4, 5, 6, 7, 8], "background_false_positive_rate": 0.04139807053612583, "background_false_negative_rate": 0.36825921611764845, "confusion": [[0, 0, 0, 0, 0, 0, 0, 0, 0], [0, 124321020, 14792647, 13254553, 2963717, 6272718, 17783272, 16231013, 1172249], [0, 6939031, 124113321, 242812, 357916, 377722, 662756, 281836, 162822], [0, 3801587, 1295201, 54527491, 9133, 50053, 1063224, 549665, 594261], [0, 375630, 3517, 83738, 37130372, 177681, 529842, 1696580, 115], [0, 975665, 27066, 31999, 13127, 6364886, 162029, 1215196, 0], [0, 8752505, 1772174, 875179, 711321, 566970, 202239456, 2897407, 176273], [0, 768926, 32439, 22937, 537738, 257774, 327767, 55326510, 0], [0, 78205, 56849, 49781, 0, 0, 46427, 0, 4661967]]}, "selection_score": 0.6907887764073765}
iter 15050/20000: loss=0.44275 false_bg=0.0000 grad_norm=10.0903 sec_per_update=0.622 peak_gpu_gb=4.32
iter 15100/20000: loss=0.44493 false_bg=0.0000 grad_norm=7.8266 sec_per_update=0.622 peak_gpu_gb=4.32
iter 15150/20000: loss=0.06394 false_bg=0.0000 grad_norm=1.7105 sec_per_update=0.622 peak_gpu_gb=4.32
iter 15200/20000: loss=0.19577 false_bg=0.0000 grad_norm=7.4901 sec_per_update=0.622 peak_gpu_gb=4.32
iter 15250/20000: loss=0.13968 false_bg=0.0000 grad_norm=0.6917 sec_per_update=0.622 peak_gpu_gb=4.32
iter 15300/20000: loss=0.09376 false_bg=0.0000 grad_norm=0.5883 sec_per_update=0.622 peak_gpu_gb=4.32
iter 15350/20000: loss=0.28142 false_bg=0.0000 grad_norm=5.1081 sec_per_update=0.622 peak_gpu_gb=4.32
iter 15400/20000: loss=0.06628 false_bg=0.0000 grad_norm=0.5167 sec_per_update=0.622 peak_gpu_gb=4.32
iter 15450/20000: loss=0.28241 false_bg=0.0000 grad_norm=6.7326 sec_per_update=0.622 peak_gpu_gb=4.32
iter 15500/20000: loss=0.34699 false_bg=0.0000 grad_norm=2.0889 sec_per_update=0.622 peak_gpu_gb=4.32
iter 15550/20000: loss=0.54691 false_bg=0.0000 grad_norm=17.9986 sec_per_update=0.622 peak_gpu_gb=4.32
iter 15600/20000: loss=0.46692 false_bg=0.0000 grad_norm=39.4069 sec_per_update=0.622 peak_gpu_gb=4.32
iter 15650/20000: loss=0.27660 false_bg=0.0000 grad_norm=1.3424 sec_per_update=0.622 peak_gpu_gb=4.32
iter 15700/20000: loss=0.14704 false_bg=0.0000 grad_norm=5.8854 sec_per_update=0.622 peak_gpu_gb=4.32
iter 15750/20000: loss=0.33188 false_bg=0.0000 grad_norm=4.4445 sec_per_update=0.622 peak_gpu_gb=4.32
iter 15800/20000: loss=0.25021 false_bg=0.0000 grad_norm=2.7509 sec_per_update=0.623 peak_gpu_gb=4.32
iter 15850/20000: loss=0.29234 false_bg=0.0000 grad_norm=1.7837 sec_per_update=0.623 peak_gpu_gb=4.32
iter 15900/20000: loss=0.34447 false_bg=0.0000 grad_norm=16.4415 sec_per_update=0.623 peak_gpu_gb=4.32
iter 15950/20000: loss=0.33382 false_bg=0.0000 grad_norm=6.9385 sec_per_update=0.622 peak_gpu_gb=4.32
iter 16000/20000: loss=0.06286 false_bg=0.0000 grad_norm=0.7752 sec_per_update=0.622 peak_gpu_gb=4.32
{"iter": 16000, "val": {"mIoU": 0.6990894231770514, "per_class_iou": {"1": 0.5980387791957589, "2": 0.8252900954786982, "3": 0.7220163818234301, "4": 0.8397880438781361, "5": 0.3599114049729292, "6": 0.8578070667267692, "7": 0.7165191161577201, "8": 0.6733444971829687}, "classes_in_mean": [1, 2, 3, 4, 5, 6, 7, 8], "background_false_positive_rate": 0.05115888389756181, "background_false_negative_rate": 0.3204991916584233, "confusion": [[0, 0, 0, 0, 0, 0, 0, 0, 0], [0, 133719772, 12856872, 9120793, 2423500, 8642240, 15779746, 13211410, 1036856], [0, 8522562, 122492768, 162775, 360066, 488582, 727770, 229558, 154135], [0, 7022794, 624982, 52067189, 4589, 92949, 906187, 569302, 602623], [0, 769965, 3711, 36011, 37151673, 338453, 317318, 1379863, 481], [0, 508205, 13555, 17550, 11167, 7146308, 129746, 963437, 0], [0, 8533390, 1710154, 835936, 836131, 1002458, 202894255, 1948719, 230242], [0, 1339912, 21194, 13425, 606417, 501092, 640130, 54151921, 0], [0, 109142, 55208, 36479, 0, 0, 34495, 0, 4657905]]}, "selection_score": 0.6990894231770514}
iter 16050/20000: loss=1.09679 false_bg=0.0000 grad_norm=19.4798 sec_per_update=0.632 peak_gpu_gb=4.32
iter 16100/20000: loss=0.29901 false_bg=0.0000 grad_norm=3.4028 sec_per_update=0.632 peak_gpu_gb=4.32
iter 16150/20000: loss=0.47690 false_bg=0.0000 grad_norm=3.6700 sec_per_update=0.632 peak_gpu_gb=4.32
iter 16200/20000: loss=0.26542 false_bg=0.0000 grad_norm=1.7565 sec_per_update=0.632 peak_gpu_gb=4.32
iter 16250/20000: loss=0.37966 false_bg=0.0000 grad_norm=4.2126 sec_per_update=0.632 peak_gpu_gb=4.32
iter 16300/20000: loss=0.12005 false_bg=0.0000 grad_norm=4.8248 sec_per_update=0.632 peak_gpu_gb=4.32
iter 16350/20000: loss=0.09929 false_bg=0.0000 grad_norm=1.1845 sec_per_update=0.632 peak_gpu_gb=4.32
iter 16400/20000: loss=0.83414 false_bg=0.0000 grad_norm=22.4133 sec_per_update=0.632 peak_gpu_gb=4.32
iter 16450/20000: loss=0.38660 false_bg=0.0000 grad_norm=26.0438 sec_per_update=0.632 peak_gpu_gb=4.32
iter 16500/20000: loss=0.40149 false_bg=0.0000 grad_norm=14.5728 sec_per_update=0.632 peak_gpu_gb=4.32
iter 16550/20000: loss=0.31773 false_bg=0.0000 grad_norm=4.5758 sec_per_update=0.632 peak_gpu_gb=4.32
iter 16600/20000: loss=0.77481 false_bg=0.0000 grad_norm=5.3979 sec_per_update=0.632 peak_gpu_gb=4.32
iter 16650/20000: loss=0.39642 false_bg=0.0000 grad_norm=4.5904 sec_per_update=0.632 peak_gpu_gb=4.32
iter 16700/20000: loss=0.06981 false_bg=0.0000 grad_norm=0.8266 sec_per_update=0.632 peak_gpu_gb=4.32
iter 16750/20000: loss=0.16865 false_bg=0.0000 grad_norm=0.7876 sec_per_update=0.632 peak_gpu_gb=4.32
iter 16800/20000: loss=0.19573 false_bg=0.0000 grad_norm=1.5824 sec_per_update=0.632 peak_gpu_gb=4.32
iter 16850/20000: loss=0.28909 false_bg=0.0000 grad_norm=5.0924 sec_per_update=0.632 peak_gpu_gb=4.32
iter 16900/20000: loss=0.33629 false_bg=0.0000 grad_norm=2.7107 sec_per_update=0.632 peak_gpu_gb=4.32
iter 16950/20000: loss=0.07175 false_bg=0.0000 grad_norm=0.8028 sec_per_update=0.632 peak_gpu_gb=4.32
iter 17000/20000: loss=0.16966 false_bg=0.0000 grad_norm=2.8304 sec_per_update=0.632 peak_gpu_gb=4.32
{"iter": 17000, "val": {"mIoU": 0.7037507732889603, "per_class_iou": {"1": 0.6033387901632502, "2": 0.8209337959317836, "3": 0.7173464686969806, "4": 0.8385459037257845, "5": 0.3945162223585489, "6": 0.8547228955652109, "7": 0.7202517350947694, "8": 0.680350374775354}, "classes_in_mean": [1, 2, 3, 4, 5, 6, 7, 8], "background_false_positive_rate": 0.055448482674300116, "background_false_negative_rate": 0.3075862303977441, "confusion": [[0, 0, 0, 0, 0, 0, 0, 0, 0], [0, 136260929, 14854956, 11636388, 2643775, 5862095, 11591786, 12911524, 1029736], [0, 7286361, 124192000, 226358, 353613, 311362, 462750, 163243, 142529], [0, 5026522, 1154294, 53768640, 5645, 40490, 779478, 536921, 578625], [0, 817720, 3315, 39302, 37382877, 135164, 284153, 1334916, 28], [0, 1193772, 35488, 29300, 79563, 6328645, 100252, 1022948, 0], [0, 13119216, 1996029, 1069204, 897608, 556615, 198090474, 2062186, 199953], [0, 1522226, 33991, 18889, 602918, 345839, 511074, 54239154, 0], [0, 87795, 65094, 44854, 0, 0, 39100, 0, 4656386]]}, "selection_score": 0.7037507732889603}
iter 17050/20000: loss=0.13991 false_bg=0.0000 grad_norm=0.7278 sec_per_update=0.641 peak_gpu_gb=4.32
iter 17100/20000: loss=0.17653 false_bg=0.0000 grad_norm=3.1567 sec_per_update=0.641 peak_gpu_gb=4.32
iter 17150/20000: loss=0.36422 false_bg=0.0000 grad_norm=10.2605 sec_per_update=0.641 peak_gpu_gb=4.32
iter 17200/20000: loss=0.21923 false_bg=0.0000 grad_norm=16.8723 sec_per_update=0.641 peak_gpu_gb=4.32
iter 17250/20000: loss=0.21218 false_bg=0.0000 grad_norm=2.1929 sec_per_update=0.641 peak_gpu_gb=4.32
iter 17300/20000: loss=0.14230 false_bg=0.0000 grad_norm=2.5315 sec_per_update=0.641 peak_gpu_gb=4.32
iter 17350/20000: loss=0.12279 false_bg=0.0000 grad_norm=0.9954 sec_per_update=0.641 peak_gpu_gb=4.32
iter 17400/20000: loss=0.09307 false_bg=0.0000 grad_norm=2.1449 sec_per_update=0.641 peak_gpu_gb=4.32
iter 17450/20000: loss=0.19324 false_bg=0.0000 grad_norm=1.4519 sec_per_update=0.640 peak_gpu_gb=4.32
iter 17500/20000: loss=0.27186 false_bg=0.0000 grad_norm=1.8648 sec_per_update=0.640 peak_gpu_gb=4.32
iter 17550/20000: loss=0.11887 false_bg=0.0000 grad_norm=0.9105 sec_per_update=0.640 peak_gpu_gb=4.32
iter 17600/20000: loss=0.23842 false_bg=0.0000 grad_norm=4.5149 sec_per_update=0.640 peak_gpu_gb=4.32
iter 17650/20000: loss=0.18486 false_bg=0.0000 grad_norm=1.2080 sec_per_update=0.640 peak_gpu_gb=4.32
iter 17700/20000: loss=0.43426 false_bg=0.0000 grad_norm=21.7337 sec_per_update=0.641 peak_gpu_gb=4.32
iter 17750/20000: loss=0.79203 false_bg=0.0000 grad_norm=7.3530 sec_per_update=0.641 peak_gpu_gb=4.32
iter 17800/20000: loss=0.11478 false_bg=0.0000 grad_norm=3.6643 sec_per_update=0.641 peak_gpu_gb=4.32
iter 17850/20000: loss=0.38955 false_bg=0.0000 grad_norm=6.6637 sec_per_update=0.641 peak_gpu_gb=4.32
iter 17900/20000: loss=0.17697 false_bg=0.0000 grad_norm=1.6948 sec_per_update=0.641 peak_gpu_gb=4.32
iter 17950/20000: loss=0.51304 false_bg=0.0000 grad_norm=8.0739 sec_per_update=0.641 peak_gpu_gb=4.32
iter 18000/20000: loss=0.12424 false_bg=0.0000 grad_norm=0.9024 sec_per_update=0.640 peak_gpu_gb=4.32
{"iter": 18000, "val": {"mIoU": 0.6984008486026103, "per_class_iou": {"1": 0.5951360793526893, "2": 0.8257354857586028, "3": 0.7270195279249096, "4": 0.8404921536336342, "5": 0.36904201615135107, "6": 0.8587734823527187, "7": 0.685017976078348, "8": 0.6859900675686289}, "classes_in_mean": [1, 2, 3, 4, 5, 6, 7, 8], "background_false_positive_rate": 0.05019079741034684, "background_false_negative_rate": 0.32533131856833286, "confusion": [[0, 0, 0, 0, 0, 0, 0, 0, 0], [0, 132768852, 11785598, 9734321, 2640427, 7810730, 14424658, 16623520, 1003083], [0, 9341978, 121773250, 180718, 358841, 461738, 542936, 319441, 159314], [0, 6272172, 667187, 52911611, 6699, 87124, 946059, 507326, 492437], [0, 436820, 2465, 34719, 37081048, 157032, 487143, 1798237, 11], [0, 552129, 9737, 23914, 10624, 6814025, 148700, 1230839, 0], [0, 8976978, 1796650, 810631, 561179, 830261, 201798040, 3017222, 200324], [0, 617906, 17364, 34919, 543011, 327237, 404289, 55329365, 0], [0, 100734, 55251, 68966, 0, 0, 38944, 0, 4629334]]}, "selection_score": 0.6984008486026103}
iter 18050/20000: loss=0.10284 false_bg=0.0000 grad_norm=6.4276 sec_per_update=0.649 peak_gpu_gb=4.32
iter 18100/20000: loss=0.17299 false_bg=0.0000 grad_norm=2.9873 sec_per_update=0.649 peak_gpu_gb=4.32
iter 18150/20000: loss=0.14412 false_bg=0.0000 grad_norm=3.4224 sec_per_update=0.649 peak_gpu_gb=4.32
iter 18200/20000: loss=0.19877 false_bg=0.0000 grad_norm=48.8216 sec_per_update=0.649 peak_gpu_gb=4.32
iter 18250/20000: loss=0.17165 false_bg=0.0000 grad_norm=1.9798 sec_per_update=0.649 peak_gpu_gb=4.32
iter 18300/20000: loss=0.21204 false_bg=0.0000 grad_norm=7.6713 sec_per_update=0.649 peak_gpu_gb=4.32
iter 18350/20000: loss=0.11486 false_bg=0.0000 grad_norm=2.7682 sec_per_update=0.648 peak_gpu_gb=4.32
iter 18400/20000: loss=0.34562 false_bg=0.0000 grad_norm=1.9825 sec_per_update=0.648 peak_gpu_gb=4.32
iter 18450/20000: loss=0.42588 false_bg=0.0000 grad_norm=4.3998 sec_per_update=0.648 peak_gpu_gb=4.32
iter 18500/20000: loss=1.23957 false_bg=0.0000 grad_norm=26.1974 sec_per_update=0.648 peak_gpu_gb=4.32
iter 18550/20000: loss=0.60094 false_bg=0.0000 grad_norm=20.0867 sec_per_update=0.648 peak_gpu_gb=4.32
iter 18600/20000: loss=0.30255 false_bg=0.0000 grad_norm=10.8779 sec_per_update=0.648 peak_gpu_gb=4.32
iter 18650/20000: loss=0.29102 false_bg=0.0000 grad_norm=2.8270 sec_per_update=0.648 peak_gpu_gb=4.32
iter 18700/20000: loss=0.58434 false_bg=0.0000 grad_norm=8.0622 sec_per_update=0.648 peak_gpu_gb=4.32
iter 18750/20000: loss=0.16784 false_bg=0.0000 grad_norm=1.9153 sec_per_update=0.648 peak_gpu_gb=4.32
iter 18800/20000: loss=0.11997 false_bg=0.0000 grad_norm=0.3522 sec_per_update=0.648 peak_gpu_gb=4.32
iter 18850/20000: loss=0.15840 false_bg=0.0000 grad_norm=1.9862 sec_per_update=0.648 peak_gpu_gb=4.32
iter 18900/20000: loss=0.47092 false_bg=0.0000 grad_norm=13.0568 sec_per_update=0.648 peak_gpu_gb=4.32
iter 18950/20000: loss=0.30611 false_bg=0.0000 grad_norm=1.4343 sec_per_update=0.648 peak_gpu_gb=4.32
iter 19000/20000: loss=0.18742 false_bg=0.0000 grad_norm=1.1029 sec_per_update=0.648 peak_gpu_gb=4.32
{"iter": 19000, "val": {"mIoU": 0.7009117691402807, "per_class_iou": {"1": 0.6011511551079253, "2": 0.8266190335201404, "3": 0.726200424964537, "4": 0.8316138829647899, "5": 0.37938183732525743, "6": 0.8581571571127123, "7": 0.7183430146271573, "8": 0.6658276474997262}, "classes_in_mean": [1, 2, 3, 4, 5, 6, 7, 8], "background_false_positive_rate": 0.0468672506721453, "background_false_negative_rate": 0.32383214067576976, "confusion": [[0, 0, 0, 0, 0, 0, 0, 0, 0], [0, 133063877, 13100716, 9950800, 3153851, 7308886, 15616387, 13444335, 1152337], [0, 7982895, 123223524, 219749, 358834, 358498, 609693, 199604, 185419], [0, 5575002, 921912, 52872828, 15885, 84735, 1217324, 592874, 610055], [0, 460758, 2682, 26943, 37661500, 174121, 325177, 1346288, 6], [0, 775700, 38865, 20206, 75042, 6759689, 152068, 968398, 0], [0, 8716843, 1777507, 640557, 987925, 678485, 203133943, 1875380, 180645], [0, 970273, 37427, 13517, 698231, 422947, 752433, 54379263, 0], [0, 75791, 51979, 45100, 0, 0, 45123, 0, 4675236]]}, "selection_score": 0.7009117691402807}
iter 19050/20000: loss=0.26122 false_bg=0.0000 grad_norm=7.4014 sec_per_update=0.656 peak_gpu_gb=4.32
iter 19100/20000: loss=0.37383 false_bg=0.0000 grad_norm=3.9204 sec_per_update=0.656 peak_gpu_gb=4.32
iter 19150/20000: loss=0.10056 false_bg=0.0000 grad_norm=2.2030 sec_per_update=0.656 peak_gpu_gb=4.32
iter 19200/20000: loss=0.15901 false_bg=0.0000 grad_norm=2.7221 sec_per_update=0.656 peak_gpu_gb=4.32
iter 19250/20000: loss=0.43282 false_bg=0.0000 grad_norm=21.9122 sec_per_update=0.656 peak_gpu_gb=4.32
iter 19300/20000: loss=0.45081 false_bg=0.0000 grad_norm=43.2355 sec_per_update=0.656 peak_gpu_gb=4.32
iter 19350/20000: loss=0.23239 false_bg=0.0000 grad_norm=10.3601 sec_per_update=0.656 peak_gpu_gb=4.32
iter 19400/20000: loss=0.37595 false_bg=0.0000 grad_norm=20.2419 sec_per_update=0.655 peak_gpu_gb=4.32
iter 19450/20000: loss=0.27370 false_bg=0.0000 grad_norm=1.3828 sec_per_update=0.655 peak_gpu_gb=4.32
iter 19500/20000: loss=0.30249 false_bg=0.0000 grad_norm=3.6348 sec_per_update=0.655 peak_gpu_gb=4.32
iter 19550/20000: loss=0.26998 false_bg=0.0000 grad_norm=1.9955 sec_per_update=0.655 peak_gpu_gb=4.32
iter 19600/20000: loss=0.09802 false_bg=0.0000 grad_norm=3.9583 sec_per_update=0.655 peak_gpu_gb=4.32
iter 19650/20000: loss=0.17197 false_bg=0.0000 grad_norm=13.6162 sec_per_update=0.655 peak_gpu_gb=4.32
iter 19700/20000: loss=0.29908 false_bg=0.0000 grad_norm=8.8919 sec_per_update=0.655 peak_gpu_gb=4.32
iter 19750/20000: loss=0.39326 false_bg=0.0000 grad_norm=2.3344 sec_per_update=0.655 peak_gpu_gb=4.32
iter 19800/20000: loss=0.64413 false_bg=0.0000 grad_norm=12.3026 sec_per_update=0.655 peak_gpu_gb=4.32
iter 19850/20000: loss=0.11545 false_bg=0.0000 grad_norm=0.3457 sec_per_update=0.655 peak_gpu_gb=4.32
iter 19900/20000: loss=0.40814 false_bg=0.0000 grad_norm=15.3958 sec_per_update=0.655 peak_gpu_gb=4.32
iter 19950/20000: loss=0.18338 false_bg=0.0000 grad_norm=1.6143 sec_per_update=0.655 peak_gpu_gb=4.32
iter 20000/20000: loss=0.45330 false_bg=0.0000 grad_norm=2.3630 sec_per_update=0.655 peak_gpu_gb=4.32
{"iter": 20000, "val": {"mIoU": 0.7025842953651883, "per_class_iou": {"1": 0.5985735775356832, "2": 0.823725124832579, "3": 0.719726129574769, "4": 0.836337622965584, "5": 0.3766932111624373, "6": 0.8603431641288446, "7": 0.7223563579146095, "8": 0.6829191748070002}, "classes_in_mean": [1, 2, 3, 4, 5, 6, 7, 8], "background_false_positive_rate": 0.045755941669867725, "background_false_negative_rate": 0.3285025276207869, "confusion": [[0, 0, 0, 0, 0, 0, 0, 0, 0], [0, 132144786, 14173274, 12392209, 2822309, 7419658, 13902068, 12897941, 1038944], [0, 7168336, 123876580, 380187, 391037, 415626, 554498, 196125, 155827], [0, 4467464, 1044619, 54618054, 6750, 73614, 837962, 362237, 479915], [0, 629916, 2813, 44249, 37409463, 212198, 366406, 1332423, 7], [0, 721242, 19014, 31917, 34393, 6849433, 115219, 1018750, 0], [0, 9625485, 1924097, 1008972, 760081, 878592, 201735459, 1855402, 203197], [0, 1275222, 30052, 50759, 718052, 393398, 675412, 54131196, 0], [0, 87299, 53737, 88366, 0, 0, 39700, 0, 4624127]]}, "selection_score": 0.7025842953651883}
completed: /root/hyperseg/runs/mask2former_uav/h3_bgfix_baseline_20k_seed3407
