/root/miniconda3/lib/python3.12/site-packages/torch/nn/modules/conv.py:456: UserWarning: Plan failed with a cudnnException: CUDNN_BACKEND_EXECUTION_PLAN_DESCRIPTOR: cudnnFinalize Descriptor Failed cudnn_status: CUDNN_STATUS_NOT_SUPPORTED (Triggered internally at ../aten/src/ATen/native/cudnn/Conv_v8.cpp:919.)
  return F.conv2d(input, weight, bias, self.stride,
{
  "factors": [
    {
      "factor": 0.0,
      "mIoU": 0.7679187366575995,
      "per_class_iou": {
        "1": 0.7068497628620886,
        "2": 0.8538661902584725,
        "3": 0.7968731160141418,
        "4": 0.8791613518938495,
        "5": 0.44880398066760374,
        "6": 0.8939330778297563,
        "7": 0.7738286443723839,
        "8": 0.7900337693625001
      },
      "confusion": [
        [
          0,
          0,
          0,
          0,
          0,
          0,
          0,
          0,
          0
        ],
        [
          0,
          162453176,
          8414151,
          5507357,
          1571442,
          1532388,
          10377962,
          6590627,
          344086
        ],
        [
          0,
          9978094,
          121841957,
          351092,
          5335,
          189462,
          666612,
          58164,
          47500
        ],
        [
          0,
          5800621,
          274731,
          54636076,
          11761,
          23846,
          837098,
          72590,
          233892
        ],
        [
          0,
          1242977,
          5298,
          36794,
          37483126,
          31663,
          508665,
          688928,
          24
        ],
        [
          0,
          2705038,
          39664,
          25210,
          24981,
          4892541,
          141805,
          960729,
          0
        ],
        [
          0,
          8668140,
          708311,
          532321,
          391796,
          210207,
          206617755,
          806018,
          56737
        ],
        [
          0,
          4388891,
          46756,
          102876,
          632302,
          123753,
          557712,
          51421801,
          0
        ],
        [
          0,
          252072,
          67312,
          116816,
          1,
          0,
          52220,
          0,
          4404808
        ]
      ],
      "class_names": [
        "Ignore",
        "Background",
        "Building",
        "Road",
        "Water",
        "Barren",
        "Vegetation",
        "Agricultural",
        "Vehicle"
      ],
      "boundary_f1_exact": 0.13189388402810093,
      "prediction_changed_fraction_vs_reference": 0.00033255172606155484,
      "mean_abs_delta": 0.0,
      "mean_max_abs_delta": 0.0,
      "mean_spatial_std_delta": 0.0
    },
    {
      "factor": 0.1,
      "mIoU": 0.7678954010556067,
      "per_class_iou": {
        "1": 0.7068639405096945,
        "2": 0.8538516863651325,
        "3": 0.7968985992329002,
        "4": 0.8791999168982711,
        "5": 0.44876750472238325,
        "6": 0.8939057915513613,
        "7": 0.7737859221230649,
        "8": 0.7898898470420457
      },
      "confusion": [
        [
          0,
          0,
          0,
          0,
          0,
          0,
          0,
          0,
          0
        ],
        [
          0,
          162479821,
          8412986,
          5478060,
          1566612,
          1537412,
          10375890,
          6595125,
          345283
        ],
        [
          0,
          9979981,
          121837798,
          350004,
          5375,
          189723,
          669117,
          58539,
          47679
        ],
        [
          0,
          5821971,
          275566,
          54606529,
          11763,
          24128,
          841313,
          73401,
          235944
        ],
        [
          0,
          1246432,
          5286,
          36524,
          37477894,
          31703,
          509185,
          690427,
          24
        ],
        [
          0,
          2702338,
          39653,
          24915,
          24924,
          4894989,
          142078,
          961071,
          0
        ],
        [
          0,
          8676092,
          706264,
          527394,
          391074,
          210870,
          206613961,
          809001,
          56629
        ],
        [
          0,
          4390322,
          46791,
          100991,
          630048,
          123824,
          555022,
          51427093,
          0
        ],
        [
          0,
          251782,
          67230,
          115308,
          1,
          0,
          52280,
          0,
          4406628
        ]
      ],
      "class_names": [
        "Ignore",
        "Background",
        "Building",
        "Road",
        "Water",
        "Barren",
        "Vegetation",
        "Agricultural",
        "Vehicle"
      ],
      "boundary_f1_exact": 0.13199340916153293,
      "prediction_changed_fraction_vs_reference": 0.0,
      "mean_abs_delta": 0.007605564780533314,
      "mean_max_abs_delta": 0.04680772125720978,
      "mean_spatial_std_delta": 0.003919939044862986
    },
    {
      "factor": 0.3,
      "mIoU": 0.7678422572490592,
      "per_class_iou": {
        "1": 0.7068837189826378,
        "2": 0.8538256100621596,
        "3": 0.7969202425593448,
        "4": 0.8792642250350667,
        "5": 0.44869249507087855,
        "6": 0.8938447135433975,
        "7": 0.7736930140579934,
        "8": 0.7896140386809948
      },
      "confusion": [
        [
          0,
          0,
          0,
          0,
          0,
          0,
          0,
          0,
          0
        ],
        [
          0,
          162535036,
          8409580,
          5419134,
          1556810,
          1547593,
          10371184,
          6604163,
          347689
        ],
        [
          0,
          9984373,
          121828850,
          347760,
          5490,
          190176,
          674230,
          59332,
          48005
        ],
        [
          0,
          5866859,
          277157,
          54544896,
          11794,
          24700,
          850124,
          74960,
          240125
        ],
        [
          0,
          1253625,
          5258,
          36014,
          37466917,
          31788,
          510138,
          693711,
          24
        ],
        [
          0,
          2697112,
          39628,
          24260,
          24837,
          4899858,
          142616,
          961657,
          0
        ],
        [
          0,
          8693915,
          702178,
          517338,
          389679,
          212117,
          206604674,
          814974,
          56410
        ],
        [
          0,
          4393585,
          46803,
          97184,
          625584,
          123961,
          549628,
          51437346,
          0
        ],
        [
          0,
          251128,
          67050,
          112306,
          1,
          0,
          52369,
          0,
          4410375
        ]
      ],
      "class_names": [
        "Ignore",
        "Background",
        "Building",
        "Road",
        "Water",
        "Barren",
        "Vegetation",
        "Agricultural",
        "Vehicle"
      ],
      "boundary_f1_exact": 0.13214530789149415,
      "prediction_changed_fraction_vs_reference": 0.0006784142896138668,
      "mean_abs_delta": 0.022816695272922516,
      "mean_max_abs_delta": 0.14042316377162933,
      "mean_spatial_std_delta": 0.011759815737605095
    },
    {
      "factor": 0.5,
      "mIoU": 0.7677649250213109,
      "per_class_iou": {
        "1": 0.7068919075094398,
        "2": 0.8537931967272528,
        "3": 0.796901268188933,
        "4": 0.8793260116952013,
        "5": 0.4485983436924963,
        "6": 0.8937797018340056,
        "7": 0.7735788303787317,
        "8": 0.789250140144427
      },
      "confusion": [
        [
          0,
          0,
          0,
          0,
          0,
          0,
          0,
          0,
          0
        ],
        [
          0,
          162590849,
          8405510,
          5359637,
          1547058,
          1557683,
          10366261,
          6614008,
          350183
        ],
        [
          0,
          9989872,
          121818491,
          345606,
          5618,
          190671,
          679450,
          60060,
          48448
        ],
        [
          0,
          5914144,
          278783,
          54480258,
          11804,
          25282,
          859315,
          76630,
          244399
        ],
        [
          0,
          1260873,
          5229,
          35449,
          37455711,
          31867,
          511227,
          697096,
          23
        ],
        [
          0,
          2692188,
          39599,
          23606,
          24734,
          4904523,
          143168,
          962150,
          0
        ],
        [
          0,
          8711934,
          698136,
          507306,
          388251,
          213353,
          206594991,
          821151,
          56163
        ],
        [
          0,
          4397264,
          46848,
          93460,
          620991,
          124170,
          544354,
          51447004,
          0
        ],
        [
          0,
          250614,
          66833,
          109450,
          1,
          0,
          52493,
          0,
          4413838
        ]
      ],
      "class_names": [
        "Ignore",
        "Background",
        "Building",
        "Road",
        "Water",
        "Barren",
        "Vegetation",
        "Agricultural",
        "Vehicle"
      ],
      "boundary_f1_exact": 0.1322716587840896,
      "prediction_changed_fraction_vs_reference": 0.0013699146558602978,
      "mean_abs_delta": 0.038027822971343994,
      "mean_max_abs_delta": 0.2340386062860489,
      "mean_spatial_std_delta": 0.01959969289600849
    },
    {
      "factor": 1.0,
      "mIoU": 0.7674858213619256,
      "per_class_iou": {
        "1": 0.7068530604450799,
        "2": 0.8536869470298303,
        "3": 0.7966791032130655,
        "4": 0.8794327757721068,
        "5": 0.4483604319012693,
        "6": 0.8935681730449165,
        "7": 0.7732547781082262,
        "8": 0.78805130138091
      },
      "confusion": [
        [
          0,
          0,
          0,
          0,
          0,
          0,
          0,
          0,
          0
        ],
        [
          0,
          162736304,
          8391357,
          5206858,
          1522338,
          1582104,
          10356351,
          6638890,
          356987
        ],
        [
          0,
          10009520,
          121785958,
          340062,
          5942,
          191842,
          693880,
          61588,
          49424
        ],
        [
          0,
          6044008,
          283253,
          54303249,
          11846,
          26845,
          884398,
          81165,
          255851
        ],
        [
          0,
          1281140,
          5142,
          34017,
          37424654,
          32102,
          514587,
          705814,
          19
        ],
        [
          0,
          2680642,
          39569,
          22066,
          24475,
          4915735,
          144500,
          962981,
          0
        ],
        [
          0,
          8762141,
          687987,
          481945,
          384185,
          216219,
          206565941,
          837222,
          55645
        ],
        [
          0,
          4408064,
          46998,
          84093,
          609184,
          124722,
          531838,
          51469192,
          0
        ],
        [
          0,
          249793,
          66281,
          102354,
          1,
          0,
          52922,
          0,
          4421878
        ]
      ],
      "class_names": [
        "Ignore",
        "Background",
        "Building",
        "Road",
        "Water",
        "Barren",
        "Vegetation",
        "Agricultural",
        "Vehicle"
      ],
      "boundary_f1_exact": 0.13243444508392696,
      "prediction_changed_fraction_vs_reference": 0.003164506628799845,
      "mean_abs_delta": 0.07605564594268799,
      "mean_max_abs_delta": 0.4680772125720978,
      "mean_spatial_std_delta": 0.03919938579201698
    },
    {
      "factor": 1.5,
      "mIoU": 0.7670776387407083,
      "per_class_iou": {
        "1": 0.7067167641800136,
        "2": 0.8535491161263771,
        "3": 0.796122249568144,
        "4": 0.8794902171156337,
        "5": 0.44803565028662495,
        "6": 0.8932948544570625,
        "7": 0.772864631427013,
        "8": 0.7865476267647971
      },
      "confusion": [
        [
          0,
          0,
          0,
          0,
          0,
          0,
          0,
          0,
          0
        ],
        [
          0,
          162890171,
          8369760,
          5051521,
          1497165,
          1605000,
          10350149,
          6663727,
          363696
        ],
        [
          0,
          10039949,
          121741474,
          334124,
          6249,
          192930,
          710199,
          62635,
          50656
        ],
        [
          0,
          6192957,
          288233,
          54101364,
          11880,
          28653,
          913247,
          86262,
          268019
        ],
        [
          0,
          1303501,
          5015,
          32511,
          37389699,
          32337,
          518592,
          715805,
          15
        ],
        [
          0,
          2670842,
          39480,
          20559,
          24189,
          4925462,
          145947,
          963489,
          0
        ],
        [
          0,
          8818606,
          676309,
          455909,
          379550,
          219398,
          206532335,
          854188,
          54990
        ],
        [
          0,
          4422031,
          47112,
          74929,
          596413,
          125174,
          520038,
          51488394,
          0
        ],
        [
          0,
          249544,
          65598,
          95933,
          1,
          0,
          53414,
          0,
          4428739
        ]
      ],
      "class_names": [
        "Ignore",
        "Background",
        "Building",
        "Road",
        "Water",
        "Barren",
        "Vegetation",
        "Agricultural",
        "Vehicle"
      ],
      "boundary_f1_exact": 0.1323871453937193,
      "prediction_changed_fraction_vs_reference": 0.005060961055120036,
      "mean_abs_delta": 0.11408346891403198,
      "mean_max_abs_delta": 0.7021157741546631,
      "mean_spatial_std_delta": 0.05879908427596092
    }
  ],
  "reference_factor": 0.1,
  "valid_pixels": 720766068,
  "samples": 699,
  "seconds": 49.69464831054211,
  "checkpoint": "/root/autodl-tmp/work_dirs/mathseg_uav/m1_seed3407/best.pt",
  "checkpoint_update": 159600,
  "variant": "M1",
  "split": "val",
  "split_hash": "c8fe33c99d22e36059fdddb8923e3f50563efa374fc7f5dfd7a0910428c5fa13",
  "max_samples": 0,
  "inference": "native_whole_fp32_no_tta",
  "device": "NVIDIA GeForce RTX 4090"
}
saved: /root/autodl-tmp/work_dirs/mathseg_uav/m1_seed3407/modulation_diagnostic.json
