Loads checkpoint by local backend from path: /root/hyperseg/models/swin_l/swin_large_patch4_window12_384_22k_20220412-6580f57d.pth
Swin pretrained missing=['norm0.weight', 'norm0.bias', 'norm1.weight', 'norm1.bias', 'norm2.weight', 'norm2.bias', 'norm3.weight', 'norm3.bias'], unexpected=['norm.weight', 'norm.bias', 'stages.0.blocks.1.attn_mask', 'stages.1.blocks.1.attn_mask', 'stages.2.blocks.1.attn_mask', 'stages.2.blocks.3.attn_mask', 'stages.2.blocks.5.attn_mask', 'stages.2.blocks.7.attn_mask', 'stages.2.blocks.9.attn_mask', 'stages.2.blocks.11.attn_mask', 'stages.2.blocks.13.attn_mask', 'stages.2.blocks.15.attn_mask', 'stages.2.blocks.17.attn_mask']
{"preset": "aug", "data_root": "/root/hyperseg/dataset/low_altitude_2026", "image_dir": "/root/hyperseg/dataset/low_altitude_2026/train/images", "mask_dir": "/root/hyperseg/dataset/low_altitude_2026/train/masks", "split_dir": "/root/hyperseg/runs/splits", "work_dir": "/root/hyperseg/runs/mask2former_uav/h3_bgfix_aug_20k_seed3407", "class_counts": "/root/hyperseg/experiment/h3_bgfix_20260930/configs/train_class_pixel_counts.json", "backbone_checkpoint": "/root/hyperseg/models/swin_l/swin_large_patch4_window12_384_22k_20220412-6580f57d.pth", "no_pretrained": false, "size": 512, "batch_size": 2, "accumulative_counts": 1, "max_iters": 20000, "val_interval": 1000, "val_size": 0, "val_max_images": 0, "num_workers": 4, "lr": 0.0001, "backbone_lr_multiplier": 0.1, "seed": 3407, "with_checkpointing": true, "resume": null, "drop_optimizer_state": true, "eval_checkpoint": null, "eval_split": "test", "aug_mode": "bgfix", "false_bg_weight": 0.0, "class_weight_mode": "none", "class_weight_floor": 0.7, "class_weight_cap": 3.0, "loss_rare_classes": [5, 7, 8], "crop_rare_classes": [3, 4, 5, 7, 8], "proxy_weight": 0.0, "proxy_scales": [0.5, 0.625, 0.75], "proxy_max_images": 200, "proxy_every": 2, "scale_min": 0.4, "scale_max": 1.5, "gsd_prob": 0.5, "gsd_min": 0.5, "gsd_max": 1.0, "photo_prob": 0.8, "scene_crop_prob": 0.5, "model_config": {"classes": 9, "target_widths": [64, 128, 320, 512], "context_dim": 128, "adapter_rank": 8, "adapter_scale": 0.1, "pretrained_checkpoint": "/root/hyperseg/models/swin_l/swin_large_patch4_window12_384_22k_20220412-6580f57d.pth", "with_cp": true}, "train_samples": 5598, "val_samples": 699, "proxy_val_samples": {}, "class_weight_payload": null, "param_counts": {"total": 197065410, "backbone": 195201204}}
/root/miniconda3/lib/python3.12/site-packages/torch/utils/checkpoint.py:464: UserWarning: torch.utils.checkpoint: the use_reentrant parameter should be passed explicitly. In version 2.4 we will raise an exception if use_reentrant is not passed. use_reentrant=False is recommended, but if you need to preserve the current default behavior, you can pass use_reentrant=True. Refer to docs for more details on the differences between the two variants.
  warnings.warn(
iter 1/20000: loss=1.33028 false_bg=0.0000 grad_norm=4.6470 sec_per_update=2.670 peak_gpu_gb=3.97
iter 50/20000: loss=1.26840 false_bg=0.0000 grad_norm=3.6345 sec_per_update=0.649 peak_gpu_gb=4.01
iter 100/20000: loss=0.77193 false_bg=0.0000 grad_norm=2.4951 sec_per_update=0.625 peak_gpu_gb=4.01
iter 150/20000: loss=1.01927 false_bg=0.0000 grad_norm=12.9980 sec_per_update=0.618 peak_gpu_gb=4.01
iter 200/20000: loss=1.02141 false_bg=0.0000 grad_norm=8.8173 sec_per_update=0.615 peak_gpu_gb=4.01
iter 250/20000: loss=0.85784 false_bg=0.0000 grad_norm=3.1131 sec_per_update=0.612 peak_gpu_gb=4.01
iter 300/20000: loss=0.61749 false_bg=0.0000 grad_norm=6.4217 sec_per_update=0.612 peak_gpu_gb=4.01
iter 350/20000: loss=0.51866 false_bg=0.0000 grad_norm=4.0599 sec_per_update=0.617 peak_gpu_gb=4.01
iter 400/20000: loss=0.85655 false_bg=0.0000 grad_norm=5.5826 sec_per_update=0.621 peak_gpu_gb=4.01
iter 450/20000: loss=0.49930 false_bg=0.0000 grad_norm=2.3078 sec_per_update=0.624 peak_gpu_gb=4.01
iter 500/20000: loss=0.54306 false_bg=0.0000 grad_norm=4.8696 sec_per_update=0.626 peak_gpu_gb=4.01
iter 550/20000: loss=0.33301 false_bg=0.0000 grad_norm=3.0273 sec_per_update=0.625 peak_gpu_gb=4.01
iter 600/20000: loss=0.37759 false_bg=0.0000 grad_norm=2.1000 sec_per_update=0.623 peak_gpu_gb=4.01
iter 650/20000: loss=0.58998 false_bg=0.0000 grad_norm=5.8850 sec_per_update=0.622 peak_gpu_gb=4.01
iter 700/20000: loss=0.66564 false_bg=0.0000 grad_norm=8.0702 sec_per_update=0.620 peak_gpu_gb=4.01
iter 750/20000: loss=0.40978 false_bg=0.0000 grad_norm=5.1556 sec_per_update=0.619 peak_gpu_gb=4.01
iter 800/20000: loss=0.52729 false_bg=0.0000 grad_norm=3.6781 sec_per_update=0.618 peak_gpu_gb=4.01
iter 850/20000: loss=0.56078 false_bg=0.0000 grad_norm=2.2988 sec_per_update=0.617 peak_gpu_gb=4.01
iter 900/20000: loss=0.54422 false_bg=0.0000 grad_norm=5.0896 sec_per_update=0.616 peak_gpu_gb=4.01
iter 950/20000: loss=0.36765 false_bg=0.0000 grad_norm=6.6047 sec_per_update=0.615 peak_gpu_gb=4.01
iter 1000/20000: loss=0.39334 false_bg=0.0000 grad_norm=3.8063 sec_per_update=0.615 peak_gpu_gb=4.01
{"iter": 1000, "val": {"mIoU": 0.5711486853743475, "per_class_iou": {"1": 0.41924274927400484, "2": 0.6941042843115686, "3": 0.6227295774423479, "4": 0.7273625895815538, "5": 0.09127026728701487, "6": 0.8087018408547229, "7": 0.6697384945511489, "8": 0.5360396796924181}, "classes_in_mean": [1, 2, 3, 4, 5, 6, 7, 8], "background_false_positive_rate": 0.07902943950104906, "background_false_negative_rate": 0.49253883007943006, "confusion": [[0, 0, 0, 0, 0, 0, 0, 0, 0], [0, 99863887, 41955067, 18091550, 5441067, 236539, 18584867, 10460018, 2158194], [0, 5409913, 125386685, 485965, 675746, 55954, 844638, 91402, 187913], [0, 5796046, 2403352, 51278682, 120206, 0, 1009215, 475267, 807847], [0, 1896678, 23598, 609014, 35178085, 20704, 849233, 1415384, 4779], [0, 6474169, 134156, 32376, 69677, 845061, 111852, 1122677, 0], [0, 15420529, 2652958, 1145308, 1594296, 26198, 194688873, 2242621, 220502], [0, 6350518, 78478, 470, 463128, 129523, 1305923, 48945467, 584], [0, 61588, 259487, 89726, 2296, 0, 45450, 0, 4434682]]}, "selection_score": 0.5711486853743475}
iter 1050/20000: loss=0.47601 false_bg=0.0000 grad_norm=3.0393 sec_per_update=0.781 peak_gpu_gb=4.32
iter 1100/20000: loss=0.53412 false_bg=0.0000 grad_norm=2.9558 sec_per_update=0.773 peak_gpu_gb=4.32
iter 1150/20000: loss=0.25242 false_bg=0.0000 grad_norm=2.0674 sec_per_update=0.765 peak_gpu_gb=4.32
iter 1200/20000: loss=0.36280 false_bg=0.0000 grad_norm=2.4282 sec_per_update=0.758 peak_gpu_gb=4.32
iter 1250/20000: loss=0.32131 false_bg=0.0000 grad_norm=2.2093 sec_per_update=0.752 peak_gpu_gb=4.32
iter 1300/20000: loss=0.71564 false_bg=0.0000 grad_norm=5.3372 sec_per_update=0.747 peak_gpu_gb=4.32
iter 1350/20000: loss=0.60839 false_bg=0.0000 grad_norm=10.0415 sec_per_update=0.743 peak_gpu_gb=4.32
iter 1400/20000: loss=0.65739 false_bg=0.0000 grad_norm=5.6024 sec_per_update=0.740 peak_gpu_gb=4.32
iter 1450/20000: loss=0.56108 false_bg=0.0000 grad_norm=4.5181 sec_per_update=0.737 peak_gpu_gb=4.32
iter 1500/20000: loss=0.37493 false_bg=0.0000 grad_norm=4.4155 sec_per_update=0.734 peak_gpu_gb=4.32
iter 1550/20000: loss=0.61650 false_bg=0.0000 grad_norm=9.0113 sec_per_update=0.730 peak_gpu_gb=4.32
iter 1600/20000: loss=0.49982 false_bg=0.0000 grad_norm=4.9104 sec_per_update=0.726 peak_gpu_gb=4.32
iter 1650/20000: loss=0.36185 false_bg=0.0000 grad_norm=2.1230 sec_per_update=0.722 peak_gpu_gb=4.32
iter 1700/20000: loss=0.47930 false_bg=0.0000 grad_norm=2.6517 sec_per_update=0.719 peak_gpu_gb=4.32
iter 1750/20000: loss=0.28270 false_bg=0.0000 grad_norm=1.8700 sec_per_update=0.716 peak_gpu_gb=4.32
iter 1800/20000: loss=0.60164 false_bg=0.0000 grad_norm=1.8350 sec_per_update=0.712 peak_gpu_gb=4.32
iter 1850/20000: loss=0.40118 false_bg=0.0000 grad_norm=2.8908 sec_per_update=0.709 peak_gpu_gb=4.32
iter 1900/20000: loss=0.31130 false_bg=0.0000 grad_norm=1.5000 sec_per_update=0.707 peak_gpu_gb=4.32
iter 1950/20000: loss=0.32298 false_bg=0.0000 grad_norm=15.3214 sec_per_update=0.704 peak_gpu_gb=4.32
iter 2000/20000: loss=0.65736 false_bg=0.0000 grad_norm=2.5045 sec_per_update=0.701 peak_gpu_gb=4.32
{"iter": 2000, "val": {"mIoU": 0.6192169615611867, "per_class_iou": {"1": 0.45302630724516013, "2": 0.7624411470243668, "3": 0.6086485954040148, "4": 0.7697121735072122, "5": 0.2925126974782508, "6": 0.8182187707575624, "7": 0.6611420368992973, "8": 0.5880339641736292}, "classes_in_mean": [1, 2, 3, 4, 5, 6, 7, 8], "background_false_positive_rate": 0.04658345271548791, "background_false_negative_rate": 0.49078357873024486, "confusion": [[0, 0, 0, 0, 0, 0, 0, 0, 0], [0, 100209305, 24786972, 23924943, 3391057, 9182295, 22787137, 10789578, 1719902], [0, 7227407, 122827949, 779373, 477469, 523817, 1007395, 85906, 208900], [0, 4330825, 712148, 54264085, 43776, 52702, 1144392, 728303, 614384], [0, 853515, 16456, 882500, 35404330, 439570, 965289, 1429110, 6705], [0, 1242114, 53918, 89064, 94954, 6540397, 181252, 588205, 64], [0, 7002890, 2001730, 1463665, 1461041, 1199239, 200688663, 4043524, 130533], [0, 3667983, 203137, 23953, 531061, 2171770, 1129845, 49545136, 1206], [0, 83825, 185692, 100919, 10, 0, 68471, 0, 4454312]]}, "selection_score": 0.6192169615611867}
iter 2050/20000: loss=0.76448 false_bg=0.0000 grad_norm=6.2625 sec_per_update=0.784 peak_gpu_gb=4.32
iter 2100/20000: loss=0.34595 false_bg=0.0000 grad_norm=2.2629 sec_per_update=0.780 peak_gpu_gb=4.32
iter 2150/20000: loss=0.51123 false_bg=0.0000 grad_norm=3.0223 sec_per_update=0.776 peak_gpu_gb=4.32
iter 2200/20000: loss=0.27312 false_bg=0.0000 grad_norm=7.4045 sec_per_update=0.772 peak_gpu_gb=4.32
iter 2250/20000: loss=0.21134 false_bg=0.0000 grad_norm=1.4050 sec_per_update=0.768 peak_gpu_gb=4.32
iter 2300/20000: loss=0.19625 false_bg=0.0000 grad_norm=0.9463 sec_per_update=0.765 peak_gpu_gb=4.32
iter 2350/20000: loss=0.20837 false_bg=0.0000 grad_norm=2.3520 sec_per_update=0.762 peak_gpu_gb=4.32
iter 2400/20000: loss=0.43889 false_bg=0.0000 grad_norm=6.2929 sec_per_update=0.760 peak_gpu_gb=4.32
iter 2450/20000: loss=0.30994 false_bg=0.0000 grad_norm=1.7790 sec_per_update=0.758 peak_gpu_gb=4.32
iter 2500/20000: loss=0.28385 false_bg=0.0000 grad_norm=2.3152 sec_per_update=0.756 peak_gpu_gb=4.32
iter 2550/20000: loss=0.33057 false_bg=0.0000 grad_norm=8.5396 sec_per_update=0.753 peak_gpu_gb=4.32
iter 2600/20000: loss=0.87001 false_bg=0.0000 grad_norm=16.3940 sec_per_update=0.750 peak_gpu_gb=4.32
iter 2650/20000: loss=0.46770 false_bg=0.0000 grad_norm=3.2084 sec_per_update=0.747 peak_gpu_gb=4.32
iter 2700/20000: loss=0.22602 false_bg=0.0000 grad_norm=45.7175 sec_per_update=0.744 peak_gpu_gb=4.32
iter 2750/20000: loss=0.69146 false_bg=0.0000 grad_norm=18.0035 sec_per_update=0.742 peak_gpu_gb=4.32
iter 2800/20000: loss=0.86188 false_bg=0.0000 grad_norm=5.8234 sec_per_update=0.739 peak_gpu_gb=4.32
iter 2850/20000: loss=0.41948 false_bg=0.0000 grad_norm=2.0810 sec_per_update=0.737 peak_gpu_gb=4.32
iter 2900/20000: loss=0.09198 false_bg=0.0000 grad_norm=1.8207 sec_per_update=0.735 peak_gpu_gb=4.32
iter 2950/20000: loss=0.27022 false_bg=0.0000 grad_norm=3.6763 sec_per_update=0.732 peak_gpu_gb=4.32
iter 3000/20000: loss=0.12935 false_bg=0.0000 grad_norm=1.3073 sec_per_update=0.730 peak_gpu_gb=4.32
{"iter": 3000, "val": {"mIoU": 0.6443942940106321, "per_class_iou": {"1": 0.5037658891926975, "2": 0.7810947068942903, "3": 0.6373356387053655, "4": 0.7668776803526222, "5": 0.3268530161554391, "6": 0.8239715996364967, "7": 0.6775834719585998, "8": 0.6376723491895461}, "classes_in_mean": [1, 2, 3, 4, 5, 6, 7, 8], "background_false_positive_rate": 0.05575052768894289, "background_false_negative_rate": 0.42145461095821724, "confusion": [[0, 0, 0, 0, 0, 0, 0, 0, 0], [0, 113852635, 15202772, 19302510, 4045145, 5998714, 24081339, 13109062, 1199012], [0, 12295879, 117600085, 1041590, 482561, 456826, 899885, 209634, 151756], [0, 5285270, 368152, 53569207, 35276, 67946, 1335590, 743364, 485810], [0, 598990, 3751, 606516, 36178167, 173892, 535573, 1898820, 1766], [0, 1660571, 10899, 35914, 133188, 5465105, 292301, 1191974, 16], [0, 6623198, 1638345, 1022497, 1943388, 820416, 203328521, 2477025, 137895], [0, 2603835, 30369, 7054, 538896, 412613, 1572465, 52108859, 0], [0, 144133, 165532, 145103, 0, 0, 57981, 0, 4380480]]}, "selection_score": 0.6443942940106321}
iter 3050/20000: loss=0.79034 false_bg=0.0000 grad_norm=17.0641 sec_per_update=0.786 peak_gpu_gb=4.32
iter 3100/20000: loss=0.14720 false_bg=0.0000 grad_norm=4.5654 sec_per_update=0.783 peak_gpu_gb=4.32
iter 3150/20000: loss=0.67787 false_bg=0.0000 grad_norm=3.4555 sec_per_update=0.780 peak_gpu_gb=4.32
iter 3200/20000: loss=0.43602 false_bg=0.0000 grad_norm=3.9685 sec_per_update=0.777 peak_gpu_gb=4.32
iter 3250/20000: loss=0.19809 false_bg=0.0000 grad_norm=2.1768 sec_per_update=0.774 peak_gpu_gb=4.32
iter 3300/20000: loss=0.18883 false_bg=0.0000 grad_norm=2.5862 sec_per_update=0.772 peak_gpu_gb=4.32
iter 3350/20000: loss=0.22106 false_bg=0.0000 grad_norm=2.1573 sec_per_update=0.770 peak_gpu_gb=4.32
iter 3400/20000: loss=0.44487 false_bg=0.0000 grad_norm=4.2252 sec_per_update=0.768 peak_gpu_gb=4.32
iter 3450/20000: loss=0.44985 false_bg=0.0000 grad_norm=2.9952 sec_per_update=0.767 peak_gpu_gb=4.32
iter 3500/20000: loss=0.19375 false_bg=0.0000 grad_norm=1.9111 sec_per_update=0.765 peak_gpu_gb=4.32
iter 3550/20000: loss=0.33336 false_bg=0.0000 grad_norm=3.2035 sec_per_update=0.763 peak_gpu_gb=4.32
iter 3600/20000: loss=0.37232 false_bg=0.0000 grad_norm=14.8874 sec_per_update=0.760 peak_gpu_gb=4.32
iter 3650/20000: loss=0.42322 false_bg=0.0000 grad_norm=6.0281 sec_per_update=0.758 peak_gpu_gb=4.32
iter 3700/20000: loss=0.21288 false_bg=0.0000 grad_norm=1.0464 sec_per_update=0.756 peak_gpu_gb=4.32
iter 3750/20000: loss=0.28527 false_bg=0.0000 grad_norm=4.0899 sec_per_update=0.754 peak_gpu_gb=4.32
iter 3800/20000: loss=0.11787 false_bg=0.0000 grad_norm=1.8915 sec_per_update=0.752 peak_gpu_gb=4.32
iter 3850/20000: loss=0.53267 false_bg=0.0000 grad_norm=3.2218 sec_per_update=0.750 peak_gpu_gb=4.32
iter 3900/20000: loss=0.35177 false_bg=0.0000 grad_norm=2.7096 sec_per_update=0.748 peak_gpu_gb=4.32
iter 3950/20000: loss=0.20309 false_bg=0.0000 grad_norm=4.2370 sec_per_update=0.746 peak_gpu_gb=4.32
iter 4000/20000: loss=0.25409 false_bg=0.0000 grad_norm=1.8185 sec_per_update=0.744 peak_gpu_gb=4.32
{"iter": 4000, "val": {"mIoU": 0.636877753136628, "per_class_iou": {"1": 0.5100655947442142, "2": 0.7803904543318899, "3": 0.6283762134689527, "4": 0.7866944843814757, "5": 0.2430394804947179, "6": 0.8241531787487201, "7": 0.6863190442460043, "8": 0.635983574677049}, "classes_in_mean": [1, 2, 3, 4, 5, 6, 7, 8], "background_false_positive_rate": 0.0724402800997641, "background_false_negative_rate": 0.3915534653332472, "confusion": [[0, 0, 0, 0, 0, 0, 0, 0, 0], [0, 119736917, 14804097, 21578549, 3732394, 2318052, 20558069, 12769097, 1294014], [0, 13085486, 116960054, 1002707, 506338, 196530, 949369, 253966, 183766], [0, 5169560, 250668, 54299295, 23401, 3269, 1032747, 621634, 490041], [0, 865518, 2727, 631933, 35936396, 153064, 619680, 1785979, 2178], [0, 4634547, 2664, 50599, 79415, 2880702, 89813, 1052228, 0], [0, 11125870, 1545370, 1111541, 934465, 161980, 199304055, 3636728, 171276], [0, 2932713, 25947, 26534, 406756, 229952, 535403, 53116786, 0], [0, 143193, 104074, 119601, 0, 0, 52532, 0, 4473829]]}, "selection_score": 0.636877753136628}
iter 4050/20000: loss=0.18435 false_bg=0.0000 grad_norm=3.6862 sec_per_update=0.786 peak_gpu_gb=4.32
iter 4100/20000: loss=0.35178 false_bg=0.0000 grad_norm=2.6992 sec_per_update=0.783 peak_gpu_gb=4.32
iter 4150/20000: loss=0.47117 false_bg=0.0000 grad_norm=12.3112 sec_per_update=0.781 peak_gpu_gb=4.32
iter 4200/20000: loss=0.43268 false_bg=0.0000 grad_norm=4.5756 sec_per_update=0.779 peak_gpu_gb=4.32
iter 4250/20000: loss=0.50189 false_bg=0.0000 grad_norm=7.8889 sec_per_update=0.777 peak_gpu_gb=4.32
iter 4300/20000: loss=0.22881 false_bg=0.0000 grad_norm=1.4747 sec_per_update=0.775 peak_gpu_gb=4.32
iter 4350/20000: loss=0.67029 false_bg=0.0000 grad_norm=5.1469 sec_per_update=0.774 peak_gpu_gb=4.32
iter 4400/20000: loss=0.30785 false_bg=0.0000 grad_norm=6.1908 sec_per_update=0.772 peak_gpu_gb=4.32
iter 4450/20000: loss=0.27456 false_bg=0.0000 grad_norm=5.1664 sec_per_update=0.771 peak_gpu_gb=4.32
iter 4500/20000: loss=0.52766 false_bg=0.0000 grad_norm=4.7815 sec_per_update=0.770 peak_gpu_gb=4.32
iter 4550/20000: loss=0.49456 false_bg=0.0000 grad_norm=3.9643 sec_per_update=0.768 peak_gpu_gb=4.32
iter 4600/20000: loss=0.54664 false_bg=0.0000 grad_norm=5.7244 sec_per_update=0.766 peak_gpu_gb=4.32
iter 4650/20000: loss=0.52542 false_bg=0.0000 grad_norm=3.7967 sec_per_update=0.764 peak_gpu_gb=4.32
iter 4700/20000: loss=0.60024 false_bg=0.0000 grad_norm=4.4371 sec_per_update=0.762 peak_gpu_gb=4.32
iter 4750/20000: loss=0.44935 false_bg=0.0000 grad_norm=12.9638 sec_per_update=0.761 peak_gpu_gb=4.32
iter 4800/20000: loss=0.53774 false_bg=0.0000 grad_norm=4.5197 sec_per_update=0.759 peak_gpu_gb=4.32
iter 4850/20000: loss=0.37522 false_bg=0.0000 grad_norm=7.0740 sec_per_update=0.757 peak_gpu_gb=4.32
iter 4900/20000: loss=0.22257 false_bg=0.0000 grad_norm=1.5848 sec_per_update=0.756 peak_gpu_gb=4.32
iter 4950/20000: loss=0.21544 false_bg=0.0000 grad_norm=2.1529 sec_per_update=0.754 peak_gpu_gb=4.32
iter 5000/20000: loss=0.18981 false_bg=0.0000 grad_norm=2.0085 sec_per_update=0.753 peak_gpu_gb=4.32
{"iter": 5000, "val": {"mIoU": 0.6571728231830383, "per_class_iou": {"1": 0.5016799829539877, "2": 0.7982549556397115, "3": 0.64972535778329, "4": 0.7996705574859067, "5": 0.3508022797898953, "6": 0.8276559616973834, "7": 0.681935843918936, "8": 0.6476576461951958}, "classes_in_mean": [1, 2, 3, 4, 5, 6, 7, 8], "background_false_positive_rate": 0.04223784171149167, "background_false_negative_rate": 0.44189998770727484, "confusion": [[0, 0, 0, 0, 0, 0, 0, 0, 0], [0, 109829165, 17935547, 19518936, 3001518, 7640088, 24092680, 13564863, 1208392], [0, 8115672, 122541326, 437875, 376996, 495192, 757738, 240576, 172841], [0, 4812303, 442562, 54510699, 29992, 56782, 889081, 747345, 401851], [0, 738169, 7027, 324124, 36054808, 243783, 890537, 1737634, 1393], [0, 751962, 13271, 26454, 76228, 6605354, 204511, 1112188, 0], [0, 6143386, 1808522, 1527697, 1125214, 793809, 204576008, 1872243, 144406], [0, 1450764, 30392, 9960, 479563, 809657, 2292289, 52201466, 0], [0, 119312, 135976, 162402, 91, 0, 57055, 0, 4418393]]}, "selection_score": 0.6571728231830383}
iter 5050/20000: loss=0.34159 false_bg=0.0000 grad_norm=2.2458 sec_per_update=0.786 peak_gpu_gb=4.32
iter 5100/20000: loss=0.72379 false_bg=0.0000 grad_norm=10.5148 sec_per_update=0.784 peak_gpu_gb=4.32
iter 5150/20000: loss=0.39238 false_bg=0.0000 grad_norm=4.0933 sec_per_update=0.782 peak_gpu_gb=4.32
iter 5200/20000: loss=0.42884 false_bg=0.0000 grad_norm=5.3485 sec_per_update=0.780 peak_gpu_gb=4.32
iter 5250/20000: loss=0.28556 false_bg=0.0000 grad_norm=5.2018 sec_per_update=0.779 peak_gpu_gb=4.32
iter 5300/20000: loss=0.24035 false_bg=0.0000 grad_norm=4.4391 sec_per_update=0.777 peak_gpu_gb=4.32
iter 5350/20000: loss=0.29837 false_bg=0.0000 grad_norm=3.6652 sec_per_update=0.776 peak_gpu_gb=4.32
iter 5400/20000: loss=0.24719 false_bg=0.0000 grad_norm=1.8650 sec_per_update=0.775 peak_gpu_gb=4.32
iter 5450/20000: loss=0.43864 false_bg=0.0000 grad_norm=3.1996 sec_per_update=0.774 peak_gpu_gb=4.32
iter 5500/20000: loss=0.22671 false_bg=0.0000 grad_norm=1.7688 sec_per_update=0.773 peak_gpu_gb=4.32
iter 5550/20000: loss=0.53615 false_bg=0.0000 grad_norm=4.0478 sec_per_update=0.771 peak_gpu_gb=4.32
iter 5600/20000: loss=0.34742 false_bg=0.0000 grad_norm=5.2955 sec_per_update=0.770 peak_gpu_gb=4.32
iter 5650/20000: loss=0.14289 false_bg=0.0000 grad_norm=2.1555 sec_per_update=0.768 peak_gpu_gb=4.32
iter 5700/20000: loss=0.40709 false_bg=0.0000 grad_norm=3.3924 sec_per_update=0.767 peak_gpu_gb=4.32
iter 5750/20000: loss=0.59381 false_bg=0.0000 grad_norm=10.1424 sec_per_update=0.765 peak_gpu_gb=4.32
iter 5800/20000: loss=0.16979 false_bg=0.0000 grad_norm=6.6288 sec_per_update=0.764 peak_gpu_gb=4.32
iter 5850/20000: loss=0.48053 false_bg=0.0000 grad_norm=2.6298 sec_per_update=0.763 peak_gpu_gb=4.32
iter 5900/20000: loss=0.30250 false_bg=0.0000 grad_norm=2.6675 sec_per_update=0.761 peak_gpu_gb=4.32
iter 5950/20000: loss=0.19760 false_bg=0.0000 grad_norm=2.3191 sec_per_update=0.760 peak_gpu_gb=4.32
iter 6000/20000: loss=0.34843 false_bg=0.0000 grad_norm=2.0013 sec_per_update=0.759 peak_gpu_gb=4.32
{"iter": 6000, "val": {"mIoU": 0.6588853784746453, "per_class_iou": {"1": 0.5428031494751517, "2": 0.7777451832443661, "3": 0.6884922252733158, "4": 0.7901174882511113, "5": 0.351999322611943, "6": 0.8202804626189615, "7": 0.6328465831156804, "8": 0.6667986132066329}, "classes_in_mean": [1, 2, 3, 4, 5, 6, 7, 8], "background_false_positive_rate": 0.0662642111130675, "background_false_negative_rate": 0.36142757387374697, "confusion": [[0, 0, 0, 0, 0, 0, 0, 0, 0], [0, 125665427, 24173735, 8942841, 4212944, 7438268, 19182809, 6100550, 1074615], [0, 6180604, 124894904, 167801, 421713, 478524, 784836, 71659, 138175], [0, 9582728, 1004905, 49556933, 59938, 66125, 926046, 221552, 472388], [0, 916965, 7060, 80653, 37269164, 340951, 761307, 621040, 335], [0, 1169263, 31868, 25461, 136919, 6763661, 281406, 381390, 0], [0, 10175005, 1997249, 755432, 1483513, 551513, 202712322, 177626, 138625], [0, 6563321, 92801, 28775, 856231, 1549634, 7144552, 41038777, 0], [0, 132896, 140058, 87351, 409, 0, 53384, 0, 4479131]]}, "selection_score": 0.6588853784746453}
iter 6050/20000: loss=0.17543 false_bg=0.0000 grad_norm=2.3205 sec_per_update=0.786 peak_gpu_gb=4.32
iter 6100/20000: loss=0.25265 false_bg=0.0000 grad_norm=3.2000 sec_per_update=0.784 peak_gpu_gb=4.32
iter 6150/20000: loss=0.35121 false_bg=0.0000 grad_norm=1.5462 sec_per_update=0.783 peak_gpu_gb=4.32
iter 6200/20000: loss=0.38213 false_bg=0.0000 grad_norm=10.3099 sec_per_update=0.782 peak_gpu_gb=4.32
iter 6250/20000: loss=0.20566 false_bg=0.0000 grad_norm=1.6859 sec_per_update=0.780 peak_gpu_gb=4.32
iter 6300/20000: loss=0.32078 false_bg=0.0000 grad_norm=1.9651 sec_per_update=0.779 peak_gpu_gb=4.32
iter 6350/20000: loss=0.21786 false_bg=0.0000 grad_norm=2.4753 sec_per_update=0.778 peak_gpu_gb=4.32
iter 6400/20000: loss=0.28831 false_bg=0.0000 grad_norm=1.9622 sec_per_update=0.777 peak_gpu_gb=4.32
iter 6450/20000: loss=0.44943 false_bg=0.0000 grad_norm=3.3261 sec_per_update=0.776 peak_gpu_gb=4.32
iter 6500/20000: loss=0.40842 false_bg=0.0000 grad_norm=11.4002 sec_per_update=0.775 peak_gpu_gb=4.32
iter 6550/20000: loss=0.44807 false_bg=0.0000 grad_norm=4.5754 sec_per_update=0.774 peak_gpu_gb=4.32
iter 6600/20000: loss=0.39646 false_bg=0.0000 grad_norm=23.8074 sec_per_update=0.772 peak_gpu_gb=4.32
iter 6650/20000: loss=0.15847 false_bg=0.0000 grad_norm=1.0483 sec_per_update=0.771 peak_gpu_gb=4.32
iter 6700/20000: loss=0.22250 false_bg=0.0000 grad_norm=2.6094 sec_per_update=0.770 peak_gpu_gb=4.32
iter 6750/20000: loss=0.17706 false_bg=0.0000 grad_norm=4.0606 sec_per_update=0.768 peak_gpu_gb=4.32
iter 6800/20000: loss=0.23675 false_bg=0.0000 grad_norm=3.0222 sec_per_update=0.767 peak_gpu_gb=4.32
iter 6850/20000: loss=0.46150 false_bg=0.0000 grad_norm=4.6329 sec_per_update=0.766 peak_gpu_gb=4.32
iter 6900/20000: loss=0.18049 false_bg=0.0000 grad_norm=4.5879 sec_per_update=0.765 peak_gpu_gb=4.32
iter 6950/20000: loss=0.34792 false_bg=0.0000 grad_norm=2.6425 sec_per_update=0.763 peak_gpu_gb=4.32
iter 7000/20000: loss=0.16460 false_bg=0.0000 grad_norm=1.1449 sec_per_update=0.762 peak_gpu_gb=4.32
{"iter": 7000, "val": {"mIoU": 0.6720654269520671, "per_class_iou": {"1": 0.5446507652415018, "2": 0.7993953054027818, "3": 0.6743892670257579, "4": 0.7917297841997302, "5": 0.36348487944291813, "6": 0.8346532487348074, "7": 0.700747783425484, "8": 0.667472382143555}, "classes_in_mean": [1, 2, 3, 4, 5, 6, 7, 8], "background_false_positive_rate": 0.058662673024826445, "background_false_negative_rate": 0.37027759916629194, "confusion": [[0, 0, 0, 0, 0, 0, 0, 0, 0], [0, 123923820, 13724910, 15662888, 3921101, 7586531, 19825103, 11125913, 1020923], [0, 11603885, 119221879, 318388, 489721, 502243, 689391, 195846, 116863], [0, 5781903, 413286, 53852547, 56789, 100257, 610439, 578858, 496536], [0, 690848, 2370, 122340, 37312916, 252087, 501648, 1114763, 503], [0, 867259, 2711, 23702, 95504, 6859707, 147975, 793110, 0], [0, 8635204, 1723296, 1731893, 1780088, 668073, 201149676, 2142230, 160825], [0, 2994533, 6027, 15187, 787669, 972897, 1185654, 51312124, 0], [0, 164135, 129263, 88789, 0, 0, 46400, 0, 4464642]]}, "selection_score": 0.6720654269520671}
iter 7050/20000: loss=0.16858 false_bg=0.0000 grad_norm=1.6319 sec_per_update=0.786 peak_gpu_gb=4.32
iter 7100/20000: loss=0.28411 false_bg=0.0000 grad_norm=2.8243 sec_per_update=0.785 peak_gpu_gb=4.32
iter 7150/20000: loss=0.29594 false_bg=0.0000 grad_norm=3.9290 sec_per_update=0.783 peak_gpu_gb=4.32
iter 7200/20000: loss=0.78568 false_bg=0.0000 grad_norm=9.4556 sec_per_update=0.782 peak_gpu_gb=4.32
iter 7250/20000: loss=0.25027 false_bg=0.0000 grad_norm=13.0262 sec_per_update=0.781 peak_gpu_gb=4.32
iter 7300/20000: loss=0.41668 false_bg=0.0000 grad_norm=20.3658 sec_per_update=0.780 peak_gpu_gb=4.32
iter 7350/20000: loss=0.56780 false_bg=0.0000 grad_norm=7.8711 sec_per_update=0.779 peak_gpu_gb=4.32
iter 7400/20000: loss=0.20766 false_bg=0.0000 grad_norm=0.7644 sec_per_update=0.778 peak_gpu_gb=4.32
iter 7450/20000: loss=0.23247 false_bg=0.0000 grad_norm=1.9936 sec_per_update=0.777 peak_gpu_gb=4.32
iter 7500/20000: loss=0.04061 false_bg=0.0000 grad_norm=0.3726 sec_per_update=0.776 peak_gpu_gb=4.32
iter 7550/20000: loss=0.20690 false_bg=0.0000 grad_norm=2.6632 sec_per_update=0.775 peak_gpu_gb=4.32
iter 7600/20000: loss=0.22211 false_bg=0.0000 grad_norm=4.3682 sec_per_update=0.774 peak_gpu_gb=4.32
iter 7650/20000: loss=0.42982 false_bg=0.0000 grad_norm=48.7567 sec_per_update=0.773 peak_gpu_gb=4.32
iter 7700/20000: loss=0.26305 false_bg=0.0000 grad_norm=15.1648 sec_per_update=0.772 peak_gpu_gb=4.32
iter 7750/20000: loss=0.20197 false_bg=0.0000 grad_norm=1.7225 sec_per_update=0.771 peak_gpu_gb=4.32
iter 7800/20000: loss=0.18760 false_bg=0.0000 grad_norm=1.8726 sec_per_update=0.770 peak_gpu_gb=4.32
iter 7850/20000: loss=0.29816 false_bg=0.0000 grad_norm=17.4084 sec_per_update=0.768 peak_gpu_gb=4.32
iter 7900/20000: loss=0.18573 false_bg=0.0000 grad_norm=1.8876 sec_per_update=0.767 peak_gpu_gb=4.32
iter 7950/20000: loss=0.32828 false_bg=0.0000 grad_norm=3.6610 sec_per_update=0.766 peak_gpu_gb=4.32
iter 8000/20000: loss=0.20733 false_bg=0.0000 grad_norm=2.2504 sec_per_update=0.765 peak_gpu_gb=4.32
{"iter": 8000, "val": {"mIoU": 0.6650520922020268, "per_class_iou": {"1": 0.5412422228358228, "2": 0.8058103814868902, "3": 0.6854172095550616, "4": 0.7956053134793767, "5": 0.3745980099175985, "6": 0.828569795611448, "7": 0.6808763138490956, "8": 0.6082974908809206}, "classes_in_mean": [1, 2, 3, 4, 5, 6, 7, 8], "background_false_positive_rate": 0.04713823122043223, "background_false_negative_rate": 0.3908265018918098, "confusion": [[0, 0, 0, 0, 0, 0, 0, 0, 0], [0, 119879977, 15471301, 12625197, 3758904, 5164966, 23135926, 15233207, 1521711], [0, 8965510, 121858073, 225560, 431406, 296930, 759748, 347221, 253768], [0, 6369793, 473467, 52618900, 22501, 26367, 726783, 815868, 836936], [0, 404349, 6507, 223205, 37132924, 148430, 453832, 1627820, 408], [0, 1332652, 14138, 18438, 116322, 5673739, 201823, 1432856, 0], [0, 6351329, 2050466, 1752280, 1736672, 495069, 202338064, 3085181, 182224], [0, 1194696, 12207, 6834, 609264, 224477, 881623, 54344990, 0], [0, 80920, 57951, 27026, 0, 0, 50573, 0, 4676759]]}, "selection_score": 0.6650520922020268}
iter 8050/20000: loss=1.06483 false_bg=0.0000 grad_norm=7.1687 sec_per_update=0.786 peak_gpu_gb=4.32
iter 8100/20000: loss=0.20541 false_bg=0.0000 grad_norm=4.9380 sec_per_update=0.785 peak_gpu_gb=4.32
iter 8150/20000: loss=0.25557 false_bg=0.0000 grad_norm=5.8254 sec_per_update=0.784 peak_gpu_gb=4.32
iter 8200/20000: loss=0.33192 false_bg=0.0000 grad_norm=3.5028 sec_per_update=0.783 peak_gpu_gb=4.32
iter 8250/20000: loss=0.23227 false_bg=0.0000 grad_norm=2.6043 sec_per_update=0.781 peak_gpu_gb=4.32
iter 8300/20000: loss=0.14156 false_bg=0.0000 grad_norm=1.9257 sec_per_update=0.781 peak_gpu_gb=4.32
iter 8350/20000: loss=1.48794 false_bg=0.0000 grad_norm=14.3228 sec_per_update=0.780 peak_gpu_gb=4.32
iter 8400/20000: loss=0.37450 false_bg=0.0000 grad_norm=3.7381 sec_per_update=0.779 peak_gpu_gb=4.32
iter 8450/20000: loss=0.08096 false_bg=0.0000 grad_norm=0.9447 sec_per_update=0.778 peak_gpu_gb=4.32
iter 8500/20000: loss=0.28694 false_bg=0.0000 grad_norm=5.6508 sec_per_update=0.777 peak_gpu_gb=4.32
iter 8550/20000: loss=0.23404 false_bg=0.0000 grad_norm=1.8469 sec_per_update=0.776 peak_gpu_gb=4.32
iter 8600/20000: loss=0.42712 false_bg=0.0000 grad_norm=4.6284 sec_per_update=0.775 peak_gpu_gb=4.32
iter 8650/20000: loss=0.10224 false_bg=0.0000 grad_norm=0.8791 sec_per_update=0.774 peak_gpu_gb=4.32
iter 8700/20000: loss=0.69841 false_bg=0.0000 grad_norm=4.2908 sec_per_update=0.773 peak_gpu_gb=4.32
iter 8750/20000: loss=0.35245 false_bg=0.0000 grad_norm=5.4899 sec_per_update=0.772 peak_gpu_gb=4.32
iter 8800/20000: loss=0.06687 false_bg=0.0000 grad_norm=0.4552 sec_per_update=0.771 peak_gpu_gb=4.32
iter 8850/20000: loss=0.30070 false_bg=0.0000 grad_norm=2.1042 sec_per_update=0.771 peak_gpu_gb=4.32
iter 8900/20000: loss=0.30791 false_bg=0.0000 grad_norm=3.7426 sec_per_update=0.770 peak_gpu_gb=4.32
iter 8950/20000: loss=0.41603 false_bg=0.0000 grad_norm=5.2020 sec_per_update=0.769 peak_gpu_gb=4.32
iter 9000/20000: loss=0.08330 false_bg=0.0000 grad_norm=1.1695 sec_per_update=0.768 peak_gpu_gb=4.32
{"iter": 9000, "val": {"mIoU": 0.6824927990995656, "per_class_iou": {"1": 0.5539860444510016, "2": 0.7951308248080302, "3": 0.7001078029808264, "4": 0.8154255587477702, "5": 0.3855576094861713, "6": 0.8452758178440598, "7": 0.6866801298786122, "8": 0.6777786046000535}, "classes_in_mean": [1, 2, 3, 4, 5, 6, 7, 8], "background_false_positive_rate": 0.050037616402598566, "background_false_negative_rate": 0.37220649650122295, "confusion": [[0, 0, 0, 0, 0, 0, 0, 0, 0], [0, 123544230, 22276272, 10530349, 3275329, 5371834, 15670675, 15118373, 1004127], [0, 5431062, 126170262, 186987, 344418, 310714, 462122, 183931, 48720], [0, 7275149, 789235, 51733159, 10240, 24016, 753770, 795860, 509186], [0, 615340, 12819, 223414, 37097268, 109479, 393244, 1544384, 1527], [0, 1179744, 25238, 32013, 104880, 5978368, 85981, 1383744, 0], [0, 10292073, 2180996, 973209, 1159532, 651474, 199357065, 3208628, 168308], [0, 1275335, 97182, 8414, 602491, 248286, 445125, 54597258, 0], [0, 149751, 158662, 48132, 0, 0, 46335, 0, 4490349]]}, "selection_score": 0.6824927990995656}
iter 9050/20000: loss=0.36075 false_bg=0.0000 grad_norm=5.2210 sec_per_update=0.786 peak_gpu_gb=4.32
iter 9100/20000: loss=0.52119 false_bg=0.0000 grad_norm=12.5989 sec_per_update=0.785 peak_gpu_gb=4.32
iter 9150/20000: loss=0.15304 false_bg=0.0000 grad_norm=0.9822 sec_per_update=0.784 peak_gpu_gb=4.32
iter 9200/20000: loss=0.33663 false_bg=0.0000 grad_norm=15.9568 sec_per_update=0.783 peak_gpu_gb=4.32
iter 9250/20000: loss=0.34330 false_bg=0.0000 grad_norm=3.2706 sec_per_update=0.782 peak_gpu_gb=4.32
iter 9300/20000: loss=0.15190 false_bg=0.0000 grad_norm=1.4945 sec_per_update=0.781 peak_gpu_gb=4.32
iter 9350/20000: loss=0.30572 false_bg=0.0000 grad_norm=4.2586 sec_per_update=0.781 peak_gpu_gb=4.32
iter 9400/20000: loss=0.10759 false_bg=0.0000 grad_norm=1.5939 sec_per_update=0.780 peak_gpu_gb=4.32
iter 9450/20000: loss=0.80861 false_bg=0.0000 grad_norm=8.4422 sec_per_update=0.779 peak_gpu_gb=4.32
iter 9500/20000: loss=0.14991 false_bg=0.0000 grad_norm=0.8603 sec_per_update=0.778 peak_gpu_gb=4.32
iter 9550/20000: loss=0.48572 false_bg=0.0000 grad_norm=5.3958 sec_per_update=0.778 peak_gpu_gb=4.32
iter 9600/20000: loss=0.72112 false_bg=0.0000 grad_norm=9.6426 sec_per_update=0.777 peak_gpu_gb=4.32
iter 9650/20000: loss=0.33106 false_bg=0.0000 grad_norm=3.8436 sec_per_update=0.776 peak_gpu_gb=4.32
iter 9700/20000: loss=0.41625 false_bg=0.0000 grad_norm=2.6082 sec_per_update=0.775 peak_gpu_gb=4.32
iter 9750/20000: loss=0.70015 false_bg=0.0000 grad_norm=15.0145 sec_per_update=0.774 peak_gpu_gb=4.32
iter 9800/20000: loss=0.27713 false_bg=0.0000 grad_norm=1.6016 sec_per_update=0.773 peak_gpu_gb=4.32
iter 9850/20000: loss=0.24698 false_bg=0.0000 grad_norm=3.9873 sec_per_update=0.772 peak_gpu_gb=4.32
iter 9900/20000: loss=0.06667 false_bg=0.0000 grad_norm=2.6803 sec_per_update=0.771 peak_gpu_gb=4.32
iter 9950/20000: loss=0.48816 false_bg=0.0000 grad_norm=22.0276 sec_per_update=0.770 peak_gpu_gb=4.32
iter 10000/20000: loss=0.35884 false_bg=0.0000 grad_norm=8.3325 sec_per_update=0.770 peak_gpu_gb=4.32
{"iter": 10000, "val": {"mIoU": 0.685543302269052, "per_class_iou": {"1": 0.5790063574419702, "2": 0.8128849330163828, "3": 0.6972124461859507, "4": 0.8199961525576855, "5": 0.3753634627954088, "6": 0.8419071710506881, "7": 0.6866094611541025, "8": 0.6713664339502279}, "classes_in_mean": [1, 2, 3, 4, 5, 6, 7, 8], "background_false_positive_rate": 0.06028460001800964, "background_false_negative_rate": 0.3280553836178102, "confusion": [[0, 0, 0, 0, 0, 0, 0, 0, 0], [0, 132232780, 15730385, 7654606, 2488865, 3754878, 18808171, 15056751, 1064753], [0, 8275262, 123169142, 156398, 377855, 214473, 679700, 195943, 69443], [0, 9893764, 482725, 49505355, 10810, 9770, 801365, 669747, 517079], [0, 956205, 5671, 147354, 36414982, 47733, 462405, 1962259, 866], [0, 2073346, 21236, 19413, 51260, 5006090, 102049, 1516574, 0], [0, 9027337, 1945596, 1078011, 1105102, 353339, 202355672, 1937222, 189006], [0, 1221639, 58479, 7815, 377356, 166486, 1466170, 53976146, 0], [0, 140063, 138697, 50480, 0, 0, 42755, 0, 4521234]]}, "selection_score": 0.685543302269052}
iter 10050/20000: loss=0.28309 false_bg=0.0000 grad_norm=2.9859 sec_per_update=0.786 peak_gpu_gb=4.32
iter 10100/20000: loss=0.08765 false_bg=0.0000 grad_norm=1.2176 sec_per_update=0.785 peak_gpu_gb=4.32
iter 10150/20000: loss=0.35447 false_bg=0.0000 grad_norm=2.1078 sec_per_update=0.784 peak_gpu_gb=4.32
iter 10200/20000: loss=0.11344 false_bg=0.0000 grad_norm=6.5645 sec_per_update=0.783 peak_gpu_gb=4.32
iter 10250/20000: loss=0.64165 false_bg=0.0000 grad_norm=11.8334 sec_per_update=0.782 peak_gpu_gb=4.32
iter 10300/20000: loss=0.56200 false_bg=0.0000 grad_norm=5.0801 sec_per_update=0.782 peak_gpu_gb=4.32
iter 10350/20000: loss=0.28403 false_bg=0.0000 grad_norm=1.8382 sec_per_update=0.781 peak_gpu_gb=4.32
iter 10400/20000: loss=0.07522 false_bg=0.0000 grad_norm=0.5479 sec_per_update=0.780 peak_gpu_gb=4.32
iter 10450/20000: loss=0.33794 false_bg=0.0000 grad_norm=2.7777 sec_per_update=0.780 peak_gpu_gb=4.32
iter 10500/20000: loss=1.40895 false_bg=0.0000 grad_norm=48.3875 sec_per_update=0.779 peak_gpu_gb=4.32
iter 10550/20000: loss=0.44158 false_bg=0.0000 grad_norm=9.6739 sec_per_update=0.778 peak_gpu_gb=4.32
iter 10600/20000: loss=1.48167 false_bg=0.0000 grad_norm=38.7310 sec_per_update=0.777 peak_gpu_gb=4.32
iter 10650/20000: loss=0.05962 false_bg=0.0000 grad_norm=0.3427 sec_per_update=0.777 peak_gpu_gb=4.32
iter 10700/20000: loss=0.21480 false_bg=0.0000 grad_norm=2.1425 sec_per_update=0.776 peak_gpu_gb=4.32
iter 10750/20000: loss=0.21704 false_bg=0.0000 grad_norm=26.7017 sec_per_update=0.775 peak_gpu_gb=4.32
iter 10800/20000: loss=0.18931 false_bg=0.0000 grad_norm=3.3016 sec_per_update=0.774 peak_gpu_gb=4.32
iter 10850/20000: loss=0.32845 false_bg=0.0000 grad_norm=9.6984 sec_per_update=0.773 peak_gpu_gb=4.32
iter 10900/20000: loss=0.21562 false_bg=0.0000 grad_norm=5.0820 sec_per_update=0.773 peak_gpu_gb=4.32
iter 10950/20000: loss=0.28351 false_bg=0.0000 grad_norm=6.7564 sec_per_update=0.772 peak_gpu_gb=4.32
iter 11000/20000: loss=0.38397 false_bg=0.0000 grad_norm=5.3232 sec_per_update=0.771 peak_gpu_gb=4.32
{"iter": 11000, "val": {"mIoU": 0.6933737943456356, "per_class_iou": {"1": 0.5973144211574665, "2": 0.8031955193840715, "3": 0.7052050260917576, "4": 0.8188984895775483, "5": 0.3840262041096521, "6": 0.8486406391003718, "7": 0.714471309313399, "8": 0.6752387460308179}, "classes_in_mean": [1, 2, 3, 4, 5, 6, 7, 8], "background_false_positive_rate": 0.0691712741442324, "background_false_negative_rate": 0.2926752172832291, "confusion": [[0, 0, 0, 0, 0, 0, 0, 0, 0], [0, 139195285, 14746466, 9206823, 2215114, 4710336, 13709828, 11988689, 1018648], [0, 10129859, 121673417, 132168, 354007, 290361, 371913, 141447, 45044], [0, 7689116, 1276966, 51138245, 4945, 15240, 671196, 528392, 566515], [0, 1405428, 4641, 187688, 36184756, 145938, 520623, 1547191, 1210], [0, 1844614, 4929, 16940, 75240, 5623255, 82108, 1142882, 0], [0, 12626249, 2148945, 1028510, 1089996, 402733, 199041608, 1456417, 196827], [0, 2412070, 25982, 13069, 450331, 288318, 1156923, 52927398, 0], [0, 136674, 140528, 39616, 0, 0, 37812, 0, 4538599]]}, "selection_score": 0.6933737943456356}
iter 11050/20000: loss=0.14658 false_bg=0.0000 grad_norm=1.4844 sec_per_update=0.786 peak_gpu_gb=4.32
iter 11100/20000: loss=0.19348 false_bg=0.0000 grad_norm=3.3618 sec_per_update=0.785 peak_gpu_gb=4.32
iter 11150/20000: loss=0.23336 false_bg=0.0000 grad_norm=12.0513 sec_per_update=0.784 peak_gpu_gb=4.32
iter 11200/20000: loss=0.26448 false_bg=0.0000 grad_norm=4.6110 sec_per_update=0.784 peak_gpu_gb=4.32
iter 11250/20000: loss=0.57864 false_bg=0.0000 grad_norm=4.2744 sec_per_update=0.783 peak_gpu_gb=4.32
iter 11300/20000: loss=0.28871 false_bg=0.0000 grad_norm=1.6575 sec_per_update=0.782 peak_gpu_gb=4.32
iter 11350/20000: loss=0.35297 false_bg=0.0000 grad_norm=3.4597 sec_per_update=0.782 peak_gpu_gb=4.32
iter 11400/20000: loss=0.35368 false_bg=0.0000 grad_norm=4.1585 sec_per_update=0.781 peak_gpu_gb=4.32
iter 11450/20000: loss=0.06251 false_bg=0.0000 grad_norm=0.3600 sec_per_update=0.780 peak_gpu_gb=4.32
iter 11500/20000: loss=0.45540 false_bg=0.0000 grad_norm=4.9519 sec_per_update=0.780 peak_gpu_gb=4.32
iter 11550/20000: loss=0.35464 false_bg=0.0000 grad_norm=5.1678 sec_per_update=0.779 peak_gpu_gb=4.32
iter 11600/20000: loss=0.42270 false_bg=0.0000 grad_norm=13.0757 sec_per_update=0.778 peak_gpu_gb=4.32
iter 11650/20000: loss=0.47289 false_bg=0.0000 grad_norm=3.4913 sec_per_update=0.777 peak_gpu_gb=4.32
iter 11700/20000: loss=0.22877 false_bg=0.0000 grad_norm=1.3578 sec_per_update=0.777 peak_gpu_gb=4.32
iter 11750/20000: loss=0.12892 false_bg=0.0000 grad_norm=5.3457 sec_per_update=0.776 peak_gpu_gb=4.32
iter 11800/20000: loss=0.27074 false_bg=0.0000 grad_norm=2.0025 sec_per_update=0.775 peak_gpu_gb=4.32
iter 11850/20000: loss=0.18553 false_bg=0.0000 grad_norm=1.0197 sec_per_update=0.774 peak_gpu_gb=4.32
iter 11900/20000: loss=0.19907 false_bg=0.0000 grad_norm=1.8631 sec_per_update=0.774 peak_gpu_gb=4.32
iter 11950/20000: loss=0.06888 false_bg=0.0000 grad_norm=0.6768 sec_per_update=0.773 peak_gpu_gb=4.32
iter 12000/20000: loss=0.12276 false_bg=0.0000 grad_norm=1.4997 sec_per_update=0.772 peak_gpu_gb=4.32
{"iter": 12000, "val": {"mIoU": 0.6927417598011354, "per_class_iou": {"1": 0.5824212871991166, "2": 0.8177365554720242, "3": 0.7043770342785982, "4": 0.8137917250644686, "5": 0.370888428430232, "6": 0.849722041506301, "7": 0.720806273235774, "8": 0.6821907332225682}, "classes_in_mean": [1, 2, 3, 4, 5, 6, 7, 8], "background_false_positive_rate": 0.05530574873227844, "background_false_negative_rate": 0.3318132703593757, "confusion": [[0, 0, 0, 0, 0, 0, 0, 0, 0], [0, 131493261, 15229271, 12406729, 2914649, 7744361, 16529765, 9407160, 1065993], [0, 7870602, 123403029, 311625, 429921, 411619, 538051, 93166, 80203], [0, 6152219, 454077, 53395175, 21591, 84168, 971850, 298381, 513154], [0, 1020265, 3173, 105337, 37292643, 315598, 427274, 832879, 306], [0, 881479, 7568, 20628, 32211, 7101614, 78747, 667721, 0], [0, 9300061, 1912401, 960577, 1369076, 907623, 201986468, 1402483, 152596], [0, 3642432, 76205, 37967, 1060860, 894238, 1123335, 50439054, 0], [0, 111765, 87139, 71343, 0, 0, 48565, 0, 4574417]]}, "selection_score": 0.6927417598011354}
iter 12050/20000: loss=0.20233 false_bg=0.0000 grad_norm=6.0014 sec_per_update=0.786 peak_gpu_gb=4.32
iter 12100/20000: loss=0.20825 false_bg=0.0000 grad_norm=1.1458 sec_per_update=0.785 peak_gpu_gb=4.32
iter 12150/20000: loss=0.13798 false_bg=0.0000 grad_norm=1.1071 sec_per_update=0.784 peak_gpu_gb=4.32
iter 12200/20000: loss=0.76492 false_bg=0.0000 grad_norm=18.3685 sec_per_update=0.784 peak_gpu_gb=4.32
iter 12250/20000: loss=1.90092 false_bg=0.0000 grad_norm=34.0930 sec_per_update=0.783 peak_gpu_gb=4.32
iter 12300/20000: loss=0.46460 false_bg=0.0000 grad_norm=3.6325 sec_per_update=0.782 peak_gpu_gb=4.32
iter 12350/20000: loss=0.27382 false_bg=0.0000 grad_norm=10.2141 sec_per_update=0.782 peak_gpu_gb=4.32
iter 12400/20000: loss=0.19368 false_bg=0.0000 grad_norm=1.3460 sec_per_update=0.781 peak_gpu_gb=4.32
iter 12450/20000: loss=0.82401 false_bg=0.0000 grad_norm=19.5753 sec_per_update=0.781 peak_gpu_gb=4.32
iter 12500/20000: loss=0.56974 false_bg=0.0000 grad_norm=40.9966 sec_per_update=0.780 peak_gpu_gb=4.32
iter 12550/20000: loss=0.25706 false_bg=0.0000 grad_norm=3.0986 sec_per_update=0.779 peak_gpu_gb=4.32
iter 12600/20000: loss=0.27895 false_bg=0.0000 grad_norm=3.8366 sec_per_update=0.779 peak_gpu_gb=4.32
iter 12650/20000: loss=0.23643 false_bg=0.0000 grad_norm=1.6119 sec_per_update=0.778 peak_gpu_gb=4.32
iter 12700/20000: loss=0.21354 false_bg=0.0000 grad_norm=2.2860 sec_per_update=0.777 peak_gpu_gb=4.32
iter 12750/20000: loss=0.27255 false_bg=0.0000 grad_norm=1.1322 sec_per_update=0.777 peak_gpu_gb=4.32
iter 12800/20000: loss=0.54423 false_bg=0.0000 grad_norm=13.1807 sec_per_update=0.776 peak_gpu_gb=4.32
iter 12850/20000: loss=0.23979 false_bg=0.0000 grad_norm=10.7817 sec_per_update=0.775 peak_gpu_gb=4.32
iter 12900/20000: loss=0.51001 false_bg=0.0000 grad_norm=16.5778 sec_per_update=0.775 peak_gpu_gb=4.32
iter 12950/20000: loss=0.37761 false_bg=0.0000 grad_norm=2.7868 sec_per_update=0.774 peak_gpu_gb=4.32
iter 13000/20000: loss=0.11900 false_bg=0.0000 grad_norm=1.1509 sec_per_update=0.773 peak_gpu_gb=4.32
{"iter": 13000, "val": {"mIoU": 0.6883345839133737, "per_class_iou": {"1": 0.5845538465298068, "2": 0.8130405433026487, "3": 0.685635019278991, "4": 0.8181825486206074, "5": 0.3962696410443398, "6": 0.8503232111312784, "7": 0.7071110831557516, "8": 0.6515607782435653}, "classes_in_mean": [1, 2, 3, 4, 5, 6, 7, 8], "background_false_positive_rate": 0.058957410437228235, "background_false_negative_rate": 0.32368312485779027, "confusion": [[0, 0, 0, 0, 0, 0, 0, 0, 0], [0, 133093202, 13013521, 15315371, 3047336, 3307408, 16010251, 11695155, 1308945], [0, 10346407, 121143019, 273525, 386958, 219714, 438672, 216915, 113006], [0, 5125811, 489800, 54288563, 15308, 14628, 648090, 705602, 602813], [0, 757103, 6105, 141158, 37167775, 95011, 442816, 1387062, 445], [0, 2304135, 7130, 19054, 45939, 5110048, 153556, 1150106, 0], [0, 9519855, 2258691, 1465810, 1283154, 242594, 201664884, 1355370, 200927], [0, 2765188, 14643, 7073, 651070, 226058, 1436362, 52173697, 0], [0, 73703, 71867, 67368, 0, 0, 41592, 0, 4638699]]}, "selection_score": 0.6883345839133737}
iter 13050/20000: loss=0.15462 false_bg=0.0000 grad_norm=4.0111 sec_per_update=0.786 peak_gpu_gb=4.32
iter 13100/20000: loss=0.20266 false_bg=0.0000 grad_norm=3.0974 sec_per_update=0.785 peak_gpu_gb=4.32
iter 13150/20000: loss=0.28782 false_bg=0.0000 grad_norm=3.5520 sec_per_update=0.784 peak_gpu_gb=4.32
iter 13200/20000: loss=0.22899 false_bg=0.0000 grad_norm=4.4960 sec_per_update=0.784 peak_gpu_gb=4.32
iter 13250/20000: loss=0.20758 false_bg=0.0000 grad_norm=3.9079 sec_per_update=0.783 peak_gpu_gb=4.32
iter 13300/20000: loss=1.18544 false_bg=0.0000 grad_norm=7.8215 sec_per_update=0.783 peak_gpu_gb=4.32
iter 13350/20000: loss=0.32132 false_bg=0.0000 grad_norm=4.1736 sec_per_update=0.782 peak_gpu_gb=4.32
iter 13400/20000: loss=0.20931 false_bg=0.0000 grad_norm=5.5309 sec_per_update=0.782 peak_gpu_gb=4.32
iter 13450/20000: loss=0.28467 false_bg=0.0000 grad_norm=2.1503 sec_per_update=0.781 peak_gpu_gb=4.32
iter 13500/20000: loss=0.17900 false_bg=0.0000 grad_norm=4.4881 sec_per_update=0.781 peak_gpu_gb=4.32
iter 13550/20000: loss=1.22457 false_bg=0.0000 grad_norm=8.0511 sec_per_update=0.780 peak_gpu_gb=4.32
iter 13600/20000: loss=0.83351 false_bg=0.0000 grad_norm=18.1570 sec_per_update=0.779 peak_gpu_gb=4.32
iter 13650/20000: loss=0.17040 false_bg=0.0000 grad_norm=2.6665 sec_per_update=0.779 peak_gpu_gb=4.32
iter 13700/20000: loss=0.47291 false_bg=0.0000 grad_norm=34.2122 sec_per_update=0.778 peak_gpu_gb=4.32
iter 13750/20000: loss=0.10891 false_bg=0.0000 grad_norm=2.3326 sec_per_update=0.777 peak_gpu_gb=4.32
iter 13800/20000: loss=0.49692 false_bg=0.0000 grad_norm=24.3779 sec_per_update=0.777 peak_gpu_gb=4.32
iter 13850/20000: loss=0.39920 false_bg=0.0000 grad_norm=7.5734 sec_per_update=0.776 peak_gpu_gb=4.32
iter 13900/20000: loss=0.65317 false_bg=0.0000 grad_norm=25.1449 sec_per_update=0.775 peak_gpu_gb=4.32
iter 13950/20000: loss=0.19112 false_bg=0.0000 grad_norm=2.3019 sec_per_update=0.775 peak_gpu_gb=4.32
iter 14000/20000: loss=0.49014 false_bg=0.0000 grad_norm=9.7962 sec_per_update=0.774 peak_gpu_gb=4.32
{"iter": 14000, "val": {"mIoU": 0.6810139685009018, "per_class_iou": {"1": 0.5552867184117222, "2": 0.8020036393443087, "3": 0.6975879152191481, "4": 0.8306672314979926, "5": 0.38101087246517074, "6": 0.8484379026894115, "7": 0.7013538789119682, "8": 0.6317635894674924}, "classes_in_mean": [1, 2, 3, 4, 5, 6, 7, 8], "background_false_positive_rate": 0.04507815726791742, "background_false_negative_rate": 0.3780651073763267, "confusion": [[0, 0, 0, 0, 0, 0, 0, 0, 0], [0, 122391307, 21289192, 15176257, 2120229, 5932638, 14347743, 14069683, 1464140], [0, 4770475, 126357283, 232187, 268424, 406160, 644376, 314767, 144544], [0, 4090834, 810496, 55287047, 1816, 29724, 558815, 459610, 652273], [0, 991535, 16504, 215508, 36117118, 253181, 573864, 1826025, 3740], [0, 1106899, 32306, 28399, 15310, 6173675, 115167, 1318212, 0], [0, 11279965, 2185477, 1613518, 703123, 457590, 199759891, 1764663, 227058], [0, 1320462, 14951, 33159, 373270, 334148, 1174880, 54023221, 0], [0, 59652, 64865, 64951, 0, 0, 38197, 0, 4665564]]}, "selection_score": 0.6810139685009018}
iter 14050/20000: loss=0.13738 false_bg=0.0000 grad_norm=2.9407 sec_per_update=0.786 peak_gpu_gb=4.32
iter 14100/20000: loss=0.49293 false_bg=0.0000 grad_norm=3.7900 sec_per_update=0.785 peak_gpu_gb=4.32
iter 14150/20000: loss=0.41695 false_bg=0.0000 grad_norm=5.2229 sec_per_update=0.785 peak_gpu_gb=4.32
iter 14200/20000: loss=0.64907 false_bg=0.0000 grad_norm=9.1204 sec_per_update=0.784 peak_gpu_gb=4.32
iter 14250/20000: loss=0.13146 false_bg=0.0000 grad_norm=1.3270 sec_per_update=0.783 peak_gpu_gb=4.32
iter 14300/20000: loss=0.62615 false_bg=0.0000 grad_norm=4.9405 sec_per_update=0.783 peak_gpu_gb=4.32
iter 14350/20000: loss=0.05724 false_bg=0.0000 grad_norm=4.7061 sec_per_update=0.782 peak_gpu_gb=4.32
iter 14400/20000: loss=0.20953 false_bg=0.0000 grad_norm=3.3305 sec_per_update=0.782 peak_gpu_gb=4.32
iter 14450/20000: loss=0.31546 false_bg=0.0000 grad_norm=4.7385 sec_per_update=0.781 peak_gpu_gb=4.32
iter 14500/20000: loss=0.15436 false_bg=0.0000 grad_norm=2.9905 sec_per_update=0.781 peak_gpu_gb=4.32
iter 14550/20000: loss=0.12619 false_bg=0.0000 grad_norm=0.6691 sec_per_update=0.780 peak_gpu_gb=4.32
iter 14600/20000: loss=0.36406 false_bg=0.0000 grad_norm=6.2101 sec_per_update=0.780 peak_gpu_gb=4.32
iter 14650/20000: loss=0.09563 false_bg=0.0000 grad_norm=3.0921 sec_per_update=0.779 peak_gpu_gb=4.32
iter 14700/20000: loss=0.15682 false_bg=0.0000 grad_norm=1.0279 sec_per_update=0.778 peak_gpu_gb=4.32
iter 14750/20000: loss=0.22248 false_bg=0.0000 grad_norm=1.3945 sec_per_update=0.778 peak_gpu_gb=4.32
iter 14800/20000: loss=0.32843 false_bg=0.0000 grad_norm=3.8208 sec_per_update=0.777 peak_gpu_gb=4.32
iter 14850/20000: loss=0.25526 false_bg=0.0000 grad_norm=2.3486 sec_per_update=0.777 peak_gpu_gb=4.32
iter 14900/20000: loss=0.16706 false_bg=0.0000 grad_norm=1.6309 sec_per_update=0.776 peak_gpu_gb=4.32
iter 14950/20000: loss=0.14724 false_bg=0.0000 grad_norm=1.1726 sec_per_update=0.776 peak_gpu_gb=4.32
iter 15000/20000: loss=0.33560 false_bg=0.0000 grad_norm=4.6267 sec_per_update=0.775 peak_gpu_gb=4.32
{"iter": 15000, "val": {"mIoU": 0.684812093600362, "per_class_iou": {"1": 0.5559623572938897, "2": 0.8133787198019029, "3": 0.6891495122387343, "4": 0.8179637522018216, "5": 0.38114983853943357, "6": 0.8436806427877666, "7": 0.7142209737196248, "8": 0.6629909522197225}, "classes_in_mean": [1, 2, 3, 4, 5, 6, 7, 8], "background_false_positive_rate": 0.046325434620692954, "background_false_negative_rate": 0.37546202843461657, "confusion": [[0, 0, 0, 0, 0, 0, 0, 0, 0], [0, 122903570, 15382239, 16605615, 3229658, 6936136, 17333222, 13160217, 1240532], [0, 7587563, 123329923, 349271, 383003, 413818, 586967, 355886, 131785], [0, 3444096, 1158546, 55548689, 19065, 57133, 687630, 441259, 534197], [0, 693790, 5860, 151661, 37163806, 264355, 527112, 1190714, 177], [0, 921503, 10863, 22628, 42550, 6689456, 87485, 1015483, 0], [0, 10027621, 1855060, 1466118, 1071854, 640749, 200741433, 2006326, 182124], [0, 1535515, 12924, 24808, 690934, 448566, 677674, 53883670, 0], [0, 63276, 62982, 93983, 0, 0, 43956, 0, 4629032]]}, "selection_score": 0.684812093600362}
iter 15050/20000: loss=0.50837 false_bg=0.0000 grad_norm=3.1258 sec_per_update=0.786 peak_gpu_gb=4.32
iter 15100/20000: loss=0.53731 false_bg=0.0000 grad_norm=7.7080 sec_per_update=0.785 peak_gpu_gb=4.32
iter 15150/20000: loss=0.09318 false_bg=0.0000 grad_norm=1.2847 sec_per_update=0.785 peak_gpu_gb=4.32
iter 15200/20000: loss=0.20006 false_bg=0.0000 grad_norm=4.8393 sec_per_update=0.784 peak_gpu_gb=4.32
iter 15250/20000: loss=0.14236 false_bg=0.0000 grad_norm=0.5765 sec_per_update=0.783 peak_gpu_gb=4.32
iter 15300/20000: loss=0.07145 false_bg=0.0000 grad_norm=1.1203 sec_per_update=0.783 peak_gpu_gb=4.32
iter 15350/20000: loss=0.07945 false_bg=0.0000 grad_norm=1.1079 sec_per_update=0.783 peak_gpu_gb=4.32
iter 15400/20000: loss=0.08764 false_bg=0.0000 grad_norm=3.9562 sec_per_update=0.782 peak_gpu_gb=4.32
iter 15450/20000: loss=0.60154 false_bg=0.0000 grad_norm=7.9928 sec_per_update=0.782 peak_gpu_gb=4.32
iter 15500/20000: loss=0.13603 false_bg=0.0000 grad_norm=1.1545 sec_per_update=0.781 peak_gpu_gb=4.32
iter 15550/20000: loss=0.43763 false_bg=0.0000 grad_norm=5.6907 sec_per_update=0.780 peak_gpu_gb=4.32
iter 15600/20000: loss=0.17009 false_bg=0.0000 grad_norm=4.4454 sec_per_update=0.779 peak_gpu_gb=4.32
iter 15650/20000: loss=0.39910 false_bg=0.0000 grad_norm=3.6905 sec_per_update=0.778 peak_gpu_gb=4.32
iter 15700/20000: loss=0.23935 false_bg=0.0000 grad_norm=2.1206 sec_per_update=0.776 peak_gpu_gb=4.32
iter 15750/20000: loss=0.28198 false_bg=0.0000 grad_norm=4.3959 sec_per_update=0.775 peak_gpu_gb=4.32
iter 15800/20000: loss=0.32137 false_bg=0.0000 grad_norm=3.2014 sec_per_update=0.774 peak_gpu_gb=4.32
iter 15850/20000: loss=0.28001 false_bg=0.0000 grad_norm=2.4392 sec_per_update=0.773 peak_gpu_gb=4.32
iter 15900/20000: loss=0.81748 false_bg=0.0000 grad_norm=44.0714 sec_per_update=0.772 peak_gpu_gb=4.32
iter 15950/20000: loss=0.15759 false_bg=0.0000 grad_norm=6.6771 sec_per_update=0.771 peak_gpu_gb=4.32
iter 16000/20000: loss=0.15860 false_bg=0.0000 grad_norm=1.1480 sec_per_update=0.769 peak_gpu_gb=4.32
{"iter": 16000, "val": {"mIoU": 0.7008391031676324, "per_class_iou": {"1": 0.6068568266618807, "2": 0.8142626983339627, "3": 0.7233438952765345, "4": 0.8299116808669549, "5": 0.39413746310112135, "6": 0.8534822497479302, "7": 0.723834896905613, "8": 0.6608831144470623}, "classes_in_mean": [1, 2, 3, 4, 5, 6, 7, 8], "background_false_positive_rate": 0.06229359327739832, "background_false_negative_rate": 0.29248838473149325, "confusion": [[0, 0, 0, 0, 0, 0, 0, 0, 0], [0, 139232052, 14726913, 8161218, 2456054, 6181965, 13818580, 11014681, 1199726], [0, 8661976, 123000867, 103504, 350561, 355094, 352745, 215332, 98137], [0, 7735877, 774977, 51577852, 13720, 35383, 747465, 409157, 596184], [0, 1138784, 6557, 95974, 37110910, 206863, 327321, 1110204, 862], [0, 1142242, 8785, 19266, 31856, 6535911, 122145, 929763, 0], [0, 11123231, 2315663, 977779, 1232055, 584684, 200103116, 1405755, 249002], [0, 2741884, 16105, 15617, 634977, 428864, 1060687, 52375957, 0], [0, 96284, 70750, 40772, 0, 0, 34696, 0, 4650727]]}, "selection_score": 0.7008391031676324}
iter 16050/20000: loss=0.85315 false_bg=0.0000 grad_norm=19.6217 sec_per_update=0.776 peak_gpu_gb=4.32
iter 16100/20000: loss=0.36162 false_bg=0.0000 grad_norm=4.8817 sec_per_update=0.775 peak_gpu_gb=4.32
iter 16150/20000: loss=0.38511 false_bg=0.0000 grad_norm=5.8419 sec_per_update=0.774 peak_gpu_gb=4.32
iter 16200/20000: loss=0.89430 false_bg=0.0000 grad_norm=20.0412 sec_per_update=0.773 peak_gpu_gb=4.32
iter 16250/20000: loss=0.31175 false_bg=0.0000 grad_norm=3.3820 sec_per_update=0.771 peak_gpu_gb=4.32
iter 16300/20000: loss=0.11646 false_bg=0.0000 grad_norm=1.3563 sec_per_update=0.770 peak_gpu_gb=4.32
iter 16350/20000: loss=0.09598 false_bg=0.0000 grad_norm=1.3174 sec_per_update=0.769 peak_gpu_gb=4.32
iter 16400/20000: loss=1.53872 false_bg=0.0000 grad_norm=16.4896 sec_per_update=0.768 peak_gpu_gb=4.32
iter 16450/20000: loss=0.26399 false_bg=0.0000 grad_norm=5.0848 sec_per_update=0.767 peak_gpu_gb=4.32
iter 16500/20000: loss=0.44260 false_bg=0.0000 grad_norm=3.0329 sec_per_update=0.766 peak_gpu_gb=4.32
iter 16550/20000: loss=0.27948 false_bg=0.0000 grad_norm=1.3400 sec_per_update=0.765 peak_gpu_gb=4.32
iter 16600/20000: loss=1.03635 false_bg=0.0000 grad_norm=13.6610 sec_per_update=0.764 peak_gpu_gb=4.32
iter 16650/20000: loss=0.42546 false_bg=0.0000 grad_norm=3.5558 sec_per_update=0.763 peak_gpu_gb=4.32
iter 16700/20000: loss=0.11492 false_bg=0.0000 grad_norm=1.6655 sec_per_update=0.761 peak_gpu_gb=4.32
iter 16750/20000: loss=0.14042 false_bg=0.0000 grad_norm=0.4340 sec_per_update=0.760 peak_gpu_gb=4.32
iter 16800/20000: loss=0.16102 false_bg=0.0000 grad_norm=2.2503 sec_per_update=0.759 peak_gpu_gb=4.32
iter 16850/20000: loss=0.24375 false_bg=0.0000 grad_norm=4.8588 sec_per_update=0.758 peak_gpu_gb=4.32
iter 16900/20000: loss=0.29408 false_bg=0.0000 grad_norm=3.4415 sec_per_update=0.757 peak_gpu_gb=4.32
iter 16950/20000: loss=0.08424 false_bg=0.0000 grad_norm=0.5052 sec_per_update=0.756 peak_gpu_gb=4.32
iter 17000/20000: loss=0.28231 false_bg=0.0000 grad_norm=2.5180 sec_per_update=0.755 peak_gpu_gb=4.32
{"iter": 17000, "val": {"mIoU": 0.7019667084522072, "per_class_iou": {"1": 0.5947633099534382, "2": 0.8184961946007653, "3": 0.7195543194169826, "4": 0.8257451299613816, "5": 0.3940193093906762, "6": 0.8526142896751296, "7": 0.727628136574617, "8": 0.6829129780446669}, "classes_in_mean": [1, 2, 3, 4, 5, 6, 7, 8], "background_false_positive_rate": 0.053649280006799714, "background_false_negative_rate": 0.3202770069141663, "confusion": [[0, 0, 0, 0, 0, 0, 0, 0, 0], [0, 133763496, 16958131, 13027050, 2631505, 5754989, 13672803, 9940601, 1042614], [0, 6369348, 125049441, 266744, 440194, 306041, 477856, 122237, 106355], [0, 4663403, 476419, 55358854, 7084, 26834, 565930, 307964, 484127], [0, 1053484, 7158, 121148, 37121824, 196706, 410580, 1086173, 402], [0, 1456933, 38055, 26556, 30578, 6342952, 91155, 803739, 0], [0, 11201624, 2027835, 1480629, 1282383, 542367, 200069507, 1195937, 191003], [0, 3271459, 45517, 39485, 566328, 481169, 1404455, 51465678, 0], [0, 94624, 88171, 82693, 0, 0, 40116, 0, 4587625]]}, "selection_score": 0.7019667084522072}
iter 17050/20000: loss=0.20772 false_bg=0.0000 grad_norm=1.9254 sec_per_update=0.761 peak_gpu_gb=4.32
iter 17100/20000: loss=0.12867 false_bg=0.0000 grad_norm=2.4579 sec_per_update=0.760 peak_gpu_gb=4.32
iter 17150/20000: loss=0.28072 false_bg=0.0000 grad_norm=11.1653 sec_per_update=0.759 peak_gpu_gb=4.32
iter 17200/20000: loss=0.21381 false_bg=0.0000 grad_norm=6.5959 sec_per_update=0.758 peak_gpu_gb=4.32
iter 17250/20000: loss=0.61978 false_bg=0.0000 grad_norm=4.1374 sec_per_update=0.757 peak_gpu_gb=4.32
iter 17300/20000: loss=0.11688 false_bg=0.0000 grad_norm=2.3405 sec_per_update=0.756 peak_gpu_gb=4.32
iter 17350/20000: loss=0.14492 false_bg=0.0000 grad_norm=1.0738 sec_per_update=0.755 peak_gpu_gb=4.32
iter 17400/20000: loss=0.10575 false_bg=0.0000 grad_norm=2.4695 sec_per_update=0.754 peak_gpu_gb=4.32
iter 17450/20000: loss=0.21290 false_bg=0.0000 grad_norm=3.4652 sec_per_update=0.753 peak_gpu_gb=4.32
iter 17500/20000: loss=0.17277 false_bg=0.0000 grad_norm=0.7151 sec_per_update=0.752 peak_gpu_gb=4.32
iter 17550/20000: loss=0.14201 false_bg=0.0000 grad_norm=1.9261 sec_per_update=0.751 peak_gpu_gb=4.32
iter 17600/20000: loss=0.20981 false_bg=0.0000 grad_norm=3.0747 sec_per_update=0.750 peak_gpu_gb=4.32
iter 17650/20000: loss=0.25307 false_bg=0.0000 grad_norm=5.7132 sec_per_update=0.749 peak_gpu_gb=4.32
iter 17700/20000: loss=0.15530 false_bg=0.0000 grad_norm=2.3969 sec_per_update=0.748 peak_gpu_gb=4.32
iter 17750/20000: loss=1.11603 false_bg=0.0000 grad_norm=11.3055 sec_per_update=0.747 peak_gpu_gb=4.32
iter 17800/20000: loss=0.36871 false_bg=0.0000 grad_norm=5.4787 sec_per_update=0.746 peak_gpu_gb=4.32
iter 17850/20000: loss=0.39132 false_bg=0.0000 grad_norm=7.0188 sec_per_update=0.745 peak_gpu_gb=4.32
iter 17900/20000: loss=0.13531 false_bg=0.0000 grad_norm=0.8186 sec_per_update=0.744 peak_gpu_gb=4.32
iter 17950/20000: loss=0.54186 false_bg=0.0000 grad_norm=2.8988 sec_per_update=0.743 peak_gpu_gb=4.32
iter 18000/20000: loss=0.24750 false_bg=0.0000 grad_norm=2.2272 sec_per_update=0.742 peak_gpu_gb=4.32
{"iter": 18000, "val": {"mIoU": 0.6985395163261385, "per_class_iou": {"1": 0.5889815763277776, "2": 0.8186036207236645, "3": 0.735189595033893, "4": 0.8254470354975518, "5": 0.391019311582938, "6": 0.8531121427505035, "7": 0.6939930621078209, "8": 0.6819697865849591}, "classes_in_mean": [1, 2, 3, 4, 5, 6, 7, 8], "background_false_positive_rate": 0.04581257988133435, "background_false_negative_rate": 0.33917429606058225, "confusion": [[0, 0, 0, 0, 0, 0, 0, 0, 0], [0, 130044676, 16492840, 9744964, 2825074, 5790048, 15552862, 15283748, 1056977], [0, 6377105, 124628201, 215107, 431760, 374604, 631968, 377155, 102316], [0, 5777867, 478589, 53639438, 12087, 45863, 1012884, 410552, 513335], [0, 635651, 5967, 53958, 36986554, 131310, 637176, 1546788, 71], [0, 1092683, 17867, 25280, 65583, 6237978, 110940, 1239637, 0], [0, 8875456, 1999072, 934790, 907759, 556586, 201667995, 2869545, 180082], [0, 1154974, 17437, 33823, 568169, 264741, 408443, 54826504, 0], [0, 90905, 94881, 61470, 0, 0, 45398, 0, 4600575]]}, "selection_score": 0.6985395163261385}
iter 18050/20000: loss=0.09288 false_bg=0.0000 grad_norm=0.5587 sec_per_update=0.748 peak_gpu_gb=4.32
iter 18100/20000: loss=0.27357 false_bg=0.0000 grad_norm=4.0164 sec_per_update=0.747 peak_gpu_gb=4.32
iter 18150/20000: loss=0.21327 false_bg=0.0000 grad_norm=2.7236 sec_per_update=0.746 peak_gpu_gb=4.32
iter 18200/20000: loss=0.10978 false_bg=0.0000 grad_norm=0.3196 sec_per_update=0.745 peak_gpu_gb=4.32
iter 18250/20000: loss=0.34735 false_bg=0.0000 grad_norm=13.2995 sec_per_update=0.744 peak_gpu_gb=4.32
iter 18300/20000: loss=0.17313 false_bg=0.0000 grad_norm=5.1194 sec_per_update=0.744 peak_gpu_gb=4.32
iter 18350/20000: loss=0.14893 false_bg=0.0000 grad_norm=0.3808 sec_per_update=0.743 peak_gpu_gb=4.32
iter 18400/20000: loss=0.25378 false_bg=0.0000 grad_norm=5.9019 sec_per_update=0.742 peak_gpu_gb=4.32
iter 18450/20000: loss=0.47581 false_bg=0.0000 grad_norm=3.0114 sec_per_update=0.741 peak_gpu_gb=4.32
iter 18500/20000: loss=0.75595 false_bg=0.0000 grad_norm=15.4950 sec_per_update=0.740 peak_gpu_gb=4.32
iter 18550/20000: loss=0.24152 false_bg=0.0000 grad_norm=1.7363 sec_per_update=0.739 peak_gpu_gb=4.32
iter 18600/20000: loss=0.48435 false_bg=0.0000 grad_norm=11.9503 sec_per_update=0.738 peak_gpu_gb=4.32
iter 18650/20000: loss=0.26299 false_bg=0.0000 grad_norm=2.8475 sec_per_update=0.737 peak_gpu_gb=4.32
iter 18700/20000: loss=0.46760 false_bg=0.0000 grad_norm=14.0441 sec_per_update=0.736 peak_gpu_gb=4.32
iter 18750/20000: loss=0.23574 false_bg=0.0000 grad_norm=1.1674 sec_per_update=0.735 peak_gpu_gb=4.32
iter 18800/20000: loss=0.10823 false_bg=0.0000 grad_norm=1.3467 sec_per_update=0.735 peak_gpu_gb=4.32
iter 18850/20000: loss=0.11859 false_bg=0.0000 grad_norm=3.3328 sec_per_update=0.734 peak_gpu_gb=4.32
iter 18900/20000: loss=0.45228 false_bg=0.0000 grad_norm=15.3639 sec_per_update=0.733 peak_gpu_gb=4.32
iter 18950/20000: loss=0.30198 false_bg=0.0000 grad_norm=2.1166 sec_per_update=0.732 peak_gpu_gb=4.32
iter 19000/20000: loss=0.21018 false_bg=0.0000 grad_norm=2.0170 sec_per_update=0.731 peak_gpu_gb=4.32
{"iter": 19000, "val": {"mIoU": 0.7035079967417844, "per_class_iou": {"1": 0.598055372685946, "2": 0.8232234866630639, "3": 0.728053502890255, "4": 0.8262058591931549, "5": 0.39171050232268084, "6": 0.8552519119005939, "7": 0.7189683191022477, "8": 0.6865950191763336}, "classes_in_mean": [1, 2, 3, 4, 5, 6, 7, 8], "background_false_positive_rate": 0.049750411794073815, "background_false_negative_rate": 0.3227231580983029, "confusion": [[0, 0, 0, 0, 0, 0, 0, 0, 0], [0, 133282115, 14979948, 10506592, 2769461, 6205723, 16253958, 11768715, 1024677], [0, 7209349, 124110192, 193030, 403830, 375834, 527776, 200877, 117328], [0, 5720479, 544910, 53607970, 13299, 66853, 978955, 448798, 509351], [0, 796291, 4176, 68092, 37164078, 175448, 549340, 1239913, 137], [0, 1163585, 10122, 17805, 46650, 6480976, 131549, 939281, 0], [0, 8646220, 1978704, 876451, 1090347, 524907, 202888983, 1821344, 164329], [0, 2430129, 28211, 18353, 660558, 406588, 747306, 52982946, 0], [0, 101913, 76951, 60972, 0, 0, 46992, 0, 4606401]]}, "selection_score": 0.7035079967417844}
iter 19050/20000: loss=0.30035 false_bg=0.0000 grad_norm=2.9356 sec_per_update=0.736 peak_gpu_gb=4.32
iter 19100/20000: loss=0.37959 false_bg=0.0000 grad_norm=10.0412 sec_per_update=0.736 peak_gpu_gb=4.32
iter 19150/20000: loss=0.23787 false_bg=0.0000 grad_norm=2.4703 sec_per_update=0.735 peak_gpu_gb=4.32
iter 19200/20000: loss=0.10126 false_bg=0.0000 grad_norm=1.5633 sec_per_update=0.734 peak_gpu_gb=4.32
iter 19250/20000: loss=0.49454 false_bg=0.0000 grad_norm=10.8242 sec_per_update=0.733 peak_gpu_gb=4.32
iter 19300/20000: loss=0.13652 false_bg=0.0000 grad_norm=10.3105 sec_per_update=0.732 peak_gpu_gb=4.32
iter 19350/20000: loss=0.47783 false_bg=0.0000 grad_norm=22.8508 sec_per_update=0.731 peak_gpu_gb=4.32
iter 19400/20000: loss=0.38881 false_bg=0.0000 grad_norm=2.3511 sec_per_update=0.731 peak_gpu_gb=4.32
iter 19450/20000: loss=0.17593 false_bg=0.0000 grad_norm=1.7129 sec_per_update=0.730 peak_gpu_gb=4.32
iter 19500/20000: loss=0.37731 false_bg=0.0000 grad_norm=4.1282 sec_per_update=0.729 peak_gpu_gb=4.32
iter 19550/20000: loss=0.29737 false_bg=0.0000 grad_norm=3.8722 sec_per_update=0.728 peak_gpu_gb=4.32
iter 19600/20000: loss=0.03536 false_bg=0.0000 grad_norm=1.8834 sec_per_update=0.727 peak_gpu_gb=4.32
iter 19650/20000: loss=0.16570 false_bg=0.0000 grad_norm=3.1728 sec_per_update=0.726 peak_gpu_gb=4.32
iter 19700/20000: loss=0.35292 false_bg=0.0000 grad_norm=8.9802 sec_per_update=0.726 peak_gpu_gb=4.32
iter 19750/20000: loss=0.39522 false_bg=0.0000 grad_norm=5.0232 sec_per_update=0.725 peak_gpu_gb=4.32
iter 19800/20000: loss=0.61563 false_bg=0.0000 grad_norm=28.4721 sec_per_update=0.724 peak_gpu_gb=4.32
iter 19850/20000: loss=0.01594 false_bg=0.0000 grad_norm=0.1364 sec_per_update=0.723 peak_gpu_gb=4.32
iter 19900/20000: loss=0.37168 false_bg=0.0000 grad_norm=2.1023 sec_per_update=0.722 peak_gpu_gb=4.32
iter 19950/20000: loss=0.28062 false_bg=0.0000 grad_norm=5.2350 sec_per_update=0.722 peak_gpu_gb=4.32
iter 20000/20000: loss=0.26523 false_bg=0.0000 grad_norm=1.2488 sec_per_update=0.721 peak_gpu_gb=4.32
{"iter": 20000, "val": {"mIoU": 0.7042492150331644, "per_class_iou": {"1": 0.6018559557190919, "2": 0.8225931382943608, "3": 0.7275966022301177, "4": 0.8282277397861623, "5": 0.3910781807789478, "6": 0.8554786116006439, "7": 0.7246764053906556, "8": 0.6824870864653354}, "classes_in_mean": [1, 2, 3, 4, 5, 6, 7, 8], "background_false_positive_rate": 0.05079627681921751, "background_false_negative_rate": 0.316743134267053, "confusion": [[0, 0, 0, 0, 0, 0, 0, 0, 0], [0, 134458931, 15311243, 11527372, 2525376, 6141907, 15368293, 10383602, 1074465], [0, 6898692, 124376479, 293200, 417775, 396581, 477781, 170700, 107008], [0, 5077254, 449701, 54887969, 7114, 46459, 641675, 262051, 518392], [0, 978149, 4700, 82816, 37026317, 245643, 517666, 1141988, 196], [0, 1237305, 18107, 25689, 37032, 6493809, 114883, 863143, 0], [0, 9150104, 2155235, 1487863, 1063379, 548885, 202212341, 1218422, 155056], [0, 3184443, 41247, 63007, 657327, 435444, 1213052, 51679571, 0], [0, 90026, 82033, 66801, 0, 0, 48710, 0, 4605659]]}, "selection_score": 0.7042492150331644}
completed: /root/hyperseg/runs/mask2former_uav/h3_bgfix_aug_20k_seed3407
